Archive member included because of file (symbol)

/opt/altera/13.0sp1/nios2eds/bin/gnu/H-i686-pc-linux-gnu/bin/../lib/gcc/nios2-elf/4.1.2/../../../../nios2-elf/lib/mno-hw-mul/libsmallc.a(lib_a-memcpy.o)
                              obj/default/src/main.o (memcpy)
/opt/altera/13.0sp1/nios2eds/bin/gnu/H-i686-pc-linux-gnu/bin/../lib/gcc/nios2-elf/4.1.2/../../../../nios2-elf/lib/mno-hw-mul/libsmallc.a(lib_a-printf.o)
                              obj/default/src/main.o (printf)
/opt/altera/13.0sp1/nios2eds/bin/gnu/H-i686-pc-linux-gnu/bin/../lib/gcc/nios2-elf/4.1.2/../../../../nios2-elf/lib/mno-hw-mul/libsmallc.a(lib_a-vfprintf.o)
                              /opt/altera/13.0sp1/nios2eds/bin/gnu/H-i686-pc-linux-gnu/bin/../lib/gcc/nios2-elf/4.1.2/../../../../nios2-elf/lib/mno-hw-mul/libsmallc.a(lib_a-printf.o) (___vfprintf_internal_r)
/opt/altera/13.0sp1/nios2eds/bin/gnu/H-i686-pc-linux-gnu/bin/../lib/gcc/nios2-elf/4.1.2/../../../../nios2-elf/lib/mno-hw-mul/libsmallc.a(lib_a-fvwrite_small_dev.o)
                              /opt/altera/13.0sp1/nios2eds/bin/gnu/H-i686-pc-linux-gnu/bin/../lib/gcc/nios2-elf/4.1.2/../../../../nios2-elf/lib/mno-hw-mul/libsmallc.a(lib_a-printf.o) (__sfvwrite_small_dev)
/opt/altera/13.0sp1/nios2eds/bin/gnu/H-i686-pc-linux-gnu/bin/../lib/gcc/nios2-elf/4.1.2/../../../../nios2-elf/lib/mno-hw-mul/libsmallc.a(lib_a-impure.o)
                              /opt/altera/13.0sp1/nios2eds/bin/gnu/H-i686-pc-linux-gnu/bin/../lib/gcc/nios2-elf/4.1.2/../../../../nios2-elf/lib/mno-hw-mul/libsmallc.a(lib_a-printf.o) (_impure_ptr)
/opt/altera/13.0sp1/nios2eds/bin/gnu/H-i686-pc-linux-gnu/bin/../lib/gcc/nios2-elf/4.1.2/../../../../nios2-elf/lib/mno-hw-mul/libsmallc.a(lib_a-strlen.o)
                              /opt/altera/13.0sp1/nios2eds/bin/gnu/H-i686-pc-linux-gnu/bin/../lib/gcc/nios2-elf/4.1.2/../../../../nios2-elf/lib/mno-hw-mul/libsmallc.a(lib_a-vfprintf.o) (strlen)
/opt/altera/13.0sp1/nios2eds/bin/gnu/H-i686-pc-linux-gnu/bin/../lib/gcc/nios2-elf/4.1.2/../../../../nios2-elf/lib/mno-hw-mul/libsmallc.a(lib_a-writer.o)
                              /opt/altera/13.0sp1/nios2eds/bin/gnu/H-i686-pc-linux-gnu/bin/../lib/gcc/nios2-elf/4.1.2/../../../../nios2-elf/lib/mno-hw-mul/libsmallc.a(lib_a-fvwrite_small_dev.o) (_write_r)
/opt/altera/13.0sp1/nios2eds/bin/gnu/H-i686-pc-linux-gnu/bin/../lib/gcc/nios2-elf/4.1.2/../../../../nios2-elf/lib/mno-hw-mul/libsmallc.a(lib_a-int_errno.o)
                              /opt/altera/13.0sp1/nios2eds/bin/gnu/H-i686-pc-linux-gnu/bin/../lib/gcc/nios2-elf/4.1.2/../../../../nios2-elf/lib/mno-hw-mul/libsmallc.a(lib_a-writer.o) (errno)
/opt/altera/13.0sp1/nios2eds/bin/gnu/H-i686-pc-linux-gnu/bin/../lib/gcc/nios2-elf/4.1.2/mno-hw-mul/libgcc.a(lib2-divmod.o)
                              /opt/altera/13.0sp1/nios2eds/bin/gnu/H-i686-pc-linux-gnu/bin/../lib/gcc/nios2-elf/4.1.2/../../../../nios2-elf/lib/mno-hw-mul/libsmallc.a(lib_a-vfprintf.o) (__udivsi3)
/opt/altera/13.0sp1/nios2eds/bin/gnu/H-i686-pc-linux-gnu/bin/../lib/gcc/nios2-elf/4.1.2/mno-hw-mul/libgcc.a(lib2-mul.o)
                              /opt/altera/13.0sp1/nios2eds/bin/gnu/H-i686-pc-linux-gnu/bin/../lib/gcc/nios2-elf/4.1.2/../../../../nios2-elf/lib/mno-hw-mul/libsmallc.a(lib_a-vfprintf.o) (__mulsi3)
/home/student/Documents/IL2206/hardware/nios2_ht18_Eriksson_Keyserlingk/software/nios2_ht18_Eriksson_keyserlingk_bsp/libhal_bsp.a(alt_load.o)
                              /home/student/Documents/IL2206/hardware/nios2_ht18_Eriksson_Keyserlingk/software/nios2_ht18_Eriksson_keyserlingk_bsp/obj/HAL/src/crt0.o (alt_load)
/home/student/Documents/IL2206/hardware/nios2_ht18_Eriksson_Keyserlingk/software/nios2_ht18_Eriksson_keyserlingk_bsp/libhal_bsp.a(alt_main.o)
                              /home/student/Documents/IL2206/hardware/nios2_ht18_Eriksson_Keyserlingk/software/nios2_ht18_Eriksson_keyserlingk_bsp/obj/HAL/src/crt0.o (alt_main)
/home/student/Documents/IL2206/hardware/nios2_ht18_Eriksson_Keyserlingk/software/nios2_ht18_Eriksson_keyserlingk_bsp/libhal_bsp.a(alt_write.o)
                              /opt/altera/13.0sp1/nios2eds/bin/gnu/H-i686-pc-linux-gnu/bin/../lib/gcc/nios2-elf/4.1.2/../../../../nios2-elf/lib/mno-hw-mul/libsmallc.a(lib_a-writer.o) (write)
/home/student/Documents/IL2206/hardware/nios2_ht18_Eriksson_Keyserlingk/software/nios2_ht18_Eriksson_keyserlingk_bsp/libhal_bsp.a(alt_sys_init.o)
                              /home/student/Documents/IL2206/hardware/nios2_ht18_Eriksson_Keyserlingk/software/nios2_ht18_Eriksson_keyserlingk_bsp/libhal_bsp.a(alt_main.o) (alt_irq_init)
/home/student/Documents/IL2206/hardware/nios2_ht18_Eriksson_Keyserlingk/software/nios2_ht18_Eriksson_keyserlingk_bsp/libhal_bsp.a(altera_avalon_jtag_uart_fd.o)
                              /home/student/Documents/IL2206/hardware/nios2_ht18_Eriksson_Keyserlingk/software/nios2_ht18_Eriksson_keyserlingk_bsp/libhal_bsp.a(alt_sys_init.o) (altera_avalon_jtag_uart_read_fd)
[...]
Memory Configuration

Name             Origin             Length             Attributes
sdram            0x00800000         0x00800000
sram             0x01080000         0x00080000
reset            0x01108000         0x00000020
onchip_memory    0x01108020         0x00007ce0
*default*        0x00000000         0xffffffff

Linker script and memory map

LOAD /home/student/Documents/IL2206/hardware/nios2_ht18_Eriksson_Keyserlingk/software/nios2_ht18_Eriksson_keyserlingk_bsp/obj/HAL/src/crt0.o
LOAD obj/default/src/main.o
LOAD /opt/altera/13.0sp1/nios2eds/bin/gnu/H-i686-pc-linux-gnu/bin/../lib/gcc/nios2-elf/4.1.2/../../../../nios2-elf/lib/mno-hw-mul/libstdc++.a
LOAD /opt/altera/13.0sp1/nios2eds/bin/gnu/H-i686-pc-linux-gnu/bin/../lib/gcc/nios2-elf/4.1.2/../../../../nios2-elf/lib/mno-hw-mul/libm.a
LOAD /opt/altera/13.0sp1/nios2eds/bin/gnu/H-i686-pc-linux-gnu/bin/../lib/gcc/nios2-elf/4.1.2/mno-hw-mul/libgcc.a
START GROUP
LOAD /opt/altera/13.0sp1/nios2eds/bin/gnu/H-i686-pc-linux-gnu/bin/../lib/gcc/nios2-elf/4.1.2/../../../../nios2-elf/lib/mno-hw-mul/libsmallc.a
LOAD /opt/altera/13.0sp1/nios2eds/bin/gnu/H-i686-pc-linux-gnu/bin/../lib/gcc/nios2-elf/4.1.2/mno-hw-mul/libgcc.a
LOAD /home/student/Documents/IL2206/hardware/nios2_ht18_Eriksson_Keyserlingk/software/nios2_ht18_Eriksson_keyserlingk_bsp/libhal_bsp.a
END GROUP
LOAD /opt/altera/13.0sp1/nios2eds/bin/gnu/H-i686-pc-linux-gnu/bin/../lib/gcc/nios2-elf/4.1.2/mno-hw-mul/libgcc.a
                0x00800000                __alt_mem_sdram = 0x800000
                0x01080000                __alt_mem_sram = 0x1080000
                0x01108000                __alt_mem_onchip_memory = 0x1108000

.entry          0x01108000       0x20
 *(.entry)
 .entry         0x01108000       0x20 /home/student/Documents/IL2206/hardware/nios2_ht18_Eriksson_Keyserlingk/software/nios2_ht18_Eriksson_keyserlingk_bsp/obj/HAL/src/crt0.o
                0x01108000                __reset

.exceptions     0x01108020      0x194 load address 0x00800000
                0x01108020                PROVIDE (__ram_exceptions_start, ABSOLUTE (.))
                0x01108020                . = ALIGN (0x20)
 *(.irq)
 *(.exceptions.entry.label)
 .exceptions.entry.label
                0x01108020        0x0 /home/student/Documents/IL2206/hardware/nios2_ht18_Eriksson_Keyserlingk/software/nios2_ht18_Eriksson_keyserlingk_bsp/libhal_bsp.a(alt_irq_entry.o)
                0x01108020                alt_irq_entry
 .exceptions.entry.label
                0x01108020        0x0 /home/student/Documents/IL2206/hardware/nios2_ht18_Eriksson_Keyserlingk/software/nios2_ht18_Eriksson_keyserlingk_bsp/libhal_bsp.a(alt_exception_entry.o)
                0x01108020                alt_exception
 *(.exceptions.entry.user)
 *(.exceptions.entry)
 .exceptions.entry
                0x01108020       0x54 /home/student/Documents/IL2206/hardware/nios2_ht18_Eriksson_Keyserlingk/software/nios2_ht18_Eriksson_keyserlingk_bsp/libhal_bsp.a(alt_exception_entry.o)
 *(.exceptions.irqtest.user)
 *(.exceptions.irqtest)
 .exceptions.irqtest
                0x01108074       0x10 /home/student/Documents/IL2206/hardware/nios2_ht18_Eriksson_Keyserlingk/software/nios2_ht18_Eriksson_keyserlingk_bsp/libhal_bsp.a(alt_irq_entry.o)
 *(.exceptions.irqhandler.user)
 *(.exceptions.irqhandler)
 .exceptions.irqhandler
                0x01108084        0x4 /home/student/Documents/IL2206/hardware/nios2_ht18_Eriksson_Keyserlingk/software/nios2_ht18_Eriksson_keyserlingk_bsp/libhal_bsp.a(alt_irq_entry.o)
 *(.exceptions.irqreturn.user)
 *(.exceptions.irqreturn)
 .exceptions.irqreturn
                0x01108088        0x4 /home/student/Documents/IL2206/hardware/nios2_ht18_Eriksson_Keyserlingk/software/nios2_ht18_Eriksson_keyserlingk_bsp/libhal_bsp.a(alt_irq_entry.o)
 *(.exceptions.notirq.label)
 .exceptions.notirq.label
                0x0110808c        0x0 /home/student/Documents/IL2206/hardware/nios2_ht18_Eriksson_Keyserlingk/software/nios2_ht18_Eriksson_keyserlingk_bsp/libhal_bsp.a(alt_irq_entry.o)
 *(.exceptions.notirq.user)
 *(.exceptions.notirq)
 .exceptions.notirq
                0x0110808c        0x8 /home/student/Documents/IL2206/hardware/nios2_ht18_Eriksson_Keyserlingk/software/nios2_ht18_Eriksson_keyserlingk_bsp/libhal_bsp.a(alt_exception_entry.o)
 *(.exceptions.soft.user)
 *(.exceptions.soft)
 *(.exceptions.unknown.user)
 *(.exceptions.unknown)
 .exceptions.unknown
                0x01108094        0x4 /home/student/Documents/IL2206/hardware/nios2_ht18_Eriksson_Keyserlingk/software/nios2_ht18_Eriksson_keyserlingk_bsp/libhal_bsp.a(alt_exception_entry.o)
 *(.exceptions.exit.label)
 .exceptions.exit.label
                0x01108098        0x0 /home/student/Documents/IL2206/hardware/nios2_ht18_Eriksson_Keyserlingk/software/nios2_ht18_Eriksson_keyserlingk_bsp/libhal_bsp.a(alt_irq_entry.o)
 .exceptions.exit.label
                0x01108098        0x0 /home/student/Documents/IL2206/hardware/nios2_ht18_Eriksson_Keyserlingk/software/nios2_ht18_Eriksson_keyserlingk_bsp/libhal_bsp.a(alt_exception_entry.o)
 *(.exceptions.exit.user)
 *(.exceptions.exit)
 .exceptions.exit
                0x01108098       0x54 /home/student/Documents/IL2206/hardware/nios2_ht18_Eriksson_Keyserlingk/software/nios2_ht18_Eriksson_keyserlingk_bsp/libhal_bsp.a(alt_exception_entry.o)
 *(.exceptions)
 .exceptions    0x011080ec       0xc8 /home/student/Documents/IL2206/hardware/nios2_ht18_Eriksson_Keyserlingk/software/nios2_ht18_Eriksson_keyserlingk_bsp/libhal_bsp.a(alt_irq_handler.o)
                0x011080ec                alt_irq_handler
                0x011081b4                PROVIDE (__ram_exceptions_end, ABSOLUTE (.))
                0x00800000                PROVIDE (__flash_exceptions_start, LOADADDR (.exceptions))

.text           0x00800194     0x3280
                0x00800194                PROVIDE (stext, ABSOLUTE (.))
 *(.interp)
 *(.hash)
 *(.dynsym)
 *(.dynstr)
 *(.gnu.version)
 *(.gnu.version_d)
 *(.gnu.version_r)
 *(.rel.init)
 *(.rela.init)
 *(.rel.text .rel.text.* .rel.gnu.linkonce.t.*)
 *(.rela.text .rela.text.* .rela.gnu.linkonce.t.*)
 *(.rel.fini)
 *(.rela.fini)
 *(.rel.rodata .rel.rodata.* .rel.gnu.linkonce.r.*)
 *(.rela.rodata .rela.rodata.* .rela.gnu.linkonce.r.*)
 *(.rel.data .rel.data.* .rel.gnu.linkonce.d.*)
 *(.rela.data .rela.data.* .rela.gnu.linkonce.d.*)
 *(.rel.tdata .rel.tdata.* .rel.gnu.linkonce.td.*)
 *(.rela.tdata .rela.tdata.* .rela.gnu.linkonce.td.*)
 *(.rel.tbss .rel.tbss.* .rel.gnu.linkonce.tb.*)
 *(.rela.tbss .rela.tbss.* .rela.gnu.linkonce.tb.*)
 *(.rel.ctors)
 *(.rela.ctors)
 *(.rel.dtors)
 *(.rela.dtors)
 *(.rel.got)
 *(.rela.got)
 *(.rel.sdata .rel.sdata.* .rel.gnu.linkonce.s.*)
 *(.rela.sdata .rela.sdata.* .rela.gnu.linkonce.s.*)
 *(.rel.sbss .rel.sbss.* .rel.gnu.linkonce.sb.*)
 *(.rela.sbss .rela.sbss.* .rela.gnu.linkonce.sb.*)
 *(.rel.sdata2 .rel.sdata2.* .rel.gnu.linkonce.s2.*)
 *(.rela.sdata2 .rela.sdata2.* .rela.gnu.linkonce.s2.*)
 *(.rel.sbss2 .rel.sbss2.* .rel.gnu.linkonce.sb2.*)
 *(.rela.sbss2 .rela.sbss2.* .rela.gnu.linkonce.sb2.*)
 *(.rel.bss .rel.bss.* .rel.gnu.linkonce.b.*)
 *(.rela.bss .rela.bss.* .rela.gnu.linkonce.b.*)
 *(.rel.plt)
 *(.rela.plt)
 *(.rel.dyn)
 *(.init)
 *(.plt)
 *(.text .stub .text.* .gnu.linkonce.t.*)
 .text          0x00800194       0x3c /home/student/Documents/IL2206/hardware/nios2_ht18_Eriksson_Keyserlingk/software/nios2_ht18_Eriksson_keyserlingk_bsp/obj/HAL/src/crt0.o
                0x00800194                _start
 .text          0x008001d0      0x1a4 obj/default/src/main.o
                0x008001d0                main
 .text          0x00800374       0x2c /opt/altera/13.0sp1/nios2eds/bin/gnu/H-i686-pc-linux-gnu/bin/../lib/gcc/nios2-elf/4.1.2/../../../../nios2-elf/lib/mno-hw-mul/libsmallc.a(lib_a-memcpy.o)
                0x00800374                memcpy
 .text          0x008003a0       0x98 /opt/altera/13.0sp1/nios2eds/bin/gnu/H-i686-pc-linux-gnu/bin/../lib/gcc/nios2-elf/4.1.2/../../../../nios2-elf/lib/mno-hw-mul/libsmallc.a(lib_a-printf.o)
                0x008003a0                printf
                0x008003f4                _printf_r
 .text          0x00800438      0x740 /opt/altera/13.0sp1/nios2eds/bin/gnu/H-i686-pc-linux-gnu/bin/../lib/gcc/nios2-elf/4.1.2/../../../../nios2-elf/lib/mno-hw-mul/libsmallc.a(lib_a-vfprintf.o)
                0x008004b8                ___vfprintf_internal_r
                0x00800b54                __vfprintf_internal
 .text          0x00800b78       0xbc /opt/altera/13.0sp1/nios2eds/bin/gnu/H-i686-pc-linux-gnu/bin/../lib/gcc/nios2-elf/4.1.2/../../../../nios2-elf/lib/mno-hw-mul/libsmallc.a(lib_a-fvwrite_small_dev.o)
                0x00800b78                __sfvwrite_small_dev
 .text          0x00800c34        0x0 /opt/altera/13.0sp1/nios2eds/bin/gnu/H-i686-pc-linux-gnu/bin/../lib/gcc/nios2-elf/4.1.2/../../../../nios2-elf/lib/mno-hw-mul/libsmallc.a(lib_a-impure.o)
 .text          0x00800c34       0x20 /opt/altera/13.0sp1/nios2eds/bin/gnu/H-i686-pc-linux-gnu/bin/../lib/gcc/nios2-elf/4.1.2/../../../../nios2-elf/lib/mno-hw-mul/libsmallc.a(lib_a-strlen.o)
                0x00800c34                strlen
 .text          0x00800c54       0x78 /opt/altera/13.0sp1/nios2eds/bin/gnu/H-i686-pc-linux-gnu/bin/../lib/gcc/nios2-elf/4.1.2/../../../../nios2-elf/lib/mno-hw-mul/libsmallc.a(lib_a-writer.o)
                0x00800c54                _write_r
 .text          0x00800ccc        0x0 /opt/altera/13.0sp1/nios2eds/bin/gnu/H-i686-pc-linux-gnu/bin/../lib/gcc/nios2-elf/4.1.2/../../../../nios2-elf/lib/mno-hw-mul/libsmallc.a(lib_a-int_errno.o)
 .text          0x00800ccc      0x14c /opt/altera/13.0sp1/nios2eds/bin/gnu/H-i686-pc-linux-gnu/bin/../lib/gcc/nios2-elf/4.1.2/mno-hw-mul/libgcc.a(lib2-divmod.o)
                0x00800d48                __divsi3
                0x00800da8                __modsi3
                0x00800e08                __udivsi3
                0x00800e10                __umodsi3
 .text          0x00800e18       0x38 /opt/altera/13.0sp1/nios2eds/bin/gnu/H-i686-pc-linux-gnu/bin/../lib/gcc/nios2-elf/4.1.2/mno-hw-mul/libgcc.a(lib2-mul.o)
                0x00800e18                __mulsi3
 .text          0x00800e50       0xec /home/student/Documents/IL2206/hardware/nios2_ht18_Eriksson_Keyserlingk/software/nios2_ht18_Eriksson_keyserlingk_bsp/libhal_bsp.a(alt_load.o)
                0x00800e50                alt_load
 .text          0x00800f3c       0x6c /home/student/Documents/IL2206/hardware/nios2_ht18_Eriksson_Keyserlingk/software/nios2_ht18_Eriksson_keyserlingk_bsp/libhal_bsp.a(alt_main.o)
                0x00800f3c                alt_main
 .text          0x00800fa8      0x184 /home/student/Documents/IL2206/hardware/nios2_ht18_Eriksson_Keyserlingk/software/nios2_ht18_Eriksson_keyserlingk_bsp/libhal_bsp.a(alt_write.o)
                0x00800fa8                write
 .text          0x0080112c      0x100 /home/student/Documents/IL2206/hardware/nios2_ht18_Eriksson_Keyserlingk/software/nios2_ht18_Eriksson_keyserlingk_bsp/libhal_bsp.a(alt_sys_init.o)
                0x0080112c                alt_irq_init
                0x00801160                alt_sys_init
 .text          0x0080122c      0x148 /home/student/Documents/IL2206/hardware/nios2_ht18_Eriksson_Keyserlingk/software/nios2_ht18_Eriksson_keyserlingk_bsp/libhal_bsp.a(altera_avalon_jtag_uart_fd.o)
                0x0080122c                altera_avalon_jtag_uart_read_fd
                0x00801284                altera_avalon_jtag_uart_write_fd
                0x008012dc                altera_avalon_jtag_uart_close_fd
                0x00801324                altera_avalon_jtag_uart_ioctl_fd
 .text          0x00801374      0x40c /home/student/Documents/IL2206/hardware/nios2_ht18_Eriksson_Keyserlingk/software/nios2_ht18_Eriksson_keyserlingk_bsp/libhal_bsp.a(altera_avalon_jtag_uart_init.o)
                0x00801374                altera_avalon_jtag_uart_init
                0x0080170c                altera_avalon_jtag_uart_close
 .text          0x00801780       0xf4 /home/student/Documents/IL2206/hardware/nios2_ht18_Eriksson_Keyserlingk/software/nios2_ht18_Eriksson_keyserlingk_bsp/libhal_bsp.a(altera_avalon_jtag_uart_ioctl.o)
                0x00801780                altera_avalon_jtag_uart_ioctl
 .text          0x00801874      0x224 /home/student/Documents/IL2206/hardware/nios2_ht18_Eriksson_Keyserlingk/software/nios2_ht18_Eriksson_keyserlingk_bsp/libhal_bsp.a(altera_avalon_jtag_uart_read.o)
                0x00801874                altera_avalon_jtag_uart_read
 .text          0x00801a98      0x240 /home/student/Documents/IL2206/hardware/nios2_ht18_Eriksson_Keyserlingk/software/nios2_ht18_Eriksson_keyserlingk_bsp/libhal_bsp.a(altera_avalon_jtag_uart_write.o)
                0x00801a98                altera_avalon_jtag_uart_write
 .text          0x00801cd8      0x188 /home/student/Documents/IL2206/hardware/nios2_ht18_Eriksson_Keyserlingk/software/nios2_ht18_Eriksson_keyserlingk_bsp/libhal_bsp.a(altera_avalon_performance_counter.o)
                0x00801cd8                perf_get_section_time
                0x00801d88                perf_get_total_time
                0x00801ddc                perf_get_num_starts
                0x00801e1c                alt_get_performance_counter_base
                0x00801e3c                alt_get_cpu_freq
 .text          0x00801e60      0x100 /home/student/Documents/IL2206/hardware/nios2_ht18_Eriksson_Keyserlingk/software/nios2_ht18_Eriksson_keyserlingk_bsp/libhal_bsp.a(altera_avalon_timer_sc.o)
                0x00801ed0                alt_avalon_timer_sc_init
 .text          0x00801f60        0x0 /home/student/Documents/IL2206/hardware/nios2_ht18_Eriksson_Keyserlingk/software/nios2_ht18_Eriksson_keyserlingk_bsp/libhal_bsp.a(altera_avalon_timer_vars.o)
 .text          0x00801f60      0x154 /home/student/Documents/IL2206/hardware/nios2_ht18_Eriksson_Keyserlingk/software/nios2_ht18_Eriksson_keyserlingk_bsp/libhal_bsp.a(alt_alarm_start.o)
                0x00801f60                alt_alarm_start
 .text          0x008020b4      0x160 /home/student/Documents/IL2206/hardware/nios2_ht18_Eriksson_Keyserlingk/software/nios2_ht18_Eriksson_keyserlingk_bsp/libhal_bsp.a(alt_close.o)
                0x008020b4                close
 .text          0x00802214       0x1c /home/student/Documents/IL2206/hardware/nios2_ht18_Eriksson_Keyserlingk/software/nios2_ht18_Eriksson_keyserlingk_bsp/libhal_bsp.a(alt_dcache_flush_all.o)
                0x00802214                alt_dcache_flush_all
 .text          0x00802230       0x2c /home/student/Documents/IL2206/hardware/nios2_ht18_Eriksson_Keyserlingk/software/nios2_ht18_Eriksson_keyserlingk_bsp/libhal_bsp.a(alt_dev.o)
 .text          0x0080225c      0x114 /home/student/Documents/IL2206/hardware/nios2_ht18_Eriksson_Keyserlingk/software/nios2_ht18_Eriksson_keyserlingk_bsp/libhal_bsp.a(alt_dev_llist_insert.o)
                0x0080225c                alt_dev_llist_insert
 .text          0x00802370       0x64 /home/student/Documents/IL2206/hardware/nios2_ht18_Eriksson_Keyserlingk/software/nios2_ht18_Eriksson_keyserlingk_bsp/libhal_bsp.a(alt_do_ctors.o)
                0x00802370                _do_ctors
 .text          0x008023d4       0x64 /home/student/Documents/IL2206/hardware/nios2_ht18_Eriksson_Keyserlingk/software/nios2_ht18_Eriksson_keyserlingk_bsp/libhal_bsp.a(alt_do_dtors.o)
                0x008023d4                _do_dtors
 .text          0x00802438        0x0 /home/student/Documents/IL2206/hardware/nios2_ht18_Eriksson_Keyserlingk/software/nios2_ht18_Eriksson_keyserlingk_bsp/libhal_bsp.a(alt_errno.o)
 .text          0x00802438       0x1c /home/student/Documents/IL2206/hardware/nios2_ht18_Eriksson_Keyserlingk/software/nios2_ht18_Eriksson_keyserlingk_bsp/libhal_bsp.a(alt_icache_flush_all.o)
                0x00802438                alt_icache_flush_all
 .text          0x00802454      0x1d4 /home/student/Documents/IL2206/hardware/nios2_ht18_Eriksson_Keyserlingk/software/nios2_ht18_Eriksson_keyserlingk_bsp/libhal_bsp.a(alt_iic.o)
                0x00802454                alt_ic_isr_register
                0x008024a4                alt_ic_irq_enable
                0x00802540                alt_ic_irq_disable
                0x008025e0                alt_ic_irq_enabled
 .text          0x00802628       0xf8 /home/student/Documents/IL2206/hardware/nios2_ht18_Eriksson_Keyserlingk/software/nios2_ht18_Eriksson_keyserlingk_bsp/libhal_bsp.a(alt_iic_isr_register.o)
                0x00802628                alt_iic_isr_register
 .text          0x00802720      0x150 /home/student/Documents/IL2206/hardware/nios2_ht18_Eriksson_Keyserlingk/software/nios2_ht18_Eriksson_keyserlingk_bsp/libhal_bsp.a(alt_io_redirect.o)
                0x008027f8                alt_io_redirect
 .text          0x00802870        0x0 /home/student/Documents/IL2206/hardware/nios2_ht18_Eriksson_Keyserlingk/software/nios2_ht18_Eriksson_keyserlingk_bsp/libhal_bsp.a(alt_irq_entry.o)
 .text          0x00802870        0x0 /home/student/Documents/IL2206/hardware/nios2_ht18_Eriksson_Keyserlingk/software/nios2_ht18_Eriksson_keyserlingk_bsp/libhal_bsp.a(alt_irq_handler.o)
 .text          0x00802870        0x0 /home/student/Documents/IL2206/hardware/nios2_ht18_Eriksson_Keyserlingk/software/nios2_ht18_Eriksson_keyserlingk_bsp/libhal_bsp.a(alt_irq_vars.o)
 .text          0x00802870      0x2e4 /home/student/Documents/IL2206/hardware/nios2_ht18_Eriksson_Keyserlingk/software/nios2_ht18_Eriksson_keyserlingk_bsp/libhal_bsp.a(alt_open.o)
                0x00802968                open
 .text          0x00802b54       0x78 /home/student/Documents/IL2206/hardware/nios2_ht18_Eriksson_Keyserlingk/software/nios2_ht18_Eriksson_keyserlingk_bsp/libhal_bsp.a(alt_release_fd.o)
                0x00802b54                alt_release_fd
 .text          0x00802bcc      0x1a4 /home/student/Documents/IL2206/hardware/nios2_ht18_Eriksson_Keyserlingk/software/nios2_ht18_Eriksson_keyserlingk_bsp/libhal_bsp.a(alt_tick.o)
                0x00802bcc                alt_alarm_stop
                0x00802c64                alt_tick
 .text          0x00802d70       0x20 /home/student/Documents/IL2206/hardware/nios2_ht18_Eriksson_Keyserlingk/software/nios2_ht18_Eriksson_keyserlingk_bsp/libhal_bsp.a(altera_nios2_qsys_irq.o)
                0x00802d70                altera_nios2_qsys_irq_init
 .text          0x00802d90        0x0 /home/student/Documents/IL2206/hardware/nios2_ht18_Eriksson_Keyserlingk/software/nios2_ht18_Eriksson_keyserlingk_bsp/libhal_bsp.a(alt_exception_entry.o)
 .text          0x00802d90       0x94 /home/student/Documents/IL2206/hardware/nios2_ht18_Eriksson_Keyserlingk/software/nios2_ht18_Eriksson_keyserlingk_bsp/libhal_bsp.a(alt_find_dev.o)
                0x00802d90                alt_find_dev
 .text          0x00802e24      0x120 /home/student/Documents/IL2206/hardware/nios2_ht18_Eriksson_Keyserlingk/software/nios2_ht18_Eriksson_keyserlingk_bsp/libhal_bsp.a(alt_find_file.o)
                0x00802e24                alt_find_file
 .text          0x00802f44       0xd0 /home/student/Documents/IL2206/hardware/nios2_ht18_Eriksson_Keyserlingk/software/nios2_ht18_Eriksson_keyserlingk_bsp/libhal_bsp.a(alt_get_fd.o)
                0x00802f44                alt_get_fd
 .text          0x00803014       0x14 /opt/altera/13.0sp1/nios2eds/bin/gnu/H-i686-pc-linux-gnu/bin/../lib/gcc/nios2-elf/4.1.2/../../../../nios2-elf/lib/mno-hw-mul/libsmallc.a(lib_a-atexit.o)
                0x00803014                atexit
 .text          0x00803028       0x20 /opt/altera/13.0sp1/nios2eds/bin/gnu/H-i686-pc-linux-gnu/bin/../lib/gcc/nios2-elf/4.1.2/../../../../nios2-elf/lib/mno-hw-mul/libsmallc.a(lib_a-exit.o)
                0x00803028                exit
 .text          0x00803048       0x3c /opt/altera/13.0sp1/nios2eds/bin/gnu/H-i686-pc-linux-gnu/bin/../lib/gcc/nios2-elf/4.1.2/../../../../nios2-elf/lib/mno-hw-mul/libsmallc.a(lib_a-memcmp.o)
                0x00803048                memcmp
 .text          0x00803084      0x16c /opt/altera/13.0sp1/nios2eds/bin/gnu/H-i686-pc-linux-gnu/bin/../lib/gcc/nios2-elf/4.1.2/../../../../nios2-elf/lib/mno-hw-mul/libsmallc.a(lib_a-__atexit.o)
                0x00803084                __register_exitproc
 .text          0x008031f0      0x1c0 /opt/altera/13.0sp1/nios2eds/bin/gnu/H-i686-pc-linux-gnu/bin/../lib/gcc/nios2-elf/4.1.2/../../../../nios2-elf/lib/mno-hw-mul/libsmallc.a(lib_a-__call_atexit.o)
                0x008031f4                __call_exitprocs
 .text          0x008033b0       0x60 /home/student/Documents/IL2206/hardware/nios2_ht18_Eriksson_Keyserlingk/software/nios2_ht18_Eriksson_keyserlingk_bsp/libhal_bsp.a(alt_exit.o)
                0x008033f0                _exit
 *(.gnu.warning.*)
 *(.fini)
                0x00803410                PROVIDE (__etext, ABSOLUTE (.))
                0x00803410                PROVIDE (_etext, ABSOLUTE (.))
                0x00803410                PROVIDE (etext, ABSOLUTE (.))
 *(.eh_frame_hdr)
                0x00803410                . = ALIGN (0x4)
                0x00803410                PROVIDE (__preinit_array_start, ABSOLUTE (.))
 *(.preinit_array)
                0x00803410                PROVIDE (__preinit_array_end, ABSOLUTE (.))
                0x00803410                PROVIDE (__init_array_start, ABSOLUTE (.))
 *(.init_array)
                0x00803410                PROVIDE (__init_array_end, ABSOLUTE (.))
                0x00803410                PROVIDE (__fini_array_start, ABSOLUTE (.))
 *(.fini_array)
                0x00803410                PROVIDE (__fini_array_end, ABSOLUTE (.))
 *(.eh_frame)
 *(.gcc_except_table)
 *(.dynamic)
                0x00803410                PROVIDE (__CTOR_LIST__, ABSOLUTE (.))
 *(.ctors)
 *(SORT(.ctors.*))
 .ctors.65535   0x00803410        0x4 /opt/altera/13.0sp1/nios2eds/bin/gnu/H-i686-pc-linux-gnu/bin/../lib/gcc/nios2-elf/4.1.2/../../../../nios2-elf/lib/mno-hw-mul/libsmallc.a(lib_a-__call_atexit.o)
                0x00803414                PROVIDE (__CTOR_END__, ABSOLUTE (.))
                0x00803414                PROVIDE (__DTOR_LIST__, ABSOLUTE (.))
 *(.dtors)
 *(SORT(.dtors.*))
                0x00803414                PROVIDE (__DTOR_END__, ABSOLUTE (.))
 *(.jcr)
                0x00803414                . = ALIGN (0x4)

.rodata         0x00803414       0x60
                0x00803414                PROVIDE (__ram_rodata_start, ABSOLUTE (.))
                0x00803414                . = ALIGN (0x4)
 *(.rodata .rodata.* .gnu.linkonce.r.*)
 .rodata        0x00803414       0x2c obj/default/src/main.o
 .rodata        0x00803440       0x14 /home/student/Documents/IL2206/hardware/nios2_ht18_Eriksson_Keyserlingk/software/nios2_ht18_Eriksson_keyserlingk_bsp/libhal_bsp.a(alt_main.o)
 .rodata        0x00803454       0x14 /home/student/Documents/IL2206/hardware/nios2_ht18_Eriksson_Keyserlingk/software/nios2_ht18_Eriksson_keyserlingk_bsp/libhal_bsp.a(alt_sys_init.o)
 .rodata        0x00803468        0xc /home/student/Documents/IL2206/hardware/nios2_ht18_Eriksson_Keyserlingk/software/nios2_ht18_Eriksson_keyserlingk_bsp/libhal_bsp.a(alt_dev.o)
 *(.rodata1)
                0x00803474                . = ALIGN (0x4)
                0x00803474                PROVIDE (__ram_rodata_end, ABSOLUTE (.))
                0x00803414                PROVIDE (__flash_rodata_start, LOADADDR (.rodata))

.rwdata         0x00803474     0x1314 load address 0x00804788
                0x00803474                PROVIDE (__ram_rwdata_start, ABSOLUTE (.))
                0x00803474                . = ALIGN (0x4)
 *(.got.plt)
 *(.got)
 *(.data1)
 *(.data .data.* .gnu.linkonce.d.*)
 .data          0x00803474        0x0 /home/student/Documents/IL2206/hardware/nios2_ht18_Eriksson_Keyserlingk/software/nios2_ht18_Eriksson_keyserlingk_bsp/obj/HAL/src/crt0.o
 .data          0x00803474        0x0 obj/default/src/main.o
 .data          0x00803474        0x0 /opt/altera/13.0sp1/nios2eds/bin/gnu/H-i686-pc-linux-gnu/bin/../lib/gcc/nios2-elf/4.1.2/../../../../nios2-elf/lib/mno-hw-mul/libsmallc.a(lib_a-memcpy.o)
 .data          0x00803474        0x0 /opt/altera/13.0sp1/nios2eds/bin/gnu/H-i686-pc-linux-gnu/bin/../lib/gcc/nios2-elf/4.1.2/../../../../nios2-elf/lib/mno-hw-mul/libsmallc.a(lib_a-printf.o)
 .data          0x00803474        0x0 /opt/altera/13.0sp1/nios2eds/bin/gnu/H-i686-pc-linux-gnu/bin/../lib/gcc/nios2-elf/4.1.2/../../../../nios2-elf/lib/mno-hw-mul/libsmallc.a(lib_a-vfprintf.o)
 .data          0x00803474        0x0 /opt/altera/13.0sp1/nios2eds/bin/gnu/H-i686-pc-linux-gnu/bin/../lib/gcc/nios2-elf/4.1.2/../../../../nios2-elf/lib/mno-hw-mul/libsmallc.a(lib_a-fvwrite_small_dev.o)
 .data          0x00803474       0xe0 /opt/altera/13.0sp1/nios2eds/bin/gnu/H-i686-pc-linux-gnu/bin/../lib/gcc/nios2-elf/4.1.2/../../../../nios2-elf/lib/mno-hw-mul/libsmallc.a(lib_a-impure.o)
 .data          0x00803554        0x0 /opt/altera/13.0sp1/nios2eds/bin/gnu/H-i686-pc-linux-gnu/bin/../lib/gcc/nios2-elf/4.1.2/../../../../nios2-elf/lib/mno-hw-mul/libsmallc.a(lib_a-strlen.o)
 .data          0x00803554        0x0 /opt/altera/13.0sp1/nios2eds/bin/gnu/H-i686-pc-linux-gnu/bin/../lib/gcc/nios2-elf/4.1.2/../../../../nios2-elf/lib/mno-hw-mul/libsmallc.a(lib_a-writer.o)
 .data          0x00803554        0x0 /opt/altera/13.0sp1/nios2eds/bin/gnu/H-i686-pc-linux-gnu/bin/../lib/gcc/nios2-elf/4.1.2/../../../../nios2-elf/lib/mno-hw-mul/libsmallc.a(lib_a-int_errno.o)
 .data          0x00803554        0x0 /opt/altera/13.0sp1/nios2eds/bin/gnu/H-i686-pc-linux-gnu/bin/../lib/gcc/nios2-elf/4.1.2/mno-hw-mul/libgcc.a(lib2-divmod.o)
 .data          0x00803554        0x0 /opt/altera/13.0sp1/nios2eds/bin/gnu/H-i686-pc-linux-gnu/bin/../lib/gcc/nios2-elf/4.1.2/mno-hw-mul/libgcc.a(lib2-mul.o)
 .data          0x00803554        0x0 /home/student/Documents/IL2206/hardware/nios2_ht18_Eriksson_Keyserlingk/software/nios2_ht18_Eriksson_keyserlingk_bsp/libhal_bsp.a(alt_load.o)
 .data          0x00803554        0x0 /home/student/Documents/IL2206/hardware/nios2_ht18_Eriksson_Keyserlingk/software/nios2_ht18_Eriksson_keyserlingk_bsp/libhal_bsp.a(alt_main.o)
 .data          0x00803554        0x0 /home/student/Documents/IL2206/hardware/nios2_ht18_Eriksson_Keyserlingk/software/nios2_ht18_Eriksson_keyserlingk_bsp/libhal_bsp.a(alt_write.o)
 .data          0x00803554     0x1060 /home/student/Documents/IL2206/hardware/nios2_ht18_Eriksson_Keyserlingk/software/nios2_ht18_Eriksson_keyserlingk_bsp/libhal_bsp.a(alt_sys_init.o)
 .data          0x008045b4        0x0 /home/student/Documents/IL2206/hardware/nios2_ht18_Eriksson_Keyserlingk/software/nios2_ht18_Eriksson_keyserlingk_bsp/libhal_bsp.a(altera_avalon_jtag_uart_fd.o)
 .data          0x008045b4        0x0 /home/student/Documents/IL2206/hardware/nios2_ht18_Eriksson_Keyserlingk/software/nios2_ht18_Eriksson_keyserlingk_bsp/libhal_bsp.a(altera_avalon_jtag_uart_init.o)
 .data          0x008045b4        0x0 /home/student/Documents/IL2206/hardware/nios2_ht18_Eriksson_Keyserlingk/software/nios2_ht18_Eriksson_keyserlingk_bsp/libhal_bsp.a(altera_avalon_jtag_uart_ioctl.o)
 .data          0x008045b4        0x0 /home/student/Documents/IL2206/hardware/nios2_ht18_Eriksson_Keyserlingk/software/nios2_ht18_Eriksson_keyserlingk_bsp/libhal_bsp.a(altera_avalon_jtag_uart_read.o)
 .data          0x008045b4        0x0 /home/student/Documents/IL2206/hardware/nios2_ht18_Eriksson_Keyserlingk/software/nios2_ht18_Eriksson_keyserlingk_bsp/libhal_bsp.a(altera_avalon_jtag_uart_write.o)
 .data          0x008045b4        0x0 /home/student/Documents/IL2206/hardware/nios2_ht18_Eriksson_Keyserlingk/software/nios2_ht18_Eriksson_keyserlingk_bsp/libhal_bsp.a(altera_avalon_performance_counter.o)
 .data          0x008045b4        0x0 /home/student/Documents/IL2206/hardware/nios2_ht18_Eriksson_Keyserlingk/software/nios2_ht18_Eriksson_keyserlingk_bsp/libhal_bsp.a(altera_avalon_timer_sc.o)
 .data          0x008045b4        0x0 /home/student/Documents/IL2206/hardware/nios2_ht18_Eriksson_Keyserlingk/software/nios2_ht18_Eriksson_keyserlingk_bsp/libhal_bsp.a(altera_avalon_timer_vars.o)
 .data          0x008045b4        0x0 /home/student/Documents/IL2206/hardware/nios2_ht18_Eriksson_Keyserlingk/software/nios2_ht18_Eriksson_keyserlingk_bsp/libhal_bsp.a(alt_alarm_start.o)
 .data          0x008045b4        0x0 /home/student/Documents/IL2206/hardware/nios2_ht18_Eriksson_Keyserlingk/software/nios2_ht18_Eriksson_keyserlingk_bsp/libhal_bsp.a(alt_close.o)
 .data          0x008045b4        0x0 /home/student/Documents/IL2206/hardware/nios2_ht18_Eriksson_Keyserlingk/software/nios2_ht18_Eriksson_keyserlingk_bsp/libhal_bsp.a(alt_dcache_flush_all.o)
 .data          0x008045b4      0x1a8 /home/student/Documents/IL2206/hardware/nios2_ht18_Eriksson_Keyserlingk/software/nios2_ht18_Eriksson_keyserlingk_bsp/libhal_bsp.a(alt_dev.o)
                0x008045b4                alt_dev_null
                0x008045dc                alt_fd_list
 .data          0x0080475c        0x0 /home/student/Documents/IL2206/hardware/nios2_ht18_Eriksson_Keyserlingk/software/nios2_ht18_Eriksson_keyserlingk_bsp/libhal_bsp.a(alt_dev_llist_insert.o)
 .data          0x0080475c        0x0 /home/student/Documents/IL2206/hardware/nios2_ht18_Eriksson_Keyserlingk/software/nios2_ht18_Eriksson_keyserlingk_bsp/libhal_bsp.a(alt_do_ctors.o)
 .data          0x0080475c        0x0 /home/student/Documents/IL2206/hardware/nios2_ht18_Eriksson_Keyserlingk/software/nios2_ht18_Eriksson_keyserlingk_bsp/libhal_bsp.a(alt_do_dtors.o)
 .data          0x0080475c        0x0 /home/student/Documents/IL2206/hardware/nios2_ht18_Eriksson_Keyserlingk/software/nios2_ht18_Eriksson_keyserlingk_bsp/libhal_bsp.a(alt_errno.o)
 .data          0x0080475c        0x0 /home/student/Documents/IL2206/hardware/nios2_ht18_Eriksson_Keyserlingk/software/nios2_ht18_Eriksson_keyserlingk_bsp/libhal_bsp.a(alt_icache_flush_all.o)
 .data          0x0080475c        0x0 /home/student/Documents/IL2206/hardware/nios2_ht18_Eriksson_Keyserlingk/software/nios2_ht18_Eriksson_keyserlingk_bsp/libhal_bsp.a(alt_iic.o)
 .data          0x0080475c        0x0 /home/student/Documents/IL2206/hardware/nios2_ht18_Eriksson_Keyserlingk/software/nios2_ht18_Eriksson_keyserlingk_bsp/libhal_bsp.a(alt_iic_isr_register.o)
 .data          0x0080475c        0x0 /home/student/Documents/IL2206/hardware/nios2_ht18_Eriksson_Keyserlingk/software/nios2_ht18_Eriksson_keyserlingk_bsp/libhal_bsp.a(alt_io_redirect.o)
 .data          0x0080475c        0x0 /home/student/Documents/IL2206/hardware/nios2_ht18_Eriksson_Keyserlingk/software/nios2_ht18_Eriksson_keyserlingk_bsp/libhal_bsp.a(alt_irq_entry.o)
 .data          0x0080475c        0x0 /home/student/Documents/IL2206/hardware/nios2_ht18_Eriksson_Keyserlingk/software/nios2_ht18_Eriksson_keyserlingk_bsp/libhal_bsp.a(alt_irq_handler.o)
 .data          0x0080475c        0x0 /home/student/Documents/IL2206/hardware/nios2_ht18_Eriksson_Keyserlingk/software/nios2_ht18_Eriksson_keyserlingk_bsp/libhal_bsp.a(alt_irq_vars.o)
 .data          0x0080475c        0x0 /home/student/Documents/IL2206/hardware/nios2_ht18_Eriksson_Keyserlingk/software/nios2_ht18_Eriksson_keyserlingk_bsp/libhal_bsp.a(alt_open.o)
 .data          0x0080475c        0x0 /home/student/Documents/IL2206/hardware/nios2_ht18_Eriksson_Keyserlingk/software/nios2_ht18_Eriksson_keyserlingk_bsp/libhal_bsp.a(alt_release_fd.o)
 .data          0x0080475c        0x0 /home/student/Documents/IL2206/hardware/nios2_ht18_Eriksson_Keyserlingk/software/nios2_ht18_Eriksson_keyserlingk_bsp/libhal_bsp.a(alt_tick.o)
 .data          0x0080475c        0x0 /home/student/Documents/IL2206/hardware/nios2_ht18_Eriksson_Keyserlingk/software/nios2_ht18_Eriksson_keyserlingk_bsp/libhal_bsp.a(altera_nios2_qsys_irq.o)
 .data          0x0080475c        0x0 /home/student/Documents/IL2206/hardware/nios2_ht18_Eriksson_Keyserlingk/software/nios2_ht18_Eriksson_keyserlingk_bsp/libhal_bsp.a(alt_exception_entry.o)
 .data          0x0080475c        0x0 /home/student/Documents/IL2206/hardware/nios2_ht18_Eriksson_Keyserlingk/software/nios2_ht18_Eriksson_keyserlingk_bsp/libhal_bsp.a(alt_find_dev.o)
 .data          0x0080475c        0x0 /home/student/Documents/IL2206/hardware/nios2_ht18_Eriksson_Keyserlingk/software/nios2_ht18_Eriksson_keyserlingk_bsp/libhal_bsp.a(alt_find_file.o)
 .data          0x0080475c        0x0 /home/student/Documents/IL2206/hardware/nios2_ht18_Eriksson_Keyserlingk/software/nios2_ht18_Eriksson_keyserlingk_bsp/libhal_bsp.a(alt_get_fd.o)
 .data          0x0080475c        0x0 /opt/altera/13.0sp1/nios2eds/bin/gnu/H-i686-pc-linux-gnu/bin/../lib/gcc/nios2-elf/4.1.2/../../../../nios2-elf/lib/mno-hw-mul/libsmallc.a(lib_a-atexit.o)
 .data          0x0080475c        0x0 /opt/altera/13.0sp1/nios2eds/bin/gnu/H-i686-pc-linux-gnu/bin/../lib/gcc/nios2-elf/4.1.2/../../../../nios2-elf/lib/mno-hw-mul/libsmallc.a(lib_a-exit.o)
 .data          0x0080475c        0x0 /opt/altera/13.0sp1/nios2eds/bin/gnu/H-i686-pc-linux-gnu/bin/../lib/gcc/nios2-elf/4.1.2/../../../../nios2-elf/lib/mno-hw-mul/libsmallc.a(lib_a-memcmp.o)
 .data          0x0080475c        0x0 /opt/altera/13.0sp1/nios2eds/bin/gnu/H-i686-pc-linux-gnu/bin/../lib/gcc/nios2-elf/4.1.2/../../../../nios2-elf/lib/mno-hw-mul/libsmallc.a(lib_a-__atexit.o)
 .data          0x0080475c        0x0 /opt/altera/13.0sp1/nios2eds/bin/gnu/H-i686-pc-linux-gnu/bin/../lib/gcc/nios2-elf/4.1.2/../../../../nios2-elf/lib/mno-hw-mul/libsmallc.a(lib_a-__call_atexit.o)
 .data          0x0080475c        0x0 /home/student/Documents/IL2206/hardware/nios2_ht18_Eriksson_Keyserlingk/software/nios2_ht18_Eriksson_keyserlingk_bsp/libhal_bsp.a(alt_exit.o)
                0x0080c75c                _gp = ABSOLUTE ((. + 0x8000))
                0x0080c75c                PROVIDE (gp, _gp)
 *(.rwdata .rwdata.*)
 *(.sdata .sdata.* .gnu.linkonce.s.*)
 .sdata         0x0080475c        0x8 /opt/altera/13.0sp1/nios2eds/bin/gnu/H-i686-pc-linux-gnu/bin/../lib/gcc/nios2-elf/4.1.2/../../../../nios2-elf/lib/mno-hw-mul/libsmallc.a(lib_a-impure.o)
                0x0080475c                _impure_ptr
                0x00804760                _global_impure_ptr
 .sdata         0x00804764       0x14 /home/student/Documents/IL2206/hardware/nios2_ht18_Eriksson_Keyserlingk/software/nios2_ht18_Eriksson_keyserlingk_bsp/libhal_bsp.a(alt_dev.o)
                0x00804764                alt_fs_list
                0x0080476c                alt_dev_list
                0x00804774                alt_max_fd
 .sdata         0x00804778        0x4 /home/student/Documents/IL2206/hardware/nios2_ht18_Eriksson_Keyserlingk/software/nios2_ht18_Eriksson_keyserlingk_bsp/libhal_bsp.a(alt_errno.o)
                0x00804778                alt_errno
 .sdata         0x0080477c        0x4 /home/student/Documents/IL2206/hardware/nios2_ht18_Eriksson_Keyserlingk/software/nios2_ht18_Eriksson_keyserlingk_bsp/libhal_bsp.a(alt_irq_vars.o)
                0x0080477c                alt_priority_mask
 .sdata         0x00804780        0x8 /home/student/Documents/IL2206/hardware/nios2_ht18_Eriksson_Keyserlingk/software/nios2_ht18_Eriksson_keyserlingk_bsp/libhal_bsp.a(alt_tick.o)
                0x00804780                alt_alarm_list
 *(.sdata2 .sdata2.* .gnu.linkonce.s2.*)
                0x00804788                . = ALIGN (0x4)
                0x00804788                _edata = ABSOLUTE (.)
                0x00804788                PROVIDE (edata, ABSOLUTE (.))
                0x00804788                PROVIDE (__ram_rwdata_end, ABSOLUTE (.))
                0x00804788                PROVIDE (__flash_rwdata_start, LOADADDR (.rwdata))

.bss            0x00805a9c      0x1b0
                0x00805a9c                __bss_start = ABSOLUTE (.)
                0x00805a9c                PROVIDE (__sbss_start, ABSOLUTE (.))
                0x00805a9c                PROVIDE (___sbss_start, ABSOLUTE (.))
 *(.dynsbss)
 *(.sbss .sbss.* .gnu.linkonce.sb.*)
 .sbss          0x00805a9c        0x4 /opt/altera/13.0sp1/nios2eds/bin/gnu/H-i686-pc-linux-gnu/bin/../lib/gcc/nios2-elf/4.1.2/../../../../nios2-elf/lib/mno-hw-mul/libsmallc.a(lib_a-int_errno.o)
                0x00805a9c                errno
 .sbss          0x00805aa0        0xc /home/student/Documents/IL2206/hardware/nios2_ht18_Eriksson_Keyserlingk/software/nios2_ht18_Eriksson_keyserlingk_bsp/libhal_bsp.a(alt_main.o)
                0x00805aa0                alt_argc
                0x00805aa4                alt_argv
                0x00805aa8                alt_envp
 .sbss          0x00805aac        0x8 /home/student/Documents/IL2206/hardware/nios2_ht18_Eriksson_Keyserlingk/software/nios2_ht18_Eriksson_keyserlingk_bsp/libhal_bsp.a(altera_avalon_timer_vars.o)
                0x00805aac                altera_avalon_timer_ts_base
                0x00805ab0                altera_avalon_timer_ts_freq
 .sbss          0x00805ab4        0x4 /home/student/Documents/IL2206/hardware/nios2_ht18_Eriksson_Keyserlingk/software/nios2_ht18_Eriksson_keyserlingk_bsp/libhal_bsp.a(alt_irq_vars.o)
                0x00805ab4                alt_irq_active
 .sbss          0x00805ab8        0x8 /home/student/Documents/IL2206/hardware/nios2_ht18_Eriksson_Keyserlingk/software/nios2_ht18_Eriksson_keyserlingk_bsp/libhal_bsp.a(alt_tick.o)
                0x00805ab8                _alt_tick_rate
                0x00805abc                _alt_nticks
 *(.sbss2 .sbss2.* .gnu.linkonce.sb2.*)
 *(.scommon)
                0x00805ac0                PROVIDE (__sbss_end, ABSOLUTE (.))
                0x00805ac0                PROVIDE (___sbss_end, ABSOLUTE (.))
 *(.dynbss)
 *(.bss .bss.* .gnu.linkonce.b.*)
 .bss           0x00805ac0        0x0 /home/student/Documents/IL2206/hardware/nios2_ht18_Eriksson_Keyserlingk/software/nios2_ht18_Eriksson_keyserlingk_bsp/obj/HAL/src/crt0.o
 .bss           0x00805ac0        0x0 obj/default/src/main.o
 .bss           0x00805ac0        0x0 /opt/altera/13.0sp1/nios2eds/bin/gnu/H-i686-pc-linux-gnu/bin/../lib/gcc/nios2-elf/4.1.2/../../../../nios2-elf/lib/mno-hw-mul/libsmallc.a(lib_a-memcpy.o)
 .bss           0x00805ac0        0x0 /opt/altera/13.0sp1/nios2eds/bin/gnu/H-i686-pc-linux-gnu/bin/../lib/gcc/nios2-elf/4.1.2/../../../../nios2-elf/lib/mno-hw-mul/libsmallc.a(lib_a-printf.o)
 .bss           0x00805ac0        0x0 /opt/altera/13.0sp1/nios2eds/bin/gnu/H-i686-pc-linux-gnu/bin/../lib/gcc/nios2-elf/4.1.2/../../../../nios2-elf/lib/mno-hw-mul/libsmallc.a(lib_a-vfprintf.o)
 .bss           0x00805ac0        0x0 /opt/altera/13.0sp1/nios2eds/bin/gnu/H-i686-pc-linux-gnu/bin/../lib/gcc/nios2-elf/4.1.2/../../../../nios2-elf/lib/mno-hw-mul/libsmallc.a(lib_a-fvwrite_small_dev.o)
 .bss           0x00805ac0        0x0 /opt/altera/13.0sp1/nios2eds/bin/gnu/H-i686-pc-linux-gnu/bin/../lib/gcc/nios2-elf/4.1.2/../../../../nios2-elf/lib/mno-hw-mul/libsmallc.a(lib_a-impure.o)
 .bss           0x00805ac0        0x0 /opt/altera/13.0sp1/nios2eds/bin/gnu/H-i686-pc-linux-gnu/bin/../lib/gcc/nios2-elf/4.1.2/../../../../nios2-elf/lib/mno-hw-mul/libsmallc.a(lib_a-strlen.o)
 .bss           0x00805ac0        0x0 /opt/altera/13.0sp1/nios2eds/bin/gnu/H-i686-pc-linux-gnu/bin/../lib/gcc/nios2-elf/4.1.2/../../../../nios2-elf/lib/mno-hw-mul/libsmallc.a(lib_a-writer.o)
 .bss           0x00805ac0        0x0 /opt/altera/13.0sp1/nios2eds/bin/gnu/H-i686-pc-linux-gnu/bin/../lib/gcc/nios2-elf/4.1.2/../../../../nios2-elf/lib/mno-hw-mul/libsmallc.a(lib_a-int_errno.o)
 .bss           0x00805ac0        0x0 /opt/altera/13.0sp1/nios2eds/bin/gnu/H-i686-pc-linux-gnu/bin/../lib/gcc/nios2-elf/4.1.2/mno-hw-mul/libgcc.a(lib2-divmod.o)
 .bss           0x00805ac0        0x0 /opt/altera/13.0sp1/nios2eds/bin/gnu/H-i686-pc-linux-gnu/bin/../lib/gcc/nios2-elf/4.1.2/mno-hw-mul/libgcc.a(lib2-mul.o)
 .bss           0x00805ac0        0x0 /home/student/Documents/IL2206/hardware/nios2_ht18_Eriksson_Keyserlingk/software/nios2_ht18_Eriksson_keyserlingk_bsp/libhal_bsp.a(alt_load.o)
 .bss           0x00805ac0        0x0 /home/student/Documents/IL2206/hardware/nios2_ht18_Eriksson_Keyserlingk/software/nios2_ht18_Eriksson_keyserlingk_bsp/libhal_bsp.a(alt_main.o)
 .bss           0x00805ac0        0x0 /home/student/Documents/IL2206/hardware/nios2_ht18_Eriksson_Keyserlingk/software/nios2_ht18_Eriksson_keyserlingk_bsp/libhal_bsp.a(alt_write.o)
 .bss           0x00805ac0        0x0 /home/student/Documents/IL2206/hardware/nios2_ht18_Eriksson_Keyserlingk/software/nios2_ht18_Eriksson_keyserlingk_bsp/libhal_bsp.a(alt_sys_init.o)
 .bss           0x00805ac0        0x0 /home/student/Documents/IL2206/hardware/nios2_ht18_Eriksson_Keyserlingk/software/nios2_ht18_Eriksson_keyserlingk_bsp/libhal_bsp.a(altera_avalon_jtag_uart_fd.o)
 .bss           0x00805ac0        0x0 /home/student/Documents/IL2206/hardware/nios2_ht18_Eriksson_Keyserlingk/software/nios2_ht18_Eriksson_keyserlingk_bsp/libhal_bsp.a(altera_avalon_jtag_uart_init.o)
 .bss           0x00805ac0        0x0 /home/student/Documents/IL2206/hardware/nios2_ht18_Eriksson_Keyserlingk/software/nios2_ht18_Eriksson_keyserlingk_bsp/libhal_bsp.a(altera_avalon_jtag_uart_ioctl.o)
 .bss           0x00805ac0        0x0 /home/student/Documents/IL2206/hardware/nios2_ht18_Eriksson_Keyserlingk/software/nios2_ht18_Eriksson_keyserlingk_bsp/libhal_bsp.a(altera_avalon_jtag_uart_read.o)
 .bss           0x00805ac0        0x0 /home/student/Documents/IL2206/hardware/nios2_ht18_Eriksson_Keyserlingk/software/nios2_ht18_Eriksson_keyserlingk_bsp/libhal_bsp.a(altera_avalon_jtag_uart_write.o)
 .bss           0x00805ac0        0x0 /home/student/Documents/IL2206/hardware/nios2_ht18_Eriksson_Keyserlingk/software/nios2_ht18_Eriksson_keyserlingk_bsp/libhal_bsp.a(altera_avalon_performance_counter.o)
 .bss           0x00805ac0        0x0 /home/student/Documents/IL2206/hardware/nios2_ht18_Eriksson_Keyserlingk/software/nios2_ht18_Eriksson_keyserlingk_bsp/libhal_bsp.a(altera_avalon_timer_sc.o)
 .bss           0x00805ac0        0x0 /home/student/Documents/IL2206/hardware/nios2_ht18_Eriksson_Keyserlingk/software/nios2_ht18_Eriksson_keyserlingk_bsp/libhal_bsp.a(altera_avalon_timer_vars.o)
 .bss           0x00805ac0        0x0 /home/student/Documents/IL2206/hardware/nios2_ht18_Eriksson_Keyserlingk/software/nios2_ht18_Eriksson_keyserlingk_bsp/libhal_bsp.a(alt_alarm_start.o)
 .bss           0x00805ac0        0x0 /home/student/Documents/IL2206/hardware/nios2_ht18_Eriksson_Keyserlingk/software/nios2_ht18_Eriksson_keyserlingk_bsp/libhal_bsp.a(alt_close.o)
 .bss           0x00805ac0        0x0 /home/student/Documents/IL2206/hardware/nios2_ht18_Eriksson_Keyserlingk/software/nios2_ht18_Eriksson_keyserlingk_bsp/libhal_bsp.a(alt_dcache_flush_all.o)
 .bss           0x00805ac0        0x0 /home/student/Documents/IL2206/hardware/nios2_ht18_Eriksson_Keyserlingk/software/nios2_ht18_Eriksson_keyserlingk_bsp/libhal_bsp.a(alt_dev.o)
 .bss           0x00805ac0        0x0 /home/student/Documents/IL2206/hardware/nios2_ht18_Eriksson_Keyserlingk/software/nios2_ht18_Eriksson_keyserlingk_bsp/libhal_bsp.a(alt_dev_llist_insert.o)
 .bss           0x00805ac0        0x0 /home/student/Documents/IL2206/hardware/nios2_ht18_Eriksson_Keyserlingk/software/nios2_ht18_Eriksson_keyserlingk_bsp/libhal_bsp.a(alt_do_ctors.o)
 .bss           0x00805ac0        0x0 /home/student/Documents/IL2206/hardware/nios2_ht18_Eriksson_Keyserlingk/software/nios2_ht18_Eriksson_keyserlingk_bsp/libhal_bsp.a(alt_do_dtors.o)
 .bss           0x00805ac0        0x0 /home/student/Documents/IL2206/hardware/nios2_ht18_Eriksson_Keyserlingk/software/nios2_ht18_Eriksson_keyserlingk_bsp/libhal_bsp.a(alt_errno.o)
 .bss           0x00805ac0        0x0 /home/student/Documents/IL2206/hardware/nios2_ht18_Eriksson_Keyserlingk/software/nios2_ht18_Eriksson_keyserlingk_bsp/libhal_bsp.a(alt_icache_flush_all.o)
 .bss           0x00805ac0        0x0 /home/student/Documents/IL2206/hardware/nios2_ht18_Eriksson_Keyserlingk/software/nios2_ht18_Eriksson_keyserlingk_bsp/libhal_bsp.a(alt_iic.o)
 .bss           0x00805ac0        0x0 /home/student/Documents/IL2206/hardware/nios2_ht18_Eriksson_Keyserlingk/software/nios2_ht18_Eriksson_keyserlingk_bsp/libhal_bsp.a(alt_iic_isr_register.o)
 .bss           0x00805ac0        0x0 /home/student/Documents/IL2206/hardware/nios2_ht18_Eriksson_Keyserlingk/software/nios2_ht18_Eriksson_keyserlingk_bsp/libhal_bsp.a(alt_io_redirect.o)
 .bss           0x00805ac0        0x0 /home/student/Documents/IL2206/hardware/nios2_ht18_Eriksson_Keyserlingk/software/nios2_ht18_Eriksson_keyserlingk_bsp/libhal_bsp.a(alt_irq_entry.o)
 .bss           0x00805ac0        0x0 /home/student/Documents/IL2206/hardware/nios2_ht18_Eriksson_Keyserlingk/software/nios2_ht18_Eriksson_keyserlingk_bsp/libhal_bsp.a(alt_irq_handler.o)
 .bss           0x00805ac0        0x0 /home/student/Documents/IL2206/hardware/nios2_ht18_Eriksson_Keyserlingk/software/nios2_ht18_Eriksson_keyserlingk_bsp/libhal_bsp.a(alt_irq_vars.o)
 .bss           0x00805ac0        0x0 /home/student/Documents/IL2206/hardware/nios2_ht18_Eriksson_Keyserlingk/software/nios2_ht18_Eriksson_keyserlingk_bsp/libhal_bsp.a(alt_open.o)
 .bss           0x00805ac0        0x0 /home/student/Documents/IL2206/hardware/nios2_ht18_Eriksson_Keyserlingk/software/nios2_ht18_Eriksson_keyserlingk_bsp/libhal_bsp.a(alt_release_fd.o)
 .bss           0x00805ac0        0x0 /home/student/Documents/IL2206/hardware/nios2_ht18_Eriksson_Keyserlingk/software/nios2_ht18_Eriksson_keyserlingk_bsp/libhal_bsp.a(alt_tick.o)
 .bss           0x00805ac0        0x0 /home/student/Documents/IL2206/hardware/nios2_ht18_Eriksson_Keyserlingk/software/nios2_ht18_Eriksson_keyserlingk_bsp/libhal_bsp.a(altera_nios2_qsys_irq.o)
 .bss           0x00805ac0        0x0 /home/student/Documents/IL2206/hardware/nios2_ht18_Eriksson_Keyserlingk/software/nios2_ht18_Eriksson_keyserlingk_bsp/libhal_bsp.a(alt_exception_entry.o)
 .bss           0x00805ac0        0x0 /home/student/Documents/IL2206/hardware/nios2_ht18_Eriksson_Keyserlingk/software/nios2_ht18_Eriksson_keyserlingk_bsp/libhal_bsp.a(alt_find_dev.o)
 .bss           0x00805ac0        0x0 /home/student/Documents/IL2206/hardware/nios2_ht18_Eriksson_Keyserlingk/software/nios2_ht18_Eriksson_keyserlingk_bsp/libhal_bsp.a(alt_find_file.o)
 .bss           0x00805ac0        0x0 /home/student/Documents/IL2206/hardware/nios2_ht18_Eriksson_Keyserlingk/software/nios2_ht18_Eriksson_keyserlingk_bsp/libhal_bsp.a(alt_get_fd.o)
 .bss           0x00805ac0        0x0 /opt/altera/13.0sp1/nios2eds/bin/gnu/H-i686-pc-linux-gnu/bin/../lib/gcc/nios2-elf/4.1.2/../../../../nios2-elf/lib/mno-hw-mul/libsmallc.a(lib_a-atexit.o)
 .bss           0x00805ac0        0x0 /opt/altera/13.0sp1/nios2eds/bin/gnu/H-i686-pc-linux-gnu/bin/../lib/gcc/nios2-elf/4.1.2/../../../../nios2-elf/lib/mno-hw-mul/libsmallc.a(lib_a-exit.o)
 .bss           0x00805ac0        0x0 /opt/altera/13.0sp1/nios2eds/bin/gnu/H-i686-pc-linux-gnu/bin/../lib/gcc/nios2-elf/4.1.2/../../../../nios2-elf/lib/mno-hw-mul/libsmallc.a(lib_a-memcmp.o)
 .bss           0x00805ac0        0x0 /opt/altera/13.0sp1/nios2eds/bin/gnu/H-i686-pc-linux-gnu/bin/../lib/gcc/nios2-elf/4.1.2/../../../../nios2-elf/lib/mno-hw-mul/libsmallc.a(lib_a-__atexit.o)
 .bss           0x00805ac0        0x0 /opt/altera/13.0sp1/nios2eds/bin/gnu/H-i686-pc-linux-gnu/bin/../lib/gcc/nios2-elf/4.1.2/../../../../nios2-elf/lib/mno-hw-mul/libsmallc.a(lib_a-__call_atexit.o)
 .bss           0x00805ac0        0x0 /home/student/Documents/IL2206/hardware/nios2_ht18_Eriksson_Keyserlingk/software/nios2_ht18_Eriksson_keyserlingk_bsp/libhal_bsp.a(alt_exit.o)
 *(COMMON)
 COMMON         0x00805ac0      0x100 /home/student/Documents/IL2206/hardware/nios2_ht18_Eriksson_Keyserlingk/software/nios2_ht18_Eriksson_keyserlingk_bsp/libhal_bsp.a(alt_irq_handler.o)
                0x00805ac0                alt_irq
 COMMON         0x00805bc0       0x8c /opt/altera/13.0sp1/nios2eds/bin/gnu/H-i686-pc-linux-gnu/bin/../lib/gcc/nios2-elf/4.1.2/../../../../nios2-elf/lib/mno-hw-mul/libsmallc.a(lib_a-atexit.o)
                0x00805bc0                _atexit0
                0x00805c4c                . = ALIGN (0x4)
                0x00805c4c                __bss_end = ABSOLUTE (.)

.sdram          0x00805c4c        0x0
                0x00805c4c                PROVIDE (_alt_partition_sdram_start, ABSOLUTE (.))
 *(.sdram. sdram.*)
                0x00805c4c                . = ALIGN (0x4)
                0x00805c4c                PROVIDE (_alt_partition_sdram_end, ABSOLUTE (.))
                0x00805c4c                _end = ABSOLUTE (.)
                0x00805c4c                end = ABSOLUTE (.)
                0x00805c4c                __alt_stack_base = ABSOLUTE (.)
                0x00805c4c                PROVIDE (_alt_partition_sdram_load_addr, LOADADDR (.sdram))

.sram           0x01080000        0x0 load address 0x00805c4c
                0x01080000                PROVIDE (_alt_partition_sram_start, ABSOLUTE (.))
 *(.sram. sram.*)
                0x01080000                . = ALIGN (0x4)
                0x01080000                PROVIDE (_alt_partition_sram_end, ABSOLUTE (.))
                0x00805c4c                PROVIDE (_alt_partition_sram_load_addr, LOADADDR (.sram))

.onchip_memory  0x011081b4        0x0 load address 0x00805c4c
                0x011081b4                PROVIDE (_alt_partition_onchip_memory_start, ABSOLUTE (.))
 *(.onchip_memory. onchip_memory.*)
                0x011081b4                . = ALIGN (0x4)
                0x011081b4                PROVIDE (_alt_partition_onchip_memory_end, ABSOLUTE (.))
                0x00805c4c                PROVIDE (_alt_partition_onchip_memory_load_addr, LOADADDR (.onchip_memory))

.stab
 *(.stab)

.stabstr
 *(.stabstr)

.stab.excl
 *(.stab.excl)

.stab.exclstr
 *(.stab.exclstr)

.stab.index
 *(.stab.index)

.stab.indexstr
 *(.stab.indexstr)

.comment        0x00000000       0x26
 *(.comment)
 .comment       0x00000000       0x26 obj/default/src/main.o
                                 0x27 (size before relaxing)
 .comment       0x00000000       0x27 /opt/altera/13.0sp1/nios2eds/bin/gnu/H-i686-pc-linux-gnu/bin/../lib/gcc/nios2-elf/4.1.2/../../../../nios2-elf/lib/mno-hw-mul/libsmallc.a(lib_a-memcpy.o)
 .comment       0x00000000       0x27 /opt/altera/13.0sp1/nios2eds/bin/gnu/H-i686-pc-linux-gnu/bin/../lib/gcc/nios2-elf/4.1.2/../../../../nios2-elf/lib/mno-hw-mul/libsmallc.a(lib_a-printf.o)
 .comment       0x00000000       0x27 /opt/altera/13.0sp1/nios2eds/bin/gnu/H-i686-pc-linux-gnu/bin/../lib/gcc/nios2-elf/4.1.2/../../../../nios2-elf/lib/mno-hw-mul/libsmallc.a(lib_a-vfprintf.o)
 .comment       0x00000000       0x27 /opt/altera/13.0sp1/nios2eds/bin/gnu/H-i686-pc-linux-gnu/bin/../lib/gcc/nios2-elf/4.1.2/../../../../nios2-elf/lib/mno-hw-mul/libsmallc.a(lib_a-fvwrite_small_dev.o)
 .comment       0x00000000       0x27 /opt/altera/13.0sp1/nios2eds/bin/gnu/H-i686-pc-linux-gnu/bin/../lib/gcc/nios2-elf/4.1.2/../../../../nios2-elf/lib/mno-hw-mul/libsmallc.a(lib_a-impure.o)
 .comment       0x00000000       0x27 /opt/altera/13.0sp1/nios2eds/bin/gnu/H-i686-pc-linux-gnu/bin/../lib/gcc/nios2-elf/4.1.2/../../../../nios2-elf/lib/mno-hw-mul/libsmallc.a(lib_a-strlen.o)
 .comment       0x00000000       0x27 /opt/altera/13.0sp1/nios2eds/bin/gnu/H-i686-pc-linux-gnu/bin/../lib/gcc/nios2-elf/4.1.2/../../../../nios2-elf/lib/mno-hw-mul/libsmallc.a(lib_a-writer.o)
 .comment       0x00000000       0x27 /opt/altera/13.0sp1/nios2eds/bin/gnu/H-i686-pc-linux-gnu/bin/../lib/gcc/nios2-elf/4.1.2/../../../../nios2-elf/lib/mno-hw-mul/libsmallc.a(lib_a-int_errno.o)
 .comment       0x00000000       0x27 /opt/altera/13.0sp1/nios2eds/bin/gnu/H-i686-pc-linux-gnu/bin/../lib/gcc/nios2-elf/4.1.2/mno-hw-mul/libgcc.a(lib2-divmod.o)
 .comment       0x00000000       0x27 /opt/altera/13.0sp1/nios2eds/bin/gnu/H-i686-pc-linux-gnu/bin/../lib/gcc/nios2-elf/4.1.2/mno-hw-mul/libgcc.a(lib2-mul.o)
 .comment       0x00000000       0x27 /home/student/Documents/IL2206/hardware/nios2_ht18_Eriksson_Keyserlingk/software/nios2_ht18_Eriksson_keyserlingk_bsp/libhal_bsp.a(alt_load.o)
 .comment       0x00000000       0x27 /home/student/Documents/IL2206/hardware/nios2_ht18_Eriksson_Keyserlingk/software/nios2_ht18_Eriksson_keyserlingk_bsp/libhal_bsp.a(alt_main.o)
 .comment       0x00000000       0x27 /home/student/Documents/IL2206/hardware/nios2_ht18_Eriksson_Keyserlingk/software/nios2_ht18_Eriksson_keyserlingk_bsp/libhal_bsp.a(alt_write.o)
 .comment       0x00000000       0x27 /home/student/Documents/IL2206/hardware/nios2_ht18_Eriksson_Keyserlingk/software/nios2_ht18_Eriksson_keyserlingk_bsp/libhal_bsp.a(alt_sys_init.o)
 .comment       0x00000000       0x27 /home/student/Documents/IL2206/hardware/nios2_ht18_Eriksson_Keyserlingk/software/nios2_ht18_Eriksson_keyserlingk_bsp/libhal_bsp.a(altera_avalon_jtag_uart_fd.o)
 .comment       0x00000000       0x27 /home/student/Documents/IL2206/hardware/nios2_ht18_Eriksson_Keyserlingk/software/nios2_ht18_Eriksson_keyserlingk_bsp/libhal_bsp.a(altera_avalon_jtag_uart_init.o)
 .comment       0x00000000       0x27 /home/student/Documents/IL2206/hardware/nios2_ht18_Eriksson_Keyserlingk/software/nios2_ht18_Eriksson_keyserlingk_bsp/libhal_bsp.a(altera_avalon_jtag_uart_ioctl.o)
 .comment       0x00000000       0x27 /home/student/Documents/IL2206/hardware/nios2_ht18_Eriksson_Keyserlingk/software/nios2_ht18_Eriksson_keyserlingk_bsp/libhal_bsp.a(altera_avalon_jtag_uart_read.o)
 .comment       0x00000000       0x27 /home/student/Documents/IL2206/hardware/nios2_ht18_Eriksson_Keyserlingk/software/nios2_ht18_Eriksson_keyserlingk_bsp/libhal_bsp.a(altera_avalon_jtag_uart_write.o)
 .comment       0x00000000       0x27 /home/student/Documents/IL2206/hardware/nios2_ht18_Eriksson_Keyserlingk/software/nios2_ht18_Eriksson_keyserlingk_bsp/libhal_bsp.a(altera_avalon_performance_counter.o)
 .comment       0x00000000       0x27 /home/student/Documents/IL2206/hardware/nios2_ht18_Eriksson_Keyserlingk/software/nios2_ht18_Eriksson_keyserlingk_bsp/libhal_bsp.a(altera_avalon_timer_sc.o)
 .comment       0x00000000       0x27 /home/student/Documents/IL2206/hardware/nios2_ht18_Eriksson_Keyserlingk/software/nios2_ht18_Eriksson_keyserlingk_bsp/libhal_bsp.a(altera_avalon_timer_vars.o)
 .comment       0x00000000       0x27 /home/student/Documents/IL2206/hardware/nios2_ht18_Eriksson_Keyserlingk/software/nios2_ht18_Eriksson_keyserlingk_bsp/libhal_bsp.a(alt_alarm_start.o)
 .comment       0x00000000       0x27 /home/student/Documents/IL2206/hardware/nios2_ht18_Eriksson_Keyserlingk/software/nios2_ht18_Eriksson_keyserlingk_bsp/libhal_bsp.a(alt_close.o)
 .comment       0x00000000       0x27 /home/student/Documents/IL2206/hardware/nios2_ht18_Eriksson_Keyserlingk/software/nios2_ht18_Eriksson_keyserlingk_bsp/libhal_bsp.a(alt_dcache_flush_all.o)
 .comment       0x00000000       0x27 /home/student/Documents/IL2206/hardware/nios2_ht18_Eriksson_Keyserlingk/software/nios2_ht18_Eriksson_keyserlingk_bsp/libhal_bsp.a(alt_dev.o)
 .comment       0x00000000       0x27 /home/student/Documents/IL2206/hardware/nios2_ht18_Eriksson_Keyserlingk/software/nios2_ht18_Eriksson_keyserlingk_bsp/libhal_bsp.a(alt_dev_llist_insert.o)
 .comment       0x00000000       0x27 /home/student/Documents/IL2206/hardware/nios2_ht18_Eriksson_Keyserlingk/software/nios2_ht18_Eriksson_keyserlingk_bsp/libhal_bsp.a(alt_do_ctors.o)
 .comment       0x00000000       0x27 /home/student/Documents/IL2206/hardware/nios2_ht18_Eriksson_Keyserlingk/software/nios2_ht18_Eriksson_keyserlingk_bsp/libhal_bsp.a(alt_do_dtors.o)
 .comment       0x00000000       0x27 /home/student/Documents/IL2206/hardware/nios2_ht18_Eriksson_Keyserlingk/software/nios2_ht18_Eriksson_keyserlingk_bsp/libhal_bsp.a(alt_errno.o)
 .comment       0x00000000       0x27 /home/student/Documents/IL2206/hardware/nios2_ht18_Eriksson_Keyserlingk/software/nios2_ht18_Eriksson_keyserlingk_bsp/libhal_bsp.a(alt_icache_flush_all.o)
 .comment       0x00000000       0x27 /home/student/Documents/IL2206/hardware/nios2_ht18_Eriksson_Keyserlingk/software/nios2_ht18_Eriksson_keyserlingk_bsp/libhal_bsp.a(alt_iic.o)
 .comment       0x00000000       0x27 /home/student/Documents/IL2206/hardware/nios2_ht18_Eriksson_Keyserlingk/software/nios2_ht18_Eriksson_keyserlingk_bsp/libhal_bsp.a(alt_iic_isr_register.o)
 .comment       0x00000000       0x27 /home/student/Documents/IL2206/hardware/nios2_ht18_Eriksson_Keyserlingk/software/nios2_ht18_Eriksson_keyserlingk_bsp/libhal_bsp.a(alt_io_redirect.o)
 .comment       0x00000000       0x27 /home/student/Documents/IL2206/hardware/nios2_ht18_Eriksson_Keyserlingk/software/nios2_ht18_Eriksson_keyserlingk_bsp/libhal_bsp.a(alt_irq_handler.o)
 .comment       0x00000000       0x27 /home/student/Documents/IL2206/hardware/nios2_ht18_Eriksson_Keyserlingk/software/nios2_ht18_Eriksson_keyserlingk_bsp/libhal_bsp.a(alt_irq_vars.o)
 .comment       0x00000000       0x27 /home/student/Documents/IL2206/hardware/nios2_ht18_Eriksson_Keyserlingk/software/nios2_ht18_Eriksson_keyserlingk_bsp/libhal_bsp.a(alt_open.o)
 .comment       0x00000000       0x27 /home/student/Documents/IL2206/hardware/nios2_ht18_Eriksson_Keyserlingk/software/nios2_ht18_Eriksson_keyserlingk_bsp/libhal_bsp.a(alt_release_fd.o)
 .comment       0x00000000       0x27 /home/student/Documents/IL2206/hardware/nios2_ht18_Eriksson_Keyserlingk/software/nios2_ht18_Eriksson_keyserlingk_bsp/libhal_bsp.a(alt_tick.o)
 .comment       0x00000000       0x27 /home/student/Documents/IL2206/hardware/nios2_ht18_Eriksson_Keyserlingk/software/nios2_ht18_Eriksson_keyserlingk_bsp/libhal_bsp.a(altera_nios2_qsys_irq.o)
 .comment       0x00000000       0x27 /home/student/Documents/IL2206/hardware/nios2_ht18_Eriksson_Keyserlingk/software/nios2_ht18_Eriksson_keyserlingk_bsp/libhal_bsp.a(alt_find_dev.o)
 .comment       0x00000000       0x27 /home/student/Documents/IL2206/hardware/nios2_ht18_Eriksson_Keyserlingk/software/nios2_ht18_Eriksson_keyserlingk_bsp/libhal_bsp.a(alt_find_file.o)
 .comment       0x00000000       0x27 /home/student/Documents/IL2206/hardware/nios2_ht18_Eriksson_Keyserlingk/software/nios2_ht18_Eriksson_keyserlingk_bsp/libhal_bsp.a(alt_get_fd.o)
 .comment       0x00000000       0x27 /opt/altera/13.0sp1/nios2eds/bin/gnu/H-i686-pc-linux-gnu/bin/../lib/gcc/nios2-elf/4.1.2/../../../../nios2-elf/lib/mno-hw-mul/libsmallc.a(lib_a-atexit.o)
 .comment       0x00000000       0x27 /opt/altera/13.0sp1/nios2eds/bin/gnu/H-i686-pc-linux-gnu/bin/../lib/gcc/nios2-elf/4.1.2/../../../../nios2-elf/lib/mno-hw-mul/libsmallc.a(lib_a-exit.o)
 .comment       0x00000000       0x27 /opt/altera/13.0sp1/nios2eds/bin/gnu/H-i686-pc-linux-gnu/bin/../lib/gcc/nios2-elf/4.1.2/../../../../nios2-elf/lib/mno-hw-mul/libsmallc.a(lib_a-memcmp.o)
 .comment       0x00000000       0x27 /opt/altera/13.0sp1/nios2eds/bin/gnu/H-i686-pc-linux-gnu/bin/../lib/gcc/nios2-elf/4.1.2/../../../../nios2-elf/lib/mno-hw-mul/libsmallc.a(lib_a-__atexit.o)
 .comment       0x00000000       0x27 /opt/altera/13.0sp1/nios2eds/bin/gnu/H-i686-pc-linux-gnu/bin/../lib/gcc/nios2-elf/4.1.2/../../../../nios2-elf/lib/mno-hw-mul/libsmallc.a(lib_a-__call_atexit.o)
 .comment       0x00000000       0x27 /home/student/Documents/IL2206/hardware/nios2_ht18_Eriksson_Keyserlingk/software/nios2_ht18_Eriksson_keyserlingk_bsp/libhal_bsp.a(alt_exit.o)

.debug
 *(.debug)

.line
 *(.line)

.debug_srcinfo
 *(.debug_srcinfo)

.debug_sfnames
 *(.debug_sfnames)

.debug_aranges  0x00000000      0x638
 *(.debug_aranges)
 .debug_aranges
                0x00000000       0x28 /home/student/Documents/IL2206/hardware/nios2_ht18_Eriksson_Keyserlingk/software/nios2_ht18_Eriksson_keyserlingk_bsp/obj/HAL/src/crt0.o
 .debug_aranges
                0x00000028       0x20 obj/default/src/main.o
 .debug_aranges
                0x00000048       0x20 /opt/altera/13.0sp1/nios2eds/bin/gnu/H-i686-pc-linux-gnu/bin/../lib/gcc/nios2-elf/4.1.2/../../../../nios2-elf/lib/mno-hw-mul/libsmallc.a(lib_a-memcpy.o)
 .debug_aranges
                0x00000068       0x20 /opt/altera/13.0sp1/nios2eds/bin/gnu/H-i686-pc-linux-gnu/bin/../lib/gcc/nios2-elf/4.1.2/../../../../nios2-elf/lib/mno-hw-mul/libsmallc.a(lib_a-printf.o)
 .debug_aranges
                0x00000088       0x20 /opt/altera/13.0sp1/nios2eds/bin/gnu/H-i686-pc-linux-gnu/bin/../lib/gcc/nios2-elf/4.1.2/../../../../nios2-elf/lib/mno-hw-mul/libsmallc.a(lib_a-vfprintf.o)
 .debug_aranges
                0x000000a8       0x20 /opt/altera/13.0sp1/nios2eds/bin/gnu/H-i686-pc-linux-gnu/bin/../lib/gcc/nios2-elf/4.1.2/../../../../nios2-elf/lib/mno-hw-mul/libsmallc.a(lib_a-fvwrite_small_dev.o)
 .debug_aranges
                0x000000c8       0x20 /opt/altera/13.0sp1/nios2eds/bin/gnu/H-i686-pc-linux-gnu/bin/../lib/gcc/nios2-elf/4.1.2/../../../../nios2-elf/lib/mno-hw-mul/libsmallc.a(lib_a-strlen.o)
 .debug_aranges
                0x000000e8       0x20 /opt/altera/13.0sp1/nios2eds/bin/gnu/H-i686-pc-linux-gnu/bin/../lib/gcc/nios2-elf/4.1.2/../../../../nios2-elf/lib/mno-hw-mul/libsmallc.a(lib_a-writer.o)
 .debug_aranges
                0x00000108       0x20 /opt/altera/13.0sp1/nios2eds/bin/gnu/H-i686-pc-linux-gnu/bin/../lib/gcc/nios2-elf/4.1.2/mno-hw-mul/libgcc.a(lib2-divmod.o)
 .debug_aranges
                0x00000128       0x20 /opt/altera/13.0sp1/nios2eds/bin/gnu/H-i686-pc-linux-gnu/bin/../lib/gcc/nios2-elf/4.1.2/mno-hw-mul/libgcc.a(lib2-mul.o)
 .debug_aranges
                0x00000148       0x20 /home/student/Documents/IL2206/hardware/nios2_ht18_Eriksson_Keyserlingk/software/nios2_ht18_Eriksson_keyserlingk_bsp/libhal_bsp.a(alt_load.o)
 .debug_aranges
                0x00000168       0x20 /home/student/Documents/IL2206/hardware/nios2_ht18_Eriksson_Keyserlingk/software/nios2_ht18_Eriksson_keyserlingk_bsp/libhal_bsp.a(alt_main.o)
 .debug_aranges
                0x00000188       0x20 /home/student/Documents/IL2206/hardware/nios2_ht18_Eriksson_Keyserlingk/software/nios2_ht18_Eriksson_keyserlingk_bsp/libhal_bsp.a(alt_write.o)
 .debug_aranges
                0x000001a8       0x20 /home/student/Documents/IL2206/hardware/nios2_ht18_Eriksson_Keyserlingk/software/nios2_ht18_Eriksson_keyserlingk_bsp/libhal_bsp.a(alt_sys_init.o)
 .debug_aranges
                0x000001c8       0x20 /home/student/Documents/IL2206/hardware/nios2_ht18_Eriksson_Keyserlingk/software/nios2_ht18_Eriksson_keyserlingk_bsp/libhal_bsp.a(altera_avalon_jtag_uart_fd.o)
 .debug_aranges
                0x000001e8       0x20 /home/student/Documents/IL2206/hardware/nios2_ht18_Eriksson_Keyserlingk/software/nios2_ht18_Eriksson_keyserlingk_bsp/libhal_bsp.a(altera_avalon_jtag_uart_init.o)
 .debug_aranges
                0x00000208       0x20 /home/student/Documents/IL2206/hardware/nios2_ht18_Eriksson_Keyserlingk/software/nios2_ht18_Eriksson_keyserlingk_bsp/libhal_bsp.a(altera_avalon_jtag_uart_ioctl.o)
 .debug_aranges
                0x00000228       0x20 /home/student/Documents/IL2206/hardware/nios2_ht18_Eriksson_Keyserlingk/software/nios2_ht18_Eriksson_keyserlingk_bsp/libhal_bsp.a(altera_avalon_jtag_uart_read.o)
 .debug_aranges
                0x00000248       0x20 /home/student/Documents/IL2206/hardware/nios2_ht18_Eriksson_Keyserlingk/software/nios2_ht18_Eriksson_keyserlingk_bsp/libhal_bsp.a(altera_avalon_jtag_uart_write.o)
 .debug_aranges
                0x00000268       0x20 /home/student/Documents/IL2206/hardware/nios2_ht18_Eriksson_Keyserlingk/software/nios2_ht18_Eriksson_keyserlingk_bsp/libhal_bsp.a(altera_avalon_performance_counter.o)
 .debug_aranges
                0x00000288       0x20 /home/student/Documents/IL2206/hardware/nios2_ht18_Eriksson_Keyserlingk/software/nios2_ht18_Eriksson_keyserlingk_bsp/libhal_bsp.a(altera_avalon_timer_sc.o)
 .debug_aranges
                0x000002a8       0x20 /home/student/Documents/IL2206/hardware/nios2_ht18_Eriksson_Keyserlingk/software/nios2_ht18_Eriksson_keyserlingk_bsp/libhal_bsp.a(alt_alarm_start.o)
 .debug_aranges
                0x000002c8       0x20 /home/student/Documents/IL2206/hardware/nios2_ht18_Eriksson_Keyserlingk/software/nios2_ht18_Eriksson_keyserlingk_bsp/libhal_bsp.a(alt_close.o)
 .debug_aranges
                0x000002e8       0x20 /home/student/Documents/IL2206/hardware/nios2_ht18_Eriksson_Keyserlingk/software/nios2_ht18_Eriksson_keyserlingk_bsp/libhal_bsp.a(alt_dcache_flush_all.o)
 .debug_aranges
                0x00000308       0x20 /home/student/Documents/IL2206/hardware/nios2_ht18_Eriksson_Keyserlingk/software/nios2_ht18_Eriksson_keyserlingk_bsp/libhal_bsp.a(alt_dev.o)
 .debug_aranges
                0x00000328       0x20 /home/student/Documents/IL2206/hardware/nios2_ht18_Eriksson_Keyserlingk/software/nios2_ht18_Eriksson_keyserlingk_bsp/libhal_bsp.a(alt_dev_llist_insert.o)
 .debug_aranges
                0x00000348       0x20 /home/student/Documents/IL2206/hardware/nios2_ht18_Eriksson_Keyserlingk/software/nios2_ht18_Eriksson_keyserlingk_bsp/libhal_bsp.a(alt_do_ctors.o)
 .debug_aranges
                0x00000368       0x20 /home/student/Documents/IL2206/hardware/nios2_ht18_Eriksson_Keyserlingk/software/nios2_ht18_Eriksson_keyserlingk_bsp/libhal_bsp.a(alt_do_dtors.o)
 .debug_aranges
                0x00000388       0x20 /home/student/Documents/IL2206/hardware/nios2_ht18_Eriksson_Keyserlingk/software/nios2_ht18_Eriksson_keyserlingk_bsp/libhal_bsp.a(alt_icache_flush_all.o)
 .debug_aranges
                0x000003a8       0x20 /home/student/Documents/IL2206/hardware/nios2_ht18_Eriksson_Keyserlingk/software/nios2_ht18_Eriksson_keyserlingk_bsp/libhal_bsp.a(alt_iic.o)
 .debug_aranges
                0x000003c8       0x20 /home/student/Documents/IL2206/hardware/nios2_ht18_Eriksson_Keyserlingk/software/nios2_ht18_Eriksson_keyserlingk_bsp/libhal_bsp.a(alt_iic_isr_register.o)
 .debug_aranges
                0x000003e8       0x20 /home/student/Documents/IL2206/hardware/nios2_ht18_Eriksson_Keyserlingk/software/nios2_ht18_Eriksson_keyserlingk_bsp/libhal_bsp.a(alt_io_redirect.o)
 .debug_aranges
                0x00000408       0x30 /home/student/Documents/IL2206/hardware/nios2_ht18_Eriksson_Keyserlingk/software/nios2_ht18_Eriksson_keyserlingk_bsp/libhal_bsp.a(alt_irq_entry.o)
 .debug_aranges
                0x00000438       0x28 /home/student/Documents/IL2206/hardware/nios2_ht18_Eriksson_Keyserlingk/software/nios2_ht18_Eriksson_keyserlingk_bsp/libhal_bsp.a(alt_irq_handler.o)
 .debug_aranges
                0x00000460       0x20 /home/student/Documents/IL2206/hardware/nios2_ht18_Eriksson_Keyserlingk/software/nios2_ht18_Eriksson_keyserlingk_bsp/libhal_bsp.a(alt_open.o)
 .debug_aranges
                0x00000480       0x20 /home/student/Documents/IL2206/hardware/nios2_ht18_Eriksson_Keyserlingk/software/nios2_ht18_Eriksson_keyserlingk_bsp/libhal_bsp.a(alt_release_fd.o)
 .debug_aranges
                0x000004a0       0x20 /home/student/Documents/IL2206/hardware/nios2_ht18_Eriksson_Keyserlingk/software/nios2_ht18_Eriksson_keyserlingk_bsp/libhal_bsp.a(alt_tick.o)
 .debug_aranges
                0x000004c0       0x20 /home/student/Documents/IL2206/hardware/nios2_ht18_Eriksson_Keyserlingk/software/nios2_ht18_Eriksson_keyserlingk_bsp/libhal_bsp.a(altera_nios2_qsys_irq.o)
 .debug_aranges
                0x000004e0       0x38 /home/student/Documents/IL2206/hardware/nios2_ht18_Eriksson_Keyserlingk/software/nios2_ht18_Eriksson_keyserlingk_bsp/libhal_bsp.a(alt_exception_entry.o)
 .debug_aranges
                0x00000518       0x20 /home/student/Documents/IL2206/hardware/nios2_ht18_Eriksson_Keyserlingk/software/nios2_ht18_Eriksson_keyserlingk_bsp/libhal_bsp.a(alt_find_dev.o)
 .debug_aranges
                0x00000538       0x20 /home/student/Documents/IL2206/hardware/nios2_ht18_Eriksson_Keyserlingk/software/nios2_ht18_Eriksson_keyserlingk_bsp/libhal_bsp.a(alt_find_file.o)
 .debug_aranges
                0x00000558       0x20 /home/student/Documents/IL2206/hardware/nios2_ht18_Eriksson_Keyserlingk/software/nios2_ht18_Eriksson_keyserlingk_bsp/libhal_bsp.a(alt_get_fd.o)
 .debug_aranges
                0x00000578       0x20 /opt/altera/13.0sp1/nios2eds/bin/gnu/H-i686-pc-linux-gnu/bin/../lib/gcc/nios2-elf/4.1.2/../../../../nios2-elf/lib/mno-hw-mul/libsmallc.a(lib_a-atexit.o)
 .debug_aranges
                0x00000598       0x20 /opt/altera/13.0sp1/nios2eds/bin/gnu/H-i686-pc-linux-gnu/bin/../lib/gcc/nios2-elf/4.1.2/../../../../nios2-elf/lib/mno-hw-mul/libsmallc.a(lib_a-exit.o)
 .debug_aranges
                0x000005b8       0x20 /opt/altera/13.0sp1/nios2eds/bin/gnu/H-i686-pc-linux-gnu/bin/../lib/gcc/nios2-elf/4.1.2/../../../../nios2-elf/lib/mno-hw-mul/libsmallc.a(lib_a-memcmp.o)
 .debug_aranges
                0x000005d8       0x20 /opt/altera/13.0sp1/nios2eds/bin/gnu/H-i686-pc-linux-gnu/bin/../lib/gcc/nios2-elf/4.1.2/../../../../nios2-elf/lib/mno-hw-mul/libsmallc.a(lib_a-__atexit.o)
 .debug_aranges
                0x000005f8       0x20 /opt/altera/13.0sp1/nios2eds/bin/gnu/H-i686-pc-linux-gnu/bin/../lib/gcc/nios2-elf/4.1.2/../../../../nios2-elf/lib/mno-hw-mul/libsmallc.a(lib_a-__call_atexit.o)
 .debug_aranges
                0x00000618       0x20 /home/student/Documents/IL2206/hardware/nios2_ht18_Eriksson_Keyserlingk/software/nios2_ht18_Eriksson_keyserlingk_bsp/libhal_bsp.a(alt_exit.o)

.debug_pubnames
                0x00000000      0x9ee
 *(.debug_pubnames)
 .debug_pubnames
                0x00000000       0x1b obj/default/src/main.o
 .debug_pubnames
                0x0000001b       0x1d /opt/altera/13.0sp1/nios2eds/bin/gnu/H-i686-pc-linux-gnu/bin/../lib/gcc/nios2-elf/4.1.2/../../../../nios2-elf/lib/mno-hw-mul/libsmallc.a(lib_a-memcpy.o)
 .debug_pubnames
                0x00000038       0x2b /opt/altera/13.0sp1/nios2eds/bin/gnu/H-i686-pc-linux-gnu/bin/../lib/gcc/nios2-elf/4.1.2/../../../../nios2-elf/lib/mno-hw-mul/libsmallc.a(lib_a-printf.o)
 .debug_pubnames
                0x00000063       0x45 /opt/altera/13.0sp1/nios2eds/bin/gnu/H-i686-pc-linux-gnu/bin/../lib/gcc/nios2-elf/4.1.2/../../../../nios2-elf/lib/mno-hw-mul/libsmallc.a(lib_a-vfprintf.o)
 .debug_pubnames
                0x000000a8       0x2b /opt/altera/13.0sp1/nios2eds/bin/gnu/H-i686-pc-linux-gnu/bin/../lib/gcc/nios2-elf/4.1.2/../../../../nios2-elf/lib/mno-hw-mul/libsmallc.a(lib_a-fvwrite_small_dev.o)
 .debug_pubnames
                0x000000d3       0x39 /opt/altera/13.0sp1/nios2eds/bin/gnu/H-i686-pc-linux-gnu/bin/../lib/gcc/nios2-elf/4.1.2/../../../../nios2-elf/lib/mno-hw-mul/libsmallc.a(lib_a-impure.o)
 .debug_pubnames
                0x0000010c       0x1d /opt/altera/13.0sp1/nios2eds/bin/gnu/H-i686-pc-linux-gnu/bin/../lib/gcc/nios2-elf/4.1.2/../../../../nios2-elf/lib/mno-hw-mul/libsmallc.a(lib_a-strlen.o)
 .debug_pubnames
                0x00000129       0x1f /opt/altera/13.0sp1/nios2eds/bin/gnu/H-i686-pc-linux-gnu/bin/../lib/gcc/nios2-elf/4.1.2/../../../../nios2-elf/lib/mno-hw-mul/libsmallc.a(lib_a-writer.o)
 .debug_pubnames
                0x00000148       0x1c /opt/altera/13.0sp1/nios2eds/bin/gnu/H-i686-pc-linux-gnu/bin/../lib/gcc/nios2-elf/4.1.2/../../../../nios2-elf/lib/mno-hw-mul/libsmallc.a(lib_a-int_errno.o)
 .debug_pubnames
                0x00000164       0x48 /opt/altera/13.0sp1/nios2eds/bin/gnu/H-i686-pc-linux-gnu/bin/../lib/gcc/nios2-elf/4.1.2/mno-hw-mul/libgcc.a(lib2-divmod.o)
 .debug_pubnames
                0x000001ac       0x1f /opt/altera/13.0sp1/nios2eds/bin/gnu/H-i686-pc-linux-gnu/bin/../lib/gcc/nios2-elf/4.1.2/mno-hw-mul/libgcc.a(lib2-mul.o)
 .debug_pubnames
                0x000001cb       0x1f /home/student/Documents/IL2206/hardware/nios2_ht18_Eriksson_Keyserlingk/software/nios2_ht18_Eriksson_keyserlingk_bsp/libhal_bsp.a(alt_load.o)
 .debug_pubnames
                0x000001ea       0x46 /home/student/Documents/IL2206/hardware/nios2_ht18_Eriksson_Keyserlingk/software/nios2_ht18_Eriksson_keyserlingk_bsp/libhal_bsp.a(alt_main.o)
 .debug_pubnames
                0x00000230       0x1c /home/student/Documents/IL2206/hardware/nios2_ht18_Eriksson_Keyserlingk/software/nios2_ht18_Eriksson_keyserlingk_bsp/libhal_bsp.a(alt_write.o)
 .debug_pubnames
                0x0000024c       0x34 /home/student/Documents/IL2206/hardware/nios2_ht18_Eriksson_Keyserlingk/software/nios2_ht18_Eriksson_keyserlingk_bsp/libhal_bsp.a(alt_sys_init.o)
 .debug_pubnames
                0x00000280       0xa5 /home/student/Documents/IL2206/hardware/nios2_ht18_Eriksson_Keyserlingk/software/nios2_ht18_Eriksson_keyserlingk_bsp/libhal_bsp.a(altera_avalon_jtag_uart_fd.o)
 .debug_pubnames
                0x00000325       0x55 /home/student/Documents/IL2206/hardware/nios2_ht18_Eriksson_Keyserlingk/software/nios2_ht18_Eriksson_keyserlingk_bsp/libhal_bsp.a(altera_avalon_jtag_uart_init.o)
 .debug_pubnames
                0x0000037a       0x34 /home/student/Documents/IL2206/hardware/nios2_ht18_Eriksson_Keyserlingk/software/nios2_ht18_Eriksson_keyserlingk_bsp/libhal_bsp.a(altera_avalon_jtag_uart_ioctl.o)
 .debug_pubnames
                0x000003ae       0x33 /home/student/Documents/IL2206/hardware/nios2_ht18_Eriksson_Keyserlingk/software/nios2_ht18_Eriksson_keyserlingk_bsp/libhal_bsp.a(altera_avalon_jtag_uart_read.o)
 .debug_pubnames
                0x000003e1       0x34 /home/student/Documents/IL2206/hardware/nios2_ht18_Eriksson_Keyserlingk/software/nios2_ht18_Eriksson_keyserlingk_bsp/libhal_bsp.a(altera_avalon_jtag_uart_write.o)
 .debug_pubnames
                0x00000415       0x96 /home/student/Documents/IL2206/hardware/nios2_ht18_Eriksson_Keyserlingk/software/nios2_ht18_Eriksson_keyserlingk_bsp/libhal_bsp.a(altera_avalon_performance_counter.o)
 .debug_pubnames
                0x000004ab       0x2f /home/student/Documents/IL2206/hardware/nios2_ht18_Eriksson_Keyserlingk/software/nios2_ht18_Eriksson_keyserlingk_bsp/libhal_bsp.a(altera_avalon_timer_sc.o)
 .debug_pubnames
                0x000004da       0x52 /home/student/Documents/IL2206/hardware/nios2_ht18_Eriksson_Keyserlingk/software/nios2_ht18_Eriksson_keyserlingk_bsp/libhal_bsp.a(altera_avalon_timer_vars.o)
 .debug_pubnames
                0x0000052c       0x26 /home/student/Documents/IL2206/hardware/nios2_ht18_Eriksson_Keyserlingk/software/nios2_ht18_Eriksson_keyserlingk_bsp/libhal_bsp.a(alt_alarm_start.o)
 .debug_pubnames
                0x00000552       0x1c /home/student/Documents/IL2206/hardware/nios2_ht18_Eriksson_Keyserlingk/software/nios2_ht18_Eriksson_keyserlingk_bsp/libhal_bsp.a(alt_close.o)
 .debug_pubnames
                0x0000056e       0x2b /home/student/Documents/IL2206/hardware/nios2_ht18_Eriksson_Keyserlingk/software/nios2_ht18_Eriksson_keyserlingk_bsp/libhal_bsp.a(alt_dcache_flush_all.o)
 .debug_pubnames
                0x00000599       0x63 /home/student/Documents/IL2206/hardware/nios2_ht18_Eriksson_Keyserlingk/software/nios2_ht18_Eriksson_keyserlingk_bsp/libhal_bsp.a(alt_dev.o)
 .debug_pubnames
                0x000005fc       0x2b /home/student/Documents/IL2206/hardware/nios2_ht18_Eriksson_Keyserlingk/software/nios2_ht18_Eriksson_keyserlingk_bsp/libhal_bsp.a(alt_dev_llist_insert.o)
 .debug_pubnames
                0x00000627       0x20 /home/student/Documents/IL2206/hardware/nios2_ht18_Eriksson_Keyserlingk/software/nios2_ht18_Eriksson_keyserlingk_bsp/libhal_bsp.a(alt_do_ctors.o)
 .debug_pubnames
                0x00000647       0x20 /home/student/Documents/IL2206/hardware/nios2_ht18_Eriksson_Keyserlingk/software/nios2_ht18_Eriksson_keyserlingk_bsp/libhal_bsp.a(alt_do_dtors.o)
 .debug_pubnames
                0x00000667       0x20 /home/student/Documents/IL2206/hardware/nios2_ht18_Eriksson_Keyserlingk/software/nios2_ht18_Eriksson_keyserlingk_bsp/libhal_bsp.a(alt_errno.o)
 .debug_pubnames
                0x00000687       0x2b /home/student/Documents/IL2206/hardware/nios2_ht18_Eriksson_Keyserlingk/software/nios2_ht18_Eriksson_keyserlingk_bsp/libhal_bsp.a(alt_icache_flush_all.o)
 .debug_pubnames
                0x000006b2       0x6e /home/student/Documents/IL2206/hardware/nios2_ht18_Eriksson_Keyserlingk/software/nios2_ht18_Eriksson_keyserlingk_bsp/libhal_bsp.a(alt_iic.o)
 .debug_pubnames
                0x00000720       0x2b /home/student/Documents/IL2206/hardware/nios2_ht18_Eriksson_Keyserlingk/software/nios2_ht18_Eriksson_keyserlingk_bsp/libhal_bsp.a(alt_iic_isr_register.o)
 .debug_pubnames
                0x0000074b       0x26 /home/student/Documents/IL2206/hardware/nios2_ht18_Eriksson_Keyserlingk/software/nios2_ht18_Eriksson_keyserlingk_bsp/libhal_bsp.a(alt_io_redirect.o)
 .debug_pubnames
                0x00000771       0x32 /home/student/Documents/IL2206/hardware/nios2_ht18_Eriksson_Keyserlingk/software/nios2_ht18_Eriksson_keyserlingk_bsp/libhal_bsp.a(alt_irq_handler.o)
 .debug_pubnames
                0x000007a3       0x3b /home/student/Documents/IL2206/hardware/nios2_ht18_Eriksson_Keyserlingk/software/nios2_ht18_Eriksson_keyserlingk_bsp/libhal_bsp.a(alt_irq_vars.o)
 .debug_pubnames
                0x000007de       0x1b /home/student/Documents/IL2206/hardware/nios2_ht18_Eriksson_Keyserlingk/software/nios2_ht18_Eriksson_keyserlingk_bsp/libhal_bsp.a(alt_open.o)
 .debug_pubnames
                0x000007f9       0x25 /home/student/Documents/IL2206/hardware/nios2_ht18_Eriksson_Keyserlingk/software/nios2_ht18_Eriksson_keyserlingk_bsp/libhal_bsp.a(alt_release_fd.o)
 .debug_pubnames
                0x0000081e       0x68 /home/student/Documents/IL2206/hardware/nios2_ht18_Eriksson_Keyserlingk/software/nios2_ht18_Eriksson_keyserlingk_bsp/libhal_bsp.a(alt_tick.o)
 .debug_pubnames
                0x00000886       0x31 /home/student/Documents/IL2206/hardware/nios2_ht18_Eriksson_Keyserlingk/software/nios2_ht18_Eriksson_keyserlingk_bsp/libhal_bsp.a(altera_nios2_qsys_irq.o)
 .debug_pubnames
                0x000008b7       0x23 /home/student/Documents/IL2206/hardware/nios2_ht18_Eriksson_Keyserlingk/software/nios2_ht18_Eriksson_keyserlingk_bsp/libhal_bsp.a(alt_find_dev.o)
 .debug_pubnames
                0x000008da       0x24 /home/student/Documents/IL2206/hardware/nios2_ht18_Eriksson_Keyserlingk/software/nios2_ht18_Eriksson_keyserlingk_bsp/libhal_bsp.a(alt_find_file.o)
 .debug_pubnames
                0x000008fe       0x21 /home/student/Documents/IL2206/hardware/nios2_ht18_Eriksson_Keyserlingk/software/nios2_ht18_Eriksson_keyserlingk_bsp/libhal_bsp.a(alt_get_fd.o)
 .debug_pubnames
                0x0000091f       0x2a /opt/altera/13.0sp1/nios2eds/bin/gnu/H-i686-pc-linux-gnu/bin/../lib/gcc/nios2-elf/4.1.2/../../../../nios2-elf/lib/mno-hw-mul/libsmallc.a(lib_a-atexit.o)
 .debug_pubnames
                0x00000949       0x1b /opt/altera/13.0sp1/nios2eds/bin/gnu/H-i686-pc-linux-gnu/bin/../lib/gcc/nios2-elf/4.1.2/../../../../nios2-elf/lib/mno-hw-mul/libsmallc.a(lib_a-exit.o)
 .debug_pubnames
                0x00000964       0x1d /opt/altera/13.0sp1/nios2eds/bin/gnu/H-i686-pc-linux-gnu/bin/../lib/gcc/nios2-elf/4.1.2/../../../../nios2-elf/lib/mno-hw-mul/libsmallc.a(lib_a-memcmp.o)
 .debug_pubnames
                0x00000981       0x2a /opt/altera/13.0sp1/nios2eds/bin/gnu/H-i686-pc-linux-gnu/bin/../lib/gcc/nios2-elf/4.1.2/../../../../nios2-elf/lib/mno-hw-mul/libsmallc.a(lib_a-__atexit.o)
 .debug_pubnames
                0x000009ab       0x27 /opt/altera/13.0sp1/nios2eds/bin/gnu/H-i686-pc-linux-gnu/bin/../lib/gcc/nios2-elf/4.1.2/../../../../nios2-elf/lib/mno-hw-mul/libsmallc.a(lib_a-__call_atexit.o)
 .debug_pubnames
                0x000009d2       0x1c /home/student/Documents/IL2206/hardware/nios2_ht18_Eriksson_Keyserlingk/software/nios2_ht18_Eriksson_keyserlingk_bsp/libhal_bsp.a(alt_exit.o)

.debug_info     0x00000000     0xc162
 *(.debug_info .gnu.linkonce.wi.*)
 .debug_info    0x00000000       0xa6 /home/student/Documents/IL2206/hardware/nios2_ht18_Eriksson_Keyserlingk/software/nios2_ht18_Eriksson_keyserlingk_bsp/obj/HAL/src/crt0.o
 .debug_info    0x000000a6      0x228 obj/default/src/main.o
 .debug_info    0x000002ce       0xc2 /opt/altera/13.0sp1/nios2eds/bin/gnu/H-i686-pc-linux-gnu/bin/../lib/gcc/nios2-elf/4.1.2/../../../../nios2-elf/lib/mno-hw-mul/libsmallc.a(lib_a-memcpy.o)
 .debug_info    0x00000390      0x6c8 /opt/altera/13.0sp1/nios2eds/bin/gnu/H-i686-pc-linux-gnu/bin/../lib/gcc/nios2-elf/4.1.2/../../../../nios2-elf/lib/mno-hw-mul/libsmallc.a(lib_a-printf.o)
 .debug_info    0x00000a58      0x9b6 /opt/altera/13.0sp1/nios2eds/bin/gnu/H-i686-pc-linux-gnu/bin/../lib/gcc/nios2-elf/4.1.2/../../../../nios2-elf/lib/mno-hw-mul/libsmallc.a(lib_a-vfprintf.o)
 .debug_info    0x0000140e      0x68e /opt/altera/13.0sp1/nios2eds/bin/gnu/H-i686-pc-linux-gnu/bin/../lib/gcc/nios2-elf/4.1.2/../../../../nios2-elf/lib/mno-hw-mul/libsmallc.a(lib_a-fvwrite_small_dev.o)
 .debug_info    0x00001a9c      0x636 /opt/altera/13.0sp1/nios2eds/bin/gnu/H-i686-pc-linux-gnu/bin/../lib/gcc/nios2-elf/4.1.2/../../../../nios2-elf/lib/mno-hw-mul/libsmallc.a(lib_a-impure.o)
 .debug_info    0x000020d2       0xc2 /opt/altera/13.0sp1/nios2eds/bin/gnu/H-i686-pc-linux-gnu/bin/../lib/gcc/nios2-elf/4.1.2/../../../../nios2-elf/lib/mno-hw-mul/libsmallc.a(lib_a-strlen.o)
 .debug_info    0x00002194      0x68c /opt/altera/13.0sp1/nios2eds/bin/gnu/H-i686-pc-linux-gnu/bin/../lib/gcc/nios2-elf/4.1.2/../../../../nios2-elf/lib/mno-hw-mul/libsmallc.a(lib_a-writer.o)
 .debug_info    0x00002820       0x8c /opt/altera/13.0sp1/nios2eds/bin/gnu/H-i686-pc-linux-gnu/bin/../lib/gcc/nios2-elf/4.1.2/../../../../nios2-elf/lib/mno-hw-mul/libsmallc.a(lib_a-int_errno.o)
 .debug_info    0x000028ac      0x21c /opt/altera/13.0sp1/nios2eds/bin/gnu/H-i686-pc-linux-gnu/bin/../lib/gcc/nios2-elf/4.1.2/mno-hw-mul/libgcc.a(lib2-divmod.o)
 .debug_info    0x00002ac8       0xf3 /opt/altera/13.0sp1/nios2eds/bin/gnu/H-i686-pc-linux-gnu/bin/../lib/gcc/nios2-elf/4.1.2/mno-hw-mul/libgcc.a(lib2-mul.o)
 .debug_info    0x00002bbb      0x2b8 /home/student/Documents/IL2206/hardware/nios2_ht18_Eriksson_Keyserlingk/software/nios2_ht18_Eriksson_keyserlingk_bsp/libhal_bsp.a(alt_load.o)
 .debug_info    0x00002e73      0x250 /home/student/Documents/IL2206/hardware/nios2_ht18_Eriksson_Keyserlingk/software/nios2_ht18_Eriksson_keyserlingk_bsp/libhal_bsp.a(alt_main.o)
 .debug_info    0x000030c3      0x6be /home/student/Documents/IL2206/hardware/nios2_ht18_Eriksson_Keyserlingk/software/nios2_ht18_Eriksson_keyserlingk_bsp/libhal_bsp.a(alt_write.o)
 .debug_info    0x00003781      0x74d /home/student/Documents/IL2206/hardware/nios2_ht18_Eriksson_Keyserlingk/software/nios2_ht18_Eriksson_keyserlingk_bsp/libhal_bsp.a(alt_sys_init.o)
 .debug_info    0x00003ece      0x804 /home/student/Documents/IL2206/hardware/nios2_ht18_Eriksson_Keyserlingk/software/nios2_ht18_Eriksson_keyserlingk_bsp/libhal_bsp.a(altera_avalon_jtag_uart_fd.o)
 .debug_info    0x000046d2      0x62c /home/student/Documents/IL2206/hardware/nios2_ht18_Eriksson_Keyserlingk/software/nios2_ht18_Eriksson_keyserlingk_bsp/libhal_bsp.a(altera_avalon_jtag_uart_init.o)
 .debug_info    0x00004cfe      0x46e /home/student/Documents/IL2206/hardware/nios2_ht18_Eriksson_Keyserlingk/software/nios2_ht18_Eriksson_keyserlingk_bsp/libhal_bsp.a(altera_avalon_jtag_uart_ioctl.o)
 .debug_info    0x0000516c      0x571 /home/student/Documents/IL2206/hardware/nios2_ht18_Eriksson_Keyserlingk/software/nios2_ht18_Eriksson_keyserlingk_bsp/libhal_bsp.a(altera_avalon_jtag_uart_read.o)
 .debug_info    0x000056dd      0x569 /home/student/Documents/IL2206/hardware/nios2_ht18_Eriksson_Keyserlingk/software/nios2_ht18_Eriksson_keyserlingk_bsp/libhal_bsp.a(altera_avalon_jtag_uart_write.o)
 .debug_info    0x00005c46      0x2da /home/student/Documents/IL2206/hardware/nios2_ht18_Eriksson_Keyserlingk/software/nios2_ht18_Eriksson_keyserlingk_bsp/libhal_bsp.a(altera_avalon_performance_counter.o)
 .debug_info    0x00005f20      0x3b6 /home/student/Documents/IL2206/hardware/nios2_ht18_Eriksson_Keyserlingk/software/nios2_ht18_Eriksson_keyserlingk_bsp/libhal_bsp.a(altera_avalon_timer_sc.o)
 .debug_info    0x000062d6      0x232 /home/student/Documents/IL2206/hardware/nios2_ht18_Eriksson_Keyserlingk/software/nios2_ht18_Eriksson_keyserlingk_bsp/libhal_bsp.a(altera_avalon_timer_vars.o)
 .debug_info    0x00006508      0x46d /home/student/Documents/IL2206/hardware/nios2_ht18_Eriksson_Keyserlingk/software/nios2_ht18_Eriksson_keyserlingk_bsp/libhal_bsp.a(alt_alarm_start.o)
 .debug_info    0x00006975      0x492 /home/student/Documents/IL2206/hardware/nios2_ht18_Eriksson_Keyserlingk/software/nios2_ht18_Eriksson_keyserlingk_bsp/libhal_bsp.a(alt_close.o)
 .debug_info    0x00006e07      0x187 /home/student/Documents/IL2206/hardware/nios2_ht18_Eriksson_Keyserlingk/software/nios2_ht18_Eriksson_keyserlingk_bsp/libhal_bsp.a(alt_dcache_flush_all.o)
 .debug_info    0x00006f8e      0x6aa /home/student/Documents/IL2206/hardware/nios2_ht18_Eriksson_Keyserlingk/software/nios2_ht18_Eriksson_keyserlingk_bsp/libhal_bsp.a(alt_dev.o)
 .debug_info    0x00007638      0x2e2 /home/student/Documents/IL2206/hardware/nios2_ht18_Eriksson_Keyserlingk/software/nios2_ht18_Eriksson_keyserlingk_bsp/libhal_bsp.a(alt_dev_llist_insert.o)
 .debug_info    0x0000791a      0x13a /home/student/Documents/IL2206/hardware/nios2_ht18_Eriksson_Keyserlingk/software/nios2_ht18_Eriksson_keyserlingk_bsp/libhal_bsp.a(alt_do_ctors.o)
 .debug_info    0x00007a54      0x139 /home/student/Documents/IL2206/hardware/nios2_ht18_Eriksson_Keyserlingk/software/nios2_ht18_Eriksson_keyserlingk_bsp/libhal_bsp.a(alt_do_dtors.o)
 .debug_info    0x00007b8d      0x18f /home/student/Documents/IL2206/hardware/nios2_ht18_Eriksson_Keyserlingk/software/nios2_ht18_Eriksson_keyserlingk_bsp/libhal_bsp.a(alt_errno.o)
 .debug_info    0x00007d1c      0x187 /home/student/Documents/IL2206/hardware/nios2_ht18_Eriksson_Keyserlingk/software/nios2_ht18_Eriksson_keyserlingk_bsp/libhal_bsp.a(alt_icache_flush_all.o)
 .debug_info    0x00007ea3      0x4be /home/student/Documents/IL2206/hardware/nios2_ht18_Eriksson_Keyserlingk/software/nios2_ht18_Eriksson_keyserlingk_bsp/libhal_bsp.a(alt_iic.o)
 .debug_info    0x00008361      0x33f /home/student/Documents/IL2206/hardware/nios2_ht18_Eriksson_Keyserlingk/software/nios2_ht18_Eriksson_keyserlingk_bsp/libhal_bsp.a(alt_iic_isr_register.o)
 .debug_info    0x000086a0      0x6c0 /home/student/Documents/IL2206/hardware/nios2_ht18_Eriksson_Keyserlingk/software/nios2_ht18_Eriksson_keyserlingk_bsp/libhal_bsp.a(alt_io_redirect.o)
 .debug_info    0x00008d60       0xaf /home/student/Documents/IL2206/hardware/nios2_ht18_Eriksson_Keyserlingk/software/nios2_ht18_Eriksson_keyserlingk_bsp/libhal_bsp.a(alt_irq_entry.o)
 .debug_info    0x00008e0f      0x2a0 /home/student/Documents/IL2206/hardware/nios2_ht18_Eriksson_Keyserlingk/software/nios2_ht18_Eriksson_keyserlingk_bsp/libhal_bsp.a(alt_irq_handler.o)
 .debug_info    0x000090af      0x192 /home/student/Documents/IL2206/hardware/nios2_ht18_Eriksson_Keyserlingk/software/nios2_ht18_Eriksson_keyserlingk_bsp/libhal_bsp.a(alt_irq_vars.o)
 .debug_info    0x00009241      0x550 /home/student/Documents/IL2206/hardware/nios2_ht18_Eriksson_Keyserlingk/software/nios2_ht18_Eriksson_keyserlingk_bsp/libhal_bsp.a(alt_open.o)
 .debug_info    0x00009791      0x41d /home/student/Documents/IL2206/hardware/nios2_ht18_Eriksson_Keyserlingk/software/nios2_ht18_Eriksson_keyserlingk_bsp/libhal_bsp.a(alt_release_fd.o)
 .debug_info    0x00009bae      0x429 /home/student/Documents/IL2206/hardware/nios2_ht18_Eriksson_Keyserlingk/software/nios2_ht18_Eriksson_keyserlingk_bsp/libhal_bsp.a(alt_tick.o)
 .debug_info    0x00009fd7      0x18e /home/student/Documents/IL2206/hardware/nios2_ht18_Eriksson_Keyserlingk/software/nios2_ht18_Eriksson_keyserlingk_bsp/libhal_bsp.a(altera_nios2_qsys_irq.o)
 .debug_info    0x0000a165       0xb5 /home/student/Documents/IL2206/hardware/nios2_ht18_Eriksson_Keyserlingk/software/nios2_ht18_Eriksson_keyserlingk_bsp/libhal_bsp.a(alt_exception_entry.o)
 .debug_info    0x0000a21a      0x443 /home/student/Documents/IL2206/hardware/nios2_ht18_Eriksson_Keyserlingk/software/nios2_ht18_Eriksson_keyserlingk_bsp/libhal_bsp.a(alt_find_dev.o)
 .debug_info    0x0000a65d      0x44a /home/student/Documents/IL2206/hardware/nios2_ht18_Eriksson_Keyserlingk/software/nios2_ht18_Eriksson_keyserlingk_bsp/libhal_bsp.a(alt_find_file.o)
 .debug_info    0x0000aaa7      0x48b /home/student/Documents/IL2206/hardware/nios2_ht18_Eriksson_Keyserlingk/software/nios2_ht18_Eriksson_keyserlingk_bsp/libhal_bsp.a(alt_get_fd.o)
 .debug_info    0x0000af32      0x186 /opt/altera/13.0sp1/nios2eds/bin/gnu/H-i686-pc-linux-gnu/bin/../lib/gcc/nios2-elf/4.1.2/../../../../nios2-elf/lib/mno-hw-mul/libsmallc.a(lib_a-atexit.o)
 .debug_info    0x0000b0b8       0x9f /opt/altera/13.0sp1/nios2eds/bin/gnu/H-i686-pc-linux-gnu/bin/../lib/gcc/nios2-elf/4.1.2/../../../../nios2-elf/lib/mno-hw-mul/libsmallc.a(lib_a-exit.o)
 .debug_info    0x0000b157       0xef /opt/altera/13.0sp1/nios2eds/bin/gnu/H-i686-pc-linux-gnu/bin/../lib/gcc/nios2-elf/4.1.2/../../../../nios2-elf/lib/mno-hw-mul/libsmallc.a(lib_a-memcmp.o)
 .debug_info    0x0000b246      0x68f /opt/altera/13.0sp1/nios2eds/bin/gnu/H-i686-pc-linux-gnu/bin/../lib/gcc/nios2-elf/4.1.2/../../../../nios2-elf/lib/mno-hw-mul/libsmallc.a(lib_a-__atexit.o)
 .debug_info    0x0000b8d5      0x6d5 /opt/altera/13.0sp1/nios2eds/bin/gnu/H-i686-pc-linux-gnu/bin/../lib/gcc/nios2-elf/4.1.2/../../../../nios2-elf/lib/mno-hw-mul/libsmallc.a(lib_a-__call_atexit.o)
 .debug_info    0x0000bfaa      0x1b8 /home/student/Documents/IL2206/hardware/nios2_ht18_Eriksson_Keyserlingk/software/nios2_ht18_Eriksson_keyserlingk_bsp/libhal_bsp.a(alt_exit.o)

.debug_abbrev   0x00000000     0x2de1
 *(.debug_abbrev)
 .debug_abbrev  0x00000000       0x12 /home/student/Documents/IL2206/hardware/nios2_ht18_Eriksson_Keyserlingk/software/nios2_ht18_Eriksson_keyserlingk_bsp/obj/HAL/src/crt0.o
 .debug_abbrev  0x00000012       0xb0 obj/default/src/main.o
 .debug_abbrev  0x000000c2       0x9d /opt/altera/13.0sp1/nios2eds/bin/gnu/H-i686-pc-linux-gnu/bin/../lib/gcc/nios2-elf/4.1.2/../../../../nios2-elf/lib/mno-hw-mul/libsmallc.a(lib_a-memcpy.o)
 .debug_abbrev  0x0000015f      0x179 /opt/altera/13.0sp1/nios2eds/bin/gnu/H-i686-pc-linux-gnu/bin/../lib/gcc/nios2-elf/4.1.2/../../../../nios2-elf/lib/mno-hw-mul/libsmallc.a(lib_a-printf.o)
 .debug_abbrev  0x000002d8      0x263 /opt/altera/13.0sp1/nios2eds/bin/gnu/H-i686-pc-linux-gnu/bin/../lib/gcc/nios2-elf/4.1.2/../../../../nios2-elf/lib/mno-hw-mul/libsmallc.a(lib_a-vfprintf.o)
 .debug_abbrev  0x0000053b      0x179 /opt/altera/13.0sp1/nios2eds/bin/gnu/H-i686-pc-linux-gnu/bin/../lib/gcc/nios2-elf/4.1.2/../../../../nios2-elf/lib/mno-hw-mul/libsmallc.a(lib_a-fvwrite_small_dev.o)
 .debug_abbrev  0x000006b4      0x13f /opt/altera/13.0sp1/nios2eds/bin/gnu/H-i686-pc-linux-gnu/bin/../lib/gcc/nios2-elf/4.1.2/../../../../nios2-elf/lib/mno-hw-mul/libsmallc.a(lib_a-impure.o)
 .debug_abbrev  0x000007f3       0x7a /opt/altera/13.0sp1/nios2eds/bin/gnu/H-i686-pc-linux-gnu/bin/../lib/gcc/nios2-elf/4.1.2/../../../../nios2-elf/lib/mno-hw-mul/libsmallc.a(lib_a-strlen.o)
 .debug_abbrev  0x0000086d      0x16c /opt/altera/13.0sp1/nios2eds/bin/gnu/H-i686-pc-linux-gnu/bin/../lib/gcc/nios2-elf/4.1.2/../../../../nios2-elf/lib/mno-hw-mul/libsmallc.a(lib_a-writer.o)
 .debug_abbrev  0x000009d9       0x3b /opt/altera/13.0sp1/nios2eds/bin/gnu/H-i686-pc-linux-gnu/bin/../lib/gcc/nios2-elf/4.1.2/../../../../nios2-elf/lib/mno-hw-mul/libsmallc.a(lib_a-int_errno.o)
 .debug_abbrev  0x00000a14       0xe0 /opt/altera/13.0sp1/nios2eds/bin/gnu/H-i686-pc-linux-gnu/bin/../lib/gcc/nios2-elf/4.1.2/mno-hw-mul/libgcc.a(lib2-divmod.o)
 .debug_abbrev  0x00000af4       0x7b /opt/altera/13.0sp1/nios2eds/bin/gnu/H-i686-pc-linux-gnu/bin/../lib/gcc/nios2-elf/4.1.2/mno-hw-mul/libgcc.a(lib2-mul.o)
 .debug_abbrev  0x00000b6f       0x88 /home/student/Documents/IL2206/hardware/nios2_ht18_Eriksson_Keyserlingk/software/nios2_ht18_Eriksson_keyserlingk_bsp/libhal_bsp.a(alt_load.o)
 .debug_abbrev  0x00000bf7       0xb7 /home/student/Documents/IL2206/hardware/nios2_ht18_Eriksson_Keyserlingk/software/nios2_ht18_Eriksson_keyserlingk_bsp/libhal_bsp.a(alt_main.o)
 .debug_abbrev  0x00000cae      0x100 /home/student/Documents/IL2206/hardware/nios2_ht18_Eriksson_Keyserlingk/software/nios2_ht18_Eriksson_keyserlingk_bsp/libhal_bsp.a(alt_write.o)
 .debug_abbrev  0x00000dae      0x142 /home/student/Documents/IL2206/hardware/nios2_ht18_Eriksson_Keyserlingk/software/nios2_ht18_Eriksson_keyserlingk_bsp/libhal_bsp.a(alt_sys_init.o)
 .debug_abbrev  0x00000ef0       0xf7 /home/student/Documents/IL2206/hardware/nios2_ht18_Eriksson_Keyserlingk/software/nios2_ht18_Eriksson_keyserlingk_bsp/libhal_bsp.a(altera_avalon_jtag_uart_fd.o)
 .debug_abbrev  0x00000fe7      0x17c /home/student/Documents/IL2206/hardware/nios2_ht18_Eriksson_Keyserlingk/software/nios2_ht18_Eriksson_keyserlingk_bsp/libhal_bsp.a(altera_avalon_jtag_uart_init.o)
 .debug_abbrev  0x00001163       0xf0 /home/student/Documents/IL2206/hardware/nios2_ht18_Eriksson_Keyserlingk/software/nios2_ht18_Eriksson_keyserlingk_bsp/libhal_bsp.a(altera_avalon_jtag_uart_ioctl.o)
 .debug_abbrev  0x00001253      0x191 /home/student/Documents/IL2206/hardware/nios2_ht18_Eriksson_Keyserlingk/software/nios2_ht18_Eriksson_keyserlingk_bsp/libhal_bsp.a(altera_avalon_jtag_uart_read.o)
 .debug_abbrev  0x000013e4      0x18d /home/student/Documents/IL2206/hardware/nios2_ht18_Eriksson_Keyserlingk/software/nios2_ht18_Eriksson_keyserlingk_bsp/libhal_bsp.a(altera_avalon_jtag_uart_write.o)
 .debug_abbrev  0x00001571       0x81 /home/student/Documents/IL2206/hardware/nios2_ht18_Eriksson_Keyserlingk/software/nios2_ht18_Eriksson_keyserlingk_bsp/libhal_bsp.a(altera_avalon_performance_counter.o)
 .debug_abbrev  0x000015f2      0x137 /home/student/Documents/IL2206/hardware/nios2_ht18_Eriksson_Keyserlingk/software/nios2_ht18_Eriksson_keyserlingk_bsp/libhal_bsp.a(altera_avalon_timer_sc.o)
 .debug_abbrev  0x00001729       0x87 /home/student/Documents/IL2206/hardware/nios2_ht18_Eriksson_Keyserlingk/software/nios2_ht18_Eriksson_keyserlingk_bsp/libhal_bsp.a(altera_avalon_timer_vars.o)
 .debug_abbrev  0x000017b0      0x172 /home/student/Documents/IL2206/hardware/nios2_ht18_Eriksson_Keyserlingk/software/nios2_ht18_Eriksson_keyserlingk_bsp/libhal_bsp.a(alt_alarm_start.o)
 .debug_abbrev  0x00001922       0xfb /home/student/Documents/IL2206/hardware/nios2_ht18_Eriksson_Keyserlingk/software/nios2_ht18_Eriksson_keyserlingk_bsp/libhal_bsp.a(alt_close.o)
 .debug_abbrev  0x00001a1d       0x3f /home/student/Documents/IL2206/hardware/nios2_ht18_Eriksson_Keyserlingk/software/nios2_ht18_Eriksson_keyserlingk_bsp/libhal_bsp.a(alt_dcache_flush_all.o)
 .debug_abbrev  0x00001a5c       0xc7 /home/student/Documents/IL2206/hardware/nios2_ht18_Eriksson_Keyserlingk/software/nios2_ht18_Eriksson_keyserlingk_bsp/libhal_bsp.a(alt_dev.o)
 .debug_abbrev  0x00001b23       0xf6 /home/student/Documents/IL2206/hardware/nios2_ht18_Eriksson_Keyserlingk/software/nios2_ht18_Eriksson_keyserlingk_bsp/libhal_bsp.a(alt_dev_llist_insert.o)
 .debug_abbrev  0x00001c19       0x76 /home/student/Documents/IL2206/hardware/nios2_ht18_Eriksson_Keyserlingk/software/nios2_ht18_Eriksson_keyserlingk_bsp/libhal_bsp.a(alt_do_ctors.o)
 .debug_abbrev  0x00001c8f       0x76 /home/student/Documents/IL2206/hardware/nios2_ht18_Eriksson_Keyserlingk/software/nios2_ht18_Eriksson_keyserlingk_bsp/libhal_bsp.a(alt_do_dtors.o)
 .debug_abbrev  0x00001d05       0x5e /home/student/Documents/IL2206/hardware/nios2_ht18_Eriksson_Keyserlingk/software/nios2_ht18_Eriksson_keyserlingk_bsp/libhal_bsp.a(alt_errno.o)