Archive member included because of file (symbol)

/opt/altera/13.0sp1/nios2eds/bin/gnu/H-i686-pc-linux-gnu/bin/../lib/gcc/nios2-elf/4.1.2/../../../../nios2-elf/lib/mno-hw-mul/libc.a(lib_a-puts.o)
                              obj/default/hello_world.o (puts)
/opt/altera/13.0sp1/nios2eds/bin/gnu/H-i686-pc-linux-gnu/bin/../lib/gcc/nios2-elf/4.1.2/../../../../nios2-elf/lib/mno-hw-mul/libc.a(lib_a-strlen.o)
                              /opt/altera/13.0sp1/nios2eds/bin/gnu/H-i686-pc-linux-gnu/bin/../lib/gcc/nios2-elf/4.1.2/../../../../nios2-elf/lib/mno-hw-mul/libc.a(lib_a-puts.o) (strlen)
/opt/altera/13.0sp1/nios2eds/bin/gnu/H-i686-pc-linux-gnu/bin/../lib/gcc/nios2-elf/4.1.2/../../../../nios2-elf/lib/mno-hw-mul/libc.a(lib_a-fvwrite.o)
                              /opt/altera/13.0sp1/nios2eds/bin/gnu/H-i686-pc-linux-gnu/bin/../lib/gcc/nios2-elf/4.1.2/../../../../nios2-elf/lib/mno-hw-mul/libc.a(lib_a-puts.o) (__sfvwrite_r)
/opt/altera/13.0sp1/nios2eds/bin/gnu/H-i686-pc-linux-gnu/bin/../lib/gcc/nios2-elf/4.1.2/../../../../nios2-elf/lib/mno-hw-mul/libc.a(lib_a-impure.o)
                              /opt/altera/13.0sp1/nios2eds/bin/gnu/H-i686-pc-linux-gnu/bin/../lib/gcc/nios2-elf/4.1.2/../../../../nios2-elf/lib/mno-hw-mul/libc.a(lib_a-puts.o) (_impure_ptr)
/opt/altera/13.0sp1/nios2eds/bin/gnu/H-i686-pc-linux-gnu/bin/../lib/gcc/nios2-elf/4.1.2/../../../../nios2-elf/lib/mno-hw-mul/libc.a(lib_a-mallocr.o)
                              /opt/altera/13.0sp1/nios2eds/bin/gnu/H-i686-pc-linux-gnu/bin/../lib/gcc/nios2-elf/4.1.2/../../../../nios2-elf/lib/mno-hw-mul/libc.a(lib_a-fvwrite.o) (_malloc_r)
/opt/altera/13.0sp1/nios2eds/bin/gnu/H-i686-pc-linux-gnu/bin/../lib/gcc/nios2-elf/4.1.2/../../../../nios2-elf/lib/mno-hw-mul/libc.a(lib_a-memchr.o)
                              /opt/altera/13.0sp1/nios2eds/bin/gnu/H-i686-pc-linux-gnu/bin/../lib/gcc/nios2-elf/4.1.2/../../../../nios2-elf/lib/mno-hw-mul/libc.a(lib_a-fvwrite.o) (memchr)
/opt/altera/13.0sp1/nios2eds/bin/gnu/H-i686-pc-linux-gnu/bin/../lib/gcc/nios2-elf/4.1.2/../../../../nios2-elf/lib/mno-hw-mul/libc.a(lib_a-memcpy.o)
                              /opt/altera/13.0sp1/nios2eds/bin/gnu/H-i686-pc-linux-gnu/bin/../lib/gcc/nios2-elf/4.1.2/../../../../nios2-elf/lib/mno-hw-mul/libc.a(lib_a-fvwrite.o) (memcpy)
/opt/altera/13.0sp1/nios2eds/bin/gnu/H-i686-pc-linux-gnu/bin/../lib/gcc/nios2-elf/4.1.2/../../../../nios2-elf/lib/mno-hw-mul/libc.a(lib_a-memmove.o)
                              /opt/altera/13.0sp1/nios2eds/bin/gnu/H-i686-pc-linux-gnu/bin/../lib/gcc/nios2-elf/4.1.2/../../../../nios2-elf/lib/mno-hw-mul/libc.a(lib_a-fvwrite.o) (memmove)
/opt/altera/13.0sp1/nios2eds/bin/gnu/H-i686-pc-linux-gnu/bin/../lib/gcc/nios2-elf/4.1.2/../../../../nios2-elf/lib/mno-hw-mul/libc.a(lib_a-reallocr.o)
                              /opt/altera/13.0sp1/nios2eds/bin/gnu/H-i686-pc-linux-gnu/bin/../lib/gcc/nios2-elf/4.1.2/../../../../nios2-elf/lib/mno-hw-mul/libc.a(lib_a-fvwrite.o) (_realloc_r)
/opt/altera/13.0sp1/nios2eds/bin/gnu/H-i686-pc-linux-gnu/bin/../lib/gcc/nios2-elf/4.1.2/../../../../nios2-elf/lib/mno-hw-mul/libc.a(lib_a-sbrkr.o)
                              /opt/altera/13.0sp1/nios2eds/bin/gnu/H-i686-pc-linux-gnu/bin/../lib/gcc/nios2-elf/4.1.2/../../../../nios2-elf/lib/mno-hw-mul/libc.a(lib_a-mallocr.o) (_sbrk_r)
/opt/altera/13.0sp1/nios2eds/bin/gnu/H-i686-pc-linux-gnu/bin/../lib/gcc/nios2-elf/4.1.2/../../../../nios2-elf/lib/mno-hw-mul/libc.a(lib_a-wsetup.o)
                              /opt/altera/13.0sp1/nios2eds/bin/gnu/H-i686-pc-linux-gnu/bin/../lib/gcc/nios2-elf/4.1.2/../../../../nios2-elf/lib/mno-hw-mul/libc.a(lib_a-fvwrite.o) (__swsetup_r)
/opt/altera/13.0sp1/nios2eds/bin/gnu/H-i686-pc-linux-gnu/bin/../lib/gcc/nios2-elf/4.1.2/../../../../nios2-elf/lib/mno-hw-mul/libc.a(lib_a-fflush.o)
                              /opt/altera/13.0sp1/nios2eds/bin/gnu/H-i686-pc-linux-gnu/bin/../lib/gcc/nios2-elf/4.1.2/../../../../nios2-elf/lib/mno-hw-mul/libc.a(lib_a-fvwrite.o) (_fflush_r)
/opt/altera/13.0sp1/nios2eds/bin/gnu/H-i686-pc-linux-gnu/bin/../lib/gcc/nios2-elf/4.1.2/../../../../nios2-elf/lib/mno-hw-mul/libc.a(lib_a-findfp.o)
                              /opt/altera/13.0sp1/nios2eds/bin/gnu/H-i686-pc-linux-gnu/bin/../lib/gcc/nios2-elf/4.1.2/../../../../nios2-elf/lib/mno-hw-mul/libc.a(lib_a-wsetup.o) (__sinit)
/opt/altera/13.0sp1/nios2eds/bin/gnu/H-i686-pc-linux-gnu/bin/../lib/gcc/nios2-elf/4.1.2/../../../../nios2-elf/lib/mno-hw-mul/libc.a(lib_a-freer.o)
                              /opt/altera/13.0sp1/nios2eds/bin/gnu/H-i686-pc-linux-gnu/bin/../lib/gcc/nios2-elf/4.1.2/../../../../nios2-elf/lib/mno-hw-mul/libc.a(lib_a-fvwrite.o) (_free_r)
/opt/altera/13.0sp1/nios2eds/bin/gnu/H-i686-pc-linux-gnu/bin/../lib/gcc/nios2-elf/4.1.2/../../../../nios2-elf/lib/mno-hw-mul/libc.a(lib_a-fwalk.o)
                              /opt/altera/13.0sp1/nios2eds/bin/gnu/H-i686-pc-linux-gnu/bin/../lib/gcc/nios2-elf/4.1.2/../../../../nios2-elf/lib/mno-hw-mul/libc.a(lib_a-fflush.o) (_fwalk_reent)
[...]
Memory Configuration

Name             Origin             Length             Attributes
reset            0x00800000         0x00000020
sdram            0x00800020         0x007fffe0
sram             0x01080000         0x00080000
onchip_memory    0x01108000         0x00007d00
*default*        0x00000000         0xffffffff

Linker script and memory map

LOAD ../nios2_ht18_Eriksson_keyserlingk_bsp//obj/HAL/src/crt0.o
LOAD obj/default/hello_world.o
LOAD /opt/altera/13.0sp1/nios2eds/bin/gnu/H-i686-pc-linux-gnu/bin/../lib/gcc/nios2-elf/4.1.2/../../../../nios2-elf/lib/mno-hw-mul/libstdc++.a
LOAD /opt/altera/13.0sp1/nios2eds/bin/gnu/H-i686-pc-linux-gnu/bin/../lib/gcc/nios2-elf/4.1.2/../../../../nios2-elf/lib/mno-hw-mul/libm.a
LOAD /opt/altera/13.0sp1/nios2eds/bin/gnu/H-i686-pc-linux-gnu/bin/../lib/gcc/nios2-elf/4.1.2/mno-hw-mul/libgcc.a
START GROUP
LOAD /opt/altera/13.0sp1/nios2eds/bin/gnu/H-i686-pc-linux-gnu/bin/../lib/gcc/nios2-elf/4.1.2/../../../../nios2-elf/lib/mno-hw-mul/libc.a
LOAD /opt/altera/13.0sp1/nios2eds/bin/gnu/H-i686-pc-linux-gnu/bin/../lib/gcc/nios2-elf/4.1.2/mno-hw-mul/libgcc.a
LOAD ../nios2_ht18_Eriksson_keyserlingk_bsp//libhal_bsp.a
END GROUP
LOAD /opt/altera/13.0sp1/nios2eds/bin/gnu/H-i686-pc-linux-gnu/bin/../lib/gcc/nios2-elf/4.1.2/mno-hw-mul/libgcc.a
                0x00800000                __alt_mem_sdram = 0x800000
                0x01080000                __alt_mem_sram = 0x1080000
                0x01108000                __alt_mem_onchip_memory = 0x1108000

.entry          0x00800000       0x20
 *(.entry)
 .entry         0x00800000       0x20 ../nios2_ht18_Eriksson_keyserlingk_bsp//obj/HAL/src/crt0.o
                0x00800000                __reset

.exceptions     0x00800020      0x194
                0x00800020                PROVIDE (__ram_exceptions_start, ABSOLUTE (.))
                0x00800020                . = ALIGN (0x20)
 *(.irq)
 *(.exceptions.entry.label)
 .exceptions.entry.label
                0x00800020        0x0 ../nios2_ht18_Eriksson_keyserlingk_bsp//libhal_bsp.a(alt_irq_entry.o)
                0x00800020                alt_irq_entry
 .exceptions.entry.label
                0x00800020        0x0 ../nios2_ht18_Eriksson_keyserlingk_bsp//libhal_bsp.a(alt_exception_entry.o)
                0x00800020                alt_exception
 *(.exceptions.entry.user)
 *(.exceptions.entry)
 .exceptions.entry
                0x00800020       0x54 ../nios2_ht18_Eriksson_keyserlingk_bsp//libhal_bsp.a(alt_exception_entry.o)
 *(.exceptions.irqtest.user)
 *(.exceptions.irqtest)
 .exceptions.irqtest
                0x00800074       0x10 ../nios2_ht18_Eriksson_keyserlingk_bsp//libhal_bsp.a(alt_irq_entry.o)
 *(.exceptions.irqhandler.user)
 *(.exceptions.irqhandler)
 .exceptions.irqhandler
                0x00800084        0x4 ../nios2_ht18_Eriksson_keyserlingk_bsp//libhal_bsp.a(alt_irq_entry.o)
 *(.exceptions.irqreturn.user)
 *(.exceptions.irqreturn)
 .exceptions.irqreturn
                0x00800088        0x4 ../nios2_ht18_Eriksson_keyserlingk_bsp//libhal_bsp.a(alt_irq_entry.o)
 *(.exceptions.notirq.label)
 .exceptions.notirq.label
                0x0080008c        0x0 ../nios2_ht18_Eriksson_keyserlingk_bsp//libhal_bsp.a(alt_irq_entry.o)
 *(.exceptions.notirq.user)
 *(.exceptions.notirq)
 .exceptions.notirq
                0x0080008c        0x8 ../nios2_ht18_Eriksson_keyserlingk_bsp//libhal_bsp.a(alt_exception_entry.o)
 *(.exceptions.soft.user)
 *(.exceptions.soft)
 *(.exceptions.unknown.user)
 *(.exceptions.unknown)
 .exceptions.unknown
                0x00800094        0x4 ../nios2_ht18_Eriksson_keyserlingk_bsp//libhal_bsp.a(alt_exception_entry.o)
 *(.exceptions.exit.label)
 .exceptions.exit.label
                0x00800098        0x0 ../nios2_ht18_Eriksson_keyserlingk_bsp//libhal_bsp.a(alt_irq_entry.o)
 .exceptions.exit.label
                0x00800098        0x0 ../nios2_ht18_Eriksson_keyserlingk_bsp//libhal_bsp.a(alt_exception_entry.o)
 *(.exceptions.exit.user)
 *(.exceptions.exit)
 .exceptions.exit
                0x00800098       0x54 ../nios2_ht18_Eriksson_keyserlingk_bsp//libhal_bsp.a(alt_exception_entry.o)
 *(.exceptions)
 .exceptions    0x008000ec       0xc8 ../nios2_ht18_Eriksson_keyserlingk_bsp//libhal_bsp.a(alt_irq_handler.o)
                0x008000ec                alt_irq_handler
                0x008001b4                PROVIDE (__ram_exceptions_end, ABSOLUTE (.))
                0x00800020                PROVIDE (__flash_exceptions_start, LOADADDR (.exceptions))

.text           0x008001b4     0x5464
                0x008001b4                PROVIDE (stext, ABSOLUTE (.))
 *(.interp)
 *(.hash)
 *(.dynsym)
 *(.dynstr)
 *(.gnu.version)
 *(.gnu.version_d)
 *(.gnu.version_r)
 *(.rel.init)
 *(.rela.init)
 *(.rel.text .rel.text.* .rel.gnu.linkonce.t.*)
 *(.rela.text .rela.text.* .rela.gnu.linkonce.t.*)
 *(.rel.fini)
 *(.rela.fini)
 *(.rel.rodata .rel.rodata.* .rel.gnu.linkonce.r.*)
 *(.rela.rodata .rela.rodata.* .rela.gnu.linkonce.r.*)
 *(.rel.data .rel.data.* .rel.gnu.linkonce.d.*)
 *(.rela.data .rela.data.* .rela.gnu.linkonce.d.*)
 *(.rel.tdata .rel.tdata.* .rel.gnu.linkonce.td.*)
 *(.rela.tdata .rela.tdata.* .rela.gnu.linkonce.td.*)
 *(.rel.tbss .rel.tbss.* .rel.gnu.linkonce.tb.*)
 *(.rela.tbss .rela.tbss.* .rela.gnu.linkonce.tb.*)
 *(.rel.ctors)
 *(.rela.ctors)
 *(.rel.dtors)
 *(.rela.dtors)
 *(.rel.got)
 *(.rela.got)
 *(.rel.sdata .rel.sdata.* .rel.gnu.linkonce.s.*)
 *(.rela.sdata .rela.sdata.* .rela.gnu.linkonce.s.*)
 *(.rel.sbss .rel.sbss.* .rel.gnu.linkonce.sb.*)
 *(.rela.sbss .rela.sbss.* .rela.gnu.linkonce.sb.*)
 *(.rel.sdata2 .rel.sdata2.* .rel.gnu.linkonce.s2.*)
 *(.rela.sdata2 .rela.sdata2.* .rela.gnu.linkonce.s2.*)
 *(.rel.sbss2 .rel.sbss2.* .rel.gnu.linkonce.sb2.*)
 *(.rela.sbss2 .rela.sbss2.* .rela.gnu.linkonce.sb2.*)
 *(.rel.bss .rel.bss.* .rel.gnu.linkonce.b.*)
 *(.rela.bss .rela.bss.* .rela.gnu.linkonce.b.*)
 *(.rel.plt)
 *(.rela.plt)
 *(.rel.dyn)
 *(.init)
 *(.plt)
 *(.text .stub .text.* .gnu.linkonce.t.*)
 .text          0x008001b4       0x3c ../nios2_ht18_Eriksson_keyserlingk_bsp//obj/HAL/src/crt0.o
                0x008001b4                _start
 .text          0x008001f0       0x34 obj/default/hello_world.o
                0x008001f0                main
 .text          0x00800224       0xb4 /opt/altera/13.0sp1/nios2eds/bin/gnu/H-i686-pc-linux-gnu/bin/../lib/gcc/nios2-elf/4.1.2/../../../../nios2-elf/lib/mno-hw-mul/libc.a(lib_a-puts.o)
                0x00800224                _puts_r
                0x008002c4                puts
 .text          0x008002d8       0x74 /opt/altera/13.0sp1/nios2eds/bin/gnu/H-i686-pc-linux-gnu/bin/../lib/gcc/nios2-elf/4.1.2/../../../../nios2-elf/lib/mno-hw-mul/libc.a(lib_a-strlen.o)
                0x008002d8                strlen
 .text          0x0080034c      0x49c /opt/altera/13.0sp1/nios2eds/bin/gnu/H-i686-pc-linux-gnu/bin/../lib/gcc/nios2-elf/4.1.2/../../../../nios2-elf/lib/mno-hw-mul/libc.a(lib_a-fvwrite.o)
                0x0080034c                __sfvwrite_r
 .text          0x008007e8        0x0 /opt/altera/13.0sp1/nios2eds/bin/gnu/H-i686-pc-linux-gnu/bin/../lib/gcc/nios2-elf/4.1.2/../../../../nios2-elf/lib/mno-hw-mul/libc.a(lib_a-impure.o)
 .text          0x008007e8      0x740 /opt/altera/13.0sp1/nios2eds/bin/gnu/H-i686-pc-linux-gnu/bin/../lib/gcc/nios2-elf/4.1.2/../../../../nios2-elf/lib/mno-hw-mul/libc.a(lib_a-mallocr.o)
                0x008007e8                _malloc_r
 .text          0x00800f28       0xe4 /opt/altera/13.0sp1/nios2eds/bin/gnu/H-i686-pc-linux-gnu/bin/../lib/gcc/nios2-elf/4.1.2/../../../../nios2-elf/lib/mno-hw-mul/libc.a(lib_a-memchr.o)
                0x00800f28                memchr
 .text          0x0080100c       0xa0 /opt/altera/13.0sp1/nios2eds/bin/gnu/H-i686-pc-linux-gnu/bin/../lib/gcc/nios2-elf/4.1.2/../../../../nios2-elf/lib/mno-hw-mul/libc.a(lib_a-memcpy.o)
                0x0080100c                memcpy
 .text          0x008010ac       0xe0 /opt/altera/13.0sp1/nios2eds/bin/gnu/H-i686-pc-linux-gnu/bin/../lib/gcc/nios2-elf/4.1.2/../../../../nios2-elf/lib/mno-hw-mul/libc.a(lib_a-memmove.o)
                0x008010ac                memmove
 .text          0x0080118c      0x5f4 /opt/altera/13.0sp1/nios2eds/bin/gnu/H-i686-pc-linux-gnu/bin/../lib/gcc/nios2-elf/4.1.2/../../../../nios2-elf/lib/mno-hw-mul/libc.a(lib_a-reallocr.o)
                0x0080118c                _realloc_r
 .text          0x00801780       0x70 /opt/altera/13.0sp1/nios2eds/bin/gnu/H-i686-pc-linux-gnu/bin/../lib/gcc/nios2-elf/4.1.2/../../../../nios2-elf/lib/mno-hw-mul/libc.a(lib_a-sbrkr.o)
                0x00801780                _sbrk_r
 .text          0x008017f0      0x13c /opt/altera/13.0sp1/nios2eds/bin/gnu/H-i686-pc-linux-gnu/bin/../lib/gcc/nios2-elf/4.1.2/../../../../nios2-elf/lib/mno-hw-mul/libc.a(lib_a-wsetup.o)
                0x008017f0                __swsetup_r
 .text          0x0080192c      0x230 /opt/altera/13.0sp1/nios2eds/bin/gnu/H-i686-pc-linux-gnu/bin/../lib/gcc/nios2-elf/4.1.2/../../../../nios2-elf/lib/mno-hw-mul/libc.a(lib_a-fflush.o)
                0x0080192c                _fflush_r
                0x00801b28                fflush
 .text          0x00801b5c      0x2f4 /opt/altera/13.0sp1/nios2eds/bin/gnu/H-i686-pc-linux-gnu/bin/../lib/gcc/nios2-elf/4.1.2/../../../../nios2-elf/lib/mno-hw-mul/libc.a(lib_a-findfp.o)
                0x00801bb4                __sfp_lock_acquire
                0x00801bb8                __sfp_lock_release
                0x00801bbc                __sinit_lock_acquire
                0x00801bc0                __sinit_lock_release
                0x00801bc4                __sinit
                0x00801c78                __fp_unlock_all
                0x00801c90                __fp_lock_all
                0x00801ca8                _cleanup_r
                0x00801cb4                _cleanup
                0x00801cc4                __sfmoreglue
                0x00801d60                __sfp
 .text          0x00801e50      0x440 /opt/altera/13.0sp1/nios2eds/bin/gnu/H-i686-pc-linux-gnu/bin/../lib/gcc/nios2-elf/4.1.2/../../../../nios2-elf/lib/mno-hw-mul/libc.a(lib_a-freer.o)
                0x00801e50                _malloc_trim_r
                0x00801f7c                _free_r
 .text          0x00802290      0x180 /opt/altera/13.0sp1/nios2eds/bin/gnu/H-i686-pc-linux-gnu/bin/../lib/gcc/nios2-elf/4.1.2/../../../../nios2-elf/lib/mno-hw-mul/libc.a(lib_a-fwalk.o)
                0x00802290                _fwalk_reent
                0x00802358                _fwalk
 .text          0x00802410        0x0 /opt/altera/13.0sp1/nios2eds/bin/gnu/H-i686-pc-linux-gnu/bin/../lib/gcc/nios2-elf/4.1.2/../../../../nios2-elf/lib/mno-hw-mul/libc.a(lib_a-int_errno.o)
 .text          0x00802410      0x194 /opt/altera/13.0sp1/nios2eds/bin/gnu/H-i686-pc-linux-gnu/bin/../lib/gcc/nios2-elf/4.1.2/../../../../nios2-elf/lib/mno-hw-mul/libc.a(lib_a-makebuf.o)
                0x00802410                __smakebuf_r
 .text          0x008025a4       0x98 /opt/altera/13.0sp1/nios2eds/bin/gnu/H-i686-pc-linux-gnu/bin/../lib/gcc/nios2-elf/4.1.2/../../../../nios2-elf/lib/mno-hw-mul/libc.a(lib_a-memset.o)
                0x008025a4                memset
 .text          0x0080263c      0x14c /opt/altera/13.0sp1/nios2eds/bin/gnu/H-i686-pc-linux-gnu/bin/../lib/gcc/nios2-elf/4.1.2/../../../../nios2-elf/lib/mno-hw-mul/libc.a(lib_a-stdio.o)
                0x0080263c                __sclose
                0x00802644                __sseek
                0x008026ac                __swrite
                0x00802728                __sread
 .text          0x00802788       0x78 /opt/altera/13.0sp1/nios2eds/bin/gnu/H-i686-pc-linux-gnu/bin/../lib/gcc/nios2-elf/4.1.2/../../../../nios2-elf/lib/mno-hw-mul/libc.a(lib_a-writer.o)
                0x00802788                _write_r
 .text          0x00802800       0x70 /opt/altera/13.0sp1/nios2eds/bin/gnu/H-i686-pc-linux-gnu/bin/../lib/gcc/nios2-elf/4.1.2/../../../../nios2-elf/lib/mno-hw-mul/libc.a(lib_a-closer.o)
                0x00802800                _close_r
 .text          0x00802870      0x124 /opt/altera/13.0sp1/nios2eds/bin/gnu/H-i686-pc-linux-gnu/bin/../lib/gcc/nios2-elf/4.1.2/../../../../nios2-elf/lib/mno-hw-mul/libc.a(lib_a-fclose.o)
                0x00802870                _fclose_r
                0x00802980                fclose
 .text          0x00802994       0x74 /opt/altera/13.0sp1/nios2eds/bin/gnu/H-i686-pc-linux-gnu/bin/../lib/gcc/nios2-elf/4.1.2/../../../../nios2-elf/lib/mno-hw-mul/libc.a(lib_a-fstatr.o)
                0x00802994                _fstat_r
 .text          0x00802a08       0x70 /opt/altera/13.0sp1/nios2eds/bin/gnu/H-i686-pc-linux-gnu/bin/../lib/gcc/nios2-elf/4.1.2/../../../../nios2-elf/lib/mno-hw-mul/libc.a(lib_a-isattyr.o)
                0x00802a08                _isatty_r
 .text          0x00802a78       0x78 /opt/altera/13.0sp1/nios2eds/bin/gnu/H-i686-pc-linux-gnu/bin/../lib/gcc/nios2-elf/4.1.2/../../../../nios2-elf/lib/mno-hw-mul/libc.a(lib_a-lseekr.o)
                0x00802a78                _lseek_r
 .text          0x00802af0       0x78 /opt/altera/13.0sp1/nios2eds/bin/gnu/H-i686-pc-linux-gnu/bin/../lib/gcc/nios2-elf/4.1.2/../../../../nios2-elf/lib/mno-hw-mul/libc.a(lib_a-readr.o)
                0x00802af0                _read_r
 .text          0x00802b68       0x38 /opt/altera/13.0sp1/nios2eds/bin/gnu/H-i686-pc-linux-gnu/bin/../lib/gcc/nios2-elf/4.1.2/mno-hw-mul/libgcc.a(lib2-mul.o)
                0x00802b68                __mulsi3
 .text          0x00802ba0      0x160 ../nios2_ht18_Eriksson_keyserlingk_bsp//libhal_bsp.a(alt_close.o)
                0x00802ba0                close
 .text          0x00802d00       0x2c ../nios2_ht18_Eriksson_keyserlingk_bsp//libhal_bsp.a(alt_dev.o)
 .text          0x00802d2c        0x0 ../nios2_ht18_Eriksson_keyserlingk_bsp//libhal_bsp.a(alt_errno.o)
 .text          0x00802d2c      0x138 ../nios2_ht18_Eriksson_keyserlingk_bsp//libhal_bsp.a(alt_fstat.o)
                0x00802d2c                fstat
 .text          0x00802e64      0x124 ../nios2_ht18_Eriksson_keyserlingk_bsp//libhal_bsp.a(alt_isatty.o)
                0x00802e64                isatty
 .text          0x00802f88       0xec ../nios2_ht18_Eriksson_keyserlingk_bsp//libhal_bsp.a(alt_load.o)
                0x00802f88                alt_load
 .text          0x00803074      0x154 ../nios2_ht18_Eriksson_keyserlingk_bsp//libhal_bsp.a(alt_lseek.o)
                0x00803074                lseek
 .text          0x008031c8       0x6c ../nios2_ht18_Eriksson_keyserlingk_bsp//libhal_bsp.a(alt_main.o)
                0x008031c8                alt_main
 .text          0x00803234       0x40 ../nios2_ht18_Eriksson_keyserlingk_bsp//libhal_bsp.a(alt_malloc_lock.o)
                0x00803234                __malloc_lock
                0x00803254                __malloc_unlock
 .text          0x00803274      0x184 ../nios2_ht18_Eriksson_keyserlingk_bsp//libhal_bsp.a(alt_read.o)
                0x00803274                read
 .text          0x008033f8       0x78 ../nios2_ht18_Eriksson_keyserlingk_bsp//libhal_bsp.a(alt_release_fd.o)
                0x008033f8                alt_release_fd
 .text          0x00803470       0xbc ../nios2_ht18_Eriksson_keyserlingk_bsp//libhal_bsp.a(alt_sbrk.o)
                0x00803470                sbrk
 .text          0x0080352c      0x184 ../nios2_ht18_Eriksson_keyserlingk_bsp//libhal_bsp.a(alt_write.o)
                0x0080352c                write
 .text          0x008036b0      0x100 ../nios2_ht18_Eriksson_keyserlingk_bsp//libhal_bsp.a(alt_sys_init.o)
                0x008036b0                alt_irq_init
                0x008036e4                alt_sys_init
 .text          0x008037b0      0x148 ../nios2_ht18_Eriksson_keyserlingk_bsp//libhal_bsp.a(altera_avalon_jtag_uart_fd.o)
                0x008037b0                altera_avalon_jtag_uart_read_fd
                0x00803808                altera_avalon_jtag_uart_write_fd
                0x00803860                altera_avalon_jtag_uart_close_fd
                0x008038a8                altera_avalon_jtag_uart_ioctl_fd
 .text          0x008038f8      0x40c ../nios2_ht18_Eriksson_keyserlingk_bsp//libhal_bsp.a(altera_avalon_jtag_uart_init.o)
                0x008038f8                altera_avalon_jtag_uart_init
                0x00803c90                altera_avalon_jtag_uart_close
 .text          0x00803d04       0xf4 ../nios2_ht18_Eriksson_keyserlingk_bsp//libhal_bsp.a(altera_avalon_jtag_uart_ioctl.o)
                0x00803d04                altera_avalon_jtag_uart_ioctl
 .text          0x00803df8      0x224 ../nios2_ht18_Eriksson_keyserlingk_bsp//libhal_bsp.a(altera_avalon_jtag_uart_read.o)
                0x00803df8                altera_avalon_jtag_uart_read
 .text          0x0080401c      0x240 ../nios2_ht18_Eriksson_keyserlingk_bsp//libhal_bsp.a(altera_avalon_jtag_uart_write.o)
                0x0080401c                altera_avalon_jtag_uart_write
 .text          0x0080425c      0x100 ../nios2_ht18_Eriksson_keyserlingk_bsp//libhal_bsp.a(altera_avalon_timer_sc.o)
                0x008042cc                alt_avalon_timer_sc_init
 .text          0x0080435c        0x0 ../nios2_ht18_Eriksson_keyserlingk_bsp//libhal_bsp.a(altera_avalon_timer_vars.o)
 .text          0x0080435c      0x154 ../nios2_ht18_Eriksson_keyserlingk_bsp//libhal_bsp.a(alt_alarm_start.o)
                0x0080435c                alt_alarm_start
 .text          0x008044b0       0x1c ../nios2_ht18_Eriksson_keyserlingk_bsp//libhal_bsp.a(alt_dcache_flush_all.o)
                0x008044b0                alt_dcache_flush_all
 .text          0x008044cc      0x114 ../nios2_ht18_Eriksson_keyserlingk_bsp//libhal_bsp.a(alt_dev_llist_insert.o)
                0x008044cc                alt_dev_llist_insert
 .text          0x008045e0       0x64 ../nios2_ht18_Eriksson_keyserlingk_bsp//libhal_bsp.a(alt_do_ctors.o)
                0x008045e0                _do_ctors
 .text          0x00804644       0x64 ../nios2_ht18_Eriksson_keyserlingk_bsp//libhal_bsp.a(alt_do_dtors.o)
                0x00804644                _do_dtors
 .text          0x008046a8       0x1c ../nios2_ht18_Eriksson_keyserlingk_bsp//libhal_bsp.a(alt_icache_flush_all.o)
                0x008046a8                alt_icache_flush_all
 .text          0x008046c4      0x1d4 ../nios2_ht18_Eriksson_keyserlingk_bsp//libhal_bsp.a(alt_iic.o)
                0x008046c4                alt_ic_isr_register
                0x00804714                alt_ic_irq_enable
                0x008047b0                alt_ic_irq_disable
                0x00804850                alt_ic_irq_enabled
 .text          0x00804898       0xf8 ../nios2_ht18_Eriksson_keyserlingk_bsp//libhal_bsp.a(alt_iic_isr_register.o)
                0x00804898                alt_iic_isr_register
 .text          0x00804990      0x150 ../nios2_ht18_Eriksson_keyserlingk_bsp//libhal_bsp.a(alt_io_redirect.o)
                0x00804a68                alt_io_redirect
 .text          0x00804ae0        0x0 ../nios2_ht18_Eriksson_keyserlingk_bsp//libhal_bsp.a(alt_irq_entry.o)
 .text          0x00804ae0        0x0 ../nios2_ht18_Eriksson_keyserlingk_bsp//libhal_bsp.a(alt_irq_handler.o)
 .text          0x00804ae0        0x0 ../nios2_ht18_Eriksson_keyserlingk_bsp//libhal_bsp.a(alt_irq_vars.o)
 .text          0x00804ae0      0x2e4 ../nios2_ht18_Eriksson_keyserlingk_bsp//libhal_bsp.a(alt_open.o)
                0x00804bd8                open
 .text          0x00804dc4      0x1a4 ../nios2_ht18_Eriksson_keyserlingk_bsp//libhal_bsp.a(alt_tick.o)
                0x00804dc4                alt_alarm_stop
                0x00804e5c                alt_tick
 .text          0x00804f68       0x20 ../nios2_ht18_Eriksson_keyserlingk_bsp//libhal_bsp.a(altera_nios2_qsys_irq.o)
                0x00804f68                altera_nios2_qsys_irq_init
 .text          0x00804f88        0x0 ../nios2_ht18_Eriksson_keyserlingk_bsp//libhal_bsp.a(alt_exception_entry.o)
 .text          0x00804f88       0x94 ../nios2_ht18_Eriksson_keyserlingk_bsp//libhal_bsp.a(alt_find_dev.o)
                0x00804f88                alt_find_dev
 .text          0x0080501c      0x120 ../nios2_ht18_Eriksson_keyserlingk_bsp//libhal_bsp.a(alt_find_file.o)
                0x0080501c                alt_find_file
 .text          0x0080513c       0xd0 ../nios2_ht18_Eriksson_keyserlingk_bsp//libhal_bsp.a(alt_get_fd.o)
                0x0080513c                alt_get_fd
 .text          0x0080520c       0x14 /opt/altera/13.0sp1/nios2eds/bin/gnu/H-i686-pc-linux-gnu/bin/../lib/gcc/nios2-elf/4.1.2/../../../../nios2-elf/lib/mno-hw-mul/libc.a(lib_a-atexit.o)
                0x0080520c                atexit
 .text          0x00805220       0x38 /opt/altera/13.0sp1/nios2eds/bin/gnu/H-i686-pc-linux-gnu/bin/../lib/gcc/nios2-elf/4.1.2/../../../../nios2-elf/lib/mno-hw-mul/libc.a(lib_a-exit.o)
                0x00805220                exit
 .text          0x00805258       0x74 /opt/altera/13.0sp1/nios2eds/bin/gnu/H-i686-pc-linux-gnu/bin/../lib/gcc/nios2-elf/4.1.2/../../../../nios2-elf/lib/mno-hw-mul/libc.a(lib_a-memcmp.o)
                0x00805258                memcmp
 .text          0x008052cc      0x134 /opt/altera/13.0sp1/nios2eds/bin/gnu/H-i686-pc-linux-gnu/bin/../lib/gcc/nios2-elf/4.1.2/../../../../nios2-elf/lib/mno-hw-mul/libc.a(lib_a-__atexit.o)
                0x008052cc                __register_exitproc
 .text          0x00805400      0x1b4 /opt/altera/13.0sp1/nios2eds/bin/gnu/H-i686-pc-linux-gnu/bin/../lib/gcc/nios2-elf/4.1.2/../../../../nios2-elf/lib/mno-hw-mul/libc.a(lib_a-__call_atexit.o)
                0x00805404                __call_exitprocs
 .text          0x008055b4       0x60 ../nios2_ht18_Eriksson_keyserlingk_bsp//libhal_bsp.a(alt_exit.o)
                0x008055f4                _exit
 *(.gnu.warning.*)
 *(.fini)
                0x00805614                PROVIDE (__etext, ABSOLUTE (.))
                0x00805614                PROVIDE (_etext, ABSOLUTE (.))
                0x00805614                PROVIDE (etext, ABSOLUTE (.))
 *(.eh_frame_hdr)
                0x00805614                . = ALIGN (0x4)
                0x00805614                PROVIDE (__preinit_array_start, ABSOLUTE (.))
 *(.preinit_array)
                0x00805614                PROVIDE (__preinit_array_end, ABSOLUTE (.))
                0x00805614                PROVIDE (__init_array_start, ABSOLUTE (.))
 *(.init_array)
                0x00805614                PROVIDE (__init_array_end, ABSOLUTE (.))
                0x00805614                PROVIDE (__fini_array_start, ABSOLUTE (.))
 *(.fini_array)
                0x00805614                PROVIDE (__fini_array_end, ABSOLUTE (.))
 *(.eh_frame)
 *(.gcc_except_table)
 *(.dynamic)
                0x00805614                PROVIDE (__CTOR_LIST__, ABSOLUTE (.))
 *(.ctors)
 *(SORT(.ctors.*))
 .ctors.65535   0x00805614        0x4 /opt/altera/13.0sp1/nios2eds/bin/gnu/H-i686-pc-linux-gnu/bin/../lib/gcc/nios2-elf/4.1.2/../../../../nios2-elf/lib/mno-hw-mul/libc.a(lib_a-__call_atexit.o)
                0x00805618                PROVIDE (__CTOR_END__, ABSOLUTE (.))
                0x00805618                PROVIDE (__DTOR_LIST__, ABSOLUTE (.))
 *(.dtors)
 *(SORT(.dtors.*))
                0x00805618                PROVIDE (__DTOR_END__, ABSOLUTE (.))
 *(.jcr)
                0x00805618                . = ALIGN (0x4)

.rodata         0x00805618       0x50
                0x00805618                PROVIDE (__ram_rodata_start, ABSOLUTE (.))
                0x00805618                . = ALIGN (0x4)
 *(.rodata .rodata.* .gnu.linkonce.r.*)
 .rodata        0x00805618       0x14 obj/default/hello_world.o
 .rodata.str1.4
                0x0080562c        0x2 /opt/altera/13.0sp1/nios2eds/bin/gnu/H-i686-pc-linux-gnu/bin/../lib/gcc/nios2-elf/4.1.2/../../../../nios2-elf/lib/mno-hw-mul/libc.a(lib_a-puts.o)
                                  0x4 (size before relaxing)
 *fill*         0x0080562e        0x2 00
 .rodata.str1.4
                0x00805630        0x4 /opt/altera/13.0sp1/nios2eds/bin/gnu/H-i686-pc-linux-gnu/bin/../lib/gcc/nios2-elf/4.1.2/../../../../nios2-elf/lib/mno-hw-mul/libc.a(lib_a-impure.o)
 .rodata        0x00805634        0xc ../nios2_ht18_Eriksson_keyserlingk_bsp//libhal_bsp.a(alt_dev.o)
 .rodata        0x00805640       0x14 ../nios2_ht18_Eriksson_keyserlingk_bsp//libhal_bsp.a(alt_main.o)
 .rodata        0x00805654       0x14 ../nios2_ht18_Eriksson_keyserlingk_bsp//libhal_bsp.a(alt_sys_init.o)
 *(.rodata1)
                0x00805668                . = ALIGN (0x4)
                0x00805668                PROVIDE (__ram_rodata_end, ABSOLUTE (.))
                0x00805618                PROVIDE (__flash_rodata_start, LOADADDR (.rodata))

.rwdata         0x00805668     0x1a48 load address 0x008070b0
                0x00805668                PROVIDE (__ram_rwdata_start, ABSOLUTE (.))
                0x00805668                . = ALIGN (0x4)
 *(.got.plt)
 *(.got)
 *(.data1)
 *(.data .data.* .gnu.linkonce.d.*)
 .data          0x00805668        0x0 ../nios2_ht18_Eriksson_keyserlingk_bsp//obj/HAL/src/crt0.o
 .data          0x00805668        0x0 obj/default/hello_world.o
 .data          0x00805668        0x0 /opt/altera/13.0sp1/nios2eds/bin/gnu/H-i686-pc-linux-gnu/bin/../lib/gcc/nios2-elf/4.1.2/../../../../nios2-elf/lib/mno-hw-mul/libc.a(lib_a-puts.o)
 .data          0x00805668        0x0 /opt/altera/13.0sp1/nios2eds/bin/gnu/H-i686-pc-linux-gnu/bin/../lib/gcc/nios2-elf/4.1.2/../../../../nios2-elf/lib/mno-hw-mul/libc.a(lib_a-strlen.o)
 .data          0x00805668        0x0 /opt/altera/13.0sp1/nios2eds/bin/gnu/H-i686-pc-linux-gnu/bin/../lib/gcc/nios2-elf/4.1.2/../../../../nios2-elf/lib/mno-hw-mul/libc.a(lib_a-fvwrite.o)
 .data          0x00805668      0x400 /opt/altera/13.0sp1/nios2eds/bin/gnu/H-i686-pc-linux-gnu/bin/../lib/gcc/nios2-elf/4.1.2/../../../../nios2-elf/lib/mno-hw-mul/libc.a(lib_a-impure.o)
 .data          0x00805a68      0x408 /opt/altera/13.0sp1/nios2eds/bin/gnu/H-i686-pc-linux-gnu/bin/../lib/gcc/nios2-elf/4.1.2/../../../../nios2-elf/lib/mno-hw-mul/libc.a(lib_a-mallocr.o)
                0x00805a68                __malloc_av_
 .data          0x00805e70        0x0 /opt/altera/13.0sp1/nios2eds/bin/gnu/H-i686-pc-linux-gnu/bin/../lib/gcc/nios2-elf/4.1.2/../../../../nios2-elf/lib/mno-hw-mul/libc.a(lib_a-memchr.o)
 .data          0x00805e70        0x0 /opt/altera/13.0sp1/nios2eds/bin/gnu/H-i686-pc-linux-gnu/bin/../lib/gcc/nios2-elf/4.1.2/../../../../nios2-elf/lib/mno-hw-mul/libc.a(lib_a-memcpy.o)
 .data          0x00805e70        0x0 /opt/altera/13.0sp1/nios2eds/bin/gnu/H-i686-pc-linux-gnu/bin/../lib/gcc/nios2-elf/4.1.2/../../../../nios2-elf/lib/mno-hw-mul/libc.a(lib_a-memmove.o)
 .data          0x00805e70        0x0 /opt/altera/13.0sp1/nios2eds/bin/gnu/H-i686-pc-linux-gnu/bin/../lib/gcc/nios2-elf/4.1.2/../../../../nios2-elf/lib/mno-hw-mul/libc.a(lib_a-reallocr.o)
 .data          0x00805e70        0x0 /opt/altera/13.0sp1/nios2eds/bin/gnu/H-i686-pc-linux-gnu/bin/../lib/gcc/nios2-elf/4.1.2/../../../../nios2-elf/lib/mno-hw-mul/libc.a(lib_a-sbrkr.o)
 .data          0x00805e70        0x0 /opt/altera/13.0sp1/nios2eds/bin/gnu/H-i686-pc-linux-gnu/bin/../lib/gcc/nios2-elf/4.1.2/../../../../nios2-elf/lib/mno-hw-mul/libc.a(lib_a-wsetup.o)
 .data          0x00805e70        0x0 /opt/altera/13.0sp1/nios2eds/bin/gnu/H-i686-pc-linux-gnu/bin/../lib/gcc/nios2-elf/4.1.2/../../../../nios2-elf/lib/mno-hw-mul/libc.a(lib_a-fflush.o)
 .data          0x00805e70        0x0 /opt/altera/13.0sp1/nios2eds/bin/gnu/H-i686-pc-linux-gnu/bin/../lib/gcc/nios2-elf/4.1.2/../../../../nios2-elf/lib/mno-hw-mul/libc.a(lib_a-findfp.o)
 .data          0x00805e70        0x0 /opt/altera/13.0sp1/nios2eds/bin/gnu/H-i686-pc-linux-gnu/bin/../lib/gcc/nios2-elf/4.1.2/../../../../nios2-elf/lib/mno-hw-mul/libc.a(lib_a-freer.o)
 .data          0x00805e70        0x0 /opt/altera/13.0sp1/nios2eds/bin/gnu/H-i686-pc-linux-gnu/bin/../lib/gcc/nios2-elf/4.1.2/../../../../nios2-elf/lib/mno-hw-mul/libc.a(lib_a-fwalk.o)
 .data          0x00805e70        0x0 /opt/altera/13.0sp1/nios2eds/bin/gnu/H-i686-pc-linux-gnu/bin/../lib/gcc/nios2-elf/4.1.2/../../../../nios2-elf/lib/mno-hw-mul/libc.a(lib_a-int_errno.o)
 .data          0x00805e70        0x0 /opt/altera/13.0sp1/nios2eds/bin/gnu/H-i686-pc-linux-gnu/bin/../lib/gcc/nios2-elf/4.1.2/../../../../nios2-elf/lib/mno-hw-mul/libc.a(lib_a-makebuf.o)
 .data          0x00805e70        0x0 /opt/altera/13.0sp1/nios2eds/bin/gnu/H-i686-pc-linux-gnu/bin/../lib/gcc/nios2-elf/4.1.2/../../../../nios2-elf/lib/mno-hw-mul/libc.a(lib_a-memset.o)
 .data          0x00805e70        0x0 /opt/altera/13.0sp1/nios2eds/bin/gnu/H-i686-pc-linux-gnu/bin/../lib/gcc/nios2-elf/4.1.2/../../../../nios2-elf/lib/mno-hw-mul/libc.a(lib_a-stdio.o)
 .data          0x00805e70        0x0 /opt/altera/13.0sp1/nios2eds/bin/gnu/H-i686-pc-linux-gnu/bin/../lib/gcc/nios2-elf/4.1.2/../../../../nios2-elf/lib/mno-hw-mul/libc.a(lib_a-writer.o)
 .data          0x00805e70        0x0 /opt/altera/13.0sp1/nios2eds/bin/gnu/H-i686-pc-linux-gnu/bin/../lib/gcc/nios2-elf/4.1.2/../../../../nios2-elf/lib/mno-hw-mul/libc.a(lib_a-closer.o)
 .data          0x00805e70        0x0 /opt/altera/13.0sp1/nios2eds/bin/gnu/H-i686-pc-linux-gnu/bin/../lib/gcc/nios2-elf/4.1.2/../../../../nios2-elf/lib/mno-hw-mul/libc.a(lib_a-fclose.o)
 .data          0x00805e70        0x0 /opt/altera/13.0sp1/nios2eds/bin/gnu/H-i686-pc-linux-gnu/bin/../lib/gcc/nios2-elf/4.1.2/../../../../nios2-elf/lib/mno-hw-mul/libc.a(lib_a-fstatr.o)
 .data          0x00805e70        0x0 /opt/altera/13.0sp1/nios2eds/bin/gnu/H-i686-pc-linux-gnu/bin/../lib/gcc/nios2-elf/4.1.2/../../../../nios2-elf/lib/mno-hw-mul/libc.a(lib_a-isattyr.o)
 .data          0x00805e70        0x0 /opt/altera/13.0sp1/nios2eds/bin/gnu/H-i686-pc-linux-gnu/bin/../lib/gcc/nios2-elf/4.1.2/../../../../nios2-elf/lib/mno-hw-mul/libc.a(lib_a-lseekr.o)
 .data          0x00805e70        0x0 /opt/altera/13.0sp1/nios2eds/bin/gnu/H-i686-pc-linux-gnu/bin/../lib/gcc/nios2-elf/4.1.2/../../../../nios2-elf/lib/mno-hw-mul/libc.a(lib_a-readr.o)
 .data          0x00805e70        0x0 /opt/altera/13.0sp1/nios2eds/bin/gnu/H-i686-pc-linux-gnu/bin/../lib/gcc/nios2-elf/4.1.2/mno-hw-mul/libgcc.a(lib2-mul.o)
 .data          0x00805e70        0x0 ../nios2_ht18_Eriksson_keyserlingk_bsp//libhal_bsp.a(alt_close.o)
 .data          0x00805e70      0x1a8 ../nios2_ht18_Eriksson_keyserlingk_bsp//libhal_bsp.a(alt_dev.o)
                0x00805e70                alt_dev_null
                0x00805e98                alt_fd_list
 .data          0x00806018        0x0 ../nios2_ht18_Eriksson_keyserlingk_bsp//libhal_bsp.a(alt_errno.o)
 .data          0x00806018        0x0 ../nios2_ht18_Eriksson_keyserlingk_bsp//libhal_bsp.a(alt_fstat.o)
 .data          0x00806018        0x0 ../nios2_ht18_Eriksson_keyserlingk_bsp//libhal_bsp.a(alt_isatty.o)
 .data          0x00806018        0x0 ../nios2_ht18_Eriksson_keyserlingk_bsp//libhal_bsp.a(alt_load.o)
 .data          0x00806018        0x0 ../nios2_ht18_Eriksson_keyserlingk_bsp//libhal_bsp.a(alt_lseek.o)
 .data          0x00806018        0x0 ../nios2_ht18_Eriksson_keyserlingk_bsp//libhal_bsp.a(alt_main.o)
 .data          0x00806018        0x0 ../nios2_ht18_Eriksson_keyserlingk_bsp//libhal_bsp.a(alt_malloc_lock.o)
 .data          0x00806018        0x0 ../nios2_ht18_Eriksson_keyserlingk_bsp//libhal_bsp.a(alt_read.o)
 .data          0x00806018        0x0 ../nios2_ht18_Eriksson_keyserlingk_bsp//libhal_bsp.a(alt_release_fd.o)
 .data          0x00806018        0x0 ../nios2_ht18_Eriksson_keyserlingk_bsp//libhal_bsp.a(alt_sbrk.o)
 .data          0x00806018        0x0 ../nios2_ht18_Eriksson_keyserlingk_bsp//libhal_bsp.a(alt_write.o)
 .data          0x00806018     0x1060 ../nios2_ht18_Eriksson_keyserlingk_bsp//libhal_bsp.a(alt_sys_init.o)
 .data          0x00807078        0x0 ../nios2_ht18_Eriksson_keyserlingk_bsp//libhal_bsp.a(altera_avalon_jtag_uart_fd.o)
 .data          0x00807078        0x0 ../nios2_ht18_Eriksson_keyserlingk_bsp//libhal_bsp.a(altera_avalon_jtag_uart_init.o)
 .data          0x00807078        0x0 ../nios2_ht18_Eriksson_keyserlingk_bsp//libhal_bsp.a(altera_avalon_jtag_uart_ioctl.o)
 .data          0x00807078        0x0 ../nios2_ht18_Eriksson_keyserlingk_bsp//libhal_bsp.a(altera_avalon_jtag_uart_read.o)
 .data          0x00807078        0x0 ../nios2_ht18_Eriksson_keyserlingk_bsp//libhal_bsp.a(altera_avalon_jtag_uart_write.o)
 .data          0x00807078        0x0 ../nios2_ht18_Eriksson_keyserlingk_bsp//libhal_bsp.a(altera_avalon_timer_sc.o)
 .data          0x00807078        0x0 ../nios2_ht18_Eriksson_keyserlingk_bsp//libhal_bsp.a(altera_avalon_timer_vars.o)
 .data          0x00807078        0x0 ../nios2_ht18_Eriksson_keyserlingk_bsp//libhal_bsp.a(alt_alarm_start.o)
 .data          0x00807078        0x0 ../nios2_ht18_Eriksson_keyserlingk_bsp//libhal_bsp.a(alt_dcache_flush_all.o)
 .data          0x00807078        0x0 ../nios2_ht18_Eriksson_keyserlingk_bsp//libhal_bsp.a(alt_dev_llist_insert.o)
 .data          0x00807078        0x0 ../nios2_ht18_Eriksson_keyserlingk_bsp//libhal_bsp.a(alt_do_ctors.o)
 .data          0x00807078        0x0 ../nios2_ht18_Eriksson_keyserlingk_bsp//libhal_bsp.a(alt_do_dtors.o)
 .data          0x00807078        0x0 ../nios2_ht18_Eriksson_keyserlingk_bsp//libhal_bsp.a(alt_icache_flush_all.o)
 .data          0x00807078        0x0 ../nios2_ht18_Eriksson_keyserlingk_bsp//libhal_bsp.a(alt_iic.o)
 .data          0x00807078        0x0 ../nios2_ht18_Eriksson_keyserlingk_bsp//libhal_bsp.a(alt_iic_isr_register.o)
 .data          0x00807078        0x0 ../nios2_ht18_Eriksson_keyserlingk_bsp//libhal_bsp.a(alt_io_redirect.o)
 .data          0x00807078        0x0 ../nios2_ht18_Eriksson_keyserlingk_bsp//libhal_bsp.a(alt_irq_entry.o)
 .data          0x00807078        0x0 ../nios2_ht18_Eriksson_keyserlingk_bsp//libhal_bsp.a(alt_irq_handler.o)
 .data          0x00807078        0x0 ../nios2_ht18_Eriksson_keyserlingk_bsp//libhal_bsp.a(alt_irq_vars.o)
 .data          0x00807078        0x0 ../nios2_ht18_Eriksson_keyserlingk_bsp//libhal_bsp.a(alt_open.o)
 .data          0x00807078        0x0 ../nios2_ht18_Eriksson_keyserlingk_bsp//libhal_bsp.a(alt_tick.o)
 .data          0x00807078        0x0 ../nios2_ht18_Eriksson_keyserlingk_bsp//libhal_bsp.a(altera_nios2_qsys_irq.o)
 .data          0x00807078        0x0 ../nios2_ht18_Eriksson_keyserlingk_bsp//libhal_bsp.a(alt_exception_entry.o)
 .data          0x00807078        0x0 ../nios2_ht18_Eriksson_keyserlingk_bsp//libhal_bsp.a(alt_find_dev.o)
 .data          0x00807078        0x0 ../nios2_ht18_Eriksson_keyserlingk_bsp//libhal_bsp.a(alt_find_file.o)
 .data          0x00807078        0x0 ../nios2_ht18_Eriksson_keyserlingk_bsp//libhal_bsp.a(alt_get_fd.o)
 .data          0x00807078        0x0 /opt/altera/13.0sp1/nios2eds/bin/gnu/H-i686-pc-linux-gnu/bin/../lib/gcc/nios2-elf/4.1.2/../../../../nios2-elf/lib/mno-hw-mul/libc.a(lib_a-atexit.o)
 .data          0x00807078        0x0 /opt/altera/13.0sp1/nios2eds/bin/gnu/H-i686-pc-linux-gnu/bin/../lib/gcc/nios2-elf/4.1.2/../../../../nios2-elf/lib/mno-hw-mul/libc.a(lib_a-exit.o)
 .data          0x00807078        0x0 /opt/altera/13.0sp1/nios2eds/bin/gnu/H-i686-pc-linux-gnu/bin/../lib/gcc/nios2-elf/4.1.2/../../../../nios2-elf/lib/mno-hw-mul/libc.a(lib_a-memcmp.o)
 .data          0x00807078        0x0 /opt/altera/13.0sp1/nios2eds/bin/gnu/H-i686-pc-linux-gnu/bin/../lib/gcc/nios2-elf/4.1.2/../../../../nios2-elf/lib/mno-hw-mul/libc.a(lib_a-__atexit.o)
 .data          0x00807078        0x0 /opt/altera/13.0sp1/nios2eds/bin/gnu/H-i686-pc-linux-gnu/bin/../lib/gcc/nios2-elf/4.1.2/../../../../nios2-elf/lib/mno-hw-mul/libc.a(lib_a-__call_atexit.o)
 .data          0x00807078        0x0 ../nios2_ht18_Eriksson_keyserlingk_bsp//libhal_bsp.a(alt_exit.o)
                0x0080f078                _gp = ABSOLUTE ((. + 0x8000))
                0x0080f078                PROVIDE (gp, _gp)
 *(.rwdata .rwdata.*)
 *(.sdata .sdata.* .gnu.linkonce.s.*)
 .sdata         0x00807078        0x8 /opt/altera/13.0sp1/nios2eds/bin/gnu/H-i686-pc-linux-gnu/bin/../lib/gcc/nios2-elf/4.1.2/../../../../nios2-elf/lib/mno-hw-mul/libc.a(lib_a-impure.o)
                0x00807078                _impure_ptr
                0x0080707c                _global_impure_ptr
 .sdata         0x00807080        0x8 /opt/altera/13.0sp1/nios2eds/bin/gnu/H-i686-pc-linux-gnu/bin/../lib/gcc/nios2-elf/4.1.2/../../../../nios2-elf/lib/mno-hw-mul/libc.a(lib_a-mallocr.o)
                0x00807080                __malloc_trim_threshold
                0x00807084                __malloc_sbrk_base
 .sdata         0x00807088       0x14 ../nios2_ht18_Eriksson_keyserlingk_bsp//libhal_bsp.a(alt_dev.o)
                0x00807088                alt_fs_list
                0x00807090                alt_dev_list
                0x00807098                alt_max_fd
 .sdata         0x0080709c        0x4 ../nios2_ht18_Eriksson_keyserlingk_bsp//libhal_bsp.a(alt_errno.o)
                0x0080709c                alt_errno
 .sdata         0x008070a0        0x4 ../nios2_ht18_Eriksson_keyserlingk_bsp//libhal_bsp.a(alt_sbrk.o)
 .sdata         0x008070a4        0x4 ../nios2_ht18_Eriksson_keyserlingk_bsp//libhal_bsp.a(alt_irq_vars.o)
                0x008070a4                alt_priority_mask
 .sdata         0x008070a8        0x8 ../nios2_ht18_Eriksson_keyserlingk_bsp//libhal_bsp.a(alt_tick.o)
                0x008070a8                alt_alarm_list
 *(.sdata2 .sdata2.* .gnu.linkonce.s2.*)
                0x008070b0                . = ALIGN (0x4)
                0x008070b0                _edata = ABSOLUTE (.)
                0x008070b0                PROVIDE (edata, ABSOLUTE (.))
                0x008070b0                PROVIDE (__ram_rwdata_end, ABSOLUTE (.))
                0x008070b0                PROVIDE (__flash_rwdata_start, LOADADDR (.rwdata))

.bss            0x00808af8      0x2e8
                0x00808af8                __bss_start = ABSOLUTE (.)
                0x00808af8                PROVIDE (__sbss_start, ABSOLUTE (.))
                0x00808af8                PROVIDE (___sbss_start, ABSOLUTE (.))
 *(.dynsbss)
 *(.sbss .sbss.* .gnu.linkonce.sb.*)
 .sbss          0x00808af8        0xc /opt/altera/13.0sp1/nios2eds/bin/gnu/H-i686-pc-linux-gnu/bin/../lib/gcc/nios2-elf/4.1.2/../../../../nios2-elf/lib/mno-hw-mul/libc.a(lib_a-mallocr.o)
                0x00808af8                __malloc_top_pad
                0x00808afc                __malloc_max_sbrked_mem
                0x00808b00                __malloc_max_total_mem
 .sbss          0x00808b04        0x4 /opt/altera/13.0sp1/nios2eds/bin/gnu/H-i686-pc-linux-gnu/bin/../lib/gcc/nios2-elf/4.1.2/../../../../nios2-elf/lib/mno-hw-mul/libc.a(lib_a-int_errno.o)
                0x00808b04                errno
 .sbss          0x00808b08        0xc ../nios2_ht18_Eriksson_keyserlingk_bsp//libhal_bsp.a(alt_main.o)
                0x00808b08                alt_argc
                0x00808b0c                alt_argv
                0x00808b10                alt_envp
 .sbss          0x00808b14        0x8 ../nios2_ht18_Eriksson_keyserlingk_bsp//libhal_bsp.a(altera_avalon_timer_vars.o)
                0x00808b14                altera_avalon_timer_ts_base
                0x00808b18                altera_avalon_timer_ts_freq
 .sbss          0x00808b1c        0x4 ../nios2_ht18_Eriksson_keyserlingk_bsp//libhal_bsp.a(alt_irq_vars.o)
                0x00808b1c                alt_irq_active
 .sbss          0x00808b20        0x8 ../nios2_ht18_Eriksson_keyserlingk_bsp//libhal_bsp.a(alt_tick.o)
                0x00808b20                _alt_tick_rate
                0x00808b24                _alt_nticks
 *(.sbss2 .sbss2.* .gnu.linkonce.sb2.*)
 *(.scommon)
                0x00808b28                PROVIDE (__sbss_end, ABSOLUTE (.))
                0x00808b28                PROVIDE (___sbss_end, ABSOLUTE (.))
 *(.dynbss)
 *(.bss .bss.* .gnu.linkonce.b.*)
 .bss           0x00808b28        0x0 ../nios2_ht18_Eriksson_keyserlingk_bsp//obj/HAL/src/crt0.o
 .bss           0x00808b28        0x0 obj/default/hello_world.o
 .bss           0x00808b28        0x0 /opt/altera/13.0sp1/nios2eds/bin/gnu/H-i686-pc-linux-gnu/bin/../lib/gcc/nios2-elf/4.1.2/../../../../nios2-elf/lib/mno-hw-mul/libc.a(lib_a-puts.o)
 .bss           0x00808b28        0x0 /opt/altera/13.0sp1/nios2eds/bin/gnu/H-i686-pc-linux-gnu/bin/../lib/gcc/nios2-elf/4.1.2/../../../../nios2-elf/lib/mno-hw-mul/libc.a(lib_a-strlen.o)
 .bss           0x00808b28        0x0 /opt/altera/13.0sp1/nios2eds/bin/gnu/H-i686-pc-linux-gnu/bin/../lib/gcc/nios2-elf/4.1.2/../../../../nios2-elf/lib/mno-hw-mul/libc.a(lib_a-fvwrite.o)
 .bss           0x00808b28        0x0 /opt/altera/13.0sp1/nios2eds/bin/gnu/H-i686-pc-linux-gnu/bin/../lib/gcc/nios2-elf/4.1.2/../../../../nios2-elf/lib/mno-hw-mul/libc.a(lib_a-impure.o)
 .bss           0x00808b28       0x28 /opt/altera/13.0sp1/nios2eds/bin/gnu/H-i686-pc-linux-gnu/bin/../lib/gcc/nios2-elf/4.1.2/../../../../nios2-elf/lib/mno-hw-mul/libc.a(lib_a-mallocr.o)
                0x00808b28                __malloc_current_mallinfo
 .bss           0x00808b50        0x0 /opt/altera/13.0sp1/nios2eds/bin/gnu/H-i686-pc-linux-gnu/bin/../lib/gcc/nios2-elf/4.1.2/../../../../nios2-elf/lib/mno-hw-mul/libc.a(lib_a-memchr.o)
 .bss           0x00808b50        0x0 /opt/altera/13.0sp1/nios2eds/bin/gnu/H-i686-pc-linux-gnu/bin/../lib/gcc/nios2-elf/4.1.2/../../../../nios2-elf/lib/mno-hw-mul/libc.a(lib_a-memcpy.o)
 .bss           0x00808b50        0x0 /opt/altera/13.0sp1/nios2eds/bin/gnu/H-i686-pc-linux-gnu/bin/../lib/gcc/nios2-elf/4.1.2/../../../../nios2-elf/lib/mno-hw-mul/libc.a(lib_a-memmove.o)
 .bss           0x00808b50        0x0 /opt/altera/13.0sp1/nios2eds/bin/gnu/H-i686-pc-linux-gnu/bin/../lib/gcc/nios2-elf/4.1.2/../../../../nios2-elf/lib/mno-hw-mul/libc.a(lib_a-reallocr.o)
 .bss           0x00808b50        0x0 /opt/altera/13.0sp1/nios2eds/bin/gnu/H-i686-pc-linux-gnu/bin/../lib/gcc/nios2-elf/4.1.2/../../../../nios2-elf/lib/mno-hw-mul/libc.a(lib_a-sbrkr.o)
 .bss           0x00808b50        0x0 /opt/altera/13.0sp1/nios2eds/bin/gnu/H-i686-pc-linux-gnu/bin/../lib/gcc/nios2-elf/4.1.2/../../../../nios2-elf/lib/mno-hw-mul/libc.a(lib_a-wsetup.o)
 .bss           0x00808b50        0x0 /opt/altera/13.0sp1/nios2eds/bin/gnu/H-i686-pc-linux-gnu/bin/../lib/gcc/nios2-elf/4.1.2/../../../../nios2-elf/lib/mno-hw-mul/libc.a(lib_a-fflush.o)
 .bss           0x00808b50        0x0 /opt/altera/13.0sp1/nios2eds/bin/gnu/H-i686-pc-linux-gnu/bin/../lib/gcc/nios2-elf/4.1.2/../../../../nios2-elf/lib/mno-hw-mul/libc.a(lib_a-findfp.o)
 .bss           0x00808b50        0x0 /opt/altera/13.0sp1/nios2eds/bin/gnu/H-i686-pc-linux-gnu/bin/../lib/gcc/nios2-elf/4.1.2/../../../../nios2-elf/lib/mno-hw-mul/libc.a(lib_a-freer.o)
 .bss           0x00808b50        0x0 /opt/altera/13.0sp1/nios2eds/bin/gnu/H-i686-pc-linux-gnu/bin/../lib/gcc/nios2-elf/4.1.2/../../../../nios2-elf/lib/mno-hw-mul/libc.a(lib_a-fwalk.o)
 .bss           0x00808b50        0x0 /opt/altera/13.0sp1/nios2eds/bin/gnu/H-i686-pc-linux-gnu/bin/../lib/gcc/nios2-elf/4.1.2/../../../../nios2-elf/lib/mno-hw-mul/libc.a(lib_a-int_errno.o)
 .bss           0x00808b50        0x0 /opt/altera/13.0sp1/nios2eds/bin/gnu/H-i686-pc-linux-gnu/bin/../lib/gcc/nios2-elf/4.1.2/../../../../nios2-elf/lib/mno-hw-mul/libc.a(lib_a-makebuf.o)
 .bss           0x00808b50        0x0 /opt/altera/13.0sp1/nios2eds/bin/gnu/H-i686-pc-linux-gnu/bin/../lib/gcc/nios2-elf/4.1.2/../../../../nios2-elf/lib/mno-hw-mul/libc.a(lib_a-memset.o)
 .bss           0x00808b50        0x0 /opt/altera/13.0sp1/nios2eds/bin/gnu/H-i686-pc-linux-gnu/bin/../lib/gcc/nios2-elf/4.1.2/../../../../nios2-elf/lib/mno-hw-mul/libc.a(lib_a-stdio.o)
 .bss           0x00808b50        0x0 /opt/altera/13.0sp1/nios2eds/bin/gnu/H-i686-pc-linux-gnu/bin/../lib/gcc/nios2-elf/4.1.2/../../../../nios2-elf/lib/mno-hw-mul/libc.a(lib_a-writer.o)
 .bss           0x00808b50        0x0 /opt/altera/13.0sp1/nios2eds/bin/gnu/H-i686-pc-linux-gnu/bin/../lib/gcc/nios2-elf/4.1.2/../../../../nios2-elf/lib/mno-hw-mul/libc.a(lib_a-closer.o)
 .bss           0x00808b50        0x0 /opt/altera/13.0sp1/nios2eds/bin/gnu/H-i686-pc-linux-gnu/bin/../lib/gcc/nios2-elf/4.1.2/../../../../nios2-elf/lib/mno-hw-mul/libc.a(lib_a-fclose.o)
 .bss           0x00808b50        0x0 /opt/altera/13.0sp1/nios2eds/bin/gnu/H-i686-pc-linux-gnu/bin/../lib/gcc/nios2-elf/4.1.2/../../../../nios2-elf/lib/mno-hw-mul/libc.a(lib_a-fstatr.o)
 .bss           0x00808b50        0x0 /opt/altera/13.0sp1/nios2eds/bin/gnu/H-i686-pc-linux-gnu/bin/../lib/gcc/nios2-elf/4.1.2/../../../../nios2-elf/lib/mno-hw-mul/libc.a(lib_a-isattyr.o)
 .bss           0x00808b50        0x0 /opt/altera/13.0sp1/nios2eds/bin/gnu/H-i686-pc-linux-gnu/bin/../lib/gcc/nios2-elf/4.1.2/../../../../nios2-elf/lib/mno-hw-mul/libc.a(lib_a-lseekr.o)
 .bss           0x00808b50        0x0 /opt/altera/13.0sp1/nios2eds/bin/gnu/H-i686-pc-linux-gnu/bin/../lib/gcc/nios2-elf/4.1.2/../../../../nios2-elf/lib/mno-hw-mul/libc.a(lib_a-readr.o)
 .bss           0x00808b50        0x0 /opt/altera/13.0sp1/nios2eds/bin/gnu/H-i686-pc-linux-gnu/bin/../lib/gcc/nios2-elf/4.1.2/mno-hw-mul/libgcc.a(lib2-mul.o)
 .bss           0x00808b50        0x0 ../nios2_ht18_Eriksson_keyserlingk_bsp//libhal_bsp.a(alt_close.o)
 .bss           0x00808b50        0x0 ../nios2_ht18_Eriksson_keyserlingk_bsp//libhal_bsp.a(alt_dev.o)
 .bss           0x00808b50        0x0 ../nios2_ht18_Eriksson_keyserlingk_bsp//libhal_bsp.a(alt_errno.o)
 .bss           0x00808b50        0x0 ../nios2_ht18_Eriksson_keyserlingk_bsp//libhal_bsp.a(alt_fstat.o)
 .bss           0x00808b50        0x0 ../nios2_ht18_Eriksson_keyserlingk_bsp//libhal_bsp.a(alt_isatty.o)
 .bss           0x00808b50        0x0 ../nios2_ht18_Eriksson_keyserlingk_bsp//libhal_bsp.a(alt_load.o)
 .bss           0x00808b50        0x0 ../nios2_ht18_Eriksson_keyserlingk_bsp//libhal_bsp.a(alt_lseek.o)
 .bss           0x00808b50        0x0 ../nios2_ht18_Eriksson_keyserlingk_bsp//libhal_bsp.a(alt_main.o)
 .bss           0x00808b50        0x0 ../nios2_ht18_Eriksson_keyserlingk_bsp//libhal_bsp.a(alt_malloc_lock.o)
 .bss           0x00808b50        0x0 ../nios2_ht18_Eriksson_keyserlingk_bsp//libhal_bsp.a(alt_read.o)
 .bss           0x00808b50        0x0 ../nios2_ht18_Eriksson_keyserlingk_bsp//libhal_bsp.a(alt_release_fd.o)
 .bss           0x00808b50        0x0 ../nios2_ht18_Eriksson_keyserlingk_bsp//libhal_bsp.a(alt_sbrk.o)
 .bss           0x00808b50        0x0 ../nios2_ht18_Eriksson_keyserlingk_bsp//libhal_bsp.a(alt_write.o)
 .bss           0x00808b50        0x0 ../nios2_ht18_Eriksson_keyserlingk_bsp//libhal_bsp.a(alt_sys_init.o)
 .bss           0x00808b50        0x0 ../nios2_ht18_Eriksson_keyserlingk_bsp//libhal_bsp.a(altera_avalon_jtag_uart_fd.o)
 .bss           0x00808b50        0x0 ../nios2_ht18_Eriksson_keyserlingk_bsp//libhal_bsp.a(altera_avalon_jtag_uart_init.o)
 .bss           0x00808b50        0x0 ../nios2_ht18_Eriksson_keyserlingk_bsp//libhal_bsp.a(altera_avalon_jtag_uart_ioctl.o)
 .bss           0x00808b50        0x0 ../nios2_ht18_Eriksson_keyserlingk_bsp//libhal_bsp.a(altera_avalon_jtag_uart_read.o)
 .bss           0x00808b50        0x0 ../nios2_ht18_Eriksson_keyserlingk_bsp//libhal_bsp.a(altera_avalon_jtag_uart_write.o)
 .bss           0x00808b50        0x0 ../nios2_ht18_Eriksson_keyserlingk_bsp//libhal_bsp.a(altera_avalon_timer_sc.o)
 .bss           0x00808b50        0x0 ../nios2_ht18_Eriksson_keyserlingk_bsp//libhal_bsp.a(altera_avalon_timer_vars.o)
 .bss           0x00808b50        0x0 ../nios2_ht18_Eriksson_keyserlingk_bsp//libhal_bsp.a(alt_alarm_start.o)
 .bss           0x00808b50        0x0 ../nios2_ht18_Eriksson_keyserlingk_bsp//libhal_bsp.a(alt_dcache_flush_all.o)
 .bss           0x00808b50        0x0 ../nios2_ht18_Eriksson_keyserlingk_bsp//libhal_bsp.a(alt_dev_llist_insert.o)
 .bss           0x00808b50        0x0 ../nios2_ht18_Eriksson_keyserlingk_bsp//libhal_bsp.a(alt_do_ctors.o)
 .bss           0x00808b50        0x0 ../nios2_ht18_Eriksson_keyserlingk_bsp//libhal_bsp.a(alt_do_dtors.o)
 .bss           0x00808b50        0x0 ../nios2_ht18_Eriksson_keyserlingk_bsp//libhal_bsp.a(alt_icache_flush_all.o)
 .bss           0x00808b50        0x0 ../nios2_ht18_Eriksson_keyserlingk_bsp//libhal_bsp.a(alt_iic.o)
 .bss           0x00808b50        0x0 ../nios2_ht18_Eriksson_keyserlingk_bsp//libhal_bsp.a(alt_iic_isr_register.o)
 .bss           0x00808b50        0x0 ../nios2_ht18_Eriksson_keyserlingk_bsp//libhal_bsp.a(alt_io_redirect.o)
 .bss           0x00808b50        0x0 ../nios2_ht18_Eriksson_keyserlingk_bsp//libhal_bsp.a(alt_irq_entry.o)
 .bss           0x00808b50        0x0 ../nios2_ht18_Eriksson_keyserlingk_bsp//libhal_bsp.a(alt_irq_handler.o)
 .bss           0x00808b50        0x0 ../nios2_ht18_Eriksson_keyserlingk_bsp//libhal_bsp.a(alt_irq_vars.o)
 .bss           0x00808b50        0x0 ../nios2_ht18_Eriksson_keyserlingk_bsp//libhal_bsp.a(alt_open.o)
 .bss           0x00808b50        0x0 ../nios2_ht18_Eriksson_keyserlingk_bsp//libhal_bsp.a(alt_tick.o)
 .bss           0x00808b50        0x0 ../nios2_ht18_Eriksson_keyserlingk_bsp//libhal_bsp.a(altera_nios2_qsys_irq.o)
 .bss           0x00808b50        0x0 ../nios2_ht18_Eriksson_keyserlingk_bsp//libhal_bsp.a(alt_exception_entry.o)
 .bss           0x00808b50        0x0 ../nios2_ht18_Eriksson_keyserlingk_bsp//libhal_bsp.a(alt_find_dev.o)
 .bss           0x00808b50        0x0 ../nios2_ht18_Eriksson_keyserlingk_bsp//libhal_bsp.a(alt_find_file.o)
 .bss           0x00808b50        0x0 ../nios2_ht18_Eriksson_keyserlingk_bsp//libhal_bsp.a(alt_get_fd.o)
 .bss           0x00808b50        0x0 /opt/altera/13.0sp1/nios2eds/bin/gnu/H-i686-pc-linux-gnu/bin/../lib/gcc/nios2-elf/4.1.2/../../../../nios2-elf/lib/mno-hw-mul/libc.a(lib_a-atexit.o)
 .bss           0x00808b50        0x0 /opt/altera/13.0sp1/nios2eds/bin/gnu/H-i686-pc-linux-gnu/bin/../lib/gcc/nios2-elf/4.1.2/../../../../nios2-elf/lib/mno-hw-mul/libc.a(lib_a-exit.o)
 .bss           0x00808b50        0x0 /opt/altera/13.0sp1/nios2eds/bin/gnu/H-i686-pc-linux-gnu/bin/../lib/gcc/nios2-elf/4.1.2/../../../../nios2-elf/lib/mno-hw-mul/libc.a(lib_a-memcmp.o)
 .bss           0x00808b50        0x0 /opt/altera/13.0sp1/nios2eds/bin/gnu/H-i686-pc-linux-gnu/bin/../lib/gcc/nios2-elf/4.1.2/../../../../nios2-elf/lib/mno-hw-mul/libc.a(lib_a-__atexit.o)
 .bss           0x00808b50        0x0 /opt/altera/13.0sp1/nios2eds/bin/gnu/H-i686-pc-linux-gnu/bin/../lib/gcc/nios2-elf/4.1.2/../../../../nios2-elf/lib/mno-hw-mul/libc.a(lib_a-__call_atexit.o)
 .bss           0x00808b50        0x0 ../nios2_ht18_Eriksson_keyserlingk_bsp//libhal_bsp.a(alt_exit.o)
 *(COMMON)
 COMMON         0x00808b50      0x100 ../nios2_ht18_Eriksson_keyserlingk_bsp//libhal_bsp.a(alt_irq_handler.o)
                0x00808b50                alt_irq
 COMMON         0x00808c50      0x190 /opt/altera/13.0sp1/nios2eds/bin/gnu/H-i686-pc-linux-gnu/bin/../lib/gcc/nios2-elf/4.1.2/../../../../nios2-elf/lib/mno-hw-mul/libc.a(lib_a-atexit.o)
                0x00808c50                _atexit0
                0x00808de0                . = ALIGN (0x4)
                0x00808de0                __bss_end = ABSOLUTE (.)

.sdram          0x00808de0        0x0
                0x00808de0                PROVIDE (_alt_partition_sdram_start, ABSOLUTE (.))
 *(.sdram. sdram.*)
                0x00808de0                . = ALIGN (0x4)
                0x00808de0                PROVIDE (_alt_partition_sdram_end, ABSOLUTE (.))
                0x00808de0                _end = ABSOLUTE (.)
                0x00808de0                end = ABSOLUTE (.)
                0x00808de0                __alt_stack_base = ABSOLUTE (.)
                0x00808de0                PROVIDE (_alt_partition_sdram_load_addr, LOADADDR (.sdram))

.sram           0x01080000        0x0 load address 0x00808de0
                0x01080000                PROVIDE (_alt_partition_sram_start, ABSOLUTE (.))
 *(.sram. sram.*)
                0x01080000                . = ALIGN (0x4)
                0x01080000                PROVIDE (_alt_partition_sram_end, ABSOLUTE (.))
                0x00808de0                PROVIDE (_alt_partition_sram_load_addr, LOADADDR (.sram))

.onchip_memory  0x01108000        0x0 load address 0x00808de0
                0x01108000                PROVIDE (_alt_partition_onchip_memory_start, ABSOLUTE (.))
 *(.onchip_memory. onchip_memory.*)
                0x01108000                . = ALIGN (0x4)
                0x01108000                PROVIDE (_alt_partition_onchip_memory_end, ABSOLUTE (.))
                0x00808de0                PROVIDE (_alt_partition_onchip_memory_load_addr, LOADADDR (.onchip_memory))

.stab
 *(.stab)

.stabstr
 *(.stabstr)

.stab.excl
 *(.stab.excl)

.stab.exclstr
 *(.stab.exclstr)

.stab.index
 *(.stab.index)

.stab.indexstr
 *(.stab.indexstr)

.comment        0x00000000       0x26
 *(.comment)
 .comment       0x00000000       0x26 obj/default/hello_world.o
                                 0x27 (size before relaxing)
 .comment       0x00000000       0x27 /opt/altera/13.0sp1/nios2eds/bin/gnu/H-i686-pc-linux-gnu/bin/../lib/gcc/nios2-elf/4.1.2/../../../../nios2-elf/lib/mno-hw-mul/libc.a(lib_a-puts.o)
 .comment       0x00000000       0x27 /opt/altera/13.0sp1/nios2eds/bin/gnu/H-i686-pc-linux-gnu/bin/../lib/gcc/nios2-elf/4.1.2/../../../../nios2-elf/lib/mno-hw-mul/libc.a(lib_a-strlen.o)
 .comment       0x00000000       0x27 /opt/altera/13.0sp1/nios2eds/bin/gnu/H-i686-pc-linux-gnu/bin/../lib/gcc/nios2-elf/4.1.2/../../../../nios2-elf/lib/mno-hw-mul/libc.a(lib_a-fvwrite.o)
 .comment       0x00000000       0x27 /opt/altera/13.0sp1/nios2eds/bin/gnu/H-i686-pc-linux-gnu/bin/../lib/gcc/nios2-elf/4.1.2/../../../../nios2-elf/lib/mno-hw-mul/libc.a(lib_a-impure.o)
 .comment       0x00000000       0x27 /opt/altera/13.0sp1/nios2eds/bin/gnu/H-i686-pc-linux-gnu/bin/../lib/gcc/nios2-elf/4.1.2/../../../../nios2-elf/lib/mno-hw-mul/libc.a(lib_a-mallocr.o)
 .comment       0x00000000       0x27 /opt/altera/13.0sp1/nios2eds/bin/gnu/H-i686-pc-linux-gnu/bin/../lib/gcc/nios2-elf/4.1.2/../../../../nios2-elf/lib/mno-hw-mul/libc.a(lib_a-memchr.o)
 .comment       0x00000000       0x27 /opt/altera/13.0sp1/nios2eds/bin/gnu/H-i686-pc-linux-gnu/bin/../lib/gcc/nios2-elf/4.1.2/../../../../nios2-elf/lib/mno-hw-mul/libc.a(lib_a-memcpy.o)
 .comment       0x00000000       0x27 /opt/altera/13.0sp1/nios2eds/bin/gnu/H-i686-pc-linux-gnu/bin/../lib/gcc/nios2-elf/4.1.2/../../../../nios2-elf/lib/mno-hw-mul/libc.a(lib_a-memmove.o)
 .comment       0x00000000       0x27 /opt/altera/13.0sp1/nios2eds/bin/gnu/H-i686-pc-linux-gnu/bin/../lib/gcc/nios2-elf/4.1.2/../../../../nios2-elf/lib/mno-hw-mul/libc.a(lib_a-reallocr.o)
 .comment       0x00000000       0x27 /opt/altera/13.0sp1/nios2eds/bin/gnu/H-i686-pc-linux-gnu/bin/../lib/gcc/nios2-elf/4.1.2/../../../../nios2-elf/lib/mno-hw-mul/libc.a(lib_a-sbrkr.o)
 .comment       0x00000000       0x27 /opt/altera/13.0sp1/nios2eds/bin/gnu/H-i686-pc-linux-gnu/bin/../lib/gcc/nios2-elf/4.1.2/../../../../nios2-elf/lib/mno-hw-mul/libc.a(lib_a-wsetup.o)
 .comment       0x00000000       0x27 /opt/altera/13.0sp1/nios2eds/bin/gnu/H-i686-pc-linux-gnu/bin/../lib/gcc/nios2-elf/4.1.2/../../../../nios2-elf/lib/mno-hw-mul/libc.a(lib_a-fflush.o)
 .comment       0x00000000       0x27 /opt/altera/13.0sp1/nios2eds/bin/gnu/H-i686-pc-linux-gnu/bin/../lib/gcc/nios2-elf/4.1.2/../../../../nios2-elf/lib/mno-hw-mul/libc.a(lib_a-findfp.o)
 .comment       0x00000000       0x27 /opt/altera/13.0sp1/nios2eds/bin/gnu/H-i686-pc-linux-gnu/bin/../lib/gcc/nios2-elf/4.1.2/../../../../nios2-elf/lib/mno-hw-mul/libc.a(lib_a-freer.o)
 .comment       0x00000000       0x27 /opt/altera/13.0sp1/nios2eds/bin/gnu/H-i686-pc-linux-gnu/bin/../lib/gcc/nios2-elf/4.1.2/../../../../nios2-elf/lib/mno-hw-mul/libc.a(lib_a-fwalk.o)
 .comment       0x00000000       0x27 /opt/altera/13.0sp1/nios2eds/bin/gnu/H-i686-pc-linux-gnu/bin/../lib/gcc/nios2-elf/4.1.2/../../../../nios2-elf/lib/mno-hw-mul/libc.a(lib_a-int_errno.o)
 .comment       0x00000000       0x27 /opt/altera/13.0sp1/nios2eds/bin/gnu/H-i686-pc-linux-gnu/bin/../lib/gcc/nios2-elf/4.1.2/../../../../nios2-elf/lib/mno-hw-mul/libc.a(lib_a-makebuf.o)
 .comment       0x00000000       0x27 /opt/altera/13.0sp1/nios2eds/bin/gnu/H-i686-pc-linux-gnu/bin/../lib/gcc/nios2-elf/4.1.2/../../../../nios2-elf/lib/mno-hw-mul/libc.a(lib_a-memset.o)
 .comment       0x00000000       0x27 /opt/altera/13.0sp1/nios2eds/bin/gnu/H-i686-pc-linux-gnu/bin/../lib/gcc/nios2-elf/4.1.2/../../../../nios2-elf/lib/mno-hw-mul/libc.a(lib_a-stdio.o)
 .comment       0x00000000       0x27 /opt/altera/13.0sp1/nios2eds/bin/gnu/H-i686-pc-linux-gnu/bin/../lib/gcc/nios2-elf/4.1.2/../../../../nios2-elf/lib/mno-hw-mul/libc.a(lib_a-writer.o)
 .comment       0x00000000       0x27 /opt/altera/13.0sp1/nios2eds/bin/gnu/H-i686-pc-linux-gnu/bin/../lib/gcc/nios2-elf/4.1.2/../../../../nios2-elf/lib/mno-hw-mul/libc.a(lib_a-closer.o)
 .comment       0x00000000       0x27 /opt/altera/13.0sp1/nios2eds/bin/gnu/H-i686-pc-linux-gnu/bin/../lib/gcc/nios2-elf/4.1.2/../../../../nios2-elf/lib/mno-hw-mul/libc.a(lib_a-fclose.o)
 .comment       0x00000000       0x27 /opt/altera/13.0sp1/nios2eds/bin/gnu/H-i686-pc-linux-gnu/bin/../lib/gcc/nios2-elf/4.1.2/../../../../nios2-elf/lib/mno-hw-mul/libc.a(lib_a-fstatr.o)
 .comment       0x00000000       0x27 /opt/altera/13.0sp1/nios2eds/bin/gnu/H-i686-pc-linux-gnu/bin/../lib/gcc/nios2-elf/4.1.2/../../../../nios2-elf/lib/mno-hw-mul/libc.a(lib_a-isattyr.o)
 .comment       0x00000000       0x27 /opt/altera/13.0sp1/nios2eds/bin/gnu/H-i686-pc-linux-gnu/bin/../lib/gcc/nios2-elf/4.1.2/../../../../nios2-elf/lib/mno-hw-mul/libc.a(lib_a-lseekr.o)
 .comment       0x00000000       0x27 /opt/altera/13.0sp1/nios2eds/bin/gnu/H-i686-pc-linux-gnu/bin/../lib/gcc/nios2-elf/4.1.2/../../../../nios2-elf/lib/mno-hw-mul/libc.a(lib_a-readr.o)
 .comment       0x00000000       0x27 /opt/altera/13.0sp1/nios2eds/bin/gnu/H-i686-pc-linux-gnu/bin/../lib/gcc/nios2-elf/4.1.2/mno-hw-mul/libgcc.a(lib2-mul.o)
 .comment       0x00000000       0x27 ../nios2_ht18_Eriksson_keyserlingk_bsp//libhal_bsp.a(alt_close.o)
 .comment       0x00000000       0x27 ../nios2_ht18_Eriksson_keyserlingk_bsp//libhal_bsp.a(alt_dev.o)
 .comment       0x00000000       0x27 ../nios2_ht18_Eriksson_keyserlingk_bsp//libhal_bsp.a(alt_errno.o)
 .comment       0x00000000       0x27 ../nios2_ht18_Eriksson_keyserlingk_bsp//libhal_bsp.a(alt_fstat.o)
 .comment       0x00000000       0x27 ../nios2_ht18_Eriksson_keyserlingk_bsp//libhal_bsp.a(alt_isatty.o)
 .comment       0x00000000       0x27 ../nios2_ht18_Eriksson_keyserlingk_bsp//libhal_bsp.a(alt_load.o)
 .comment       0x00000000       0x27 ../nios2_ht18_Eriksson_keyserlingk_bsp//libhal_bsp.a(alt_lseek.o)
 .comment       0x00000000       0x27 ../nios2_ht18_Eriksson_keyserlingk_bsp//libhal_bsp.a(alt_main.o)
 .comment       0x00000000       0x27 ../nios2_ht18_Eriksson_keyserlingk_bsp//libhal_bsp.a(alt_malloc_lock.o)
 .comment       0x00000000       0x27 ../nios2_ht18_Eriksson_keyserlingk_bsp//libhal_bsp.a(alt_read.o)
 .comment       0x00000000       0x27 ../nios2_ht18_Eriksson_keyserlingk_bsp//libhal_bsp.a(alt_release_fd.o)
 .comment       0x00000000       0x27 ../nios2_ht18_Eriksson_keyserlingk_bsp//libhal_bsp.a(alt_sbrk.o)
 .comment       0x00000000       0x27 ../nios2_ht18_Eriksson_keyserlingk_bsp//libhal_bsp.a(alt_write.o)
 .comment       0x00000000       0x27 ../nios2_ht18_Eriksson_keyserlingk_bsp//libhal_bsp.a(alt_sys_init.o)
 .comment       0x00000000       0x27 ../nios2_ht18_Eriksson_keyserlingk_bsp//libhal_bsp.a(altera_avalon_jtag_uart_fd.o)
 .comment       0x00000000       0x27 ../nios2_ht18_Eriksson_keyserlingk_bsp//libhal_bsp.a(altera_avalon_jtag_uart_init.o)
 .comment       0x00000000       0x27 ../nios2_ht18_Eriksson_keyserlingk_bsp//libhal_bsp.a(altera_avalon_jtag_uart_ioctl.o)
 .comment       0x00000000       0x27 ../nios2_ht18_Eriksson_keyserlingk_bsp//libhal_bsp.a(altera_avalon_jtag_uart_read.o)
 .comment       0x00000000       0x27 ../nios2_ht18_Eriksson_keyserlingk_bsp//libhal_bsp.a(altera_avalon_jtag_uart_write.o)
 .comment       0x00000000       0x27 ../nios2_ht18_Eriksson_keyserlingk_bsp//libhal_bsp.a(altera_avalon_timer_sc.o)
 .comment       0x00000000       0x27 ../nios2_ht18_Eriksson_keyserlingk_bsp//libhal_bsp.a(altera_avalon_timer_vars.o)
 .comment       0x00000000       0x27 ../nios2_ht18_Eriksson_keyserlingk_bsp//libhal_bsp.a(alt_alarm_start.o)
 .comment       0x00000000       0x27 ../nios2_ht18_Eriksson_keyserlingk_bsp//libhal_bsp.a(alt_dcache_flush_all.o)
 .comment       0x00000000       0x27 ../nios2_ht18_Eriksson_keyserlingk_bsp//libhal_bsp.a(alt_dev_llist_insert.o)
 .comment       0x00000000       0x27 ../nios2_ht18_Eriksson_keyserlingk_bsp//libhal_bsp.a(alt_do_ctors.o)
 .comment       0x00000000       0x27 ../nios2_ht18_Eriksson_keyserlingk_bsp//libhal_bsp.a(alt_do_dtors.o)
 .comment       0x00000000       0x27 ../nios2_ht18_Eriksson_keyserlingk_bsp//libhal_bsp.a(alt_icache_flush_all.o)
 .comment       0x00000000       0x27 ../nios2_ht18_Eriksson_keyserlingk_bsp//libhal_bsp.a(alt_iic.o)
 .comment       0x00000000       0x27 ../nios2_ht18_Eriksson_keyserlingk_bsp//libhal_bsp.a(alt_iic_isr_register.o)
 .comment       0x00000000       0x27 ../nios2_ht18_Eriksson_keyserlingk_bsp//libhal_bsp.a(alt_io_redirect.o)
 .comment       0x00000000       0x27 ../nios2_ht18_Eriksson_keyserlingk_bsp//libhal_bsp.a(alt_irq_handler.o)
 .comment       0x00000000       0x27 ../nios2_ht18_Eriksson_keyserlingk_bsp//libhal_bsp.a(alt_irq_vars.o)
 .comment       0x00000000       0x27 ../nios2_ht18_Eriksson_keyserlingk_bsp//libhal_bsp.a(alt_open.o)
 .comment       0x00000000       0x27 ../nios2_ht18_Eriksson_keyserlingk_bsp//libhal_bsp.a(alt_tick.o)
 .comment       0x00000000       0x27 ../nios2_ht18_Eriksson_keyserlingk_bsp//libhal_bsp.a(altera_nios2_qsys_irq.o)
 .comment       0x00000000       0x27 ../nios2_ht18_Eriksson_keyserlingk_bsp//libhal_bsp.a(alt_find_dev.o)
 .comment       0x00000000       0x27 ../nios2_ht18_Eriksson_keyserlingk_bsp//libhal_bsp.a(alt_find_file.o)
 .comment       0x00000000       0x27 ../nios2_ht18_Eriksson_keyserlingk_bsp//libhal_bsp.a(alt_get_fd.o)
 .comment       0x00000000       0x27 /opt/altera/13.0sp1/nios2eds/bin/gnu/H-i686-pc-linux-gnu/bin/../lib/gcc/nios2-elf/4.1.2/../../../../nios2-elf/lib/mno-hw-mul/libc.a(lib_a-atexit.o)
 .comment       0x00000000       0x27 /opt/altera/13.0sp1/nios2eds/bin/gnu/H-i686-pc-linux-gnu/bin/../lib/gcc/nios2-elf/4.1.2/../../../../nios2-elf/lib/mno-hw-mul/libc.a(lib_a-exit.o)
 .comment       0x00000000       0x27 /opt/altera/13.0sp1/nios2eds/bin/gnu/H-i686-pc-linux-gnu/bin/../lib/gcc/nios2-elf/4.1.2/../../../../nios2-elf/lib/mno-hw-mul/libc.a(lib_a-memcmp.o)
 .comment       0x00000000       0x27 /opt/altera/13.0sp1/nios2eds/bin/gnu/H-i686-pc-linux-gnu/bin/../lib/gcc/nios2-elf/4.1.2/../../../../nios2-elf/lib/mno-hw-mul/libc.a(lib_a-__atexit.o)
 .comment       0x00000000       0x27 /opt/altera/13.0sp1/nios2eds/bin/gnu/H-i686-pc-linux-gnu/bin/../lib/gcc/nios2-elf/4.1.2/../../../../nios2-elf/lib/mno-hw-mul/libc.a(lib_a-__call_atexit.o)
 .comment       0x00000000       0x27 ../nios2_ht18_Eriksson_keyserlingk_bsp//libhal_bsp.a(alt_exit.o)

.debug
 *(.debug)

.line
 *(.line)

.debug_srcinfo
 *(.debug_srcinfo)

.debug_sfnames
 *(.debug_sfnames)

.debug_aranges  0x00000000      0x8f8
 *(.debug_aranges)
 .debug_aranges
                0x00000000       0x28 ../nios2_ht18_Eriksson_keyserlingk_bsp//obj/HAL/src/crt0.o
 .debug_aranges
                0x00000028       0x20 obj/default/hello_world.o
 .debug_aranges
                0x00000048       0x20 /opt/altera/13.0sp1/nios2eds/bin/gnu/H-i686-pc-linux-gnu/bin/../lib/gcc/nios2-elf/4.1.2/../../../../nios2-elf/lib/mno-hw-mul/libc.a(lib_a-puts.o)
 .debug_aranges
                0x00000068       0x20 /opt/altera/13.0sp1/nios2eds/bin/gnu/H-i686-pc-linux-gnu/bin/../lib/gcc/nios2-elf/4.1.2/../../../../nios2-elf/lib/mno-hw-mul/libc.a(lib_a-strlen.o)
 .debug_aranges
                0x00000088       0x20 /opt/altera/13.0sp1/nios2eds/bin/gnu/H-i686-pc-linux-gnu/bin/../lib/gcc/nios2-elf/4.1.2/../../../../nios2-elf/lib/mno-hw-mul/libc.a(lib_a-fvwrite.o)
 .debug_aranges
                0x000000a8       0x20 /opt/altera/13.0sp1/nios2eds/bin/gnu/H-i686-pc-linux-gnu/bin/../lib/gcc/nios2-elf/4.1.2/../../../../nios2-elf/lib/mno-hw-mul/libc.a(lib_a-mallocr.o)
 .debug_aranges
                0x000000c8       0x20 /opt/altera/13.0sp1/nios2eds/bin/gnu/H-i686-pc-linux-gnu/bin/../lib/gcc/nios2-elf/4.1.2/../../../../nios2-elf/lib/mno-hw-mul/libc.a(lib_a-memchr.o)
 .debug_aranges
                0x000000e8       0x20 /opt/altera/13.0sp1/nios2eds/bin/gnu/H-i686-pc-linux-gnu/bin/../lib/gcc/nios2-elf/4.1.2/../../../../nios2-elf/lib/mno-hw-mul/libc.a(lib_a-memcpy.o)
 .debug_aranges
                0x00000108       0x20 /opt/altera/13.0sp1/nios2eds/bin/gnu/H-i686-pc-linux-gnu/bin/../lib/gcc/nios2-elf/4.1.2/../../../../nios2-elf/lib/mno-hw-mul/libc.a(lib_a-memmove.o)
 .debug_aranges
                0x00000128       0x20 /opt/altera/13.0sp1/nios2eds/bin/gnu/H-i686-pc-linux-gnu/bin/../lib/gcc/nios2-elf/4.1.2/../../../../nios2-elf/lib/mno-hw-mul/libc.a(lib_a-reallocr.o)
 .debug_aranges
                0x00000148       0x20 /opt/altera/13.0sp1/nios2eds/bin/gnu/H-i686-pc-linux-gnu/bin/../lib/gcc/nios2-elf/4.1.2/../../../../nios2-elf/lib/mno-hw-mul/libc.a(lib_a-sbrkr.o)
 .debug_aranges
                0x00000168       0x20 /opt/altera/13.0sp1/nios2eds/bin/gnu/H-i686-pc-linux-gnu/bin/../lib/gcc/nios2-elf/4.1.2/../../../../nios2-elf/lib/mno-hw-mul/libc.a(lib_a-wsetup.o)
 .debug_aranges
                0x00000188       0x20 /opt/altera/13.0sp1/nios2eds/bin/gnu/H-i686-pc-linux-gnu/bin/../lib/gcc/nios2-elf/4.1.2/../../../../nios2-elf/lib/mno-hw-mul/libc.a(lib_a-fflush.o)
 .debug_aranges
                0x000001a8       0x20 /opt/altera/13.0sp1/nios2eds/bin/gnu/H-i686-pc-linux-gnu/bin/../lib/gcc/nios2-elf/4.1.2/../../../../nios2-elf/lib/mno-hw-mul/libc.a(lib_a-findfp.o)
 .debug_aranges
                0x000001c8       0x20 /opt/altera/13.0sp1/nios2eds/bin/gnu/H-i686-pc-linux-gnu/bin/../lib/gcc/nios2-elf/4.1.2/../../../../nios2-elf/lib/mno-hw-mul/libc.a(lib_a-freer.o)
 .debug_aranges
                0x000001e8       0x20 /opt/altera/13.0sp1/nios2eds/bin/gnu/H-i686-pc-linux-gnu/bin/../lib/gcc/nios2-elf/4.1.2/../../../../nios2-elf/lib/mno-hw-mul/libc.a(lib_a-fwalk.o)
 .debug_aranges
                0x00000208       0x20 /opt/altera/13.0sp1/nios2eds/bin/gnu/H-i686-pc-linux-gnu/bin/../lib/gcc/nios2-elf/4.1.2/../../../../nios2-elf/lib/mno-hw-mul/libc.a(lib_a-makebuf.o)
 .debug_aranges
                0x00000228       0x20 /opt/altera/13.0sp1/nios2eds/bin/gnu/H-i686-pc-linux-gnu/bin/../lib/gcc/nios2-elf/4.1.2/../../../../nios2-elf/lib/mno-hw-mul/libc.a(lib_a-memset.o)
 .debug_aranges
                0x00000248       0x20 /opt/altera/13.0sp1/nios2eds/bin/gnu/H-i686-pc-linux-gnu/bin/../lib/gcc/nios2-elf/4.1.2/../../../../nios2-elf/lib/mno-hw-mul/libc.a(lib_a-stdio.o)
 .debug_aranges
                0x00000268       0x20 /opt/altera/13.0sp1/nios2eds/bin/gnu/H-i686-pc-linux-gnu/bin/../lib/gcc/nios2-elf/4.1.2/../../../../nios2-elf/lib/mno-hw-mul/libc.a(lib_a-writer.o)
 .debug_aranges
                0x00000288       0x20 /opt/altera/13.0sp1/nios2eds/bin/gnu/H-i686-pc-linux-gnu/bin/../lib/gcc/nios2-elf/4.1.2/../../../../nios2-elf/lib/mno-hw-mul/libc.a(lib_a-closer.o)
 .debug_aranges
                0x000002a8       0x20 /opt/altera/13.0sp1/nios2eds/bin/gnu/H-i686-pc-linux-gnu/bin/../lib/gcc/nios2-elf/4.1.2/../../../../nios2-elf/lib/mno-hw-mul/libc.a(lib_a-fclose.o)
 .debug_aranges
                0x000002c8       0x20 /opt/altera/13.0sp1/nios2eds/bin/gnu/H-i686-pc-linux-gnu/bin/../lib/gcc/nios2-elf/4.1.2/../../../../nios2-elf/lib/mno-hw-mul/libc.a(lib_a-fstatr.o)
 .debug_aranges
                0x000002e8       0x20 /opt/altera/13.0sp1/nios2eds/bin/gnu/H-i686-pc-linux-gnu/bin/../lib/gcc/nios2-elf/4.1.2/../../../../nios2-elf/lib/mno-hw-mul/libc.a(lib_a-isattyr.o)
 .debug_aranges
                0x00000308       0x20 /opt/altera/13.0sp1/nios2eds/bin/gnu/H-i686-pc-linux-gnu/bin/../lib/gcc/nios2-elf/4.1.2/../../../../nios2-elf/lib/mno-hw-mul/libc.a(lib_a-lseekr.o)
 .debug_aranges
                0x00000328       0x20 /opt/altera/13.0sp1/nios2eds/bin/gnu/H-i686-pc-linux-gnu/bin/../lib/gcc/nios2-elf/4.1.2/../../../../nios2-elf/lib/mno-hw-mul/libc.a(lib_a-readr.o)
 .debug_aranges
                0x00000348       0x20 /opt/altera/13.0sp1/nios2eds/bin/gnu/H-i686-pc-linux-gnu/bin/../lib/gcc/nios2-elf/4.1.2/mno-hw-mul/libgcc.a(lib2-mul.o)
 .debug_aranges
                0x00000368       0x20 ../nios2_ht18_Eriksson_keyserlingk_bsp//libhal_bsp.a(alt_close.o)
 .debug_aranges
                0x00000388       0x20 ../nios2_ht18_Eriksson_keyserlingk_bsp//libhal_bsp.a(alt_dev.o)
 .debug_aranges
                0x000003a8       0x20 ../nios2_ht18_Eriksson_keyserlingk_bsp//libhal_bsp.a(alt_fstat.o)
 .debug_aranges
                0x000003c8       0x20 ../nios2_ht18_Eriksson_keyserlingk_bsp//libhal_bsp.a(alt_isatty.o)
 .debug_aranges
                0x000003e8       0x20 ../nios2_ht18_Eriksson_keyserlingk_bsp//libhal_bsp.a(alt_load.o)
 .debug_aranges
                0x00000408       0x20 ../nios2_ht18_Eriksson_keyserlingk_bsp//libhal_bsp.a(alt_lseek.o)
 .debug_aranges
                0x00000428       0x20 ../nios2_ht18_Eriksson_keyserlingk_bsp//libhal_bsp.a(alt_main.o)
 .debug_aranges
                0x00000448       0x20 ../nios2_ht18_Eriksson_keyserlingk_bsp//libhal_bsp.a(alt_malloc_lock.o)
 .debug_aranges
                0x00000468       0x20 ../nios2_ht18_Eriksson_keyserlingk_bsp//libhal_bsp.a(alt_read.o)
 .debug_aranges
                0x00000488       0x20 ../nios2_ht18_Eriksson_keyserlingk_bsp//libhal_bsp.a(alt_release_fd.o)
 .debug_aranges
                0x000004a8       0x20 ../nios2_ht18_Eriksson_keyserlingk_bsp//libhal_bsp.a(alt_sbrk.o)
 .debug_aranges
                0x000004c8       0x20 ../nios2_ht18_Eriksson_keyserlingk_bsp//libhal_bsp.a(alt_write.o)
 .debug_aranges
                0x000004e8       0x20 ../nios2_ht18_Eriksson_keyserlingk_bsp//libhal_bsp.a(alt_sys_init.o)
 .debug_aranges
                0x00000508       0x20 ../nios2_ht18_Eriksson_keyserlingk_bsp//libhal_bsp.a(altera_avalon_jtag_uart_fd.o)
 .debug_aranges
                0x00000528       0x20 ../nios2_ht18_Eriksson_keyserlingk_bsp//libhal_bsp.a(altera_avalon_jtag_uart_init.o)
 .debug_aranges
                0x00000548       0x20 ../nios2_ht18_Eriksson_keyserlingk_bsp//libhal_bsp.a(altera_avalon_jtag_uart_ioctl.o)
 .debug_aranges
                0x00000568       0x20 ../nios2_ht18_Eriksson_keyserlingk_bsp//libhal_bsp.a(altera_avalon_jtag_uart_read.o)
 .debug_aranges
                0x00000588       0x20 ../nios2_ht18_Eriksson_keyserlingk_bsp//libhal_bsp.a(altera_avalon_jtag_uart_write.o)
 .debug_aranges
                0x000005a8       0x20 ../nios2_ht18_Eriksson_keyserlingk_bsp//libhal_bsp.a(altera_avalon_timer_sc.o)
 .debug_aranges
                0x000005c8       0x20 ../nios2_ht18_Eriksson_keyserlingk_bsp//libhal_bsp.a(alt_alarm_start.o)
 .debug_aranges
                0x000005e8       0x20 ../nios2_ht18_Eriksson_keyserlingk_bsp//libhal_bsp.a(alt_dcache_flush_all.o)
 .debug_aranges
                0x00000608       0x20 ../nios2_ht18_Eriksson_keyserlingk_bsp//libhal_bsp.a(alt_dev_llist_insert.o)
 .debug_aranges
                0x00000628       0x20 ../nios2_ht18_Eriksson_keyserlingk_bsp//libhal_bsp.a(alt_do_ctors.o)
 .debug_aranges
                0x00000648       0x20 ../nios2_ht18_Eriksson_keyserlingk_bsp//libhal_bsp.a(alt_do_dtors.o)
 .debug_aranges
                0x00000668       0x20 ../nios2_ht18_Eriksson_keyserlingk_bsp//libhal_bsp.a(alt_icache_flush_all.o)
 .debug_aranges
                0x00000688       0x20 ../nios2_ht18_Eriksson_keyserlingk_bsp//libhal_bsp.a(alt_iic.o)
 .debug_aranges
                0x000006a8       0x20 ../nios2_ht18_Eriksson_keyserlingk_bsp//libhal_bsp.a(alt_iic_isr_register.o)
 .debug_aranges
                0x000006c8       0x20 ../nios2_ht18_Eriksson_keyserlingk_bsp//libhal_bsp.a(alt_io_redirect.o)
 .debug_aranges
                0x000006e8       0x30 ../nios2_ht18_Eriksson_keyserlingk_bsp//libhal_bsp.a(alt_irq_entry.o)
 .debug_aranges
                0x00000718       0x28 ../nios2_ht18_Eriksson_keyserlingk_bsp//libhal_bsp.a(alt_irq_handler.o)
 .debug_aranges
                0x00000740       0x20 ../nios2_ht18_Eriksson_keyserlingk_bsp//libhal_bsp.a(alt_open.o)
 .debug_aranges
                0x00000760       0x20 ../nios2_ht18_Eriksson_keyserlingk_bsp//libhal_bsp.a(alt_tick.o)
 .debug_aranges
                0x00000780       0x20 ../nios2_ht18_Eriksson_keyserlingk_bsp//libhal_bsp.a(altera_nios2_qsys_irq.o)
 .debug_aranges
                0x000007a0       0x38 ../nios2_ht18_Eriksson_keyserlingk_bsp//libhal_bsp.a(alt_exception_entry.o)
 .debug_aranges
                0x000007d8       0x20 ../nios2_ht18_Eriksson_keyserlingk_bsp//libhal_bsp.a(alt_find_dev.o)
 .debug_aranges
                0x000007f8       0x20 ../nios2_ht18_Eriksson_keyserlingk_bsp//libhal_bsp.a(alt_find_file.o)
 .debug_aranges
                0x00000818       0x20 ../nios2_ht18_Eriksson_keyserlingk_bsp//libhal_bsp.a(alt_get_fd.o)
 .debug_aranges
                0x00000838       0x20 /opt/altera/13.0sp1/nios2eds/bin/gnu/H-i686-pc-linux-gnu/bin/../lib/gcc/nios2-elf/4.1.2/../../../../nios2-elf/lib/mno-hw-mul/libc.a(lib_a-atexit.o)
 .debug_aranges
                0x00000858       0x20 /opt/altera/13.0sp1/nios2eds/bin/gnu/H-i686-pc-linux-gnu/bin/../lib/gcc/nios2-elf/4.1.2/../../../../nios2-elf/lib/mno-hw-mul/libc.a(lib_a-exit.o)
 .debug_aranges
                0x00000878       0x20 /opt/altera/13.0sp1/nios2eds/bin/gnu/H-i686-pc-linux-gnu/bin/../lib/gcc/nios2-elf/4.1.2/../../../../nios2-elf/lib/mno-hw-mul/libc.a(lib_a-memcmp.o)
 .debug_aranges
                0x00000898       0x20 /opt/altera/13.0sp1/nios2eds/bin/gnu/H-i686-pc-linux-gnu/bin/../lib/gcc/nios2-elf/4.1.2/../../../../nios2-elf/lib/mno-hw-mul/libc.a(lib_a-__atexit.o)
 .debug_aranges
                0x000008b8       0x20 /opt/altera/13.0sp1/nios2eds/bin/gnu/H-i686-pc-linux-gnu/bin/../lib/gcc/nios2-elf/4.1.2/../../../../nios2-elf/lib/mno-hw-mul/libc.a(lib_a-__call_atexit.o)
 .debug_aranges
                0x000008d8       0x20 ../nios2_ht18_Eriksson_keyserlingk_bsp//libhal_bsp.a(alt_exit.o)

.debug_pubnames
                0x00000000      0xd9b
 *(.debug_pubnames)
 .debug_pubnames
                0x00000000       0x1b obj/default/hello_world.o
 .debug_pubnames
                0x0000001b       0x27 /opt/altera/13.0sp1/nios2eds/bin/gnu/H-i686-pc-linux-gnu/bin/../lib/gcc/nios2-elf/4.1.2/../../../../nios2-elf/lib/mno-hw-mul/libc.a(lib_a-puts.o)
 .debug_pubnames
                0x00000042       0x1d /opt/altera/13.0sp1/nios2eds/bin/gnu/H-i686-pc-linux-gnu/bin/../lib/gcc/nios2-elf/4.1.2/../../../../nios2-elf/lib/mno-hw-mul/libc.a(lib_a-strlen.o)
 .debug_pubnames
                0x0000005f       0x23 /opt/altera/13.0sp1/nios2eds/bin/gnu/H-i686-pc-linux-gnu/bin/../lib/gcc/nios2-elf/4.1.2/../../../../nios2-elf/lib/mno-hw-mul/libc.a(lib_a-fvwrite.o)
 .debug_pubnames
                0x00000082       0x39 /opt/altera/13.0sp1/nios2eds/bin/gnu/H-i686-pc-linux-gnu/bin/../lib/gcc/nios2-elf/4.1.2/../../../../nios2-elf/lib/mno-hw-mul/libc.a(lib_a-impure.o)
 .debug_pubnames
                0x000000bb       0xce /opt/altera/13.0sp1/nios2eds/bin/gnu/H-i686-pc-linux-gnu/bin/../lib/gcc/nios2-elf/4.1.2/../../../../nios2-elf/lib/mno-hw-mul/libc.a(lib_a-mallocr.o)
 .debug_pubnames
                0x00000189       0x1d /opt/altera/13.0sp1/nios2eds/bin/gnu/H-i686-pc-linux-gnu/bin/../lib/gcc/nios2-elf/4.1.2/../../../../nios2-elf/lib/mno-hw-mul/libc.a(lib_a-memchr.o)
 .debug_pubnames
                0x000001a6       0x1d /opt/altera/13.0sp1/nios2eds/bin/gnu/H-i686-pc-linux-gnu/bin/../lib/gcc/nios2-elf/4.1.2/../../../../nios2-elf/lib/mno-hw-mul/libc.a(lib_a-memcpy.o)
 .debug_pubnames
                0x000001c3       0x1e /opt/altera/13.0sp1/nios2eds/bin/gnu/H-i686-pc-linux-gnu/bin/../lib/gcc/nios2-elf/4.1.2/../../../../nios2-elf/lib/mno-hw-mul/libc.a(lib_a-memmove.o)
 .debug_pubnames
                0x000001e1       0x21 /opt/altera/13.0sp1/nios2eds/bin/gnu/H-i686-pc-linux-gnu/bin/../lib/gcc/nios2-elf/4.1.2/../../../../nios2-elf/lib/mno-hw-mul/libc.a(lib_a-reallocr.o)
 .debug_pubnames
                0x00000202       0x1e /opt/altera/13.0sp1/nios2eds/bin/gnu/H-i686-pc-linux-gnu/bin/../lib/gcc/nios2-elf/4.1.2/../../../../nios2-elf/lib/mno-hw-mul/libc.a(lib_a-sbrkr.o)
 .debug_pubnames
                0x00000220       0x22 /opt/altera/13.0sp1/nios2eds/bin/gnu/H-i686-pc-linux-gnu/bin/../lib/gcc/nios2-elf/4.1.2/../../../../nios2-elf/lib/mno-hw-mul/libc.a(lib_a-wsetup.o)
 .debug_pubnames
                0x00000242       0x2b /opt/altera/13.0sp1/nios2eds/bin/gnu/H-i686-pc-linux-gnu/bin/../lib/gcc/nios2-elf/4.1.2/../../../../nios2-elf/lib/mno-hw-mul/libc.a(lib_a-fflush.o)
 .debug_pubnames
                0x0000026d       0xdb /opt/altera/13.0sp1/nios2eds/bin/gnu/H-i686-pc-linux-gnu/bin/../lib/gcc/nios2-elf/4.1.2/../../../../nios2-elf/lib/mno-hw-mul/libc.a(lib_a-findfp.o)
 .debug_pubnames
                0x00000348       0x31 /opt/altera/13.0sp1/nios2eds/bin/gnu/H-i686-pc-linux-gnu/bin/../lib/gcc/nios2-elf/4.1.2/../../../../nios2-elf/lib/mno-hw-mul/libc.a(lib_a-freer.o)
 .debug_pubnames
                0x00000379       0x2e /opt/altera/13.0sp1/nios2eds/bin/gnu/H-i686-pc-linux-gnu/bin/../lib/gcc/nios2-elf/4.1.2/../../../../nios2-elf/lib/mno-hw-mul/libc.a(lib_a-fwalk.o)
 .debug_pubnames
                0x000003a7       0x1c /opt/altera/13.0sp1/nios2eds/bin/gnu/H-i686-pc-linux-gnu/bin/../lib/gcc/nios2-elf/4.1.2/../../../../nios2-elf/lib/mno-hw-mul/libc.a(lib_a-int_errno.o)
 .debug_pubnames
                0x000003c3       0x23 /opt/altera/13.0sp1/nios2eds/bin/gnu/H-i686-pc-linux-gnu/bin/../lib/gcc/nios2-elf/4.1.2/../../../../nios2-elf/lib/mno-hw-mul/libc.a(lib_a-makebuf.o)
 .debug_pubnames
                0x000003e6       0x1d /opt/altera/13.0sp1/nios2eds/bin/gnu/H-i686-pc-linux-gnu/bin/../lib/gcc/nios2-elf/4.1.2/../../../../nios2-elf/lib/mno-hw-mul/libc.a(lib_a-memset.o)
 .debug_pubnames
                0x00000403       0x44 /opt/altera/13.0sp1/nios2eds/bin/gnu/H-i686-pc-linux-gnu/bin/../lib/gcc/nios2-elf/4.1.2/../../../../nios2-elf/lib/mno-hw-mul/libc.a(lib_a-stdio.o)
 .debug_pubnames
                0x00000447       0x1f /opt/altera/13.0sp1/nios2eds/bin/gnu/H-i686-pc-linux-gnu/bin/../lib/gcc/nios2-elf/4.1.2/../../../../nios2-elf/lib/mno-hw-mul/libc.a(lib_a-writer.o)
 .debug_pubnames
                0x00000466       0x1f /opt/altera/13.0sp1/nios2eds/bin/gnu/H-i686-pc-linux-gnu/bin/../lib/gcc/nios2-elf/4.1.2/../../../../nios2-elf/lib/mno-hw-mul/libc.a(lib_a-closer.o)
 .debug_pubnames
                0x00000485       0x2b /opt/altera/13.0sp1/nios2eds/bin/gnu/H-i686-pc-linux-gnu/bin/../lib/gcc/nios2-elf/4.1.2/../../../../nios2-elf/lib/mno-hw-mul/libc.a(lib_a-fclose.o)
 .debug_pubnames
                0x000004b0       0x1f /opt/altera/13.0sp1/nios2eds/bin/gnu/H-i686-pc-linux-gnu/bin/../lib/gcc/nios2-elf/4.1.2/../../../../nios2-elf/lib/mno-hw-mul/libc.a(lib_a-fstatr.o)
 .debug_pubnames
                0x000004cf       0x20 /opt/altera/13.0sp1/nios2eds/bin/gnu/H-i686-pc-linux-gnu/bin/../lib/gcc/nios2-elf/4.1.2/../../../../nios2-elf/lib/mno-hw-mul/libc.a(lib_a-isattyr.o)
 .debug_pubnames
                0x000004ef       0x1f /opt/altera/13.0sp1/nios2eds/bin/gnu/H-i686-pc-linux-gnu/bin/../lib/gcc/nios2-elf/4.1.2/../../../../nios2-elf/lib/mno-hw-mul/libc.a(lib_a-lseekr.o)
 .debug_pubnames
                0x0000050e       0x1e /opt/altera/13.0sp1/nios2eds/bin/gnu/H-i686-pc-linux-gnu/bin/../lib/gcc/nios2-elf/4.1.2/../../../../nios2-elf/lib/mno-hw-mul/libc.a(lib_a-readr.o)
 .debug_pubnames
                0x0000052c       0x1f /opt/altera/13.0sp1/nios2eds/bin/gnu/H-i686-pc-linux-gnu/bin/../lib/gcc/nios2-elf/4.1.2/mno-hw-mul/libgcc.a(lib2-mul.o)
 .debug_pubnames
                0x0000054b       0x1c ../nios2_ht18_Eriksson_keyserlingk_bsp//libhal_bsp.a(alt_close.o)
 .debug_pubnames
                0x00000567       0x63 ../nios2_ht18_Eriksson_keyserlingk_bsp//libhal_bsp.a(alt_dev.o)
 .debug_pubnames
                0x000005ca       0x20 ../nios2_ht18_Eriksson_keyserlingk_bsp//libhal_bsp.a(alt_errno.o)
 .debug_pubnames
                0x000005ea       0x1c ../nios2_ht18_Eriksson_keyserlingk_bsp//libhal_bsp.a(alt_fstat.o)
 .debug_pubnames
                0x00000606       0x1d ../nios2_ht18_Eriksson_keyserlingk_bsp//libhal_bsp.a(alt_isatty.o)
 .debug_pubnames
                0x00000623       0x1f ../nios2_ht18_Eriksson_keyserlingk_bsp//libhal_bsp.a(alt_load.o)
 .debug_pubnames
                0x00000642       0x1c ../nios2_ht18_Eriksson_keyserlingk_bsp//libhal_bsp.a(alt_lseek.o)
 .debug_pubnames
                0x0000065e       0x46 ../nios2_ht18_Eriksson_keyserlingk_bsp//libhal_bsp.a(alt_main.o)
 .debug_pubnames
                0x000006a4       0x38 ../nios2_ht18_Eriksson_keyserlingk_bsp//libhal_bsp.a(alt_malloc_lock.o)
 .debug_pubnames
                0x000006dc       0x1b ../nios2_ht18_Eriksson_keyserlingk_bsp//libhal_bsp.a(alt_read.o)
 .debug_pubnames
                0x000006f7       0x25 ../nios2_ht18_Eriksson_keyserlingk_bsp//libhal_bsp.a(alt_release_fd.o)
 .debug_pubnames
                0x0000071c       0x1b ../nios2_ht18_Eriksson_keyserlingk_bsp//libhal_bsp.a(alt_sbrk.o)
 .debug_pubnames
                0x00000737       0x1c ../nios2_ht18_Eriksson_keyserlingk_bsp//libhal_bsp.a(alt_write.o)
 .debug_pubnames
                0x00000753       0x34 ../nios2_ht18_Eriksson_keyserlingk_bsp//libhal_bsp.a(alt_sys_init.o)
 .debug_pubnames
                0x00000787       0xa5 ../nios2_ht18_Eriksson_keyserlingk_bsp//libhal_bsp.a(altera_avalon_jtag_uart_fd.o)
 .debug_pubnames
                0x0000082c       0x55 ../nios2_ht18_Eriksson_keyserlingk_bsp//libhal_bsp.a(altera_avalon_jtag_uart_init.o)
 .debug_pubnames
                0x00000881       0x34 ../nios2_ht18_Eriksson_keyserlingk_bsp//libhal_bsp.a(altera_avalon_jtag_uart_ioctl.o)
 .debug_pubnames
                0x000008b5       0x33 ../nios2_ht18_Eriksson_keyserlingk_bsp//libhal_bsp.a(altera_avalon_jtag_uart_read.o)
 .debug_pubnames
                0x000008e8       0x34 ../nios2_ht18_Eriksson_keyserlingk_bsp//libhal_bsp.a(altera_avalon_jtag_uart_write.o)
 .debug_pubnames
                0x0000091c       0x2f ../nios2_ht18_Eriksson_keyserlingk_bsp//libhal_bsp.a(altera_avalon_timer_sc.o)
 .debug_pubnames
                0x0000094b       0x52 ../nios2_ht18_Eriksson_keyserlingk_bsp//libhal_bsp.a(altera_avalon_timer_vars.o)
 .debug_pubnames
                0x0000099d       0x26 ../nios2_ht18_Eriksson_keyserlingk_bsp//libhal_bsp.a(alt_alarm_start.o)
 .debug_pubnames
                0x000009c3       0x2b ../nios2_ht18_Eriksson_keyserlingk_bsp//libhal_bsp.a(alt_dcache_flush_all.o)
 .debug_pubnames
                0x000009ee       0x2b ../nios2_ht18_Eriksson_keyserlingk_bsp//libhal_bsp.a(alt_dev_llist_insert.o)
 .debug_pubnames
                0x00000a19       0x20 ../nios2_ht18_Eriksson_keyserlingk_bsp//libhal_bsp.a(alt_do_ctors.o)
 .debug_pubnames
                0x00000a39       0x20 ../nios2_ht18_Eriksson_keyserlingk_bsp//libhal_bsp.a(alt_do_dtors.o)
 .debug_pubnames
                0x00000a59       0x2b ../nios2_ht18_Eriksson_keyserlingk_bsp//libhal_bsp.a(alt_icache_flush_all.o)
 .debug_pubnames
                0x00000a84       0x6e ../nios2_ht18_Eriksson_keyserlingk_bsp//libhal_bsp.a(alt_iic.o)
 .debug_pubnames
                0x00000af2       0x2b ../nios2_ht18_Eriksson_keyserlingk_bsp//libhal_bsp.a(alt_iic_isr_register.o)
 .debug_pubnames
                0x00000b1d       0x26 ../nios2_ht18_Eriksson_keyserlingk_bsp//libhal_bsp.a(alt_io_redirect.o)
 .debug_pubnames
                0x00000b43       0x32 ../nios2_ht18_Eriksson_keyserlingk_bsp//libhal_bsp.a(alt_irq_handler.o)
 .debug_pubnames
                0x00000b75       0x3b ../nios2_ht18_Eriksson_keyserlingk_bsp//libhal_bsp.a(alt_irq_vars.o)
 .debug_pubnames
                0x00000bb0       0x1b ../nios2_ht18_Eriksson_keyserlingk_bsp//libhal_bsp.a(alt_open.o)
 .debug_pubnames
                0x00000bcb       0x68 ../nios2_ht18_Eriksson_keyserlingk_bsp//libhal_bsp.a(alt_tick.o)
 .debug_pubnames
                0x00000c33       0x31 ../nios2_ht18_Eriksson_keyserlingk_bsp//libhal_bsp.a(altera_nios2_qsys_irq.o)
 .debug_pubnames
                0x00000c64       0x23 ../nios2_ht18_Eriksson_keyserlingk_bsp//libhal_bsp.a(alt_find_dev.o)
 .debug_pubnames
                0x00000c87       0x24 ../nios2_ht18_Eriksson_keyserlingk_bsp//libhal_bsp.a(alt_find_file.o)
 .debug_pubnames
                0x00000cab       0x21 ../nios2_ht18_Eriksson_keyserlingk_bsp//libhal_bsp.a(alt_get_fd.o)
 .debug_pubnames
                0x00000ccc       0x2a /opt/altera/13.0sp1/nios2eds/bin/gnu/H-i686-pc-linux-gnu/bin/../lib/gcc/nios2-elf/4.1.2/../../../../nios2-elf/lib/mno-hw-mul/libc.a(lib_a-atexit.o)
 .debug_pubnames
                0x00000cf6       0x1b /opt/altera/13.0sp1/nios2eds/bin/gnu/H-i686-pc-linux-gnu/bin/../lib/gcc/nios2-elf/4.1.2/../../../../nios2-elf/lib/mno-hw-mul/libc.a(lib_a-exit.o)
 .debug_pubnames
                0x00000d11       0x1d /opt/altera/13.0sp1/nios2eds/bin/gnu/H-i686-pc-linux-gnu/bin/../lib/gcc/nios2-elf/4.1.2/../../../../nios2-elf/lib/mno-hw-mul/libc.a(lib_a-memcmp.o)
 .debug_pubnames
                0x00000d2e       0x2a /opt/altera/13.0sp1/nios2eds/bin/gnu/H-i686-pc-linux-gnu/bin/../lib/gcc/nios2-elf/4.1.2/../../../../nios2-elf/lib/mno-hw-mul/libc.a(lib_a-__atexit.o)
 .debug_pubnames
                0x00000d58       0x27 /opt/altera/13.0sp1/nios2eds/bin/gnu/H-i686-pc-linux-gnu/bin/../lib/gcc/nios2-elf/4.1.2/../../../../nios2-elf/lib/mno-hw-mul/libc.a(lib_a-__call_atexit.o)
 .debug_pubnames
                0x00000d7f       0x1c ../nios2_ht18_Eriksson_keyserlingk_bsp//libhal_bsp.a(alt_exit.o)

.debug_info     0x00000000    0x1a173
 *(.debug_info .gnu.linkonce.wi.*)
 .debug_info    0x00000000       0xa6 ../nios2_ht18_Eriksson_keyserlingk_bsp//obj/HAL/src/crt0.o
 .debug_info    0x000000a6      0x165 obj/default/hello_world.o
 .debug_info    0x0000020b      0xa25 /opt/altera/13.0sp1/nios2eds/bin/gnu/H-i686-pc-linux-gnu/bin/../lib/gcc/nios2-elf/4.1.2/../../../../nios2-elf/lib/mno-hw-mul/libc.a(lib_a-puts.o)
 .debug_info    0x00000c30       0xdb /opt/altera/13.0sp1/nios2eds/bin/gnu/H-i686-pc-linux-gnu/bin/../lib/gcc/nios2-elf/4.1.2/../../../../nios2-elf/lib/mno-hw-mul/libc.a(lib_a-strlen.o)
 .debug_info    0x00000d0b      0xa88 /opt/altera/13.0sp1/nios2eds/bin/gnu/H-i686-pc-linux-gnu/bin/../lib/gcc/nios2-elf/4.1.2/../../../../nios2-elf/lib/mno-hw-mul/libc.a(lib_a-fvwrite.o)
 .debug_info    0x00001793      0x93d /opt/altera/13.0sp1/nios2eds/bin/gnu/H-i686-pc-linux-gnu/bin/../lib/gcc/nios2-elf/4.1.2/../../../../nios2-elf/lib/mno-hw-mul/libc.a(lib_a-impure.o)
 .debug_info    0x000020d0      0xcd0 /opt/altera/13.0sp1/nios2eds/bin/gnu/H-i686-pc-linux-gnu/bin/../lib/gcc/nios2-elf/4.1.2/../../../../nios2-elf/lib/mno-hw-mul/libc.a(lib_a-mallocr.o)
 .debug_info    0x00002da0      0x138 /opt/altera/13.0sp1/nios2eds/bin/gnu/H-i686-pc-linux-gnu/bin/../lib/gcc/nios2-elf/4.1.2/../../../../nios2-elf/lib/mno-hw-mul/libc.a(lib_a-memchr.o)
 .debug_info    0x00002ed8      0x106 /opt/altera/13.0sp1/nios2eds/bin/gnu/H-i686-pc-linux-gnu/bin/../lib/gcc/nios2-elf/4.1.2/../../../../nios2-elf/lib/mno-hw-mul/libc.a(lib_a-memcpy.o)
 .debug_info    0x00002fde      0x13e /opt/altera/13.0sp1/nios2eds/bin/gnu/H-i686-pc-linux-gnu/bin/../lib/gcc/nios2-elf/4.1.2/../../../../nios2-elf/lib/mno-hw-mul/libc.a(lib_a-memmove.o)
 .debug_info    0x0000311c      0xbd7 /opt/altera/13.0sp1/nios2eds/bin/gnu/H-i686-pc-linux-gnu/bin/../lib/gcc/nios2-elf/4.1.2/../../../../nios2-elf/lib/mno-hw-mul/libc.a(lib_a-reallocr.o)
 .debug_info    0x00003cf3      0x962 /opt/altera/13.0sp1/nios2eds/bin/gnu/H-i686-pc-linux-gnu/bin/../lib/gcc/nios2-elf/4.1.2/../../../../nios2-elf/lib/mno-hw-mul/libc.a(lib_a-sbrkr.o)
 .debug_info    0x00004655      0x95d /opt/altera/13.0sp1/nios2eds/bin/gnu/H-i686-pc-linux-gnu/bin/../lib/gcc/nios2-elf/4.1.2/../../../../nios2-elf/lib/mno-hw-mul/libc.a(lib_a-wsetup.o)
 .debug_info    0x00004fb2      0x9fe /opt/altera/13.0sp1/nios2eds/bin/gnu/H-i686-pc-linux-gnu/bin/../lib/gcc/nios2-elf/4.1.2/../../../../nios2-elf/lib/mno-hw-mul/libc.a(lib_a-fflush.o)
 .debug_info    0x000059b0      0xb72 /opt/altera/13.0sp1/nios2eds/bin/gnu/H-i686-pc-linux-gnu/bin/../lib/gcc/nios2-elf/4.1.2/../../../../nios2-elf/lib/mno-hw-mul/libc.a(lib_a-findfp.o)
 .debug_info    0x00006522      0xbc9 /opt/altera/13.0sp1/nios2eds/bin/gnu/H-i686-pc-linux-gnu/bin/../lib/gcc/nios2-elf/4.1.2/../../../../nios2-elf/lib/mno-hw-mul/libc.a(lib_a-freer.o)
 .debug_info    0x000070eb      0xaed /opt/altera/13.0sp1/nios2eds/bin/gnu/H-i686-pc-linux-gnu/bin/../lib/gcc/nios2-elf/4.1.2/../../../../nios2-elf/lib/mno-hw-mul/libc.a(lib_a-fwalk.o)
 .debug_info    0x00007bd8       0x8c /opt/altera/13.0sp1/nios2eds/bin/gnu/H-i686-pc-linux-gnu/bin/../lib/gcc/nios2-elf/4.1.2/../../../../nios2-elf/lib/mno-hw-mul/libc.a(lib_a-int_errno.o)
 .debug_info    0x00007c64      0xb1a /opt/altera/13.0sp1/nios2eds/bin/gnu/H-i686-pc-linux-gnu/bin/../lib/gcc/nios2-elf/4.1.2/../../../../nios2-elf/lib/mno-hw-mul/libc.a(lib_a-makebuf.o)
 .debug_info    0x0000877e      0x113 /opt/altera/13.0sp1/nios2eds/bin/gnu/H-i686-pc-linux-gnu/bin/../lib/gcc/nios2-elf/4.1.2/../../../../nios2-elf/lib/mno-hw-mul/libc.a(lib_a-memset.o)
 .debug_info    0x00008891      0xaac /opt/altera/13.0sp1/nios2eds/bin/gnu/H-i686-pc-linux-gnu/bin/../lib/gcc/nios2-elf/4.1.2/../../../../nios2-elf/lib/mno-hw-mul/libc.a(lib_a-stdio.o)
 .debug_info    0x0000933d      0x993 /opt/altera/13.0sp1/nios2eds/bin/gnu/H-i686-pc-linux-gnu/bin/../lib/gcc/nios2-elf/4.1.2/../../../../nios2-elf/lib/mno-hw-mul/libc.a(lib_a-writer.o)
 .debug_info    0x00009cd0      0x958 /opt/altera/13.0sp1/nios2eds/bin/gnu/H-i686-pc-linux-gnu/bin/../lib/gcc/nios2-elf/4.1.2/../../../../nios2-elf/lib/mno-hw-mul/libc.a(lib_a-closer.o)
 .debug_info    0x0000a628      0x994 /opt/altera/13.0sp1/nios2eds/bin/gnu/H-i686-pc-linux-gnu/bin/../lib/gcc/nios2-elf/4.1.2/../../../../nios2-elf/lib/mno-hw-mul/libc.a(lib_a-fclose.o)
 .debug_info    0x0000afbc      0xafc /opt/altera/13.0sp1/nios2eds/bin/gnu/H-i686-pc-linux-gnu/bin/../lib/gcc/nios2-elf/4.1.2/../../../../nios2-elf/lib/mno-hw-mul/libc.a(lib_a-fstatr.o)
 .debug_info    0x0000bab8      0x958 /opt/altera/13.0sp1/nios2eds/bin/gnu/H-i686-pc-linux-gnu/bin/../lib/gcc/nios2-elf/4.1.2/../../../../nios2-elf/lib/mno-hw-mul/libc.a(lib_a-isattyr.o)
 .debug_info    0x0000c410      0x981 /opt/altera/13.0sp1/nios2eds/bin/gnu/H-i686-pc-linux-gnu/bin/../lib/gcc/nios2-elf/4.1.2/../../../../nios2-elf/lib/mno-hw-mul/libc.a(lib_a-lseekr.o)
 .debug_info    0x0000cd91      0x98c /opt/altera/13.0sp1/nios2eds/bin/gnu/H-i686-pc-linux-gnu/bin/../lib/gcc/nios2-elf/4.1.2/../../../../nios2-elf/lib/mno-hw-mul/libc.a(lib_a-readr.o)
 .debug_info    0x0000d71d       0xf3 /opt/altera/13.0sp1/nios2eds/bin/gnu/H-i686-pc-linux-gnu/bin/../lib/gcc/nios2-elf/4.1.2/mno-hw-mul/libgcc.a(lib2-mul.o)
 .debug_info    0x0000d810      0x492 ../nios2_ht18_Eriksson_keyserlingk_bsp//libhal_bsp.a(alt_close.o)
 .debug_info    0x0000dca2      0x6aa ../nios2_ht18_Eriksson_keyserlingk_bsp//libhal_bsp.a(alt_dev.o)
 .debug_info    0x0000e34c      0x18f ../nios2_ht18_Eriksson_keyserlingk_bsp//libhal_bsp.a(alt_errno.o)
 .debug_info    0x0000e4db      0x68b ../nios2_ht18_Eriksson_keyserlingk_bsp//libhal_bsp.a(alt_fstat.o)
 .debug_info    0x0000eb66      0x691 ../nios2_ht18_Eriksson_keyserlingk_bsp//libhal_bsp.a(alt_isatty.o)
 .debug_info    0x0000f1f7      0x2b8 ../nios2_ht18_Eriksson_keyserlingk_bsp//libhal_bsp.a(alt_load.o)
 .debug_info    0x0000f4af      0x4c5 ../nios2_ht18_Eriksson_keyserlingk_bsp//libhal_bsp.a(alt_lseek.o)
 .debug_info    0x0000f974      0x250 ../nios2_ht18_Eriksson_keyserlingk_bsp//libhal_bsp.a(alt_main.o)
 .debug_info    0x0000fbc4      0xc43 ../nios2_ht18_Eriksson_keyserlingk_bsp//libhal_bsp.a(alt_malloc_lock.o)
 .debug_info    0x00010807      0x6b5 ../nios2_ht18_Eriksson_keyserlingk_bsp//libhal_bsp.a(alt_read.o)
 .debug_info    0x00010ebc      0x41d ../nios2_ht18_Eriksson_keyserlingk_bsp//libhal_bsp.a(alt_release_fd.o)
 .debug_info    0x000112d9      0x2e2 ../nios2_ht18_Eriksson_keyserlingk_bsp//libhal_bsp.a(alt_sbrk.o)
 .debug_info    0x000115bb      0x6be ../nios2_ht18_Eriksson_keyserlingk_bsp//libhal_bsp.a(alt_write.o)
 .debug_info    0x00011c79      0x74d ../nios2_ht18_Eriksson_keyserlingk_bsp//libhal_bsp.a(alt_sys_init.o)
 .debug_info    0x000123c6      0x804 ../nios2_ht18_Eriksson_keyserlingk_bsp//libhal_bsp.a(altera_avalon_jtag_uart_fd.o)
 .debug_info    0x00012bca      0x62c ../nios2_ht18_Eriksson_keyserlingk_bsp//libhal_bsp.a(altera_avalon_jtag_uart_init.o)
 .debug_info    0x000131f6      0x46e ../nios2_ht18_Eriksson_keyserlingk_bsp//libhal_bsp.a(altera_avalon_jtag_uart_ioctl.o)
 .debug_info    0x00013664      0x571 ../nios2_ht18_Eriksson_keyserlingk_bsp//libhal_bsp.a(altera_avalon_jtag_uart_read.o)
 .debug_info    0x00013bd5      0x569 ../nios2_ht18_Eriksson_keyserlingk_bsp//libhal_bsp.a(altera_avalon_jtag_uart_write.o)
 .debug_info    0x0001413e      0x3b6 ../nios2_ht18_Eriksson_keyserlingk_bsp//libhal_bsp.a(altera_avalon_timer_sc.o)
 .debug_info    0x000144f4      0x232 ../nios2_ht18_Eriksson_keyserlingk_bsp//libhal_bsp.a(altera_avalon_timer_vars.o)
 .debug_info    0x00014726      0x46d ../nios2_ht18_Eriksson_keyserlingk_bsp//libhal_bsp.a(alt_alarm_start.o)
 .debug_info    0x00014b93      0x187 ../nios2_ht18_Eriksson_keyserlingk_bsp//libhal_bsp.a(alt_dcache_flush_all.o)
 .debug_info    0x00014d1a      0x2e2 ../nios2_ht18_Eriksson_keyserlingk_bsp//libhal_bsp.a(alt_dev_llist_insert.o)
 .debug_info    0x00014ffc      0x13a ../nios2_ht18_Eriksson_keyserlingk_bsp//libhal_bsp.a(alt_do_ctors.o)
 .debug_info    0x00015136      0x139 ../nios2_ht18_Eriksson_keyserlingk_bsp//libhal_bsp.a(alt_do_dtors.o)
 .debug_info    0x0001526f      0x187 ../nios2_ht18_Eriksson_keyserlingk_bsp//libhal_bsp.a(alt_icache_flush_all.o)
 .debug_info    0x000153f6      0x4be ../nios2_ht18_Eriksson_keyserlingk_bsp//libhal_bsp.a(alt_iic.o)
 .debug_info    0x000158b4      0x33f ../nios2_ht18_Eriksson_keyserlingk_bsp//libhal_bsp.a(alt_iic_isr_register.o)
 .debug_info    0x00015bf3      0x6c0 ../nios2_ht18_Eriksson_keyserlingk_bsp//libhal_bsp.a(alt_io_redirect.o)
 .debug_info    0x000162b3       0xaf ../nios2_ht18_Eriksson_keyserlingk_bsp//libhal_bsp.a(alt_irq_entry.o)
 .debug_info    0x00016362      0x2a0 ../nios2_ht18_Eriksson_keyserlingk_bsp//libhal_bsp.a(alt_irq_handler.o)
 .debug_info    0x00016602      0x192 ../nios2_ht18_Eriksson_keyserlingk_bsp//libhal_bsp.a(alt_irq_vars.o)
 .debug_info    0x00016794      0x550 ../nios2_ht18_Eriksson_keyserlingk_bsp//libhal_bsp.a(alt_open.o)
 .debug_info    0x00016ce4      0x429 ../nios2_ht18_Eriksson_keyserlingk_bsp//libhal_bsp.a(alt_tick.o)