Archive member included because of file (symbol)

/opt/altera/13.0sp1/nios2eds/bin/gnu/H-i686-pc-linux-gnu/bin/../lib/gcc/nios2-elf/4.1.2/mno-hw-mul/libgcc.a(_si_to_sf.o)
                              obj/default/cruise_skeleton.o (__floatsisf)
/opt/altera/13.0sp1/nios2eds/bin/gnu/H-i686-pc-linux-gnu/bin/../lib/gcc/nios2-elf/4.1.2/mno-hw-mul/libgcc.a(_sf_to_df.o)
                              obj/default/cruise_skeleton.o (__extendsfdf2)
/opt/altera/13.0sp1/nios2eds/bin/gnu/H-i686-pc-linux-gnu/bin/../lib/gcc/nios2-elf/4.1.2/mno-hw-mul/libgcc.a(_addsub_df.o)
                              obj/default/cruise_skeleton.o (__adddf3)
/opt/altera/13.0sp1/nios2eds/bin/gnu/H-i686-pc-linux-gnu/bin/../lib/gcc/nios2-elf/4.1.2/mno-hw-mul/libgcc.a(_div_df.o)
                              obj/default/cruise_skeleton.o (__divdf3)
/opt/altera/13.0sp1/nios2eds/bin/gnu/H-i686-pc-linux-gnu/bin/../lib/gcc/nios2-elf/4.1.2/mno-hw-mul/libgcc.a(_si_to_df.o)
                              obj/default/cruise_skeleton.o (__floatsidf)
/opt/altera/13.0sp1/nios2eds/bin/gnu/H-i686-pc-linux-gnu/bin/../lib/gcc/nios2-elf/4.1.2/mno-hw-mul/libgcc.a(_df_to_si.o)
                              obj/default/cruise_skeleton.o (__fixdfsi)
/opt/altera/13.0sp1/nios2eds/bin/gnu/H-i686-pc-linux-gnu/bin/../lib/gcc/nios2-elf/4.1.2/mno-hw-mul/libgcc.a(_make_df.o)
                              /opt/altera/13.0sp1/nios2eds/bin/gnu/H-i686-pc-linux-gnu/bin/../lib/gcc/nios2-elf/4.1.2/mno-hw-mul/libgcc.a(_sf_to_df.o) (__make_dp)
/opt/altera/13.0sp1/nios2eds/bin/gnu/H-i686-pc-linux-gnu/bin/../lib/gcc/nios2-elf/4.1.2/mno-hw-mul/libgcc.a(_thenan_df.o)
                              /opt/altera/13.0sp1/nios2eds/bin/gnu/H-i686-pc-linux-gnu/bin/../lib/gcc/nios2-elf/4.1.2/mno-hw-mul/libgcc.a(_addsub_df.o) (__thenan_df)
/opt/altera/13.0sp1/nios2eds/bin/gnu/H-i686-pc-linux-gnu/bin/../lib/gcc/nios2-elf/4.1.2/mno-hw-mul/libgcc.a(lib2-divmod.o)
                              obj/default/cruise_skeleton.o (__divsi3)
/opt/altera/13.0sp1/nios2eds/bin/gnu/H-i686-pc-linux-gnu/bin/../lib/gcc/nios2-elf/4.1.2/mno-hw-mul/libgcc.a(lib2-mul.o)
                              obj/default/cruise_skeleton.o (__mulsi3)
/opt/altera/13.0sp1/nios2eds/bin/gnu/H-i686-pc-linux-gnu/bin/../lib/gcc/nios2-elf/4.1.2/mno-hw-mul/libgcc.a(_clzsi2.o)
                              /opt/altera/13.0sp1/nios2eds/bin/gnu/H-i686-pc-linux-gnu/bin/../lib/gcc/nios2-elf/4.1.2/mno-hw-mul/libgcc.a(_si_to_sf.o) (__clzsi2)
/opt/altera/13.0sp1/nios2eds/bin/gnu/H-i686-pc-linux-gnu/bin/../lib/gcc/nios2-elf/4.1.2/mno-hw-mul/libgcc.a(_pack_sf.o)
                              /opt/altera/13.0sp1/nios2eds/bin/gnu/H-i686-pc-linux-gnu/bin/../lib/gcc/nios2-elf/4.1.2/mno-hw-mul/libgcc.a(_si_to_sf.o) (__pack_f)
/opt/altera/13.0sp1/nios2eds/bin/gnu/H-i686-pc-linux-gnu/bin/../lib/gcc/nios2-elf/4.1.2/mno-hw-mul/libgcc.a(_unpack_sf.o)
                              /opt/altera/13.0sp1/nios2eds/bin/gnu/H-i686-pc-linux-gnu/bin/../lib/gcc/nios2-elf/4.1.2/mno-hw-mul/libgcc.a(_sf_to_df.o) (__unpack_f)
/opt/altera/13.0sp1/nios2eds/bin/gnu/H-i686-pc-linux-gnu/bin/../lib/gcc/nios2-elf/4.1.2/mno-hw-mul/libgcc.a(_pack_df.o)
                              /opt/altera/13.0sp1/nios2eds/bin/gnu/H-i686-pc-linux-gnu/bin/../lib/gcc/nios2-elf/4.1.2/mno-hw-mul/libgcc.a(_addsub_df.o) (__pack_d)
/opt/altera/13.0sp1/nios2eds/bin/gnu/H-i686-pc-linux-gnu/bin/../lib/gcc/nios2-elf/4.1.2/mno-hw-mul/libgcc.a(_unpack_df.o)
                              /opt/altera/13.0sp1/nios2eds/bin/gnu/H-i686-pc-linux-gnu/bin/../lib/gcc/nios2-elf/4.1.2/mno-hw-mul/libgcc.a(_addsub_df.o) (__unpack_d)
/opt/altera/13.0sp1/nios2eds/bin/gnu/H-i686-pc-linux-gnu/bin/../lib/gcc/nios2-elf/4.1.2/mno-hw-mul/libgcc.a(_clz.o)
                              /opt/altera/13.0sp1/nios2eds/bin/gnu/H-i686-pc-linux-gnu/bin/../lib/gcc/nios2-elf/4.1.2/mno-hw-mul/libgcc.a(_clzsi2.o) (__clz_tab)
/opt/altera/13.0sp1/nios2eds/bin/gnu/H-i686-pc-linux-gnu/bin/../lib/gcc/nios2-elf/4.1.2/../../../../nios2-elf/lib/mno-hw-mul/libc.a(lib_a-printf.o)
                              obj/default/cruise_skeleton.o (printf)
/opt/altera/13.0sp1/nios2eds/bin/gnu/H-i686-pc-linux-gnu/bin/../lib/gcc/nios2-elf/4.1.2/../../../../nios2-elf/lib/mno-hw-mul/libc.a(lib_a-puts.o)
                              obj/default/cruise_skeleton.o (puts)
/opt/altera/13.0sp1/nios2eds/bin/gnu/H-i686-pc-linux-gnu/bin/../lib/gcc/nios2-elf/4.1.2/../../../../nios2-elf/lib/mno-hw-mul/libc.a(lib_a-strlen.o)
                              /opt/altera/13.0sp1/nios2eds/bin/gnu/H-i686-pc-linux-gnu/bin/../lib/gcc/nios2-elf/4.1.2/../../../../nios2-elf/lib/mno-hw-mul/libc.a(lib_a-puts.o) (strlen)
/opt/altera/13.0sp1/nios2eds/bin/gnu/H-i686-pc-linux-gnu/bin/../lib/gcc/nios2-elf/4.1.2/../../../../nios2-elf/lib/mno-hw-mul/libc.a(lib_a-vfprintf.o)
                              /opt/altera/13.0sp1/nios2eds/bin/gnu/H-i686-pc-linux-gnu/bin/../lib/gcc/nios2-elf/4.1.2/../../../../nios2-elf/lib/mno-hw-mul/libc.a(lib_a-printf.o) (___vfprintf_internal_r)
[...]
Memory Configuration

Name             Origin             Length             Attributes
onchip_memory    0x00000000         0x00006400
sram             0x00100000         0x00080000
reset            0x01000000         0x00000020
sdram            0x01000020         0x007fffe0
*default*        0x00000000         0xffffffff

Linker script and memory map

LOAD ../../../bsp/il2206-pre-built-ucosii//obj/HAL/src/crt0.o
LOAD obj/default/cruise_skeleton.o
LOAD /opt/altera/13.0sp1/nios2eds/bin/gnu/H-i686-pc-linux-gnu/bin/../lib/gcc/nios2-elf/4.1.2/../../../../nios2-elf/lib/mno-hw-mul/libstdc++.a
LOAD /opt/altera/13.0sp1/nios2eds/bin/gnu/H-i686-pc-linux-gnu/bin/../lib/gcc/nios2-elf/4.1.2/../../../../nios2-elf/lib/mno-hw-mul/libm.a
LOAD /opt/altera/13.0sp1/nios2eds/bin/gnu/H-i686-pc-linux-gnu/bin/../lib/gcc/nios2-elf/4.1.2/mno-hw-mul/libgcc.a
START GROUP
LOAD /opt/altera/13.0sp1/nios2eds/bin/gnu/H-i686-pc-linux-gnu/bin/../lib/gcc/nios2-elf/4.1.2/../../../../nios2-elf/lib/mno-hw-mul/libc.a
LOAD /opt/altera/13.0sp1/nios2eds/bin/gnu/H-i686-pc-linux-gnu/bin/../lib/gcc/nios2-elf/4.1.2/mno-hw-mul/libgcc.a
LOAD ../../../bsp/il2206-pre-built-ucosii//libucosii_bsp.a
END GROUP
LOAD /opt/altera/13.0sp1/nios2eds/bin/gnu/H-i686-pc-linux-gnu/bin/../lib/gcc/nios2-elf/4.1.2/mno-hw-mul/libgcc.a
                0x00000000                __alt_mem_onchip_memory = 0x0
                0x00100000                __alt_mem_sram = 0x100000
                0x01000000                __alt_mem_sdram = 0x1000000

.entry          0x01000000       0x20
 *(.entry)
 .entry         0x01000000       0x20 ../../../bsp/il2206-pre-built-ucosii//obj/HAL/src/crt0.o
                0x01000000                __reset

.exceptions     0x01000020      0x124 load address 0x00100000
                0x01000020                PROVIDE (__ram_exceptions_start, ABSOLUTE (.))
                0x01000020                . = ALIGN (0x20)
 *(.irq)
 *(.exceptions.entry.label)
 .exceptions.entry.label
                0x01000020        0x0 ../../../bsp/il2206-pre-built-ucosii//libucosii_bsp.a(alt_irq_entry.o)
                0x01000020                alt_irq_entry
 .exceptions.entry.label
                0x01000020        0x0 ../../../bsp/il2206-pre-built-ucosii//libucosii_bsp.a(alt_exception_entry.o)
                0x01000020                alt_exception
 *(.exceptions.entry.user)
 *(.exceptions.entry)
 .exceptions.entry
                0x01000020       0x54 ../../../bsp/il2206-pre-built-ucosii//libucosii_bsp.a(alt_exception_entry.o)
 *(.exceptions.irqtest.user)
 *(.exceptions.irqtest)
 .exceptions.irqtest
                0x01000074       0x10 ../../../bsp/il2206-pre-built-ucosii//libucosii_bsp.a(alt_irq_entry.o)
 *(.exceptions.irqhandler.user)
 *(.exceptions.irqhandler)
 .exceptions.irqhandler
                0x01000084        0x4 ../../../bsp/il2206-pre-built-ucosii//libucosii_bsp.a(alt_irq_entry.o)
 *(.exceptions.irqreturn.user)
 *(.exceptions.irqreturn)
 .exceptions.irqreturn
                0x01000088        0x4 ../../../bsp/il2206-pre-built-ucosii//libucosii_bsp.a(alt_irq_entry.o)
 *(.exceptions.notirq.label)
 .exceptions.notirq.label
                0x0100008c        0x0 ../../../bsp/il2206-pre-built-ucosii//libucosii_bsp.a(alt_irq_entry.o)
 *(.exceptions.notirq.user)
 *(.exceptions.notirq)
 .exceptions.notirq
                0x0100008c        0x8 ../../../bsp/il2206-pre-built-ucosii//libucosii_bsp.a(alt_exception_entry.o)
 *(.exceptions.soft.user)
 *(.exceptions.soft)
 *(.exceptions.unknown.user)
 *(.exceptions.unknown)
 .exceptions.unknown
                0x01000094        0x4 ../../../bsp/il2206-pre-built-ucosii//libucosii_bsp.a(alt_exception_entry.o)
 *(.exceptions.exit.label)
 .exceptions.exit.label
                0x01000098        0x0 ../../../bsp/il2206-pre-built-ucosii//libucosii_bsp.a(alt_irq_entry.o)
 .exceptions.exit.label
                0x01000098        0x0 ../../../bsp/il2206-pre-built-ucosii//libucosii_bsp.a(alt_exception_entry.o)
 *(.exceptions.exit.user)
 *(.exceptions.exit)
 .exceptions.exit
                0x01000098       0x54 ../../../bsp/il2206-pre-built-ucosii//libucosii_bsp.a(alt_exception_entry.o)
 *(.exceptions)
 .exceptions    0x010000ec       0x58 ../../../bsp/il2206-pre-built-ucosii//libucosii_bsp.a(alt_irq_handler.o)
                0x010000ec                alt_irq_handler
                0x01000144                PROVIDE (__ram_exceptions_end, ABSOLUTE (.))
                0x00100000                PROVIDE (__flash_exceptions_start, LOADADDR (.exceptions))

.text           0x00100124    0x128ac
                0x00100124                PROVIDE (stext, ABSOLUTE (.))
 *(.interp)
 *(.hash)
 *(.dynsym)
 *(.dynstr)
 *(.gnu.version)
 *(.gnu.version_d)
 *(.gnu.version_r)
 *(.rel.init)
 *(.rela.init)
 *(.rel.text .rel.text.* .rel.gnu.linkonce.t.*)
 *(.rela.text .rela.text.* .rela.gnu.linkonce.t.*)
 *(.rel.fini)
 *(.rela.fini)
 *(.rel.rodata .rel.rodata.* .rel.gnu.linkonce.r.*)
 *(.rela.rodata .rela.rodata.* .rela.gnu.linkonce.r.*)
 *(.rel.data .rel.data.* .rel.gnu.linkonce.d.*)
 *(.rela.data .rela.data.* .rela.gnu.linkonce.d.*)
 *(.rel.tdata .rel.tdata.* .rel.gnu.linkonce.td.*)
 *(.rela.tdata .rela.tdata.* .rela.gnu.linkonce.td.*)
 *(.rel.tbss .rel.tbss.* .rel.gnu.linkonce.tb.*)
 *(.rela.tbss .rela.tbss.* .rela.gnu.linkonce.tb.*)
 *(.rel.ctors)
 *(.rela.ctors)
 *(.rel.dtors)
 *(.rela.dtors)
 *(.rel.got)
 *(.rela.got)
 *(.rel.sdata .rel.sdata.* .rel.gnu.linkonce.s.*)
 *(.rela.sdata .rela.sdata.* .rela.gnu.linkonce.s.*)
 *(.rel.sbss .rel.sbss.* .rel.gnu.linkonce.sb.*)
 *(.rela.sbss .rela.sbss.* .rela.gnu.linkonce.sb.*)
 *(.rel.sdata2 .rel.sdata2.* .rel.gnu.linkonce.s2.*)
 *(.rela.sdata2 .rela.sdata2.* .rela.gnu.linkonce.s2.*)
 *(.rel.sbss2 .rel.sbss2.* .rel.gnu.linkonce.sb2.*)
 *(.rela.sbss2 .rela.sbss2.* .rela.gnu.linkonce.sb2.*)
 *(.rel.bss .rel.bss.* .rel.gnu.linkonce.b.*)
 *(.rela.bss .rela.bss.* .rela.gnu.linkonce.b.*)
 *(.rel.plt)
 *(.rela.plt)
 *(.rel.dyn)
 *(.init)
 *(.plt)
 *(.text .stub .text.* .gnu.linkonce.t.*)
 .text          0x00100124       0x3c ../../../bsp/il2206-pre-built-ucosii//obj/HAL/src/crt0.o
                0x00100124                _start
 .text          0x00100160     0x1450 obj/default/cruise_skeleton.o
                0x00100160                buttons_pressed
                0x00100188                switches_pressed
                0x001001ac                alarm_handler
                0x001001dc                int2seven
                0x00100218                show_velocity_on_sevenseg
                0x00100308                show_target_velocity
                0x001003d0                show_position
                0x001004e8                adjust_position
                0x001005f4                adjust_velocity
                0x00100734                VehicleTask
                0x001009f0                ControlTask
                0x00100c54                ButtonIO
                0x00100db8                SwitchIO
                0x00100e74                Watchdog_task
                0x00100eb8                ExtraLoad_task
                0x00100f2c                Detection_task
                0x00100f94                StartTask
                0x00101250                TimerCallback
                0x00101308                main
 .text          0x001015b0       0x98 /opt/altera/13.0sp1/nios2eds/bin/gnu/H-i686-pc-linux-gnu/bin/../lib/gcc/nios2-elf/4.1.2/mno-hw-mul/libgcc.a(_si_to_sf.o)
                0x001015b0                __floatsisf
 .text          0x00101648       0x54 /opt/altera/13.0sp1/nios2eds/bin/gnu/H-i686-pc-linux-gnu/bin/../lib/gcc/nios2-elf/4.1.2/mno-hw-mul/libgcc.a(_sf_to_df.o)
                0x00101648                __extendsfdf2
 .text          0x0010169c      0x504 /opt/altera/13.0sp1/nios2eds/bin/gnu/H-i686-pc-linux-gnu/bin/../lib/gcc/nios2-elf/4.1.2/mno-hw-mul/libgcc.a(_addsub_df.o)
                0x00101aac                __subdf3
                0x00101b2c                __adddf3
 .text          0x00101ba0      0x258 /opt/altera/13.0sp1/nios2eds/bin/gnu/H-i686-pc-linux-gnu/bin/../lib/gcc/nios2-elf/4.1.2/mno-hw-mul/libgcc.a(_div_df.o)
                0x00101ba0                __divdf3
 .text          0x00101df8       0xf8 /opt/altera/13.0sp1/nios2eds/bin/gnu/H-i686-pc-linux-gnu/bin/../lib/gcc/nios2-elf/4.1.2/mno-hw-mul/libgcc.a(_si_to_df.o)
                0x00101df8                __floatsidf
 .text          0x00101ef0       0xd8 /opt/altera/13.0sp1/nios2eds/bin/gnu/H-i686-pc-linux-gnu/bin/../lib/gcc/nios2-elf/4.1.2/mno-hw-mul/libgcc.a(_df_to_si.o)
                0x00101ef0                __fixdfsi
 .text          0x00101fc8       0x38 /opt/altera/13.0sp1/nios2eds/bin/gnu/H-i686-pc-linux-gnu/bin/../lib/gcc/nios2-elf/4.1.2/mno-hw-mul/libgcc.a(_make_df.o)
                0x00101fc8                __make_dp
 .text          0x00102000        0x0 /opt/altera/13.0sp1/nios2eds/bin/gnu/H-i686-pc-linux-gnu/bin/../lib/gcc/nios2-elf/4.1.2/mno-hw-mul/libgcc.a(_thenan_df.o)
 .text          0x00102000      0x14c /opt/altera/13.0sp1/nios2eds/bin/gnu/H-i686-pc-linux-gnu/bin/../lib/gcc/nios2-elf/4.1.2/mno-hw-mul/libgcc.a(lib2-divmod.o)
                0x0010207c                __divsi3
                0x001020dc                __modsi3
                0x0010213c                __udivsi3
                0x00102144                __umodsi3
 .text          0x0010214c       0x38 /opt/altera/13.0sp1/nios2eds/bin/gnu/H-i686-pc-linux-gnu/bin/../lib/gcc/nios2-elf/4.1.2/mno-hw-mul/libgcc.a(lib2-mul.o)
                0x0010214c                __mulsi3
 .text          0x00102184       0x80 /opt/altera/13.0sp1/nios2eds/bin/gnu/H-i686-pc-linux-gnu/bin/../lib/gcc/nios2-elf/4.1.2/mno-hw-mul/libgcc.a(_clzsi2.o)
                0x00102184                __clzsi2
 .text          0x00102204      0x160 /opt/altera/13.0sp1/nios2eds/bin/gnu/H-i686-pc-linux-gnu/bin/../lib/gcc/nios2-elf/4.1.2/mno-hw-mul/libgcc.a(_pack_sf.o)
                0x00102204                __pack_f
 .text          0x00102364       0xc8 /opt/altera/13.0sp1/nios2eds/bin/gnu/H-i686-pc-linux-gnu/bin/../lib/gcc/nios2-elf/4.1.2/mno-hw-mul/libgcc.a(_unpack_sf.o)
                0x00102364                __unpack_f
 .text          0x0010242c      0x314 /opt/altera/13.0sp1/nios2eds/bin/gnu/H-i686-pc-linux-gnu/bin/../lib/gcc/nios2-elf/4.1.2/mno-hw-mul/libgcc.a(_pack_df.o)
                0x0010242c                __pack_d
 .text          0x00102740      0x138 /opt/altera/13.0sp1/nios2eds/bin/gnu/H-i686-pc-linux-gnu/bin/../lib/gcc/nios2-elf/4.1.2/mno-hw-mul/libgcc.a(_unpack_df.o)
                0x00102740                __unpack_d
 .text          0x00102878        0x0 /opt/altera/13.0sp1/nios2eds/bin/gnu/H-i686-pc-linux-gnu/bin/../lib/gcc/nios2-elf/4.1.2/mno-hw-mul/libgcc.a(_clz.o)
 .text          0x00102878       0x78 /opt/altera/13.0sp1/nios2eds/bin/gnu/H-i686-pc-linux-gnu/bin/../lib/gcc/nios2-elf/4.1.2/../../../../nios2-elf/lib/mno-hw-mul/libc.a(lib_a-printf.o)
                0x00102878                printf
                0x001028bc                _printf_r
 .text          0x001028f0       0xb4 /opt/altera/13.0sp1/nios2eds/bin/gnu/H-i686-pc-linux-gnu/bin/../lib/gcc/nios2-elf/4.1.2/../../../../nios2-elf/lib/mno-hw-mul/libc.a(lib_a-puts.o)
                0x001028f0                _puts_r
                0x00102990                puts
 .text          0x001029a4       0x74 /opt/altera/13.0sp1/nios2eds/bin/gnu/H-i686-pc-linux-gnu/bin/../lib/gcc/nios2-elf/4.1.2/../../../../nios2-elf/lib/mno-hw-mul/libc.a(lib_a-strlen.o)
                0x001029a4                strlen
 .text          0x00102a18     0x1f40 /opt/altera/13.0sp1/nios2eds/bin/gnu/H-i686-pc-linux-gnu/bin/../lib/gcc/nios2-elf/4.1.2/../../../../nios2-elf/lib/mno-hw-mul/libc.a(lib_a-vfprintf.o)
                0x00102a70                ___vfprintf_internal_r
                0x00104934                __vfprintf_internal
 .text          0x00104958      0x13c /opt/altera/13.0sp1/nios2eds/bin/gnu/H-i686-pc-linux-gnu/bin/../lib/gcc/nios2-elf/4.1.2/../../../../nios2-elf/lib/mno-hw-mul/libc.a(lib_a-wsetup.o)
                0x00104958                __swsetup_r
 .text          0x00104a94     0x17f8 /opt/altera/13.0sp1/nios2eds/bin/gnu/H-i686-pc-linux-gnu/bin/../lib/gcc/nios2-elf/4.1.2/../../../../nios2-elf/lib/mno-hw-mul/libc.a(lib_a-dtoa.o)
                0x00104cd8                _dtoa_r
 .text          0x0010628c      0x230 /opt/altera/13.0sp1/nios2eds/bin/gnu/H-i686-pc-linux-gnu/bin/../lib/gcc/nios2-elf/4.1.2/../../../../nios2-elf/lib/mno-hw-mul/libc.a(lib_a-fflush.o)
                0x0010628c                _fflush_r
                0x00106488                fflush
 .text          0x001064bc      0x2f4 /opt/altera/13.0sp1/nios2eds/bin/gnu/H-i686-pc-linux-gnu/bin/../lib/gcc/nios2-elf/4.1.2/../../../../nios2-elf/lib/mno-hw-mul/libc.a(lib_a-findfp.o)
                0x00106514                __sfp_lock_acquire
                0x00106518                __sfp_lock_release
                0x0010651c                __sinit_lock_acquire
                0x00106520                __sinit_lock_release
                0x00106524                __sinit
                0x001065d8                __fp_unlock_all
                0x001065f0                __fp_lock_all
                0x00106608                _cleanup_r
                0x00106614                _cleanup
                0x00106624                __sfmoreglue
                0x001066c0                __sfp
 .text          0x001067b0      0x440 /opt/altera/13.0sp1/nios2eds/bin/gnu/H-i686-pc-linux-gnu/bin/../lib/gcc/nios2-elf/4.1.2/../../../../nios2-elf/lib/mno-hw-mul/libc.a(lib_a-freer.o)
                0x001067b0                _malloc_trim_r
                0x001068dc                _free_r
 .text          0x00106bf0      0x49c /opt/altera/13.0sp1/nios2eds/bin/gnu/H-i686-pc-linux-gnu/bin/../lib/gcc/nios2-elf/4.1.2/../../../../nios2-elf/lib/mno-hw-mul/libc.a(lib_a-fvwrite.o)
                0x00106bf0                __sfvwrite_r
 .text          0x0010708c      0x180 /opt/altera/13.0sp1/nios2eds/bin/gnu/H-i686-pc-linux-gnu/bin/../lib/gcc/nios2-elf/4.1.2/../../../../nios2-elf/lib/mno-hw-mul/libc.a(lib_a-fwalk.o)
                0x0010708c                _fwalk_reent
                0x00107154                _fwalk
 .text          0x0010720c        0x0 /opt/altera/13.0sp1/nios2eds/bin/gnu/H-i686-pc-linux-gnu/bin/../lib/gcc/nios2-elf/4.1.2/../../../../nios2-elf/lib/mno-hw-mul/libc.a(lib_a-impure.o)
 .text          0x0010720c       0xc4 /opt/altera/13.0sp1/nios2eds/bin/gnu/H-i686-pc-linux-gnu/bin/../lib/gcc/nios2-elf/4.1.2/../../../../nios2-elf/lib/mno-hw-mul/libc.a(lib_a-locale.o)
                0x0010720c                __locale_charset
                0x00107214                _localeconv_r
                0x00107220                localeconv
                0x00107230                _setlocale_r
                0x001072b4                setlocale
 .text          0x001072d0      0x194 /opt/altera/13.0sp1/nios2eds/bin/gnu/H-i686-pc-linux-gnu/bin/../lib/gcc/nios2-elf/4.1.2/../../../../nios2-elf/lib/mno-hw-mul/libc.a(lib_a-makebuf.o)
                0x001072d0                __smakebuf_r
 .text          0x00107464      0x740 /opt/altera/13.0sp1/nios2eds/bin/gnu/H-i686-pc-linux-gnu/bin/../lib/gcc/nios2-elf/4.1.2/../../../../nios2-elf/lib/mno-hw-mul/libc.a(lib_a-mallocr.o)
                0x00107464                _malloc_r
 .text          0x00107ba4       0xe4 /opt/altera/13.0sp1/nios2eds/bin/gnu/H-i686-pc-linux-gnu/bin/../lib/gcc/nios2-elf/4.1.2/../../../../nios2-elf/lib/mno-hw-mul/libc.a(lib_a-memchr.o)
                0x00107ba4                memchr
 .text          0x00107c88       0xa0 /opt/altera/13.0sp1/nios2eds/bin/gnu/H-i686-pc-linux-gnu/bin/../lib/gcc/nios2-elf/4.1.2/../../../../nios2-elf/lib/mno-hw-mul/libc.a(lib_a-memcpy.o)
                0x00107c88                memcpy
 .text          0x00107d28       0xe0 /opt/altera/13.0sp1/nios2eds/bin/gnu/H-i686-pc-linux-gnu/bin/../lib/gcc/nios2-elf/4.1.2/../../../../nios2-elf/lib/mno-hw-mul/libc.a(lib_a-memmove.o)
                0x00107d28                memmove
 .text          0x00107e08       0x98 /opt/altera/13.0sp1/nios2eds/bin/gnu/H-i686-pc-linux-gnu/bin/../lib/gcc/nios2-elf/4.1.2/../../../../nios2-elf/lib/mno-hw-mul/libc.a(lib_a-memset.o)
                0x00107e08                memset
 .text          0x00107ea0     0x108c /opt/altera/13.0sp1/nios2eds/bin/gnu/H-i686-pc-linux-gnu/bin/../lib/gcc/nios2-elf/4.1.2/../../../../nios2-elf/lib/mno-hw-mul/libc.a(lib_a-mprec.o)
                0x00107ea0                _Bfree
                0x00107ec8                __hi0bits
                0x00107f38                __lo0bits
                0x00107ffc                __mcmp
                0x0010805c                __ulp
                0x001080dc                __b2d
                0x001081fc                __ratio
                0x001082ac                _mprec_log10
                0x00108340                __copybits
                0x00108398                __any_on
                0x00108420                _Balloc
                0x001084dc                __d2b
                0x00108658                __mdiff
                0x001087e4                __lshift
                0x00108930                __multiply
                0x00108b84                __i2b
                0x00108bc0                __multadd
                0x00108cec                __pow5mult
                0x00108e0c                __s2b
 .text          0x00108f2c      0x5f4 /opt/altera/13.0sp1/nios2eds/bin/gnu/H-i686-pc-linux-gnu/bin/../lib/gcc/nios2-elf/4.1.2/../../../../nios2-elf/lib/mno-hw-mul/libc.a(lib_a-reallocr.o)
                0x00108f2c                _realloc_r
 .text          0x00109520       0x40 /opt/altera/13.0sp1/nios2eds/bin/gnu/H-i686-pc-linux-gnu/bin/../lib/gcc/nios2-elf/4.1.2/../../../../nios2-elf/lib/mno-hw-mul/libc.a(lib_a-s_isinfd.o)
                0x00109520                __isinfd
 .text          0x00109560       0x30 /opt/altera/13.0sp1/nios2eds/bin/gnu/H-i686-pc-linux-gnu/bin/../lib/gcc/nios2-elf/4.1.2/../../../../nios2-elf/lib/mno-hw-mul/libc.a(lib_a-s_isnand.o)
                0x00109560                __isnand
 .text          0x00109590       0x70 /opt/altera/13.0sp1/nios2eds/bin/gnu/H-i686-pc-linux-gnu/bin/../lib/gcc/nios2-elf/4.1.2/../../../../nios2-elf/lib/mno-hw-mul/libc.a(lib_a-sbrkr.o)
                0x00109590                _sbrk_r
 .text          0x00109600      0x14c /opt/altera/13.0sp1/nios2eds/bin/gnu/H-i686-pc-linux-gnu/bin/../lib/gcc/nios2-elf/4.1.2/../../../../nios2-elf/lib/mno-hw-mul/libc.a(lib_a-stdio.o)
                0x00109600                __sclose
                0x00109608                __sseek
                0x00109670                __swrite
                0x001096ec                __sread
 .text          0x0010974c       0xbc /opt/altera/13.0sp1/nios2eds/bin/gnu/H-i686-pc-linux-gnu/bin/../lib/gcc/nios2-elf/4.1.2/../../../../nios2-elf/lib/mno-hw-mul/libc.a(lib_a-strcmp.o)
                0x0010974c                strcmp
 .text          0x00109808       0x78 /opt/altera/13.0sp1/nios2eds/bin/gnu/H-i686-pc-linux-gnu/bin/../lib/gcc/nios2-elf/4.1.2/../../../../nios2-elf/lib/mno-hw-mul/libc.a(lib_a-writer.o)
                0x00109808                _write_r
 .text          0x00109880       0xc8 /opt/altera/13.0sp1/nios2eds/bin/gnu/H-i686-pc-linux-gnu/bin/../lib/gcc/nios2-elf/4.1.2/../../../../nios2-elf/lib/mno-hw-mul/libc.a(lib_a-callocr.o)
                0x00109880                _calloc_r
 .text          0x00109948       0x70 /opt/altera/13.0sp1/nios2eds/bin/gnu/H-i686-pc-linux-gnu/bin/../lib/gcc/nios2-elf/4.1.2/../../../../nios2-elf/lib/mno-hw-mul/libc.a(lib_a-closer.o)
                0x00109948                _close_r
 .text          0x001099b8      0x124 /opt/altera/13.0sp1/nios2eds/bin/gnu/H-i686-pc-linux-gnu/bin/../lib/gcc/nios2-elf/4.1.2/../../../../nios2-elf/lib/mno-hw-mul/libc.a(lib_a-fclose.o)
                0x001099b8                _fclose_r
                0x00109ac8                fclose
 .text          0x00109adc       0x74 /opt/altera/13.0sp1/nios2eds/bin/gnu/H-i686-pc-linux-gnu/bin/../lib/gcc/nios2-elf/4.1.2/../../../../nios2-elf/lib/mno-hw-mul/libc.a(lib_a-fstatr.o)
                0x00109adc                _fstat_r
 .text          0x00109b50        0x0 /opt/altera/13.0sp1/nios2eds/bin/gnu/H-i686-pc-linux-gnu/bin/../lib/gcc/nios2-elf/4.1.2/../../../../nios2-elf/lib/mno-hw-mul/libc.a(lib_a-int_errno.o)
 .text          0x00109b50       0x70 /opt/altera/13.0sp1/nios2eds/bin/gnu/H-i686-pc-linux-gnu/bin/../lib/gcc/nios2-elf/4.1.2/../../../../nios2-elf/lib/mno-hw-mul/libc.a(lib_a-isattyr.o)
                0x00109b50                _isatty_r
 .text          0x00109bc0       0x78 /opt/altera/13.0sp1/nios2eds/bin/gnu/H-i686-pc-linux-gnu/bin/../lib/gcc/nios2-elf/4.1.2/../../../../nios2-elf/lib/mno-hw-mul/libc.a(lib_a-lseekr.o)
                0x00109bc0                _lseek_r
 .text          0x00109c38       0x78 /opt/altera/13.0sp1/nios2eds/bin/gnu/H-i686-pc-linux-gnu/bin/../lib/gcc/nios2-elf/4.1.2/../../../../nios2-elf/lib/mno-hw-mul/libc.a(lib_a-readr.o)
                0x00109c38                _read_r
 .text          0x00109cb0      0x66c /opt/altera/13.0sp1/nios2eds/bin/gnu/H-i686-pc-linux-gnu/bin/../lib/gcc/nios2-elf/4.1.2/mno-hw-mul/libgcc.a(_udivdi3.o)
                0x00109cb0                __udivdi3
 .text          0x0010a31c      0x660 /opt/altera/13.0sp1/nios2eds/bin/gnu/H-i686-pc-linux-gnu/bin/../lib/gcc/nios2-elf/4.1.2/mno-hw-mul/libgcc.a(_umoddi3.o)
                0x0010a31c                __umoddi3
 .text          0x0010a97c      0x3c4 /opt/altera/13.0sp1/nios2eds/bin/gnu/H-i686-pc-linux-gnu/bin/../lib/gcc/nios2-elf/4.1.2/mno-hw-mul/libgcc.a(_mul_df.o)
                0x0010a97c                __muldf3
 .text          0x0010ad40       0x88 /opt/altera/13.0sp1/nios2eds/bin/gnu/H-i686-pc-linux-gnu/bin/../lib/gcc/nios2-elf/4.1.2/mno-hw-mul/libgcc.a(_eq_df.o)
                0x0010ad40                __eqdf2
 .text          0x0010adc8       0x88 /opt/altera/13.0sp1/nios2eds/bin/gnu/H-i686-pc-linux-gnu/bin/../lib/gcc/nios2-elf/4.1.2/mno-hw-mul/libgcc.a(_ne_df.o)
                0x0010adc8                __nedf2
 .text          0x0010ae50       0x88 /opt/altera/13.0sp1/nios2eds/bin/gnu/H-i686-pc-linux-gnu/bin/../lib/gcc/nios2-elf/4.1.2/mno-hw-mul/libgcc.a(_gt_df.o)
                0x0010ae50                __gtdf2
 .text          0x0010aed8       0x88 /opt/altera/13.0sp1/nios2eds/bin/gnu/H-i686-pc-linux-gnu/bin/../lib/gcc/nios2-elf/4.1.2/mno-hw-mul/libgcc.a(_ge_df.o)
                0x0010aed8                __gedf2
 .text          0x0010af60       0x88 /opt/altera/13.0sp1/nios2eds/bin/gnu/H-i686-pc-linux-gnu/bin/../lib/gcc/nios2-elf/4.1.2/mno-hw-mul/libgcc.a(_lt_df.o)
                0x0010af60                __ltdf2
 .text          0x0010afe8      0x194 /opt/altera/13.0sp1/nios2eds/bin/gnu/H-i686-pc-linux-gnu/bin/../lib/gcc/nios2-elf/4.1.2/mno-hw-mul/libgcc.a(_usi_to_df.o)
                0x0010afe8                __floatunsidf
 .text          0x0010b17c      0x124 /opt/altera/13.0sp1/nios2eds/bin/gnu/H-i686-pc-linux-gnu/bin/../lib/gcc/nios2-elf/4.1.2/mno-hw-mul/libgcc.a(_muldi3.o)
                0x0010b17c                __muldi3
 .text          0x0010b2a0       0xc8 /opt/altera/13.0sp1/nios2eds/bin/gnu/H-i686-pc-linux-gnu/bin/../lib/gcc/nios2-elf/4.1.2/mno-hw-mul/libgcc.a(_fpcmp_parts_df.o)
                0x0010b2a0                __fpcmp_parts_d
 .text          0x0010b368       0x90 ../../../bsp/il2206-pre-built-ucosii//libucosii_bsp.a(alt_alarm_start.o)
                0x0010b368                alt_alarm_start
 .text          0x0010b3f8       0xbc ../../../bsp/il2206-pre-built-ucosii//libucosii_bsp.a(alt_close.o)
                0x0010b418                close
 .text          0x0010b4b4        0x8 ../../../bsp/il2206-pre-built-ucosii//libucosii_bsp.a(alt_dev.o)
 .text          0x0010b4bc        0x0 ../../../bsp/il2206-pre-built-ucosii//libucosii_bsp.a(alt_errno.o)
 .text          0x0010b4bc       0x9c ../../../bsp/il2206-pre-built-ucosii//libucosii_bsp.a(alt_fstat.o)
                0x0010b4bc                fstat
 .text          0x0010b558       0x94 ../../../bsp/il2206-pre-built-ucosii//libucosii_bsp.a(alt_isatty.o)
                0x0010b558                isatty
 .text          0x0010b5ec       0x8c ../../../bsp/il2206-pre-built-ucosii//libucosii_bsp.a(alt_load.o)
                0x0010b60c                alt_load
 .text          0x0010b678       0xb8 ../../../bsp/il2206-pre-built-ucosii//libucosii_bsp.a(alt_lseek.o)
                0x0010b678                lseek
 .text          0x0010b730       0xa8 ../../../bsp/il2206-pre-built-ucosii//libucosii_bsp.a(alt_main.o)
                0x0010b730                alt_main
 .text          0x0010b7d8       0xd8 ../../../bsp/il2206-pre-built-ucosii//libucosii_bsp.a(alt_read.o)
                0x0010b7f8                read
 .text          0x0010b8b0       0x5c ../../../bsp/il2206-pre-built-ucosii//libucosii_bsp.a(alt_release_fd.o)
                0x0010b8b0                alt_release_fd
 .text          0x0010b90c       0x50 ../../../bsp/il2206-pre-built-ucosii//libucosii_bsp.a(alt_sbrk.o)
                0x0010b90c                sbrk
 .text          0x0010b95c       0xe0 ../../../bsp/il2206-pre-built-ucosii//libucosii_bsp.a(alt_tick.o)
                0x0010b95c                alt_alarm_stop
                0x0010b990                alt_tick
 .text          0x0010ba3c       0xd4 ../../../bsp/il2206-pre-built-ucosii//libucosii_bsp.a(alt_write.o)
                0x0010ba5c                write
 .text          0x0010bb10       0xa8 ../../../bsp/il2206-pre-built-ucosii//libucosii_bsp.a(alt_env_lock.o)
                0x0010bb10                __env_unlock
                0x0010bb38                __env_lock
 .text          0x0010bbb8      0x110 ../../../bsp/il2206-pre-built-ucosii//libucosii_bsp.a(alt_malloc_lock.o)
                0x0010bbb8                __malloc_unlock
                0x0010bc14                __malloc_lock
 .text          0x0010bcc8     0x1118 ../../../bsp/il2206-pre-built-ucosii//libucosii_bsp.a(os_core.o)
                0x0010bcc8                OSVersion
                0x0010bcd0                OS_Dummy
                0x0010bcd4                OS_EventTaskWait
                0x0010bd58                OS_EventTaskWaitMulti
                0x0010bdf8                OS_EventTaskRemove
                0x0010be44                OS_EventTaskRemoveMulti
                0x0010bea0                OS_EventTaskRdy
                0x0010bf94                OS_EventWaitListInit
                0x0010bfb0                OS_MemClr
                0x0010bfcc                OS_MemCopy
                0x0010bff0                OS_StrCopy
                0x0010c01c                OS_StrLen
                0x0010c03c                OS_TaskStatStkChk
                0x0010c0c0                OS_Sched
                0x0010c178                OSStart
                0x0010c1e4                OSInit
                0x0010c3c4                OSEventNameGet
                0x0010c47c                OSEventPendMulti
                0x0010c7d4                OSIntEnter
                0x0010c810                OSSchedLock
                0x0010c854                OSSchedUnlock
                0x0010c8a8                OSStatInit
                0x0010c90c                OSTimeTick
                0x0010ca18                OS_TaskIdle
                0x0010ca48                OS_TaskStat
                0x0010cacc                OS_TCBInit
                0x0010cc50                OSIntExit
                0x0010cd24                OSEventNameSet
 .text          0x0010cde0        0x4 ../../../bsp/il2206-pre-built-ucosii//libucosii_bsp.a(os_dbg.o)
                0x0010cde0                OSDebugInit
 .text          0x0010cde4      0xc5c ../../../bsp/il2206-pre-built-ucosii//libucosii_bsp.a(os_flag.o)
                0x0010ce9c                OS_FlagUnlink
                0x0010cf68                OS_FlagInit
                0x0010cfd8                OSFlagQuery
                0x0010d034                OSFlagAccept
                0x0010d1a4                OSFlagCreate
                0x0010d22c                OSFlagDel
                0x0010d38c                OSFlagNameGet
                0x0010d44c                OSFlagNameSet
                0x0010d520                OSFlagPend
                0x0010d820                OSFlagPendGetFlagsRdy
                0x0010d84c                OSFlagPost
 .text          0x0010da40      0x67c ../../../bsp/il2206-pre-built-ucosii//libucosii_bsp.a(os_mbox.o)
                0x0010da40                OSMboxQuery
                0x0010dabc                OSMboxAccept
                0x0010daf4                OSMboxCreate
                0x0010db80                OSMboxDel
                0x0010dcc8                OSMboxPend
                0x0010de58                OSMboxPendAbort
                0x0010df3c                OSMboxPost
                0x0010dfd8                OSMboxPostOpt
 .text          0x0010e0bc      0x3b8 ../../../bsp/il2206-pre-built-ucosii//libucosii_bsp.a(os_mem.o)
                0x0010e0bc                OS_MemInit
                0x0010e124                OSMemQuery
                0x0010e188                OSMemCreate
                0x0010e258                OSMemGet
                0x0010e2c4                OSMemNameGet
                0x0010e360                OSMemNameSet
                0x0010e41c                OSMemPut
 .text          0x0010e474      0x9c4 ../../../bsp/il2206-pre-built-ucosii//libucosii_bsp.a(os_q.o)
                0x0010e474                OS_QInit
                0x0010e4c4                OSQQuery
                0x0010e55c                OSQAccept
                0x0010e5f8                OSQCreate
                0x0010e6f8                OSQDel
                0x0010e87c                OSQFlush
                0x0010e8cc                OSQPend
                0x0010ea8c                OSQPendAbort
                0x0010eb74                OSQPost
                0x0010ec30                OSQPostFront
                0x0010ecf4                OSQPostOpt
 .text          0x0010ee38      0x5e0 ../../../bsp/il2206-pre-built-ucosii//libucosii_bsp.a(os_sem.o)
                0x0010ee38                OSSemSet
                0x0010ee9c                OSSemAccept
                0x0010eee0                OSSemCreate
                0x0010ef6c                OSSemDel
                0x0010f0c0                OSSemPend
                0x0010f228                OSSemPendAbort
                0x0010f314                OSSemPost
                0x0010f3b0                OSSemQuery
 .text          0x0010f418      0xe74 ../../../bsp/il2206-pre-built-ucosii//libucosii_bsp.a(os_task.o)
                0x0010f418                OS_TaskStkClr
                0x0010f448                OSTaskQuery
                0x0010f510                OSTaskChangePrio
                0x0010f7ac                OSTaskCreate
                0x0010f8b8                OSTaskCreateExt
                0x0010fa30                OSTaskDel
                0x0010fc7c                OSTaskDelReq
                0x0010fd30                OSTaskNameGet
                0x0010fe38                OSTaskNameSet
                0x0010ff54                OSTaskResume
                0x00110058                OSTaskStkChk
                0x00110148                OSTaskSuspend
 .text          0x0011028c      0x378 ../../../bsp/il2206-pre-built-ucosii//libucosii_bsp.a(os_time.o)
                0x0011028c                OSTimeSet
                0x001102b0                OSTimeDly
                0x00110348                OSTimeDlyHMSM
                0x001104e8                OSTimeDlyResume
                0x001105e0                OSTimeGet
 .text          0x00110604      0xb94 ../../../bsp/il2206-pre-built-ucosii//libucosii_bsp.a(os_tmr.o)
                0x00110770                OSTmr_Init
                0x001109cc                OSTmrStop
                0x00110b28                OSTmrStart
                0x00110c2c                OSTmrStateGet
                0x00110cd4                OSTmrRemainGet
                0x00110dec                OSTmrDel
                0x00110ee8                OSTmrSignal
                0x00110f10                OSTmrNameGet
                0x00110ffc                OSTmrCreate
 .text          0x00111198       0x9c ../../../bsp/il2206-pre-built-ucosii//libucosii_bsp.a(alt_sys_init.o)
                0x001111a4                alt_sys_init
                0x00111214                alt_irq_init
 .text          0x00111234       0x3c ../../../bsp/il2206-pre-built-ucosii//libucosii_bsp.a(altera_avalon_jtag_uart_fd.o)
                0x00111234                altera_avalon_jtag_uart_ioctl_fd
                0x00111240                altera_avalon_jtag_uart_close_fd
                0x00111250                altera_avalon_jtag_uart_write_fd
                0x00111260                altera_avalon_jtag_uart_read_fd
 .text          0x00111270      0x2f4 ../../../bsp/il2206-pre-built-ucosii//libucosii_bsp.a(altera_avalon_jtag_uart_init.o)
                0x00111270                altera_avalon_jtag_uart_close
                0x00111330                altera_avalon_jtag_uart_init
 .text          0x00111564       0x7c ../../../bsp/il2206-pre-built-ucosii//libucosii_bsp.a(altera_avalon_jtag_uart_ioctl.o)
                0x00111564                altera_avalon_jtag_uart_ioctl
 .text          0x001115e0      0x1ac ../../../bsp/il2206-pre-built-ucosii//libucosii_bsp.a(altera_avalon_jtag_uart_read.o)
                0x001115e0                altera_avalon_jtag_uart_read
 .text          0x0011178c      0x1b8 ../../../bsp/il2206-pre-built-ucosii//libucosii_bsp.a(altera_avalon_jtag_uart_write.o)
                0x0011178c                altera_avalon_jtag_uart_write
 .text          0x00111944       0x8c ../../../bsp/il2206-pre-built-ucosii//libucosii_bsp.a(altera_avalon_timer_sc.o)
                0x00111944                alt_avalon_timer_sc_init
 .text          0x001119d0      0x250 ../../../bsp/il2206-pre-built-ucosii//libucosii_bsp.a(altera_up_avalon_character_lcd.o)
                0x001119d0                get_DDRAM_addr
                0x001119e8                alt_up_character_lcd_string
                0x00111a04                alt_up_character_lcd_write
                0x00111a28                alt_up_character_lcd_write_fd
                0x00111a48                alt_up_character_lcd_init
                0x00111a58                alt_up_character_lcd_send_cmd
                0x00111a68                alt_up_character_lcd_cursor_blink_on
                0x00111a70                alt_up_character_lcd_cursor_off
                0x00111a78                alt_up_character_lcd_erase_pos
                0x00111adc                alt_up_character_lcd_shift_display
                0x00111b4c                alt_up_character_lcd_shift_cursor
                0x00111bbc                alt_up_character_lcd_set_cursor_pos
                0x00111c14                alt_up_character_lcd_open_dev
 .text          0x00111c20        0x4 ../../../bsp/il2206-pre-built-ucosii//libucosii_bsp.a(alt_dcache_flush_all.o)
                0x00111c20                alt_dcache_flush_all
 .text          0x00111c24       0x70 ../../../bsp/il2206-pre-built-ucosii//libucosii_bsp.a(alt_dev_llist_insert.o)
                0x00111c24                alt_dev_llist_insert
 .text          0x00111c94       0x40 ../../../bsp/il2206-pre-built-ucosii//libucosii_bsp.a(alt_do_ctors.o)
                0x00111c94                _do_ctors
 .text          0x00111cd4       0x40 ../../../bsp/il2206-pre-built-ucosii//libucosii_bsp.a(alt_do_dtors.o)
                0x00111cd4                _do_dtors
 .text          0x00111d14       0x70 ../../../bsp/il2206-pre-built-ucosii//libucosii_bsp.a(alt_find_dev.o)
                0x00111d14                alt_find_dev
 .text          0x00111d84        0x4 ../../../bsp/il2206-pre-built-ucosii//libucosii_bsp.a(alt_icache_flush_all.o)
                0x00111d84                alt_icache_flush_all
 .text          0x00111d88       0x9c ../../../bsp/il2206-pre-built-ucosii//libucosii_bsp.a(alt_iic.o)
                0x00111d88                alt_ic_irq_enabled
                0x00111da0                alt_ic_irq_enable
                0x00111de0                alt_ic_irq_disable
                0x00111e20                alt_ic_isr_register
 .text          0x00111e24       0x6c ../../../bsp/il2206-pre-built-ucosii//libucosii_bsp.a(alt_iic_isr_register.o)
                0x00111e24                alt_iic_isr_register
 .text          0x00111e90      0x114 ../../../bsp/il2206-pre-built-ucosii//libucosii_bsp.a(alt_io_redirect.o)
                0x00111f18                alt_io_redirect
 .text          0x00111fa4        0x0 ../../../bsp/il2206-pre-built-ucosii//libucosii_bsp.a(alt_irq_entry.o)
 .text          0x00111fa4        0x0 ../../../bsp/il2206-pre-built-ucosii//libucosii_bsp.a(alt_irq_handler.o)
 .text          0x00111fa4        0x0 ../../../bsp/il2206-pre-built-ucosii//libucosii_bsp.a(alt_irq_vars.o)
 .text          0x00111fa4      0x17c ../../../bsp/il2206-pre-built-ucosii//libucosii_bsp.a(alt_open.o)
                0x00111fa4                open
 .text          0x00112120        0x8 ../../../bsp/il2206-pre-built-ucosii//libucosii_bsp.a(altera_nios2_qsys_irq.o)
                0x00112120                altera_nios2_qsys_irq_init
 .text          0x00112128       0xd0 ../../../bsp/il2206-pre-built-ucosii//libucosii_bsp.a(os_cpu_a.o)
                0x00112128                OSCtxSw
                0x00112128                OSIntCtxSw
                0x001121b4                OSStartHighRdy
                0x001121d4                OSStartTsk
 .text          0x001121f8      0x228 ../../../bsp/il2206-pre-built-ucosii//libucosii_bsp.a(os_cpu_c.o)
                0x001121f8                OSTaskCreateHook
                0x001121fc                OSTaskDelHook
                0x00112200                OSTaskSwHook
                0x00112204                OSTaskStatHook
                0x00112208                OSInitHookBegin
                0x00112210                OSInitHookEnd
                0x00112214                OSTaskIdleHook
                0x00112218                OSTCBInitHook
                0x0011221c                OSTimeTickHook
                0x00112274                OSTaskStkInit
 .text          0x00112420        0x0 ../../../bsp/il2206-pre-built-ucosii//libucosii_bsp.a(alt_exception_entry.o)
 .text          0x00112420       0x9c ../../../bsp/il2206-pre-built-ucosii//libucosii_bsp.a(alt_find_file.o)
                0x00112420                alt_find_file
 .text          0x001124bc       0xa4 ../../../bsp/il2206-pre-built-ucosii//libucosii_bsp.a(alt_get_fd.o)
                0x001124bc                alt_get_fd
 .text          0x00112560       0x14 /opt/altera/13.0sp1/nios2eds/bin/gnu/H-i686-pc-linux-gnu/bin/../lib/gcc/nios2-elf/4.1.2/../../../../nios2-elf/lib/mno-hw-mul/libc.a(lib_a-atexit.o)
                0x00112560                atexit
 .text          0x00112574       0x38 /opt/altera/13.0sp1/nios2eds/bin/gnu/H-i686-pc-linux-gnu/bin/../lib/gcc/nios2-elf/4.1.2/../../../../nios2-elf/lib/mno-hw-mul/libc.a(lib_a-exit.o)
                0x00112574                exit
 .text          0x001125ac       0x74 /opt/altera/13.0sp1/nios2eds/bin/gnu/H-i686-pc-linux-gnu/bin/../lib/gcc/nios2-elf/4.1.2/../../../../nios2-elf/lib/mno-hw-mul/libc.a(lib_a-memcmp.o)
                0x001125ac                memcmp
 .text          0x00112620      0x134 /opt/altera/13.0sp1/nios2eds/bin/gnu/H-i686-pc-linux-gnu/bin/../lib/gcc/nios2-elf/4.1.2/../../../../nios2-elf/lib/mno-hw-mul/libc.a(lib_a-__atexit.o)
                0x00112620                __register_exitproc
 .text          0x00112754      0x1b4 /opt/altera/13.0sp1/nios2eds/bin/gnu/H-i686-pc-linux-gnu/bin/../lib/gcc/nios2-elf/4.1.2/../../../../nios2-elf/lib/mno-hw-mul/libc.a(lib_a-__call_atexit.o)
                0x00112758                __call_exitprocs
 .text          0x00112908       0xa4 /opt/altera/13.0sp1/nios2eds/bin/gnu/H-i686-pc-linux-gnu/bin/../lib/gcc/nios2-elf/4.1.2/mno-hw-mul/libgcc.a(_fixunsdfsi.o)
                0x00112908                __fixunsdfsi
 .text          0x001129ac       0x20 ../../../bsp/il2206-pre-built-ucosii//libucosii_bsp.a(alt_exit.o)
                0x001129ac                _exit
 *(.gnu.warning.*)
 *(.fini)
                0x001129cc                PROVIDE (__etext, ABSOLUTE (.))
                0x001129cc                PROVIDE (_etext, ABSOLUTE (.))
                0x001129cc                PROVIDE (etext, ABSOLUTE (.))
 *(.eh_frame_hdr)
                0x001129cc                . = ALIGN (0x4)
                0x001129cc                PROVIDE (__preinit_array_start, ABSOLUTE (.))
 *(.preinit_array)
                0x001129cc                PROVIDE (__preinit_array_end, ABSOLUTE (.))
                0x001129cc                PROVIDE (__init_array_start, ABSOLUTE (.))
 *(.init_array)
                0x001129cc                PROVIDE (__init_array_end, ABSOLUTE (.))
                0x001129cc                PROVIDE (__fini_array_start, ABSOLUTE (.))
 *(.fini_array)
                0x001129cc                PROVIDE (__fini_array_end, ABSOLUTE (.))
 *(.eh_frame)
 *(.gcc_except_table)
 *(.dynamic)
                0x001129cc                PROVIDE (__CTOR_LIST__, ABSOLUTE (.))
 *(.ctors)
 *(SORT(.ctors.*))
 .ctors.65535   0x001129cc        0x4 /opt/altera/13.0sp1/nios2eds/bin/gnu/H-i686-pc-linux-gnu/bin/../lib/gcc/nios2-elf/4.1.2/../../../../nios2-elf/lib/mno-hw-mul/libc.a(lib_a-__call_atexit.o)
                0x001129d0                PROVIDE (__CTOR_END__, ABSOLUTE (.))
                0x001129d0                PROVIDE (__DTOR_LIST__, ABSOLUTE (.))
 *(.dtors)
 *(SORT(.dtors.*))
                0x001129d0                PROVIDE (__DTOR_END__, ABSOLUTE (.))
 *(.jcr)
                0x001129d0                . = ALIGN (0x4)

.rodata         0x001129d0      0x5d0
                0x001129d0                PROVIDE (__ram_rodata_start, ABSOLUTE (.))
                0x001129d0                . = ALIGN (0x4)
 *(.rodata .rodata.* .gnu.linkonce.r.*)
 .rodata        0x001129d0      0x138 obj/default/cruise_skeleton.o
 .rodata        0x00112b08       0x14 /opt/altera/13.0sp1/nios2eds/bin/gnu/H-i686-pc-linux-gnu/bin/../lib/gcc/nios2-elf/4.1.2/mno-hw-mul/libgcc.a(_thenan_df.o)
                0x00112b08                __thenan_df
 .rodata        0x00112b1c      0x100 /opt/altera/13.0sp1/nios2eds/bin/gnu/H-i686-pc-linux-gnu/bin/../lib/gcc/nios2-elf/4.1.2/mno-hw-mul/libgcc.a(_clz.o)
                0x00112b1c                __clz_tab
 .rodata.str1.4
                0x00112c1c        0x2 /opt/altera/13.0sp1/nios2eds/bin/gnu/H-i686-pc-linux-gnu/bin/../lib/gcc/nios2-elf/4.1.2/../../../../nios2-elf/lib/mno-hw-mul/libc.a(lib_a-puts.o)
                                  0x4 (size before relaxing)
 *fill*         0x00112c1e        0x2 00
 .rodata.str1.4
                0x00112c20       0x5e /opt/altera/13.0sp1/nios2eds/bin/gnu/H-i686-pc-linux-gnu/bin/../lib/gcc/nios2-elf/4.1.2/../../../../nios2-elf/lib/mno-hw-mul/libc.a(lib_a-vfprintf.o)
                                 0x60 (size before relaxing)
 .rodata        0x00112c7e       0x20 /opt/altera/13.0sp1/nios2eds/bin/gnu/H-i686-pc-linux-gnu/bin/../lib/gcc/nios2-elf/4.1.2/../../../../nios2-elf/lib/mno-hw-mul/libc.a(lib_a-vfprintf.o)
 *fill*         0x00112c9e        0x2 00
 .rodata.str1.4
                0x00112ca0       0x10 /opt/altera/13.0sp1/nios2eds/bin/gnu/H-i686-pc-linux-gnu/bin/../lib/gcc/nios2-elf/4.1.2/../../../../nios2-elf/lib/mno-hw-mul/libc.a(lib_a-dtoa.o)
                                 0x14 (size before relaxing)
 .rodata.str1.4
                0x00112cb0        0x2 /opt/altera/13.0sp1/nios2eds/bin/gnu/H-i686-pc-linux-gnu/bin/../lib/gcc/nios2-elf/4.1.2/../../../../nios2-elf/lib/mno-hw-mul/libc.a(lib_a-impure.o)
                                  0x4 (size before relaxing)
 *fill*         0x00112cb2        0x2 00
 .rodata.str1.4
                0x00112cb4        0xf /opt/altera/13.0sp1/nios2eds/bin/gnu/H-i686-pc-linux-gnu/bin/../lib/gcc/nios2-elf/4.1.2/../../../../nios2-elf/lib/mno-hw-mul/libc.a(lib_a-locale.o)
                                 0x18 (size before relaxing)
 *fill*         0x00112cc3        0x1 00
 .rodata        0x00112cc4       0x30 /opt/altera/13.0sp1/nios2eds/bin/gnu/H-i686-pc-linux-gnu/bin/../lib/gcc/nios2-elf/4.1.2/../../../../nios2-elf/lib/mno-hw-mul/libc.a(lib_a-locale.o)
 .rodata        0x00112cf4      0x124 /opt/altera/13.0sp1/nios2eds/bin/gnu/H-i686-pc-linux-gnu/bin/../lib/gcc/nios2-elf/4.1.2/../../../../nios2-elf/lib/mno-hw-mul/libc.a(lib_a-mprec.o)
                0x00112cf4                __mprec_tens
                0x00112dbc                __mprec_bigtens
                0x00112de4                __mprec_tinytens
 .rodata.str1.4
                0x00112e18        0xa ../../../bsp/il2206-pre-built-ucosii//libucosii_bsp.a(alt_dev.o)
                                  0xc (size before relaxing)
 *fill*         0x00112e22        0x2 00
 .rodata.str1.4
                0x00112e24       0x11 ../../../bsp/il2206-pre-built-ucosii//libucosii_bsp.a(alt_main.o)
                                 0x14 (size before relaxing)
 *fill*         0x00112e35        0x3 00
 .rodata.str1.4
                0x00112e38       0x1e ../../../bsp/il2206-pre-built-ucosii//libucosii_bsp.a(os_core.o)
                                 0x20 (size before relaxing)
 .rodata        0x00112e56      0x100 ../../../bsp/il2206-pre-built-ucosii//libucosii_bsp.a(os_core.o)
                0x00112e56                OSUnMapTbl
 *fill*         0x00112f56        0x2 00
 .rodata.str1.4
                0x00112f58       0x35 ../../../bsp/il2206-pre-built-ucosii//libucosii_bsp.a(os_tmr.o)
                                 0x38 (size before relaxing)
 *fill*         0x00112f8d        0x3 00
 .rodata.str1.4
                0x00112f90       0x10 ../../../bsp/il2206-pre-built-ucosii//libucosii_bsp.a(alt_sys_init.o)
                                 0x24 (size before relaxing)
 .rodata.str1.4
                0x00000000        0x4 ../../../bsp/il2206-pre-built-ucosii//libucosii_bsp.a(os_cpu_c.o)
 *(.rodata1)
                0x00112fa0                . = ALIGN (0x4)
                0x00112fa0                PROVIDE (__ram_rodata_end, ABSOLUTE (.))
                0x001129d0                PROVIDE (__flash_rodata_start, LOADADDR (.rodata))

.rwdata         0x00112fa0     0x1b54 load address 0x00114af4
                0x00112fa0                PROVIDE (__ram_rwdata_start, ABSOLUTE (.))
                0x00112fa0                . = ALIGN (0x4)
 *(.got.plt)
 *(.got)
 *(.data1)
 *(.data .data.* .gnu.linkonce.d.*)
 .data          0x00112fa0        0x0 ../../../bsp/il2206-pre-built-ucosii//obj/HAL/src/crt0.o
 .data          0x00112fa0       0x2c obj/default/cruise_skeleton.o
 .data          0x00112fcc        0x0 /opt/altera/13.0sp1/nios2eds/bin/gnu/H-i686-pc-linux-gnu/bin/../lib/gcc/nios2-elf/4.1.2/mno-hw-mul/libgcc.a(_si_to_sf.o)
 .data          0x00112fcc        0x0 /opt/altera/13.0sp1/nios2eds/bin/gnu/H-i686-pc-linux-gnu/bin/../lib/gcc/nios2-elf/4.1.2/mno-hw-mul/libgcc.a(_sf_to_df.o)
 .data          0x00112fcc        0x0 /opt/altera/13.0sp1/nios2eds/bin/gnu/H-i686-pc-linux-gnu/bin/../lib/gcc/nios2-elf/4.1.2/mno-hw-mul/libgcc.a(_addsub_df.o)
 .data          0x00112fcc        0x0 /opt/altera/13.0sp1/nios2eds/bin/gnu/H-i686-pc-linux-gnu/bin/../lib/gcc/nios2-elf/4.1.2/mno-hw-mul/libgcc.a(_div_df.o)
 .data          0x00112fcc        0x0 /opt/altera/13.0sp1/nios2eds/bin/gnu/H-i686-pc-linux-gnu/bin/../lib/gcc/nios2-elf/4.1.2/mno-hw-mul/libgcc.a(_si_to_df.o)
 .data          0x00112fcc        0x0 /opt/altera/13.0sp1/nios2eds/bin/gnu/H-i686-pc-linux-gnu/bin/../lib/gcc/nios2-elf/4.1.2/mno-hw-mul/libgcc.a(_df_to_si.o)
 .data          0x00112fcc        0x0 /opt/altera/13.0sp1/nios2eds/bin/gnu/H-i686-pc-linux-gnu/bin/../lib/gcc/nios2-elf/4.1.2/mno-hw-mul/libgcc.a(_make_df.o)
 .data          0x00112fcc        0x0 /opt/altera/13.0sp1/nios2eds/bin/gnu/H-i686-pc-linux-gnu/bin/../lib/gcc/nios2-elf/4.1.2/mno-hw-mul/libgcc.a(_thenan_df.o)
 .data          0x00112fcc        0x0 /opt/altera/13.0sp1/nios2eds/bin/gnu/H-i686-pc-linux-gnu/bin/../lib/gcc/nios2-elf/4.1.2/mno-hw-mul/libgcc.a(lib2-divmod.o)
 .data          0x00112fcc        0x0 /opt/altera/13.0sp1/nios2eds/bin/gnu/H-i686-pc-linux-gnu/bin/../lib/gcc/nios2-elf/4.1.2/mno-hw-mul/libgcc.a(lib2-mul.o)
 .data          0x00112fcc        0x0 /opt/altera/13.0sp1/nios2eds/bin/gnu/H-i686-pc-linux-gnu/bin/../lib/gcc/nios2-elf/4.1.2/mno-hw-mul/libgcc.a(_clzsi2.o)
 .data          0x00112fcc        0x0 /opt/altera/13.0sp1/nios2eds/bin/gnu/H-i686-pc-linux-gnu/bin/../lib/gcc/nios2-elf/4.1.2/mno-hw-mul/libgcc.a(_pack_sf.o)
 .data          0x00112fcc        0x0 /opt/altera/13.0sp1/nios2eds/bin/gnu/H-i686-pc-linux-gnu/bin/../lib/gcc/nios2-elf/4.1.2/mno-hw-mul/libgcc.a(_unpack_sf.o)
 .data          0x00112fcc        0x0 /opt/altera/13.0sp1/nios2eds/bin/gnu/H-i686-pc-linux-gnu/bin/../lib/gcc/nios2-elf/4.1.2/mno-hw-mul/libgcc.a(_pack_df.o)
 .data          0x00112fcc        0x0 /opt/altera/13.0sp1/nios2eds/bin/gnu/H-i686-pc-linux-gnu/bin/../lib/gcc/nios2-elf/4.1.2/mno-hw-mul/libgcc.a(_unpack_df.o)
 .data          0x00112fcc        0x0 /opt/altera/13.0sp1/nios2eds/bin/gnu/H-i686-pc-linux-gnu/bin/../lib/gcc/nios2-elf/4.1.2/mno-hw-mul/libgcc.a(_clz.o)
 .data          0x00112fcc        0x0 /opt/altera/13.0sp1/nios2eds/bin/gnu/H-i686-pc-linux-gnu/bin/../lib/gcc/nios2-elf/4.1.2/../../../../nios2-elf/lib/mno-hw-mul/libc.a(lib_a-printf.o)
 .data          0x00112fcc        0x0 /opt/altera/13.0sp1/nios2eds/bin/gnu/H-i686-pc-linux-gnu/bin/../lib/gcc/nios2-elf/4.1.2/../../../../nios2-elf/lib/mno-hw-mul/libc.a(lib_a-puts.o)
 .data          0x00112fcc        0x0 /opt/altera/13.0sp1/nios2eds/bin/gnu/H-i686-pc-linux-gnu/bin/../lib/gcc/nios2-elf/4.1.2/../../../../nios2-elf/lib/mno-hw-mul/libc.a(lib_a-strlen.o)
 .data          0x00112fcc        0x0 /opt/altera/13.0sp1/nios2eds/bin/gnu/H-i686-pc-linux-gnu/bin/../lib/gcc/nios2-elf/4.1.2/../../../../nios2-elf/lib/mno-hw-mul/libc.a(lib_a-vfprintf.o)
 .data          0x00112fcc        0x0 /opt/altera/13.0sp1/nios2eds/bin/gnu/H-i686-pc-linux-gnu/bin/../lib/gcc/nios2-elf/4.1.2/../../../../nios2-elf/lib/mno-hw-mul/libc.a(lib_a-wsetup.o)
 .data          0x00112fcc        0x0 /opt/altera/13.0sp1/nios2eds/bin/gnu/H-i686-pc-linux-gnu/bin/../lib/gcc/nios2-elf/4.1.2/../../../../nios2-elf/lib/mno-hw-mul/libc.a(lib_a-dtoa.o)
 .data          0x00112fcc        0x0 /opt/altera/13.0sp1/nios2eds/bin/gnu/H-i686-pc-linux-gnu/bin/../lib/gcc/nios2-elf/4.1.2/../../../../nios2-elf/lib/mno-hw-mul/libc.a(lib_a-fflush.o)
 .data          0x00112fcc        0x0 /opt/altera/13.0sp1/nios2eds/bin/gnu/H-i686-pc-linux-gnu/bin/../lib/gcc/nios2-elf/4.1.2/../../../../nios2-elf/lib/mno-hw-mul/libc.a(lib_a-findfp.o)
 .data          0x00112fcc        0x0 /opt/altera/13.0sp1/nios2eds/bin/gnu/H-i686-pc-linux-gnu/bin/../lib/gcc/nios2-elf/4.1.2/../../../../nios2-elf/lib/mno-hw-mul/libc.a(lib_a-freer.o)
 .data          0x00112fcc        0x0 /opt/altera/13.0sp1/nios2eds/bin/gnu/H-i686-pc-linux-gnu/bin/../lib/gcc/nios2-elf/4.1.2/../../../../nios2-elf/lib/mno-hw-mul/libc.a(lib_a-fvwrite.o)
 .data          0x00112fcc        0x0 /opt/altera/13.0sp1/nios2eds/bin/gnu/H-i686-pc-linux-gnu/bin/../lib/gcc/nios2-elf/4.1.2/../../../../nios2-elf/lib/mno-hw-mul/libc.a(lib_a-fwalk.o)
 .data          0x00112fcc      0x400 /opt/altera/13.0sp1/nios2eds/bin/gnu/H-i686-pc-linux-gnu/bin/../lib/gcc/nios2-elf/4.1.2/../../../../nios2-elf/lib/mno-hw-mul/libc.a(lib_a-impure.o)
 .data          0x001133cc        0xc /opt/altera/13.0sp1/nios2eds/bin/gnu/H-i686-pc-linux-gnu/bin/../lib/gcc/nios2-elf/4.1.2/../../../../nios2-elf/lib/mno-hw-mul/libc.a(lib_a-locale.o)
                0x001133cc                __lc_ctype
 .data          0x001133d8        0x0 /opt/altera/13.0sp1/nios2eds/bin/gnu/H-i686-pc-linux-gnu/bin/../lib/gcc/nios2-elf/4.1.2/../../../../nios2-elf/lib/mno-hw-mul/libc.a(lib_a-makebuf.o)
 .data          0x001133d8      0x408 /opt/altera/13.0sp1/nios2eds/bin/gnu/H-i686-pc-linux-gnu/bin/../lib/gcc/nios2-elf/4.1.2/../../../../nios2-elf/lib/mno-hw-mul/libc.a(lib_a-mallocr.o)
                0x001133d8                __malloc_av_
 .data          0x001137e0        0x0 /opt/altera/13.0sp1/nios2eds/bin/gnu/H-i686-pc-linux-gnu/bin/../lib/gcc/nios2-elf/4.1.2/../../../../nios2-elf/lib/mno-hw-mul/libc.a(lib_a-memchr.o)
 .data          0x001137e0        0x0 /opt/altera/13.0sp1/nios2eds/bin/gnu/H-i686-pc-linux-gnu/bin/../lib/gcc/nios2-elf/4.1.2/../../../../nios2-elf/lib/mno-hw-mul/libc.a(lib_a-memcpy.o)
 .data          0x001137e0        0x0 /opt/altera/13.0sp1/nios2eds/bin/gnu/H-i686-pc-linux-gnu/bin/../lib/gcc/nios2-elf/4.1.2/../../../../nios2-elf/lib/mno-hw-mul/libc.a(lib_a-memmove.o)
 .data          0x001137e0        0x0 /opt/altera/13.0sp1/nios2eds/bin/gnu/H-i686-pc-linux-gnu/bin/../lib/gcc/nios2-elf/4.1.2/../../../../nios2-elf/lib/mno-hw-mul/libc.a(lib_a-memset.o)
 .data          0x001137e0        0x0 /opt/altera/13.0sp1/nios2eds/bin/gnu/H-i686-pc-linux-gnu/bin/../lib/gcc/nios2-elf/4.1.2/../../../../nios2-elf/lib/mno-hw-mul/libc.a(lib_a-mprec.o)
 .data          0x001137e0        0x0 /opt/altera/13.0sp1/nios2eds/bin/gnu/H-i686-pc-linux-gnu/bin/../lib/gcc/nios2-elf/4.1.2/../../../../nios2-elf/lib/mno-hw-mul/libc.a(lib_a-reallocr.o)
 .data          0x001137e0        0x0 /opt/altera/13.0sp1/nios2eds/bin/gnu/H-i686-pc-linux-gnu/bin/../lib/gcc/nios2-elf/4.1.2/../../../../nios2-elf/lib/mno-hw-mul/libc.a(lib_a-s_isinfd.o)
 .data          0x001137e0        0x0 /opt/altera/13.0sp1/nios2eds/bin/gnu/H-i686-pc-linux-gnu/bin/../lib/gcc/nios2-elf/4.1.2/../../../../nios2-elf/lib/mno-hw-mul/libc.a(lib_a-s_isnand.o)
 .data          0x001137e0        0x0 /opt/altera/13.0sp1/nios2eds/bin/gnu/H-i686-pc-linux-gnu/bin/../lib/gcc/nios2-elf/4.1.2/../../../../nios2-elf/lib/mno-hw-mul/libc.a(lib_a-sbrkr.o)
 .data          0x001137e0        0x0 /opt/altera/13.0sp1/nios2eds/bin/gnu/H-i686-pc-linux-gnu/bin/../lib/gcc/nios2-elf/4.1.2/../../../../nios2-elf/lib/mno-hw-mul/libc.a(lib_a-stdio.o)
 .data          0x001137e0        0x0 /opt/altera/13.0sp1/nios2eds/bin/gnu/H-i686-pc-linux-gnu/bin/../lib/gcc/nios2-elf/4.1.2/../../../../nios2-elf/lib/mno-hw-mul/libc.a(lib_a-strcmp.o)
 .data          0x001137e0        0x0 /opt/altera/13.0sp1/nios2eds/bin/gnu/H-i686-pc-linux-gnu/bin/../lib/gcc/nios2-elf/4.1.2/../../../../nios2-elf/lib/mno-hw-mul/libc.a(lib_a-writer.o)
 .data          0x001137e0        0x0 /opt/altera/13.0sp1/nios2eds/bin/gnu/H-i686-pc-linux-gnu/bin/../lib/gcc/nios2-elf/4.1.2/../../../../nios2-elf/lib/mno-hw-mul/libc.a(lib_a-callocr.o)
 .data          0x001137e0        0x0 /opt/altera/13.0sp1/nios2eds/bin/gnu/H-i686-pc-linux-gnu/bin/../lib/gcc/nios2-elf/4.1.2/../../../../nios2-elf/lib/mno-hw-mul/libc.a(lib_a-closer.o)
 .data          0x001137e0        0x0 /opt/altera/13.0sp1/nios2eds/bin/gnu/H-i686-pc-linux-gnu/bin/../lib/gcc/nios2-elf/4.1.2/../../../../nios2-elf/lib/mno-hw-mul/libc.a(lib_a-fclose.o)
 .data          0x001137e0        0x0 /opt/altera/13.0sp1/nios2eds/bin/gnu/H-i686-pc-linux-gnu/bin/../lib/gcc/nios2-elf/4.1.2/../../../../nios2-elf/lib/mno-hw-mul/libc.a(lib_a-fstatr.o)
 .data          0x001137e0        0x0 /opt/altera/13.0sp1/nios2eds/bin/gnu/H-i686-pc-linux-gnu/bin/../lib/gcc/nios2-elf/4.1.2/../../../../nios2-elf/lib/mno-hw-mul/libc.a(lib_a-int_errno.o)
 .data          0x001137e0        0x0 /opt/altera/13.0sp1/nios2eds/bin/gnu/H-i686-pc-linux-gnu/bin/../lib/gcc/nios2-elf/4.1.2/../../../../nios2-elf/lib/mno-hw-mul/libc.a(lib_a-isattyr.o)
 .data          0x001137e0        0x0 /opt/altera/13.0sp1/nios2eds/bin/gnu/H-i686-pc-linux-gnu/bin/../lib/gcc/nios2-elf/4.1.2/../../../../nios2-elf/lib/mno-hw-mul/libc.a(lib_a-lseekr.o)
 .data          0x001137e0        0x0 /opt/altera/13.0sp1/nios2eds/bin/gnu/H-i686-pc-linux-gnu/bin/../lib/gcc/nios2-elf/4.1.2/../../../../nios2-elf/lib/mno-hw-mul/libc.a(lib_a-readr.o)
 .data          0x001137e0        0x0 /opt/altera/13.0sp1/nios2eds/bin/gnu/H-i686-pc-linux-gnu/bin/../lib/gcc/nios2-elf/4.1.2/mno-hw-mul/libgcc.a(_udivdi3.o)
 .data          0x001137e0        0x0 /opt/altera/13.0sp1/nios2eds/bin/gnu/H-i686-pc-linux-gnu/bin/../lib/gcc/nios2-elf/4.1.2/mno-hw-mul/libgcc.a(_umoddi3.o)
 .data          0x001137e0        0x0 /opt/altera/13.0sp1/nios2eds/bin/gnu/H-i686-pc-linux-gnu/bin/../lib/gcc/nios2-elf/4.1.2/mno-hw-mul/libgcc.a(_mul_df.o)
 .data          0x001137e0        0x0 /opt/altera/13.0sp1/nios2eds/bin/gnu/H-i686-pc-linux-gnu/bin/../lib/gcc/nios2-elf/4.1.2/mno-hw-mul/libgcc.a(_eq_df.o)
 .data          0x001137e0        0x0 /opt/altera/13.0sp1/nios2eds/bin/gnu/H-i686-pc-linux-gnu/bin/../lib/gcc/nios2-elf/4.1.2/mno-hw-mul/libgcc.a(_ne_df.o)
 .data          0x001137e0        0x0 /opt/altera/13.0sp1/nios2eds/bin/gnu/H-i686-pc-linux-gnu/bin/../lib/gcc/nios2-elf/4.1.2/mno-hw-mul/libgcc.a(_gt_df.o)
 .data          0x001137e0        0x0 /opt/altera/13.0sp1/nios2eds/bin/gnu/H-i686-pc-linux-gnu/bin/../lib/gcc/nios2-elf/4.1.2/mno-hw-mul/libgcc.a(_ge_df.o)
 .data          0x001137e0        0x0 /opt/altera/13.0sp1/nios2eds/bin/gnu/H-i686-pc-linux-gnu/bin/../lib/gcc/nios2-elf/4.1.2/mno-hw-mul/libgcc.a(_lt_df.o)
 .data          0x001137e0        0x0 /opt/altera/13.0sp1/nios2eds/bin/gnu/H-i686-pc-linux-gnu/bin/../lib/gcc/nios2-elf/4.1.2/mno-hw-mul/libgcc.a(_usi_to_df.o)
 .data          0x001137e0        0x0 /opt/altera/13.0sp1/nios2eds/bin/gnu/H-i686-pc-linux-gnu/bin/../lib/gcc/nios2-elf/4.1.2/mno-hw-mul/libgcc.a(_muldi3.o)
 .data          0x001137e0        0x0 /opt/altera/13.0sp1/nios2eds/bin/gnu/H-i686-pc-linux-gnu/bin/../lib/gcc/nios2-elf/4.1.2/mno-hw-mul/libgcc.a(_fpcmp_parts_df.o)
 .data          0x001137e0        0x0 ../../../bsp/il2206-pre-built-ucosii//libucosii_bsp.a(alt_alarm_start.o)
 .data          0x001137e0        0x0 ../../../bsp/il2206-pre-built-ucosii//libucosii_bsp.a(alt_close.o)
 .data          0x001137e0      0x1a8 ../../../bsp/il2206-pre-built-ucosii//libucosii_bsp.a(alt_dev.o)
                0x001137e0                alt_dev_null
                0x00113808                alt_fd_list
 .data          0x00113988        0x0 ../../../bsp/il2206-pre-built-ucosii//libucosii_bsp.a(alt_errno.o)
 .data          0x00113988        0x0 ../../../bsp/il2206-pre-built-ucosii//libucosii_bsp.a(alt_fstat.o)
 .data          0x00113988        0x0 ../../../bsp/il2206-pre-built-ucosii//libucosii_bsp.a(alt_isatty.o)
 .data          0x00113988        0x0 ../../../bsp/il2206-pre-built-ucosii//libucosii_bsp.a(alt_load.o)
 .data          0x00113988        0x0 ../../../bsp/il2206-pre-built-ucosii//libucosii_bsp.a(alt_lseek.o)
 .data          0x00113988        0x0 ../../../bsp/il2206-pre-built-ucosii//libucosii_bsp.a(alt_main.o)
 .data          0x00113988        0x0 ../../../bsp/il2206-pre-built-ucosii//libucosii_bsp.a(alt_read.o)
 .data          0x00113988        0x0 ../../../bsp/il2206-pre-built-ucosii//libucosii_bsp.a(alt_release_fd.o)
 .data          0x00113988        0x0 ../../../bsp/il2206-pre-built-ucosii//libucosii_bsp.a(alt_sbrk.o)
 .data          0x00113988        0x0 ../../../bsp/il2206-pre-built-ucosii//libucosii_bsp.a(alt_tick.o)
 .data          0x00113988        0x0 ../../../bsp/il2206-pre-built-ucosii//libucosii_bsp.a(alt_write.o)
 .data          0x00113988        0x0 ../../../bsp/il2206-pre-built-ucosii//libucosii_bsp.a(alt_env_lock.o)
 .data          0x00113988        0x0 ../../../bsp/il2206-pre-built-ucosii//libucosii_bsp.a(alt_malloc_lock.o)
 .data          0x00113988        0x0 ../../../bsp/il2206-pre-built-ucosii//libucosii_bsp.a(os_core.o)
 .data          0x00113988        0x0 ../../../bsp/il2206-pre-built-ucosii//libucosii_bsp.a(os_dbg.o)
 .data          0x00113988        0x0 ../../../bsp/il2206-pre-built-ucosii//libucosii_bsp.a(os_flag.o)
 .data          0x00113988        0x0 ../../../bsp/il2206-pre-built-ucosii//libucosii_bsp.a(os_mbox.o)
 .data          0x00113988        0x0 ../../../bsp/il2206-pre-built-ucosii//libucosii_bsp.a(os_mem.o)
 .data          0x00113988        0x0 ../../../bsp/il2206-pre-built-ucosii//libucosii_bsp.a(os_q.o)
 .data          0x00113988        0x0 ../../../bsp/il2206-pre-built-ucosii//libucosii_bsp.a(os_sem.o)
 .data          0x00113988        0x0 ../../../bsp/il2206-pre-built-ucosii//libucosii_bsp.a(os_task.o)
 .data          0x00113988        0x0 ../../../bsp/il2206-pre-built-ucosii//libucosii_bsp.a(os_time.o)
 .data          0x00113988        0x0 ../../../bsp/il2206-pre-built-ucosii//libucosii_bsp.a(os_tmr.o)
 .data          0x00113988     0x1098 ../../../bsp/il2206-pre-built-ucosii//libucosii_bsp.a(alt_sys_init.o)
 .data          0x00114a20        0x0 ../../../bsp/il2206-pre-built-ucosii//libucosii_bsp.a(altera_avalon_jtag_uart_fd.o)
 .data          0x00114a20        0x0 ../../../bsp/il2206-pre-built-ucosii//libucosii_bsp.a(altera_avalon_jtag_uart_init.o)
 .data          0x00114a20        0x0 ../../../bsp/il2206-pre-built-ucosii//libucosii_bsp.a(altera_avalon_jtag_uart_ioctl.o)
 .data          0x00114a20        0x0 ../../../bsp/il2206-pre-built-ucosii//libucosii_bsp.a(altera_avalon_jtag_uart_read.o)
 .data          0x00114a20        0x0 ../../../bsp/il2206-pre-built-ucosii//libucosii_bsp.a(altera_avalon_jtag_uart_write.o)
 .data          0x00114a20        0x0 ../../../bsp/il2206-pre-built-ucosii//libucosii_bsp.a(altera_avalon_timer_sc.o)
 .data          0x00114a20        0x0 ../../../bsp/il2206-pre-built-ucosii//libucosii_bsp.a(altera_up_avalon_character_lcd.o)
 .data          0x00114a20        0x0 ../../../bsp/il2206-pre-built-ucosii//libucosii_bsp.a(alt_dcache_flush_all.o)
 .data          0x00114a20        0x0 ../../../bsp/il2206-pre-built-ucosii//libucosii_bsp.a(alt_dev_llist_insert.o)
 .data          0x00114a20        0x0 ../../../bsp/il2206-pre-built-ucosii//libucosii_bsp.a(alt_do_ctors.o)
 .data          0x00114a20        0x0 ../../../bsp/il2206-pre-built-ucosii//libucosii_bsp.a(alt_do_dtors.o)
 .data          0x00114a20        0x0 ../../../bsp/il2206-pre-built-ucosii//libucosii_bsp.a(alt_find_dev.o)
 .data          0x00114a20        0x0 ../../../bsp/il2206-pre-built-ucosii//libucosii_bsp.a(alt_icache_flush_all.o)
 .data          0x00114a20        0x0 ../../../bsp/il2206-pre-built-ucosii//libucosii_bsp.a(alt_iic.o)
 .data          0x00114a20        0x0 ../../../bsp/il2206-pre-built-ucosii//libucosii_bsp.a(alt_iic_isr_register.o)
 .data          0x00114a20        0x0 ../../../bsp/il2206-pre-built-ucosii//libucosii_bsp.a(alt_io_redirect.o)
 .data          0x00114a20        0x0 ../../../bsp/il2206-pre-built-ucosii//libucosii_bsp.a(alt_irq_entry.o)
 .data          0x00114a20        0x0 ../../../bsp/il2206-pre-built-ucosii//libucosii_bsp.a(alt_irq_handler.o)
 .data          0x00114a20        0x0 ../../../bsp/il2206-pre-built-ucosii//libucosii_bsp.a(alt_irq_vars.o)
 .data          0x00114a20        0x0 ../../../bsp/il2206-pre-built-ucosii//libucosii_bsp.a(alt_open.o)
 .data          0x00114a20        0x0 ../../../bsp/il2206-pre-built-ucosii//libucosii_bsp.a(altera_nios2_qsys_irq.o)
 .data          0x00114a20        0x0 ../../../bsp/il2206-pre-built-ucosii//libucosii_bsp.a(os_cpu_a.o)
 .data          0x00114a20        0x0 ../../../bsp/il2206-pre-built-ucosii//libucosii_bsp.a(os_cpu_c.o)
 .data          0x00114a20        0x0 ../../../bsp/il2206-pre-built-ucosii//libucosii_bsp.a(alt_exception_entry.o)
 .data          0x00114a20        0x0 ../../../bsp/il2206-pre-built-ucosii//libucosii_bsp.a(alt_find_file.o)
 .data          0x00114a20        0x0 ../../../bsp/il2206-pre-built-ucosii//libucosii_bsp.a(alt_get_fd.o)
 .data          0x00114a20        0x0 /opt/altera/13.0sp1/nios2eds/bin/gnu/H-i686-pc-linux-gnu/bin/../lib/gcc/nios2-elf/4.1.2/../../../../nios2-elf/lib/mno-hw-mul/libc.a(lib_a-atexit.o)
 .data          0x00114a20        0x0 /opt/altera/13.0sp1/nios2eds/bin/gnu/H-i686-pc-linux-gnu/bin/../lib/gcc/nios2-elf/4.1.2/../../../../nios2-elf/lib/mno-hw-mul/libc.a(lib_a-exit.o)
 .data          0x00114a20        0x0 /opt/altera/13.0sp1/nios2eds/bin/gnu/H-i686-pc-linux-gnu/bin/../lib/gcc/nios2-elf/4.1.2/../../../../nios2-elf/lib/mno-hw-mul/libc.a(lib_a-memcmp.o)
 .data          0x00114a20        0x0 /opt/altera/13.0sp1/nios2eds/bin/gnu/H-i686-pc-linux-gnu/bin/../lib/gcc/nios2-elf/4.1.2/../../../../nios2-elf/lib/mno-hw-mul/libc.a(lib_a-__atexit.o)
 .data          0x00114a20        0x0 /opt/altera/13.0sp1/nios2eds/bin/gnu/H-i686-pc-linux-gnu/bin/../lib/gcc/nios2-elf/4.1.2/../../../../nios2-elf/lib/mno-hw-mul/libc.a(lib_a-__call_atexit.o)
 .data          0x00114a20        0x0 /opt/altera/13.0sp1/nios2eds/bin/gnu/H-i686-pc-linux-gnu/bin/../lib/gcc/nios2-elf/4.1.2/mno-hw-mul/libgcc.a(_fixunsdfsi.o)
 .data          0x00114a20        0x0 ../../../bsp/il2206-pre-built-ucosii//libucosii_bsp.a(alt_exit.o)
                0x0011ca20                _gp = ABSOLUTE ((. + 0x8000))
                0x0011ca20                PROVIDE (gp, _gp)
 *(.rwdata .rwdata.*)
 *(.sdata .sdata.* .gnu.linkonce.s.*)
 .sdata         0x00114a20       0x18 obj/default/cruise_skeleton.o
                0x00114a20                gas_pedal
                0x00114a24                brake_pedal
                0x00114a28                top_gear
                0x00114a2c                engine
                0x00114a30                cruise_control
                0x00114a34                cpu_ok
 .sdata         0x00114a38        0x8 /opt/altera/13.0sp1/nios2eds/bin/gnu/H-i686-pc-linux-gnu/bin/../lib/gcc/nios2-elf/4.1.2/../../../../nios2-elf/lib/mno-hw-mul/libc.a(lib_a-impure.o)
                0x00114a38                _impure_ptr
                0x00114a3c                _global_impure_ptr
 .sdata         0x00114a40        0x8 /opt/altera/13.0sp1/nios2eds/bin/gnu/H-i686-pc-linux-gnu/bin/../lib/gcc/nios2-elf/4.1.2/../../../../nios2-elf/lib/mno-hw-mul/libc.a(lib_a-locale.o)
                0x00114a40                __mb_cur_max
 .sdata         0x00114a48        0x8 /opt/altera/13.0sp1/nios2eds/bin/gnu/H-i686-pc-linux-gnu/bin/../lib/gcc/nios2-elf/4.1.2/../../../../nios2-elf/lib/mno-hw-mul/libc.a(lib_a-mallocr.o)
                0x00114a48                __malloc_trim_threshold
                0x00114a4c                __malloc_sbrk_base
 .sdata         0x00114a50       0x14 ../../../bsp/il2206-pre-built-ucosii//libucosii_bsp.a(alt_dev.o)
                0x00114a50                alt_fs_list
                0x00114a58                alt_dev_list
                0x00114a60                alt_max_fd
 .sdata         0x00114a64        0x4 ../../../bsp/il2206-pre-built-ucosii//libucosii_bsp.a(alt_errno.o)
                0x00114a64                alt_errno
 .sdata         0x00114a68        0x4 ../../../bsp/il2206-pre-built-ucosii//libucosii_bsp.a(alt_sbrk.o)
 .sdata         0x00114a6c        0x8 ../../../bsp/il2206-pre-built-ucosii//libucosii_bsp.a(alt_tick.o)
                0x00114a6c                alt_alarm_list
 .sdata         0x00114a74        0x4 ../../../bsp/il2206-pre-built-ucosii//libucosii_bsp.a(alt_env_lock.o)
 .sdata         0x00114a78        0x4 ../../../bsp/il2206-pre-built-ucosii//libucosii_bsp.a(alt_malloc_lock.o)
 .sdata         0x00114a7c       0x74 ../../../bsp/il2206-pre-built-ucosii//libucosii_bsp.a(os_dbg.o)
                0x00114a7c                OSDebugEn
                0x00114a80                OSEndiannessTest
                0x00114a84                OSEventEn
                0x00114a86                OSEventMax
                0x00114a88                OSEventNameSize
                0x00114a8a                OSEventSize
                0x00114a8c                OSEventTblSize
                0x00114a8e                OSEventMultiEn
                0x00114a90                OSFlagEn
                0x00114a92                OSFlagGrpSize
                0x00114a94                OSFlagNodeSize
                0x00114a96                OSFlagWidth
                0x00114a98                OSFlagMax
                0x00114a9a                OSFlagNameSize
                0x00114a9c                OSLowestPrio
                0x00114a9e                OSMboxEn
                0x00114aa0                OSMemEn
                0x00114aa2                OSMemMax
                0x00114aa4                OSMemNameSize
                0x00114aa6                OSMemSize
                0x00114aa8                OSMemTblSize
                0x00114aaa                OSMutexEn
                0x00114aac                OSPtrSize
                0x00114aae                OSQEn
                0x00114ab0                OSQMax
                0x00114ab2                OSQSize
                0x00114ab4                OSRdyTblSize
                0x00114ab6                OSSemEn
                0x00114ab8                OSStkWidth
                0x00114aba                OSTaskCreateEn
                0x00114abc                OSTaskCreateExtEn
                0x00114abe                OSTaskDelEn
                0x00114ac0                OSTaskIdleStkSize
                0x00114ac2                OSTaskProfileEn
                0x00114ac4                OSTaskMax
                0x00114ac6                OSTaskNameSize
                0x00114ac8                OSTaskStatEn
                0x00114aca                OSTaskStatStkSize
                0x00114acc                OSTaskStatStkChkEn
                0x00114ace                OSTaskSwHookEn
                0x00114ad0                OSTCBPrioTblMax
                0x00114ad2                OSTCBSize
                0x00114ad4                OSTicksPerSec
                0x00114ad6                OSTimeTickHookEn
                0x00114ad8                OSVersionNbr
                0x00114ada                OSTmrEn
                0x00114adc                OSTmrCfgMax
                0x00114ade                OSTmrCfgNameSize
                0x00114ae0                OSTmrCfgWheelSize
                0x00114ae2                OSTmrCfgTicksPerSec
                0x00114ae4                OSTmrSize
                0x00114ae6                OSTmrTblSize
                0x00114ae8                OSTmrWheelSize
                0x00114aea                OSTmrWheelTblSize
                0x00114aec                OSDataSize
 .sdata         0x00114af0        0x4 ../../../bsp/il2206-pre-built-ucosii//libucosii_bsp.a(alt_irq_vars.o)
                0x00114af0                alt_priority_mask
 *(.sdata2 .sdata2.* .gnu.linkonce.s2.*)
                0x00114af4                . = ALIGN (0x4)
                0x00114af4                _edata = ABSOLUTE (.)
                0x00114af4                PROVIDE (edata, ABSOLUTE (.))
                0x00114af4                PROVIDE (__ram_rwdata_end, ABSOLUTE (.))
                0x00114af4                PROVIDE (__flash_rwdata_start, LOADADDR (.rwdata))

.bss            0x00116648    0x14148
                0x00116648                __bss_start = ABSOLUTE (.)
                0x00116648                PROVIDE (__sbss_start, ABSOLUTE (.))
                0x00116648                PROVIDE (___sbss_start, ABSOLUTE (.))
 *(.dynsbss)
 *(.sbss .sbss.* .gnu.linkonce.sb.*)
 .sbss          0x00116648        0x8 obj/default/cruise_skeleton.o
                0x00116648                led_green
                0x0011664c                led_red
 .sbss          0x00116650       0x48 obj/default/cruise_skeleton.o
                0x00116650                detection_tmr
                0x00116654                Mbox_Throttle
                0x00116658                vehicle_tmr
                0x0011665c                button_sem
                0x00116660                Mbox_Velocity
                0x00116664                detection_sem
                0x00116668                button_tmr
                0x0011666c                switch_sem
                0x00116670                control_tmr
                0x00116674                watchdog_sem
                0x00116678                extraLoad_sem
                0x0011667c                control_sem
                0x00116680                delay
                0x00116684                error
                0x00116688                watchdog_tmr
                0x0011668c                vehicle_sem
                0x00116690                extraLoad_tmr
                0x00116694                switch_tmr
 .sbss          0x00116698        0xc /opt/altera/13.0sp1/nios2eds/bin/gnu/H-i686-pc-linux-gnu/bin/../lib/gcc/nios2-elf/4.1.2/../../../../nios2-elf/lib/mno-hw-mul/libc.a(lib_a-locale.o)
                0x00116698                __nlocale_changed
                0x0011669c                __mlocale_changed
                0x001166a0                _PathLocale
 .sbss          0x001166a4        0xc /opt/altera/13.0sp1/nios2eds/bin/gnu/H-i686-pc-linux-gnu/bin/../lib/gcc/nios2-elf/4.1.2/../../../../nios2-elf/lib/mno-hw-mul/libc.a(lib_a-mallocr.o)
                0x001166a4                __malloc_top_pad
                0x001166a8                __malloc_max_sbrked_mem
                0x001166ac                __malloc_max_total_mem
 .sbss          0x001166b0        0x4 /opt/altera/13.0sp1/nios2eds/bin/gnu/H-i686-pc-linux-gnu/bin/../lib/gcc/nios2-elf/4.1.2/../../../../nios2-elf/lib/mno-hw-mul/libc.a(lib_a-int_errno.o)
                0x001166b0                errno
 .sbss          0x001166b4        0x4 ../../../bsp/il2206-pre-built-ucosii//libucosii_bsp.a(alt_dev.o)
                0x001166b4                alt_fd_list_lock
 .sbss          0x001166b8        0xc ../../../bsp/il2206-pre-built-ucosii//libucosii_bsp.a(alt_main.o)
                0x001166b8                alt_argc
                0x001166bc                alt_argv
                0x001166c0                alt_envp
 .sbss          0x001166c4        0x8 ../../../bsp/il2206-pre-built-ucosii//libucosii_bsp.a(alt_tick.o)
                0x001166c4                _alt_tick_rate
                0x001166c8                _alt_nticks
 .sbss          0x001166cc        0x8 ../../../bsp/il2206-pre-built-ucosii//libucosii_bsp.a(alt_env_lock.o)
                0x001166d0                alt_envsem
 .sbss          0x001166d4        0x8 ../../../bsp/il2206-pre-built-ucosii//libucosii_bsp.a(alt_malloc_lock.o)
                0x001166d8                alt_heapsem
 .sbss          0x001166dc       0x68 ../../../bsp/il2206-pre-built-ucosii//libucosii_bsp.a(os_core.o)
                0x001166dc                OSTmrFreeList
                0x001166e0                OSLockNesting
                0x001166e4                OSTmrSemSignal
                0x001166e8                OSRunning
                0x001166ec                OSIdleCtr
                0x001166f0                OSTmrUsed
                0x001166f2                OSPrioHighRdy
                0x001166f3                OSPrioCur
                0x001166f4                OSTCBList
                0x001166f8                OSTickStepState
                0x001166fc                OSCtxSwCtr
                0x00116700                OSTmrFree
                0x00116704                OSIdleCtrMax
                0x00116708                OSTCBFreeList
                0x0011670c                OSCPUUsage
                0x0011670d                OSTaskCtr
                0x00116710                OSMemFreeList
                0x00116714                OSTCBHighRdy
                0x00116718                OSQFreeList
                0x0011671c                OSRdyGrp
                0x0011671d                OSRdyTbl
                0x00116720                OSEventFreeList
                0x00116724                OSIntNesting
                0x00116728                OSTCBCur
                0x0011672c                OSTmrTime
                0x00116730                OSTime
                0x00116734                OSTmrSem
                0x00116738                OSFlagFreeList
                0x0011673c                OSStatRdy
                0x00116740                OSIdleCtrRun
 .sbss          0x00116744        0x4 ../../../bsp/il2206-pre-built-ucosii//libucosii_bsp.a(alt_irq_vars.o)
                0x00116744                alt_irq_active
 .sbss          0x00116748        0x2 ../../../bsp/il2206-pre-built-ucosii//libucosii_bsp.a(os_cpu_c.o)
 *(.sbss2 .sbss2.* .gnu.linkonce.sb2.*)
 *(.scommon)
                0x0011674a                PROVIDE (__sbss_end, ABSOLUTE (.))
                0x0011674a                PROVIDE (___sbss_end, ABSOLUTE (.))
 *(.dynbss)
 *(.bss .bss.* .gnu.linkonce.b.*)
 .bss           0x0011674a        0x0 ../../../bsp/il2206-pre-built-ucosii//obj/HAL/src/crt0.o
 *fill*         0x0011674a        0x2 00
 .bss           0x0011674c       0x18 obj/default/cruise_skeleton.o
 .bss           0x00116764        0x0 /opt/altera/13.0sp1/nios2eds/bin/gnu/H-i686-pc-linux-gnu/bin/../lib/gcc/nios2-elf/4.1.2/mno-hw-mul/libgcc.a(_si_to_sf.o)
 .bss           0x00116764        0x0 /opt/altera/13.0sp1/nios2eds/bin/gnu/H-i686-pc-linux-gnu/bin/../lib/gcc/nios2-elf/4.1.2/mno-hw-mul/libgcc.a(_sf_to_df.o)
 .bss           0x00116764        0x0 /opt/altera/13.0sp1/nios2eds/bin/gnu/H-i686-pc-linux-gnu/bin/../lib/gcc/nios2-elf/4.1.2/mno-hw-mul/libgcc.a(_addsub_df.o)
 .bss           0x00116764        0x0 /opt/altera/13.0sp1/nios2eds/bin/gnu/H-i686-pc-linux-gnu/bin/../lib/gcc/nios2-elf/4.1.2/mno-hw-mul/libgcc.a(_div_df.o)
 .bss           0x00116764        0x0 /opt/altera/13.0sp1/nios2eds/bin/gnu/H-i686-pc-linux-gnu/bin/../lib/gcc/nios2-elf/4.1.2/mno-hw-mul/libgcc.a(_si_to_df.o)
 .bss           0x00116764        0x0 /opt/altera/13.0sp1/nios2eds/bin/gnu/H-i686-pc-linux-gnu/bin/../lib/gcc/nios2-elf/4.1.2/mno-hw-mul/libgcc.a(_df_to_si.o)
 .bss           0x00116764        0x0 /opt/altera/13.0sp1/nios2eds/bin/gnu/H-i686-pc-linux-gnu/bin/../lib/gcc/nios2-elf/4.1.2/mno-hw-mul/libgcc.a(_make_df.o)
 .bss           0x00116764        0x0 /opt/altera/13.0sp1/nios2eds/bin/gnu/H-i686-pc-linux-gnu/bin/../lib/gcc/nios2-elf/4.1.2/mno-hw-mul/libgcc.a(_thenan_df.o)
 .bss           0x00116764        0x0 /opt/altera/13.0sp1/nios2eds/bin/gnu/H-i686-pc-linux-gnu/bin/../lib/gcc/nios2-elf/4.1.2/mno-hw-mul/libgcc.a(lib2-divmod.o)
 .bss           0x00116764        0x0 /opt/altera/13.0sp1/nios2eds/bin/gnu/H-i686-pc-linux-gnu/bin/../lib/gcc/nios2-elf/4.1.2/mno-hw-mul/libgcc.a(lib2-mul.o)
 .bss           0x00116764        0x0 /opt/altera/13.0sp1/nios2eds/bin/gnu/H-i686-pc-linux-gnu/bin/../lib/gcc/nios2-elf/4.1.2/mno-hw-mul/libgcc.a(_clzsi2.o)
 .bss           0x00116764        0x0 /opt/altera/13.0sp1/nios2eds/bin/gnu/H-i686-pc-linux-gnu/bin/../lib/gcc/nios2-elf/4.1.2/mno-hw-mul/libgcc.a(_pack_sf.o)
 .bss           0x00116764        0x0 /opt/altera/13.0sp1/nios2eds/bin/gnu/H-i686-pc-linux-gnu/bin/../lib/gcc/nios2-elf/4.1.2/mno-hw-mul/libgcc.a(_unpack_sf.o)
 .bss           0x00116764        0x0 /opt/altera/13.0sp1/nios2eds/bin/gnu/H-i686-pc-linux-gnu/bin/../lib/gcc/nios2-elf/4.1.2/mno-hw-mul/libgcc.a(_pack_df.o)
 .bss           0x00116764        0x0 /opt/altera/13.0sp1/nios2eds/bin/gnu/H-i686-pc-linux-gnu/bin/../lib/gcc/nios2-elf/4.1.2/mno-hw-mul/libgcc.a(_unpack_df.o)
 .bss           0x00116764        0x0 /opt/altera/13.0sp1/nios2eds/bin/gnu/H-i686-pc-linux-gnu/bin/../lib/gcc/nios2-elf/4.1.2/mno-hw-mul/libgcc.a(_clz.o)
 .bss           0x00116764        0x0 /opt/altera/13.0sp1/nios2eds/bin/gnu/H-i686-pc-linux-gnu/bin/../lib/gcc/nios2-elf/4.1.2/../../../../nios2-elf/lib/mno-hw-mul/libc.a(lib_a-printf.o)
 .bss           0x00116764        0x0 /opt/altera/13.0sp1/nios2eds/bin/gnu/H-i686-pc-linux-gnu/bin/../lib/gcc/nios2-elf/4.1.2/../../../../nios2-elf/lib/mno-hw-mul/libc.a(lib_a-puts.o)
 .bss           0x00116764        0x0 /opt/altera/13.0sp1/nios2eds/bin/gnu/H-i686-pc-linux-gnu/bin/../lib/gcc/nios2-elf/4.1.2/../../../../nios2-elf/lib/mno-hw-mul/libc.a(lib_a-strlen.o)
 .bss           0x00116764        0x0 /opt/altera/13.0sp1/nios2eds/bin/gnu/H-i686-pc-linux-gnu/bin/../lib/gcc/nios2-elf/4.1.2/../../../../nios2-elf/lib/mno-hw-mul/libc.a(lib_a-vfprintf.o)
 .bss           0x00116764        0x0 /opt/altera/13.0sp1/nios2eds/bin/gnu/H-i686-pc-linux-gnu/bin/../lib/gcc/nios2-elf/4.1.2/../../../../nios2-elf/lib/mno-hw-mul/libc.a(lib_a-wsetup.o)
 .bss           0x00116764        0x0 /opt/altera/13.0sp1/nios2eds/bin/gnu/H-i686-pc-linux-gnu/bin/../lib/gcc/nios2-elf/4.1.2/../../../../nios2-elf/lib/mno-hw-mul/libc.a(lib_a-dtoa.o)
 .bss           0x00116764        0x0 /opt/altera/13.0sp1/nios2eds/bin/gnu/H-i686-pc-linux-gnu/bin/../lib/gcc/nios2-elf/4.1.2/../../../../nios2-elf/lib/mno-hw-mul/libc.a(lib_a-fflush.o)
 .bss           0x00116764        0x0 /opt/altera/13.0sp1/nios2eds/bin/gnu/H-i686-pc-linux-gnu/bin/../lib/gcc/nios2-elf/4.1.2/../../../../nios2-elf/lib/mno-hw-mul/libc.a(lib_a-findfp.o)
 .bss           0x00116764        0x0 /opt/altera/13.0sp1/nios2eds/bin/gnu/H-i686-pc-linux-gnu/bin/../lib/gcc/nios2-elf/4.1.2/../../../../nios2-elf/lib/mno-hw-mul/libc.a(lib_a-freer.o)
 .bss           0x00116764        0x0 /opt/altera/13.0sp1/nios2eds/bin/gnu/H-i686-pc-linux-gnu/bin/../lib/gcc/nios2-elf/4.1.2/../../../../nios2-elf/lib/mno-hw-mul/libc.a(lib_a-fvwrite.o)
 .bss           0x00116764        0x0 /opt/altera/13.0sp1/nios2eds/bin/gnu/H-i686-pc-linux-gnu/bin/../lib/gcc/nios2-elf/4.1.2/../../../../nios2-elf/lib/mno-hw-mul/libc.a(lib_a-fwalk.o)
 .bss           0x00116764        0x0 /opt/altera/13.0sp1/nios2eds/bin/gnu/H-i686-pc-linux-gnu/bin/../lib/gcc/nios2-elf/4.1.2/../../../../nios2-elf/lib/mno-hw-mul/libc.a(lib_a-impure.o)
 .bss           0x00116764        0x0 /opt/altera/13.0sp1/nios2eds/bin/gnu/H-i686-pc-linux-gnu/bin/../lib/gcc/nios2-elf/4.1.2/../../../../nios2-elf/lib/mno-hw-mul/libc.a(lib_a-locale.o)
 .bss           0x00116764        0x0 /opt/altera/13.0sp1/nios2eds/bin/gnu/H-i686-pc-linux-gnu/bin/../lib/gcc/nios2-elf/4.1.2/../../../../nios2-elf/lib/mno-hw-mul/libc.a(lib_a-makebuf.o)
 .bss           0x00116764       0x28 /opt/altera/13.0sp1/nios2eds/bin/gnu/H-i686-pc-linux-gnu/bin/../lib/gcc/nios2-elf/4.1.2/../../../../nios2-elf/lib/mno-hw-mul/libc.a(lib_a-mallocr.o)
                0x00116764                __malloc_current_mallinfo
 .bss           0x0011678c        0x0 /opt/altera/13.0sp1/nios2eds/bin/gnu/H-i686-pc-linux-gnu/bin/../lib/gcc/nios2-elf/4.1.2/../../../../nios2-elf/lib/mno-hw-mul/libc.a(lib_a-memchr.o)
 .bss           0x0011678c        0x0 /opt/altera/13.0sp1/nios2eds/bin/gnu/H-i686-pc-linux-gnu/bin/../lib/gcc/nios2-elf/4.1.2/../../../../nios2-elf/lib/mno-hw-mul/libc.a(lib_a-memcpy.o)
 .bss           0x0011678c        0x0 /opt/altera/13.0sp1/nios2eds/bin/gnu/H-i686-pc-linux-gnu/bin/../lib/gcc/nios2-elf/4.1.2/../../../../nios2-elf/lib/mno-hw-mul/libc.a(lib_a-memmove.o)
 .bss           0x0011678c        0x0 /opt/altera/13.0sp1/nios2eds/bin/gnu/H-i686-pc-linux-gnu/bin/../lib/gcc/nios2-elf/4.1.2/../../../../nios2-elf/lib/mno-hw-mul/libc.a(lib_a-memset.o)
 .bss           0x0011678c        0x0 /opt/altera/13.0sp1/nios2eds/bin/gnu/H-i686-pc-linux-gnu/bin/../lib/gcc/nios2-elf/4.1.2/../../../../nios2-elf/lib/mno-hw-mul/libc.a(lib_a-mprec.o)
 .bss           0x0011678c        0x0 /opt/altera/13.0sp1/nios2eds/bin/gnu/H-i686-pc-linux-gnu/bin/../lib/gcc/nios2-elf/4.1.2/../../../../nios2-elf/lib/mno-hw-mul/libc.a(lib_a-reallocr.o)
 .bss           0x0011678c        0x0 /opt/altera/13.0sp1/nios2eds/bin/gnu/H-i686-pc-linux-gnu/bin/../lib/gcc/nios2-elf/4.1.2/../../../../nios2-elf/lib/mno-hw-mul/libc.a(lib_a-s_isinfd.o)
 .bss           0x0011678c        0x0 /opt/altera/13.0sp1/nios2eds/bin/gnu/H-i686-pc-linux-gnu/bin/../lib/gcc/nios2-elf/4.1.2/../../../../nios2-elf/lib/mno-hw-mul/libc.a(lib_a-s_isnand.o)
 .bss           0x0011678c        0x0 /opt/altera/13.0sp1/nios2eds/bin/gnu/H-i686-pc-linux-gnu/bin/../lib/gcc/nios2-elf/4.1.2/../../../../nios2-elf/lib/mno-hw-mul/libc.a(lib_a-sbrkr.o)
 .bss           0x0011678c        0x0 /opt/altera/13.0sp1/nios2eds/bin/gnu/H-i686-pc-linux-gnu/bin/../lib/gcc/nios2-elf/4.1.2/../../../../nios2-elf/lib/mno-hw-mul/libc.a(lib_a-stdio.o)
 .bss           0x0011678c        0x0 /opt/altera/13.0sp1/nios2eds/bin/gnu/H-i686-pc-linux-gnu/bin/../lib/gcc/nios2-elf/4.1.2/../../../../nios2-elf/lib/mno-hw-mul/libc.a(lib_a-strcmp.o)
 .bss           0x0011678c        0x0 /opt/altera/13.0sp1/nios2eds/bin/gnu/H-i686-pc-linux-gnu/bin/../lib/gcc/nios2-elf/4.1.2/../../../../nios2-elf/lib/mno-hw-mul/libc.a(lib_a-writer.o)
 .bss           0x0011678c        0x0 /opt/altera/13.0sp1/nios2eds/bin/gnu/H-i686-pc-linux-gnu/bin/../lib/gcc/nios2-elf/4.1.2/../../../../nios2-elf/lib/mno-hw-mul/libc.a(lib_a-callocr.o)
 .bss           0x0011678c        0x0 /opt/altera/13.0sp1/nios2eds/bin/gnu/H-i686-pc-linux-gnu/bin/../lib/gcc/nios2-elf/4.1.2/../../../../nios2-elf/lib/mno-hw-mul/libc.a(lib_a-closer.o)
 .bss           0x0011678c        0x0 /opt/altera/13.0sp1/nios2eds/bin/gnu/H-i686-pc-linux-gnu/bin/../lib/gcc/nios2-elf/4.1.2/../../../../nios2-elf/lib/mno-hw-mul/libc.a(lib_a-fclose.o)
 .bss           0x0011678c        0x0 /opt/altera/13.0sp1/nios2eds/bin/gnu/H-i686-pc-linux-gnu/bin/../lib/gcc/nios2-elf/4.1.2/../../../../nios2-elf/lib/mno-hw-mul/libc.a(lib_a-fstatr.o)
 .bss           0x0011678c        0x0 /opt/altera/13.0sp1/nios2eds/bin/gnu/H-i686-pc-linux-gnu/bin/../lib/gcc/nios2-elf/4.1.2/../../../../nios2-elf/lib/mno-hw-mul/libc.a(lib_a-int_errno.o)
 .bss           0x0011678c        0x0 /opt/altera/13.0sp1/nios2eds/bin/gnu/H-i686-pc-linux-gnu/bin/../lib/gcc/nios2-elf/4.1.2/../../../../nios2-elf/lib/mno-hw-mul/libc.a(lib_a-isattyr.o)
 .bss           0x0011678c        0x0 /opt/altera/13.0sp1/nios2eds/bin/gnu/H-i686-pc-linux-gnu/bin/../lib/gcc/nios2-elf/4.1.2/../../../../nios2-elf/lib/mno-hw-mul/libc.a(lib_a-lseekr.o)
 .bss           0x0011678c        0x0 /opt/altera/13.0sp1/nios2eds/bin/gnu/H-i686-pc-linux-gnu/bin/../lib/gcc/nios2-elf/4.1.2/../../../../nios2-elf/lib/mno-hw-mul/libc.a(lib_a-readr.o)
 .bss           0x0011678c        0x0 /opt/altera/13.0sp1/nios2eds/bin/gnu/H-i686-pc-linux-gnu/bin/../lib/gcc/nios2-elf/4.1.2/mno-hw-mul/libgcc.a(_udivdi3.o)
 .bss           0x0011678c        0x0 /opt/altera/13.0sp1/nios2eds/bin/gnu/H-i686-pc-linux-gnu/bin/../lib/gcc/nios2-elf/4.1.2/mno-hw-mul/libgcc.a(_umoddi3.o)
 .bss           0x0011678c        0x0 /opt/altera/13.0sp1/nios2eds/bin/gnu/H-i686-pc-linux-gnu/bin/../lib/gcc/nios2-elf/4.1.2/mno-hw-mul/libgcc.a(_mul_df.o)
 .bss           0x0011678c        0x0 /opt/altera/13.0sp1/nios2eds/bin/gnu/H-i686-pc-linux-gnu/bin/../lib/gcc/nios2-elf/4.1.2/mno-hw-mul/libgcc.a(_eq_df.o)
 .bss           0x0011678c        0x0 /opt/altera/13.0sp1/nios2eds/bin/gnu/H-i686-pc-linux-gnu/bin/../lib/gcc/nios2-elf/4.1.2/mno-hw-mul/libgcc.a(_ne_df.o)
 .bss           0x0011678c        0x0 /opt/altera/13.0sp1/nios2eds/bin/gnu/H-i686-pc-linux-gnu/bin/../lib/gcc/nios2-elf/4.1.2/mno-hw-mul/libgcc.a(_gt_df.o)
 .bss           0x0011678c        0x0 /opt/altera/13.0sp1/nios2eds/bin/gnu/H-i686-pc-linux-gnu/bin/../lib/gcc/nios2-elf/4.1.2/mno-hw-mul/libgcc.a(_ge_df.o)
 .bss           0x0011678c        0x0 /opt/altera/13.0sp1/nios2eds/bin/gnu/H-i686-pc-linux-gnu/bin/../lib/gcc/nios2-elf/4.1.2/mno-hw-mul/libgcc.a(_lt_df.o)
 .bss           0x0011678c        0x0 /opt/altera/13.0sp1/nios2eds/bin/gnu/H-i686-pc-linux-gnu/bin/../lib/gcc/nios2-elf/4.1.2/mno-hw-mul/libgcc.a(_usi_to_df.o)
 .bss           0x0011678c        0x0 /opt/altera/13.0sp1/nios2eds/bin/gnu/H-i686-pc-linux-gnu/bin/../lib/gcc/nios2-elf/4.1.2/mno-hw-mul/libgcc.a(_muldi3.o)
 .bss           0x0011678c        0x0 /opt/altera/13.0sp1/nios2eds/bin/gnu/H-i686-pc-linux-gnu/bin/../lib/gcc/nios2-elf/4.1.2/mno-hw-mul/libgcc.a(_fpcmp_parts_df.o)
 .bss           0x0011678c        0x0 ../../../bsp/il2206-pre-built-ucosii//libucosii_bsp.a(alt_alarm_start.o)
 .bss           0x0011678c        0x0 ../../../bsp/il2206-pre-built-ucosii//libucosii_bsp.a(alt_close.o)
 .bss           0x0011678c        0x0 ../../../bsp/il2206-pre-built-ucosii//libucosii_bsp.a(alt_dev.o)
 .bss           0x0011678c        0x0 ../../../bsp/il2206-pre-built-ucosii//libucosii_bsp.a(alt_errno.o)
 .bss           0x0011678c        0x0 ../../../bsp/il2206-pre-built-ucosii//libucosii_bsp.a(alt_fstat.o)
 .bss           0x0011678c        0x0 ../../../bsp/il2206-pre-built-ucosii//libucosii_bsp.a(alt_isatty.o)
 .bss           0x0011678c        0x0 ../../../bsp/il2206-pre-built-ucosii//libucosii_bsp.a(alt_load.o)
 .bss           0x0011678c        0x0 ../../../bsp/il2206-pre-built-ucosii//libucosii_bsp.a(alt_lseek.o)
 .bss           0x0011678c        0x0 ../../../bsp/il2206-pre-built-ucosii//libucosii_bsp.a(alt_main.o)
 .bss           0x0011678c        0x0 ../../../bsp/il2206-pre-built-ucosii//libucosii_bsp.a(alt_read.o)
 .bss           0x0011678c        0x0 ../../../bsp/il2206-pre-built-ucosii//libucosii_bsp.a(alt_release_fd.o)
 .bss           0x0011678c        0x0 ../../../bsp/il2206-pre-built-ucosii//libucosii_bsp.a(alt_sbrk.o)
 .bss           0x0011678c        0x0 ../../../bsp/il2206-pre-built-ucosii//libucosii_bsp.a(alt_tick.o)
 .bss           0x0011678c        0x0 ../../../bsp/il2206-pre-built-ucosii//libucosii_bsp.a(alt_write.o)
 .bss           0x0011678c        0x0 ../../../bsp/il2206-pre-built-ucosii//libucosii_bsp.a(alt_env_lock.o)
 .bss           0x0011678c        0x0 ../../../bsp/il2206-pre-built-ucosii//libucosii_bsp.a(alt_malloc_lock.o)
 .bss           0x0011678c        0x0 ../../../bsp/il2206-pre-built-ucosii//libucosii_bsp.a(os_core.o)
 .bss           0x0011678c        0x0 ../../../bsp/il2206-pre-built-ucosii//libucosii_bsp.a(os_dbg.o)
 .bss           0x0011678c        0x0 ../../../bsp/il2206-pre-built-ucosii//libucosii_bsp.a(os_flag.o)
 .bss           0x0011678c        0x0 ../../../bsp/il2206-pre-built-ucosii//libucosii_bsp.a(os_mbox.o)
 .bss           0x0011678c        0x0 ../../../bsp/il2206-pre-built-ucosii//libucosii_bsp.a(os_mem.o)
 .bss           0x0011678c        0x0 ../../../bsp/il2206-pre-built-ucosii//libucosii_bsp.a(os_q.o)
 .bss           0x0011678c        0x0 ../../../bsp/il2206-pre-built-ucosii//libucosii_bsp.a(os_sem.o)
 .bss           0x0011678c        0x0 ../../../bsp/il2206-pre-built-ucosii//libucosii_bsp.a(os_task.o)
 .bss           0x0011678c        0x0 ../../../bsp/il2206-pre-built-ucosii//libucosii_bsp.a(os_time.o)
 .bss           0x0011678c        0x0 ../../../bsp/il2206-pre-built-ucosii//libucosii_bsp.a(os_tmr.o)
 .bss           0x0011678c        0x0 ../../../bsp/il2206-pre-built-ucosii//libucosii_bsp.a(alt_sys_init.o)
 .bss           0x0011678c        0x0 ../../../bsp/il2206-pre-built-ucosii//libucosii_bsp.a(altera_avalon_jtag_uart_fd.o)
 .bss           0x0011678c        0x0 ../../../bsp/il2206-pre-built-ucosii//libucosii_bsp.a(altera_avalon_jtag_uart_init.o)
 .bss           0x0011678c        0x0 ../../../bsp/il2206-pre-built-ucosii//libucosii_bsp.a(altera_avalon_jtag_uart_ioctl.o)
 .bss           0x0011678c        0x0 ../../../bsp/il2206-pre-built-ucosii//libucosii_bsp.a(altera_avalon_jtag_uart_read.o)
 .bss           0x0011678c        0x0 ../../../bsp/il2206-pre-built-ucosii//libucosii_bsp.a(altera_avalon_jtag_uart_write.o)
 .bss           0x0011678c        0x0 ../../../bsp/il2206-pre-built-ucosii//libucosii_bsp.a(altera_avalon_timer_sc.o)
 .bss           0x0011678c        0x0 ../../../bsp/il2206-pre-built-ucosii//libucosii_bsp.a(altera_up_avalon_character_lcd.o)
 .bss           0x0011678c        0x0 ../../../bsp/il2206-pre-built-ucosii//libucosii_bsp.a(alt_dcache_flush_all.o)
 .bss           0x0011678c        0x0 ../../../bsp/il2206-pre-built-ucosii//libucosii_bsp.a(alt_dev_llist_insert.o)
 .bss           0x0011678c        0x0 ../../../bsp/il2206-pre-built-ucosii//libucosii_bsp.a(alt_do_ctors.o)
 .bss           0x0011678c        0x0 ../../../bsp/il2206-pre-built-ucosii//libucosii_bsp.a(alt_do_dtors.o)
 .bss           0x0011678c        0x0 ../../../bsp/il2206-pre-built-ucosii//libucosii_bsp.a(alt_find_dev.o)
 .bss           0x0011678c        0x0 ../../../bsp/il2206-pre-built-ucosii//libucosii_bsp.a(alt_icache_flush_all.o)
 .bss           0x0011678c        0x0 ../../../bsp/il2206-pre-built-ucosii//libucosii_bsp.a(alt_iic.o)
 .bss           0x0011678c        0x0 ../../../bsp/il2206-pre-built-ucosii//libucosii_bsp.a(alt_iic_isr_register.o)
 .bss           0x0011678c        0x0 ../../../bsp/il2206-pre-built-ucosii//libucosii_bsp.a(alt_io_redirect.o)
 .bss           0x0011678c        0x0 ../../../bsp/il2206-pre-built-ucosii//libucosii_bsp.a(alt_irq_entry.o)
 .bss           0x0011678c        0x0 ../../../bsp/il2206-pre-built-ucosii//libucosii_bsp.a(alt_irq_handler.o)
 .bss           0x0011678c        0x0 ../../../bsp/il2206-pre-built-ucosii//libucosii_bsp.a(alt_irq_vars.o)
 .bss           0x0011678c        0x0 ../../../bsp/il2206-pre-built-ucosii//libucosii_bsp.a(alt_open.o)
 .bss           0x0011678c        0x0 ../../../bsp/il2206-pre-built-ucosii//libucosii_bsp.a(altera_nios2_qsys_irq.o)
 .bss           0x0011678c        0x0 ../../../bsp/il2206-pre-built-ucosii//libucosii_bsp.a(os_cpu_a.o)
 .bss           0x0011678c        0x0 ../../../bsp/il2206-pre-built-ucosii//libucosii_bsp.a(os_cpu_c.o)
 .bss           0x0011678c        0x0 ../../../bsp/il2206-pre-built-ucosii//libucosii_bsp.a(alt_exception_entry.o)
 .bss           0x0011678c        0x0 ../../../bsp/il2206-pre-built-ucosii//libucosii_bsp.a(alt_find_file.o)
 .bss           0x0011678c        0x0 ../../../bsp/il2206-pre-built-ucosii//libucosii_bsp.a(alt_get_fd.o)
 .bss           0x0011678c        0x0 /opt/altera/13.0sp1/nios2eds/bin/gnu/H-i686-pc-linux-gnu/bin/../lib/gcc/nios2-elf/4.1.2/../../../../nios2-elf/lib/mno-hw-mul/libc.a(lib_a-atexit.o)
 .bss           0x0011678c        0x0 /opt/altera/13.0sp1/nios2eds/bin/gnu/H-i686-pc-linux-gnu/bin/../lib/gcc/nios2-elf/4.1.2/../../../../nios2-elf/lib/mno-hw-mul/libc.a(lib_a-exit.o)
 .bss           0x0011678c        0x0 /opt/altera/13.0sp1/nios2eds/bin/gnu/H-i686-pc-linux-gnu/bin/../lib/gcc/nios2-elf/4.1.2/../../../../nios2-elf/lib/mno-hw-mul/libc.a(lib_a-memcmp.o)
 .bss           0x0011678c        0x0 /opt/altera/13.0sp1/nios2eds/bin/gnu/H-i686-pc-linux-gnu/bin/../lib/gcc/nios2-elf/4.1.2/../../../../nios2-elf/lib/mno-hw-mul/libc.a(lib_a-__atexit.o)
 .bss           0x0011678c        0x0 /opt/altera/13.0sp1/nios2eds/bin/gnu/H-i686-pc-linux-gnu/bin/../lib/gcc/nios2-elf/4.1.2/../../../../nios2-elf/lib/mno-hw-mul/libc.a(lib_a-__call_atexit.o)
 .bss           0x0011678c        0x0 /opt/altera/13.0sp1/nios2eds/bin/gnu/H-i686-pc-linux-gnu/bin/../lib/gcc/nios2-elf/4.1.2/mno-hw-mul/libgcc.a(_fixunsdfsi.o)
 .bss           0x0011678c        0x0 ../../../bsp/il2206-pre-built-ucosii//libucosii_bsp.a(alt_exit.o)
 *(COMMON)
 COMMON         0x0011678c    0x10000 obj/default/cruise_skeleton.o