Archive member included because of file (symbol)

/opt/altera/13.0sp1/nios2eds/bin/gnu/H-i686-pc-linux-gnu/bin/../lib/gcc/nios2-elf/4.1.2/mno-hw-mul/libgcc.a(_si_to_sf.o)
                              obj/default/cruise_skeleton.o (__floatsisf)
/opt/altera/13.0sp1/nios2eds/bin/gnu/H-i686-pc-linux-gnu/bin/../lib/gcc/nios2-elf/4.1.2/mno-hw-mul/libgcc.a(_sf_to_df.o)
                              obj/default/cruise_skeleton.o (__extendsfdf2)
/opt/altera/13.0sp1/nios2eds/bin/gnu/H-i686-pc-linux-gnu/bin/../lib/gcc/nios2-elf/4.1.2/mno-hw-mul/libgcc.a(_addsub_df.o)
                              obj/default/cruise_skeleton.o (__adddf3)
/opt/altera/13.0sp1/nios2eds/bin/gnu/H-i686-pc-linux-gnu/bin/../lib/gcc/nios2-elf/4.1.2/mno-hw-mul/libgcc.a(_div_df.o)
                              obj/default/cruise_skeleton.o (__divdf3)
/opt/altera/13.0sp1/nios2eds/bin/gnu/H-i686-pc-linux-gnu/bin/../lib/gcc/nios2-elf/4.1.2/mno-hw-mul/libgcc.a(_si_to_df.o)
                              obj/default/cruise_skeleton.o (__floatsidf)
/opt/altera/13.0sp1/nios2eds/bin/gnu/H-i686-pc-linux-gnu/bin/../lib/gcc/nios2-elf/4.1.2/mno-hw-mul/libgcc.a(_df_to_si.o)
                              obj/default/cruise_skeleton.o (__fixdfsi)
/opt/altera/13.0sp1/nios2eds/bin/gnu/H-i686-pc-linux-gnu/bin/../lib/gcc/nios2-elf/4.1.2/mno-hw-mul/libgcc.a(_make_df.o)
                              /opt/altera/13.0sp1/nios2eds/bin/gnu/H-i686-pc-linux-gnu/bin/../lib/gcc/nios2-elf/4.1.2/mno-hw-mul/libgcc.a(_sf_to_df.o) (__make_dp)
/opt/altera/13.0sp1/nios2eds/bin/gnu/H-i686-pc-linux-gnu/bin/../lib/gcc/nios2-elf/4.1.2/mno-hw-mul/libgcc.a(_thenan_df.o)
                              /opt/altera/13.0sp1/nios2eds/bin/gnu/H-i686-pc-linux-gnu/bin/../lib/gcc/nios2-elf/4.1.2/mno-hw-mul/libgcc.a(_addsub_df.o) (__thenan_df)
/opt/altera/13.0sp1/nios2eds/bin/gnu/H-i686-pc-linux-gnu/bin/../lib/gcc/nios2-elf/4.1.2/mno-hw-mul/libgcc.a(lib2-divmod.o)
                              obj/default/cruise_skeleton.o (__divsi3)
/opt/altera/13.0sp1/nios2eds/bin/gnu/H-i686-pc-linux-gnu/bin/../lib/gcc/nios2-elf/4.1.2/mno-hw-mul/libgcc.a(lib2-mul.o)
                              obj/default/cruise_skeleton.o (__mulsi3)
/opt/altera/13.0sp1/nios2eds/bin/gnu/H-i686-pc-linux-gnu/bin/../lib/gcc/nios2-elf/4.1.2/mno-hw-mul/libgcc.a(_clzsi2.o)
                              /opt/altera/13.0sp1/nios2eds/bin/gnu/H-i686-pc-linux-gnu/bin/../lib/gcc/nios2-elf/4.1.2/mno-hw-mul/libgcc.a(_si_to_sf.o) (__clzsi2)
/opt/altera/13.0sp1/nios2eds/bin/gnu/H-i686-pc-linux-gnu/bin/../lib/gcc/nios2-elf/4.1.2/mno-hw-mul/libgcc.a(_pack_sf.o)
                              /opt/altera/13.0sp1/nios2eds/bin/gnu/H-i686-pc-linux-gnu/bin/../lib/gcc/nios2-elf/4.1.2/mno-hw-mul/libgcc.a(_si_to_sf.o) (__pack_f)
/opt/altera/13.0sp1/nios2eds/bin/gnu/H-i686-pc-linux-gnu/bin/../lib/gcc/nios2-elf/4.1.2/mno-hw-mul/libgcc.a(_unpack_sf.o)
                              /opt/altera/13.0sp1/nios2eds/bin/gnu/H-i686-pc-linux-gnu/bin/../lib/gcc/nios2-elf/4.1.2/mno-hw-mul/libgcc.a(_sf_to_df.o) (__unpack_f)
/opt/altera/13.0sp1/nios2eds/bin/gnu/H-i686-pc-linux-gnu/bin/../lib/gcc/nios2-elf/4.1.2/mno-hw-mul/libgcc.a(_pack_df.o)
                              /opt/altera/13.0sp1/nios2eds/bin/gnu/H-i686-pc-linux-gnu/bin/../lib/gcc/nios2-elf/4.1.2/mno-hw-mul/libgcc.a(_addsub_df.o) (__pack_d)
/opt/altera/13.0sp1/nios2eds/bin/gnu/H-i686-pc-linux-gnu/bin/../lib/gcc/nios2-elf/4.1.2/mno-hw-mul/libgcc.a(_unpack_df.o)
                              /opt/altera/13.0sp1/nios2eds/bin/gnu/H-i686-pc-linux-gnu/bin/../lib/gcc/nios2-elf/4.1.2/mno-hw-mul/libgcc.a(_addsub_df.o) (__unpack_d)
/opt/altera/13.0sp1/nios2eds/bin/gnu/H-i686-pc-linux-gnu/bin/../lib/gcc/nios2-elf/4.1.2/mno-hw-mul/libgcc.a(_clz.o)
                              /opt/altera/13.0sp1/nios2eds/bin/gnu/H-i686-pc-linux-gnu/bin/../lib/gcc/nios2-elf/4.1.2/mno-hw-mul/libgcc.a(_clzsi2.o) (__clz_tab)
/opt/altera/13.0sp1/nios2eds/bin/gnu/H-i686-pc-linux-gnu/bin/../lib/gcc/nios2-elf/4.1.2/../../../../nios2-elf/lib/mno-hw-mul/libc.a(lib_a-printf.o)
                              obj/default/cruise_skeleton.o (printf)
/opt/altera/13.0sp1/nios2eds/bin/gnu/H-i686-pc-linux-gnu/bin/../lib/gcc/nios2-elf/4.1.2/../../../../nios2-elf/lib/mno-hw-mul/libc.a(lib_a-puts.o)
                              obj/default/cruise_skeleton.o (puts)
/opt/altera/13.0sp1/nios2eds/bin/gnu/H-i686-pc-linux-gnu/bin/../lib/gcc/nios2-elf/4.1.2/../../../../nios2-elf/lib/mno-hw-mul/libc.a(lib_a-strlen.o)
                              /opt/altera/13.0sp1/nios2eds/bin/gnu/H-i686-pc-linux-gnu/bin/../lib/gcc/nios2-elf/4.1.2/../../../../nios2-elf/lib/mno-hw-mul/libc.a(lib_a-puts.o) (strlen)
/opt/altera/13.0sp1/nios2eds/bin/gnu/H-i686-pc-linux-gnu/bin/../lib/gcc/nios2-elf/4.1.2/../../../../nios2-elf/lib/mno-hw-mul/libc.a(lib_a-vfprintf.o)
                              /opt/altera/13.0sp1/nios2eds/bin/gnu/H-i686-pc-linux-gnu/bin/../lib/gcc/nios2-elf/4.1.2/../../../../nios2-elf/lib/mno-hw-mul/libc.a(lib_a-printf.o) (___vfprintf_internal_r)
[...]
Memory Configuration

Name             Origin             Length             Attributes
onchip_memory    0x00000000         0x00006400
sram             0x00100000         0x00080000
reset            0x01000000         0x00000020
sdram            0x01000020         0x007fffe0
*default*        0x00000000         0xffffffff

Linker script and memory map

LOAD ../../../bsp/il2206-pre-built-ucosii//obj/HAL/src/crt0.o
LOAD obj/default/cruise_skeleton.o
LOAD /opt/altera/13.0sp1/nios2eds/bin/gnu/H-i686-pc-linux-gnu/bin/../lib/gcc/nios2-elf/4.1.2/../../../../nios2-elf/lib/mno-hw-mul/libstdc++.a
LOAD /opt/altera/13.0sp1/nios2eds/bin/gnu/H-i686-pc-linux-gnu/bin/../lib/gcc/nios2-elf/4.1.2/../../../../nios2-elf/lib/mno-hw-mul/libm.a
LOAD /opt/altera/13.0sp1/nios2eds/bin/gnu/H-i686-pc-linux-gnu/bin/../lib/gcc/nios2-elf/4.1.2/mno-hw-mul/libgcc.a
START GROUP
LOAD /opt/altera/13.0sp1/nios2eds/bin/gnu/H-i686-pc-linux-gnu/bin/../lib/gcc/nios2-elf/4.1.2/../../../../nios2-elf/lib/mno-hw-mul/libc.a
LOAD /opt/altera/13.0sp1/nios2eds/bin/gnu/H-i686-pc-linux-gnu/bin/../lib/gcc/nios2-elf/4.1.2/mno-hw-mul/libgcc.a
LOAD ../../../bsp/il2206-pre-built-ucosii//libucosii_bsp.a
END GROUP
LOAD /opt/altera/13.0sp1/nios2eds/bin/gnu/H-i686-pc-linux-gnu/bin/../lib/gcc/nios2-elf/4.1.2/mno-hw-mul/libgcc.a
                0x00000000                __alt_mem_onchip_memory = 0x0
                0x00100000                __alt_mem_sram = 0x100000
                0x01000000                __alt_mem_sdram = 0x1000000

.entry          0x01000000       0x20
 *(.entry)
 .entry         0x01000000       0x20 ../../../bsp/il2206-pre-built-ucosii//obj/HAL/src/crt0.o
                0x01000000                __reset

.exceptions     0x01000020      0x124 load address 0x00100000
                0x01000020                PROVIDE (__ram_exceptions_start, ABSOLUTE (.))
                0x01000020                . = ALIGN (0x20)
 *(.irq)
 *(.exceptions.entry.label)
 .exceptions.entry.label
                0x01000020        0x0 ../../../bsp/il2206-pre-built-ucosii//libucosii_bsp.a(alt_irq_entry.o)
                0x01000020                alt_irq_entry
 .exceptions.entry.label
                0x01000020        0x0 ../../../bsp/il2206-pre-built-ucosii//libucosii_bsp.a(alt_exception_entry.o)
                0x01000020                alt_exception
 *(.exceptions.entry.user)
 *(.exceptions.entry)
 .exceptions.entry
                0x01000020       0x54 ../../../bsp/il2206-pre-built-ucosii//libucosii_bsp.a(alt_exception_entry.o)
 *(.exceptions.irqtest.user)
 *(.exceptions.irqtest)
 .exceptions.irqtest
                0x01000074       0x10 ../../../bsp/il2206-pre-built-ucosii//libucosii_bsp.a(alt_irq_entry.o)
 *(.exceptions.irqhandler.user)
 *(.exceptions.irqhandler)
 .exceptions.irqhandler
                0x01000084        0x4 ../../../bsp/il2206-pre-built-ucosii//libucosii_bsp.a(alt_irq_entry.o)
 *(.exceptions.irqreturn.user)
 *(.exceptions.irqreturn)
 .exceptions.irqreturn
                0x01000088        0x4 ../../../bsp/il2206-pre-built-ucosii//libucosii_bsp.a(alt_irq_entry.o)
 *(.exceptions.notirq.label)
 .exceptions.notirq.label
                0x0100008c        0x0 ../../../bsp/il2206-pre-built-ucosii//libucosii_bsp.a(alt_irq_entry.o)
 *(.exceptions.notirq.user)
 *(.exceptions.notirq)
 .exceptions.notirq
                0x0100008c        0x8 ../../../bsp/il2206-pre-built-ucosii//libucosii_bsp.a(alt_exception_entry.o)
 *(.exceptions.soft.user)
 *(.exceptions.soft)
 *(.exceptions.unknown.user)
 *(.exceptions.unknown)
 .exceptions.unknown
                0x01000094        0x4 ../../../bsp/il2206-pre-built-ucosii//libucosii_bsp.a(alt_exception_entry.o)
 *(.exceptions.exit.label)
 .exceptions.exit.label
                0x01000098        0x0 ../../../bsp/il2206-pre-built-ucosii//libucosii_bsp.a(alt_irq_entry.o)
 .exceptions.exit.label
                0x01000098        0x0 ../../../bsp/il2206-pre-built-ucosii//libucosii_bsp.a(alt_exception_entry.o)
 *(.exceptions.exit.user)
 *(.exceptions.exit)
 .exceptions.exit
                0x01000098       0x54 ../../../bsp/il2206-pre-built-ucosii//libucosii_bsp.a(alt_exception_entry.o)
 *(.exceptions)
 .exceptions    0x010000ec       0x58 ../../../bsp/il2206-pre-built-ucosii//libucosii_bsp.a(alt_irq_handler.o)
                0x010000ec                alt_irq_handler
                0x01000144                PROVIDE (__ram_exceptions_end, ABSOLUTE (.))
                0x00100000                PROVIDE (__flash_exceptions_start, LOADADDR (.exceptions))

.text           0x00100124    0x1218c
                0x00100124                PROVIDE (stext, ABSOLUTE (.))
 *(.interp)
 *(.hash)
 *(.dynsym)
 *(.dynstr)
 *(.gnu.version)
 *(.gnu.version_d)
 *(.gnu.version_r)
 *(.rel.init)
 *(.rela.init)
 *(.rel.text .rel.text.* .rel.gnu.linkonce.t.*)
 *(.rela.text .rela.text.* .rela.gnu.linkonce.t.*)
 *(.rel.fini)
 *(.rela.fini)
 *(.rel.rodata .rel.rodata.* .rel.gnu.linkonce.r.*)
 *(.rela.rodata .rela.rodata.* .rela.gnu.linkonce.r.*)
 *(.rel.data .rel.data.* .rel.gnu.linkonce.d.*)
 *(.rela.data .rela.data.* .rela.gnu.linkonce.d.*)
 *(.rel.tdata .rel.tdata.* .rel.gnu.linkonce.td.*)
 *(.rela.tdata .rela.tdata.* .rela.gnu.linkonce.td.*)
 *(.rel.tbss .rel.tbss.* .rel.gnu.linkonce.tb.*)
 *(.rela.tbss .rela.tbss.* .rela.gnu.linkonce.tb.*)
 *(.rel.ctors)
 *(.rela.ctors)
 *(.rel.dtors)
 *(.rela.dtors)
 *(.rel.got)
 *(.rela.got)
 *(.rel.sdata .rel.sdata.* .rel.gnu.linkonce.s.*)
 *(.rela.sdata .rela.sdata.* .rela.gnu.linkonce.s.*)
 *(.rel.sbss .rel.sbss.* .rel.gnu.linkonce.sb.*)
 *(.rela.sbss .rela.sbss.* .rela.gnu.linkonce.sb.*)
 *(.rel.sdata2 .rel.sdata2.* .rel.gnu.linkonce.s2.*)
 *(.rela.sdata2 .rela.sdata2.* .rela.gnu.linkonce.s2.*)
 *(.rel.sbss2 .rel.sbss2.* .rel.gnu.linkonce.sb2.*)
 *(.rela.sbss2 .rela.sbss2.* .rela.gnu.linkonce.sb2.*)
 *(.rel.bss .rel.bss.* .rel.gnu.linkonce.b.*)
 *(.rela.bss .rela.bss.* .rela.gnu.linkonce.b.*)
 *(.rel.plt)
 *(.rela.plt)
 *(.rel.dyn)
 *(.init)
 *(.plt)
 *(.text .stub .text.* .gnu.linkonce.t.*)
 .text          0x00100124       0x3c ../../../bsp/il2206-pre-built-ucosii//obj/HAL/src/crt0.o
                0x00100124                _start
 .text          0x00100160      0xd30 obj/default/cruise_skeleton.o
                0x00100160                buttons_pressed
                0x00100188                switches_pressed
                0x001001ac                alarm_handler
                0x001001dc                int2seven
                0x00100218                show_velocity_on_sevenseg
                0x00100308                show_target_velocity
                0x00100328                show_position
                0x00100348                adjust_position
                0x00100454                adjust_velocity
                0x00100594                VehicleTask
                0x00100850                ControlTask
                0x001008b8                ButtonIO
                0x001009dc                SwitchIO
                0x00100a78                StartTask
                0x00100c5c                TimerCallback
                0x00100cd8                main
 .text          0x00100e90       0x98 /opt/altera/13.0sp1/nios2eds/bin/gnu/H-i686-pc-linux-gnu/bin/../lib/gcc/nios2-elf/4.1.2/mno-hw-mul/libgcc.a(_si_to_sf.o)
                0x00100e90                __floatsisf
 .text          0x00100f28       0x54 /opt/altera/13.0sp1/nios2eds/bin/gnu/H-i686-pc-linux-gnu/bin/../lib/gcc/nios2-elf/4.1.2/mno-hw-mul/libgcc.a(_sf_to_df.o)
                0x00100f28                __extendsfdf2
 .text          0x00100f7c      0x504 /opt/altera/13.0sp1/nios2eds/bin/gnu/H-i686-pc-linux-gnu/bin/../lib/gcc/nios2-elf/4.1.2/mno-hw-mul/libgcc.a(_addsub_df.o)
                0x0010138c                __subdf3
                0x0010140c                __adddf3
 .text          0x00101480      0x258 /opt/altera/13.0sp1/nios2eds/bin/gnu/H-i686-pc-linux-gnu/bin/../lib/gcc/nios2-elf/4.1.2/mno-hw-mul/libgcc.a(_div_df.o)
                0x00101480                __divdf3
 .text          0x001016d8       0xf8 /opt/altera/13.0sp1/nios2eds/bin/gnu/H-i686-pc-linux-gnu/bin/../lib/gcc/nios2-elf/4.1.2/mno-hw-mul/libgcc.a(_si_to_df.o)
                0x001016d8                __floatsidf
 .text          0x001017d0       0xd8 /opt/altera/13.0sp1/nios2eds/bin/gnu/H-i686-pc-linux-gnu/bin/../lib/gcc/nios2-elf/4.1.2/mno-hw-mul/libgcc.a(_df_to_si.o)
                0x001017d0                __fixdfsi
 .text          0x001018a8       0x38 /opt/altera/13.0sp1/nios2eds/bin/gnu/H-i686-pc-linux-gnu/bin/../lib/gcc/nios2-elf/4.1.2/mno-hw-mul/libgcc.a(_make_df.o)
                0x001018a8                __make_dp
 .text          0x001018e0        0x0 /opt/altera/13.0sp1/nios2eds/bin/gnu/H-i686-pc-linux-gnu/bin/../lib/gcc/nios2-elf/4.1.2/mno-hw-mul/libgcc.a(_thenan_df.o)
 .text          0x001018e0      0x14c /opt/altera/13.0sp1/nios2eds/bin/gnu/H-i686-pc-linux-gnu/bin/../lib/gcc/nios2-elf/4.1.2/mno-hw-mul/libgcc.a(lib2-divmod.o)
                0x0010195c                __divsi3
                0x001019bc                __modsi3
                0x00101a1c                __udivsi3
                0x00101a24                __umodsi3
 .text          0x00101a2c       0x38 /opt/altera/13.0sp1/nios2eds/bin/gnu/H-i686-pc-linux-gnu/bin/../lib/gcc/nios2-elf/4.1.2/mno-hw-mul/libgcc.a(lib2-mul.o)
                0x00101a2c                __mulsi3
 .text          0x00101a64       0x80 /opt/altera/13.0sp1/nios2eds/bin/gnu/H-i686-pc-linux-gnu/bin/../lib/gcc/nios2-elf/4.1.2/mno-hw-mul/libgcc.a(_clzsi2.o)
                0x00101a64                __clzsi2
 .text          0x00101ae4      0x160 /opt/altera/13.0sp1/nios2eds/bin/gnu/H-i686-pc-linux-gnu/bin/../lib/gcc/nios2-elf/4.1.2/mno-hw-mul/libgcc.a(_pack_sf.o)
                0x00101ae4                __pack_f
 .text          0x00101c44       0xc8 /opt/altera/13.0sp1/nios2eds/bin/gnu/H-i686-pc-linux-gnu/bin/../lib/gcc/nios2-elf/4.1.2/mno-hw-mul/libgcc.a(_unpack_sf.o)
                0x00101c44                __unpack_f
 .text          0x00101d0c      0x314 /opt/altera/13.0sp1/nios2eds/bin/gnu/H-i686-pc-linux-gnu/bin/../lib/gcc/nios2-elf/4.1.2/mno-hw-mul/libgcc.a(_pack_df.o)
                0x00101d0c                __pack_d
 .text          0x00102020      0x138 /opt/altera/13.0sp1/nios2eds/bin/gnu/H-i686-pc-linux-gnu/bin/../lib/gcc/nios2-elf/4.1.2/mno-hw-mul/libgcc.a(_unpack_df.o)
                0x00102020                __unpack_d
 .text          0x00102158        0x0 /opt/altera/13.0sp1/nios2eds/bin/gnu/H-i686-pc-linux-gnu/bin/../lib/gcc/nios2-elf/4.1.2/mno-hw-mul/libgcc.a(_clz.o)
 .text          0x00102158       0x78 /opt/altera/13.0sp1/nios2eds/bin/gnu/H-i686-pc-linux-gnu/bin/../lib/gcc/nios2-elf/4.1.2/../../../../nios2-elf/lib/mno-hw-mul/libc.a(lib_a-printf.o)
                0x00102158                printf
                0x0010219c                _printf_r
 .text          0x001021d0       0xb4 /opt/altera/13.0sp1/nios2eds/bin/gnu/H-i686-pc-linux-gnu/bin/../lib/gcc/nios2-elf/4.1.2/../../../../nios2-elf/lib/mno-hw-mul/libc.a(lib_a-puts.o)
                0x001021d0                _puts_r
                0x00102270                puts
 .text          0x00102284       0x74 /opt/altera/13.0sp1/nios2eds/bin/gnu/H-i686-pc-linux-gnu/bin/../lib/gcc/nios2-elf/4.1.2/../../../../nios2-elf/lib/mno-hw-mul/libc.a(lib_a-strlen.o)
                0x00102284                strlen
 .text          0x001022f8     0x1f40 /opt/altera/13.0sp1/nios2eds/bin/gnu/H-i686-pc-linux-gnu/bin/../lib/gcc/nios2-elf/4.1.2/../../../../nios2-elf/lib/mno-hw-mul/libc.a(lib_a-vfprintf.o)
                0x00102350                ___vfprintf_internal_r
                0x00104214                __vfprintf_internal
 .text          0x00104238      0x13c /opt/altera/13.0sp1/nios2eds/bin/gnu/H-i686-pc-linux-gnu/bin/../lib/gcc/nios2-elf/4.1.2/../../../../nios2-elf/lib/mno-hw-mul/libc.a(lib_a-wsetup.o)
                0x00104238                __swsetup_r
 .text          0x00104374     0x17f8 /opt/altera/13.0sp1/nios2eds/bin/gnu/H-i686-pc-linux-gnu/bin/../lib/gcc/nios2-elf/4.1.2/../../../../nios2-elf/lib/mno-hw-mul/libc.a(lib_a-dtoa.o)
                0x001045b8                _dtoa_r
 .text          0x00105b6c      0x230 /opt/altera/13.0sp1/nios2eds/bin/gnu/H-i686-pc-linux-gnu/bin/../lib/gcc/nios2-elf/4.1.2/../../../../nios2-elf/lib/mno-hw-mul/libc.a(lib_a-fflush.o)
                0x00105b6c                _fflush_r
                0x00105d68                fflush
 .text          0x00105d9c      0x2f4 /opt/altera/13.0sp1/nios2eds/bin/gnu/H-i686-pc-linux-gnu/bin/../lib/gcc/nios2-elf/4.1.2/../../../../nios2-elf/lib/mno-hw-mul/libc.a(lib_a-findfp.o)
                0x00105df4                __sfp_lock_acquire
                0x00105df8                __sfp_lock_release
                0x00105dfc                __sinit_lock_acquire
                0x00105e00                __sinit_lock_release
                0x00105e04                __sinit
                0x00105eb8                __fp_unlock_all
                0x00105ed0                __fp_lock_all
                0x00105ee8                _cleanup_r
                0x00105ef4                _cleanup
                0x00105f04                __sfmoreglue
                0x00105fa0                __sfp
 .text          0x00106090      0x440 /opt/altera/13.0sp1/nios2eds/bin/gnu/H-i686-pc-linux-gnu/bin/../lib/gcc/nios2-elf/4.1.2/../../../../nios2-elf/lib/mno-hw-mul/libc.a(lib_a-freer.o)
                0x00106090                _malloc_trim_r
                0x001061bc                _free_r
 .text          0x001064d0      0x49c /opt/altera/13.0sp1/nios2eds/bin/gnu/H-i686-pc-linux-gnu/bin/../lib/gcc/nios2-elf/4.1.2/../../../../nios2-elf/lib/mno-hw-mul/libc.a(lib_a-fvwrite.o)
                0x001064d0                __sfvwrite_r
 .text          0x0010696c      0x180 /opt/altera/13.0sp1/nios2eds/bin/gnu/H-i686-pc-linux-gnu/bin/../lib/gcc/nios2-elf/4.1.2/../../../../nios2-elf/lib/mno-hw-mul/libc.a(lib_a-fwalk.o)
                0x0010696c                _fwalk_reent
                0x00106a34                _fwalk
 .text          0x00106aec        0x0 /opt/altera/13.0sp1/nios2eds/bin/gnu/H-i686-pc-linux-gnu/bin/../lib/gcc/nios2-elf/4.1.2/../../../../nios2-elf/lib/mno-hw-mul/libc.a(lib_a-impure.o)
 .text          0x00106aec       0xc4 /opt/altera/13.0sp1/nios2eds/bin/gnu/H-i686-pc-linux-gnu/bin/../lib/gcc/nios2-elf/4.1.2/../../../../nios2-elf/lib/mno-hw-mul/libc.a(lib_a-locale.o)
                0x00106aec                __locale_charset
                0x00106af4                _localeconv_r
                0x00106b00                localeconv
                0x00106b10                _setlocale_r
                0x00106b94                setlocale
 .text          0x00106bb0      0x194 /opt/altera/13.0sp1/nios2eds/bin/gnu/H-i686-pc-linux-gnu/bin/../lib/gcc/nios2-elf/4.1.2/../../../../nios2-elf/lib/mno-hw-mul/libc.a(lib_a-makebuf.o)
                0x00106bb0                __smakebuf_r
 .text          0x00106d44      0x740 /opt/altera/13.0sp1/nios2eds/bin/gnu/H-i686-pc-linux-gnu/bin/../lib/gcc/nios2-elf/4.1.2/../../../../nios2-elf/lib/mno-hw-mul/libc.a(lib_a-mallocr.o)
                0x00106d44                _malloc_r
 .text          0x00107484       0xe4 /opt/altera/13.0sp1/nios2eds/bin/gnu/H-i686-pc-linux-gnu/bin/../lib/gcc/nios2-elf/4.1.2/../../../../nios2-elf/lib/mno-hw-mul/libc.a(lib_a-memchr.o)
                0x00107484                memchr
 .text          0x00107568       0xa0 /opt/altera/13.0sp1/nios2eds/bin/gnu/H-i686-pc-linux-gnu/bin/../lib/gcc/nios2-elf/4.1.2/../../../../nios2-elf/lib/mno-hw-mul/libc.a(lib_a-memcpy.o)
                0x00107568                memcpy
 .text          0x00107608       0xe0 /opt/altera/13.0sp1/nios2eds/bin/gnu/H-i686-pc-linux-gnu/bin/../lib/gcc/nios2-elf/4.1.2/../../../../nios2-elf/lib/mno-hw-mul/libc.a(lib_a-memmove.o)
                0x00107608                memmove
 .text          0x001076e8       0x98 /opt/altera/13.0sp1/nios2eds/bin/gnu/H-i686-pc-linux-gnu/bin/../lib/gcc/nios2-elf/4.1.2/../../../../nios2-elf/lib/mno-hw-mul/libc.a(lib_a-memset.o)
                0x001076e8                memset
 .text          0x00107780     0x108c /opt/altera/13.0sp1/nios2eds/bin/gnu/H-i686-pc-linux-gnu/bin/../lib/gcc/nios2-elf/4.1.2/../../../../nios2-elf/lib/mno-hw-mul/libc.a(lib_a-mprec.o)
                0x00107780                _Bfree
                0x001077a8                __hi0bits
                0x00107818                __lo0bits
                0x001078dc                __mcmp
                0x0010793c                __ulp
                0x001079bc                __b2d
                0x00107adc                __ratio
                0x00107b8c                _mprec_log10
                0x00107c20                __copybits
                0x00107c78                __any_on
                0x00107d00                _Balloc
                0x00107dbc                __d2b
                0x00107f38                __mdiff
                0x001080c4                __lshift
                0x00108210                __multiply
                0x00108464                __i2b
                0x001084a0                __multadd
                0x001085cc                __pow5mult
                0x001086ec                __s2b
 .text          0x0010880c      0x5f4 /opt/altera/13.0sp1/nios2eds/bin/gnu/H-i686-pc-linux-gnu/bin/../lib/gcc/nios2-elf/4.1.2/../../../../nios2-elf/lib/mno-hw-mul/libc.a(lib_a-reallocr.o)
                0x0010880c                _realloc_r
 .text          0x00108e00       0x40 /opt/altera/13.0sp1/nios2eds/bin/gnu/H-i686-pc-linux-gnu/bin/../lib/gcc/nios2-elf/4.1.2/../../../../nios2-elf/lib/mno-hw-mul/libc.a(lib_a-s_isinfd.o)
                0x00108e00                __isinfd
 .text          0x00108e40       0x30 /opt/altera/13.0sp1/nios2eds/bin/gnu/H-i686-pc-linux-gnu/bin/../lib/gcc/nios2-elf/4.1.2/../../../../nios2-elf/lib/mno-hw-mul/libc.a(lib_a-s_isnand.o)
                0x00108e40                __isnand
 .text          0x00108e70       0x70 /opt/altera/13.0sp1/nios2eds/bin/gnu/H-i686-pc-linux-gnu/bin/../lib/gcc/nios2-elf/4.1.2/../../../../nios2-elf/lib/mno-hw-mul/libc.a(lib_a-sbrkr.o)
                0x00108e70                _sbrk_r
 .text          0x00108ee0      0x14c /opt/altera/13.0sp1/nios2eds/bin/gnu/H-i686-pc-linux-gnu/bin/../lib/gcc/nios2-elf/4.1.2/../../../../nios2-elf/lib/mno-hw-mul/libc.a(lib_a-stdio.o)
                0x00108ee0                __sclose
                0x00108ee8                __sseek
                0x00108f50                __swrite
                0x00108fcc                __sread
 .text          0x0010902c       0xbc /opt/altera/13.0sp1/nios2eds/bin/gnu/H-i686-pc-linux-gnu/bin/../lib/gcc/nios2-elf/4.1.2/../../../../nios2-elf/lib/mno-hw-mul/libc.a(lib_a-strcmp.o)
                0x0010902c                strcmp
 .text          0x001090e8       0x78 /opt/altera/13.0sp1/nios2eds/bin/gnu/H-i686-pc-linux-gnu/bin/../lib/gcc/nios2-elf/4.1.2/../../../../nios2-elf/lib/mno-hw-mul/libc.a(lib_a-writer.o)
                0x001090e8                _write_r
 .text          0x00109160       0xc8 /opt/altera/13.0sp1/nios2eds/bin/gnu/H-i686-pc-linux-gnu/bin/../lib/gcc/nios2-elf/4.1.2/../../../../nios2-elf/lib/mno-hw-mul/libc.a(lib_a-callocr.o)
                0x00109160                _calloc_r
 .text          0x00109228       0x70 /opt/altera/13.0sp1/nios2eds/bin/gnu/H-i686-pc-linux-gnu/bin/../lib/gcc/nios2-elf/4.1.2/../../../../nios2-elf/lib/mno-hw-mul/libc.a(lib_a-closer.o)
                0x00109228                _close_r
 .text          0x00109298      0x124 /opt/altera/13.0sp1/nios2eds/bin/gnu/H-i686-pc-linux-gnu/bin/../lib/gcc/nios2-elf/4.1.2/../../../../nios2-elf/lib/mno-hw-mul/libc.a(lib_a-fclose.o)
                0x00109298                _fclose_r
                0x001093a8                fclose
 .text          0x001093bc       0x74 /opt/altera/13.0sp1/nios2eds/bin/gnu/H-i686-pc-linux-gnu/bin/../lib/gcc/nios2-elf/4.1.2/../../../../nios2-elf/lib/mno-hw-mul/libc.a(lib_a-fstatr.o)
                0x001093bc                _fstat_r
 .text          0x00109430        0x0 /opt/altera/13.0sp1/nios2eds/bin/gnu/H-i686-pc-linux-gnu/bin/../lib/gcc/nios2-elf/4.1.2/../../../../nios2-elf/lib/mno-hw-mul/libc.a(lib_a-int_errno.o)
 .text          0x00109430       0x70 /opt/altera/13.0sp1/nios2eds/bin/gnu/H-i686-pc-linux-gnu/bin/../lib/gcc/nios2-elf/4.1.2/../../../../nios2-elf/lib/mno-hw-mul/libc.a(lib_a-isattyr.o)
                0x00109430                _isatty_r
 .text          0x001094a0       0x78 /opt/altera/13.0sp1/nios2eds/bin/gnu/H-i686-pc-linux-gnu/bin/../lib/gcc/nios2-elf/4.1.2/../../../../nios2-elf/lib/mno-hw-mul/libc.a(lib_a-lseekr.o)
                0x001094a0                _lseek_r
 .text          0x00109518       0x78 /opt/altera/13.0sp1/nios2eds/bin/gnu/H-i686-pc-linux-gnu/bin/../lib/gcc/nios2-elf/4.1.2/../../../../nios2-elf/lib/mno-hw-mul/libc.a(lib_a-readr.o)
                0x00109518                _read_r
 .text          0x00109590      0x66c /opt/altera/13.0sp1/nios2eds/bin/gnu/H-i686-pc-linux-gnu/bin/../lib/gcc/nios2-elf/4.1.2/mno-hw-mul/libgcc.a(_udivdi3.o)
                0x00109590                __udivdi3
 .text          0x00109bfc      0x660 /opt/altera/13.0sp1/nios2eds/bin/gnu/H-i686-pc-linux-gnu/bin/../lib/gcc/nios2-elf/4.1.2/mno-hw-mul/libgcc.a(_umoddi3.o)
                0x00109bfc                __umoddi3
 .text          0x0010a25c      0x3c4 /opt/altera/13.0sp1/nios2eds/bin/gnu/H-i686-pc-linux-gnu/bin/../lib/gcc/nios2-elf/4.1.2/mno-hw-mul/libgcc.a(_mul_df.o)
                0x0010a25c                __muldf3
 .text          0x0010a620       0x88 /opt/altera/13.0sp1/nios2eds/bin/gnu/H-i686-pc-linux-gnu/bin/../lib/gcc/nios2-elf/4.1.2/mno-hw-mul/libgcc.a(_eq_df.o)
                0x0010a620                __eqdf2
 .text          0x0010a6a8       0x88 /opt/altera/13.0sp1/nios2eds/bin/gnu/H-i686-pc-linux-gnu/bin/../lib/gcc/nios2-elf/4.1.2/mno-hw-mul/libgcc.a(_ne_df.o)
                0x0010a6a8                __nedf2
 .text          0x0010a730       0x88 /opt/altera/13.0sp1/nios2eds/bin/gnu/H-i686-pc-linux-gnu/bin/../lib/gcc/nios2-elf/4.1.2/mno-hw-mul/libgcc.a(_gt_df.o)
                0x0010a730                __gtdf2
 .text          0x0010a7b8       0x88 /opt/altera/13.0sp1/nios2eds/bin/gnu/H-i686-pc-linux-gnu/bin/../lib/gcc/nios2-elf/4.1.2/mno-hw-mul/libgcc.a(_ge_df.o)
                0x0010a7b8                __gedf2
 .text          0x0010a840       0x88 /opt/altera/13.0sp1/nios2eds/bin/gnu/H-i686-pc-linux-gnu/bin/../lib/gcc/nios2-elf/4.1.2/mno-hw-mul/libgcc.a(_lt_df.o)
                0x0010a840                __ltdf2
 .text          0x0010a8c8      0x194 /opt/altera/13.0sp1/nios2eds/bin/gnu/H-i686-pc-linux-gnu/bin/../lib/gcc/nios2-elf/4.1.2/mno-hw-mul/libgcc.a(_usi_to_df.o)
                0x0010a8c8                __floatunsidf
 .text          0x0010aa5c      0x124 /opt/altera/13.0sp1/nios2eds/bin/gnu/H-i686-pc-linux-gnu/bin/../lib/gcc/nios2-elf/4.1.2/mno-hw-mul/libgcc.a(_muldi3.o)
                0x0010aa5c                __muldi3
 .text          0x0010ab80       0xc8 /opt/altera/13.0sp1/nios2eds/bin/gnu/H-i686-pc-linux-gnu/bin/../lib/gcc/nios2-elf/4.1.2/mno-hw-mul/libgcc.a(_fpcmp_parts_df.o)
                0x0010ab80                __fpcmp_parts_d
 .text          0x0010ac48       0x90 ../../../bsp/il2206-pre-built-ucosii//libucosii_bsp.a(alt_alarm_start.o)
                0x0010ac48                alt_alarm_start
 .text          0x0010acd8       0xbc ../../../bsp/il2206-pre-built-ucosii//libucosii_bsp.a(alt_close.o)
                0x0010acf8                close
 .text          0x0010ad94        0x8 ../../../bsp/il2206-pre-built-ucosii//libucosii_bsp.a(alt_dev.o)
 .text          0x0010ad9c        0x0 ../../../bsp/il2206-pre-built-ucosii//libucosii_bsp.a(alt_errno.o)
 .text          0x0010ad9c       0x9c ../../../bsp/il2206-pre-built-ucosii//libucosii_bsp.a(alt_fstat.o)
                0x0010ad9c                fstat
 .text          0x0010ae38       0x94 ../../../bsp/il2206-pre-built-ucosii//libucosii_bsp.a(alt_isatty.o)
                0x0010ae38                isatty
 .text          0x0010aecc       0x8c ../../../bsp/il2206-pre-built-ucosii//libucosii_bsp.a(alt_load.o)
                0x0010aeec                alt_load
 .text          0x0010af58       0xb8 ../../../bsp/il2206-pre-built-ucosii//libucosii_bsp.a(alt_lseek.o)
                0x0010af58                lseek
 .text          0x0010b010       0xa8 ../../../bsp/il2206-pre-built-ucosii//libucosii_bsp.a(alt_main.o)
                0x0010b010                alt_main
 .text          0x0010b0b8       0xd8 ../../../bsp/il2206-pre-built-ucosii//libucosii_bsp.a(alt_read.o)
                0x0010b0d8                read
 .text          0x0010b190       0x5c ../../../bsp/il2206-pre-built-ucosii//libucosii_bsp.a(alt_release_fd.o)
                0x0010b190                alt_release_fd
 .text          0x0010b1ec       0x50 ../../../bsp/il2206-pre-built-ucosii//libucosii_bsp.a(alt_sbrk.o)
                0x0010b1ec                sbrk
 .text          0x0010b23c       0xe0 ../../../bsp/il2206-pre-built-ucosii//libucosii_bsp.a(alt_tick.o)
                0x0010b23c                alt_alarm_stop
                0x0010b270                alt_tick
 .text          0x0010b31c       0xd4 ../../../bsp/il2206-pre-built-ucosii//libucosii_bsp.a(alt_write.o)
                0x0010b33c                write
 .text          0x0010b3f0       0xa8 ../../../bsp/il2206-pre-built-ucosii//libucosii_bsp.a(alt_env_lock.o)
                0x0010b3f0                __env_unlock
                0x0010b418                __env_lock
 .text          0x0010b498      0x110 ../../../bsp/il2206-pre-built-ucosii//libucosii_bsp.a(alt_malloc_lock.o)
                0x0010b498                __malloc_unlock
                0x0010b4f4                __malloc_lock
 .text          0x0010b5a8     0x1118 ../../../bsp/il2206-pre-built-ucosii//libucosii_bsp.a(os_core.o)
                0x0010b5a8                OSVersion
                0x0010b5b0                OS_Dummy
                0x0010b5b4                OS_EventTaskWait
                0x0010b638                OS_EventTaskWaitMulti
                0x0010b6d8                OS_EventTaskRemove
                0x0010b724                OS_EventTaskRemoveMulti
                0x0010b780                OS_EventTaskRdy
                0x0010b874                OS_EventWaitListInit
                0x0010b890                OS_MemClr
                0x0010b8ac                OS_MemCopy
                0x0010b8d0                OS_StrCopy
                0x0010b8fc                OS_StrLen
                0x0010b91c                OS_TaskStatStkChk
                0x0010b9a0                OS_Sched
                0x0010ba58                OSStart
                0x0010bac4                OSInit
                0x0010bca4                OSEventNameGet
                0x0010bd5c                OSEventPendMulti
                0x0010c0b4                OSIntEnter
                0x0010c0f0                OSSchedLock
                0x0010c134                OSSchedUnlock
                0x0010c188                OSStatInit
                0x0010c1ec                OSTimeTick
                0x0010c2f8                OS_TaskIdle
                0x0010c328                OS_TaskStat
                0x0010c3ac                OS_TCBInit
                0x0010c530                OSIntExit
                0x0010c604                OSEventNameSet
 .text          0x0010c6c0        0x4 ../../../bsp/il2206-pre-built-ucosii//libucosii_bsp.a(os_dbg.o)
                0x0010c6c0                OSDebugInit
 .text          0x0010c6c4      0xc5c ../../../bsp/il2206-pre-built-ucosii//libucosii_bsp.a(os_flag.o)
                0x0010c77c                OS_FlagUnlink
                0x0010c848                OS_FlagInit
                0x0010c8b8                OSFlagQuery
                0x0010c914                OSFlagAccept
                0x0010ca84                OSFlagCreate
                0x0010cb0c                OSFlagDel
                0x0010cc6c                OSFlagNameGet
                0x0010cd2c                OSFlagNameSet
                0x0010ce00                OSFlagPend
                0x0010d100                OSFlagPendGetFlagsRdy
                0x0010d12c                OSFlagPost
 .text          0x0010d320      0x67c ../../../bsp/il2206-pre-built-ucosii//libucosii_bsp.a(os_mbox.o)
                0x0010d320                OSMboxQuery
                0x0010d39c                OSMboxAccept
                0x0010d3d4                OSMboxCreate
                0x0010d460                OSMboxDel
                0x0010d5a8                OSMboxPend
                0x0010d738                OSMboxPendAbort
                0x0010d81c                OSMboxPost
                0x0010d8b8                OSMboxPostOpt
 .text          0x0010d99c      0x3b8 ../../../bsp/il2206-pre-built-ucosii//libucosii_bsp.a(os_mem.o)
                0x0010d99c                OS_MemInit
                0x0010da04                OSMemQuery
                0x0010da68                OSMemCreate
                0x0010db38                OSMemGet
                0x0010dba4                OSMemNameGet
                0x0010dc40                OSMemNameSet
                0x0010dcfc                OSMemPut
 .text          0x0010dd54      0x9c4 ../../../bsp/il2206-pre-built-ucosii//libucosii_bsp.a(os_q.o)
                0x0010dd54                OS_QInit
                0x0010dda4                OSQQuery
                0x0010de3c                OSQAccept
                0x0010ded8                OSQCreate
                0x0010dfd8                OSQDel
                0x0010e15c                OSQFlush
                0x0010e1ac                OSQPend
                0x0010e36c                OSQPendAbort
                0x0010e454                OSQPost
                0x0010e510                OSQPostFront
                0x0010e5d4                OSQPostOpt
 .text          0x0010e718      0x5e0 ../../../bsp/il2206-pre-built-ucosii//libucosii_bsp.a(os_sem.o)
                0x0010e718                OSSemSet
                0x0010e77c                OSSemAccept
                0x0010e7c0                OSSemCreate
                0x0010e84c                OSSemDel
                0x0010e9a0                OSSemPend
                0x0010eb08                OSSemPendAbort
                0x0010ebf4                OSSemPost
                0x0010ec90                OSSemQuery
 .text          0x0010ecf8      0xe74 ../../../bsp/il2206-pre-built-ucosii//libucosii_bsp.a(os_task.o)
                0x0010ecf8                OS_TaskStkClr
                0x0010ed28                OSTaskQuery
                0x0010edf0                OSTaskChangePrio
                0x0010f08c                OSTaskCreate
                0x0010f198                OSTaskCreateExt
                0x0010f310                OSTaskDel
                0x0010f55c                OSTaskDelReq
                0x0010f610                OSTaskNameGet
                0x0010f718                OSTaskNameSet
                0x0010f834                OSTaskResume
                0x0010f938                OSTaskStkChk
                0x0010fa28                OSTaskSuspend
 .text          0x0010fb6c      0x378 ../../../bsp/il2206-pre-built-ucosii//libucosii_bsp.a(os_time.o)
                0x0010fb6c                OSTimeSet
                0x0010fb90                OSTimeDly
                0x0010fc28                OSTimeDlyHMSM
                0x0010fdc8                OSTimeDlyResume
                0x0010fec0                OSTimeGet
 .text          0x0010fee4      0xb94 ../../../bsp/il2206-pre-built-ucosii//libucosii_bsp.a(os_tmr.o)
                0x00110050                OSTmr_Init
                0x001102ac                OSTmrStop
                0x00110408                OSTmrStart
                0x0011050c                OSTmrStateGet
                0x001105b4                OSTmrRemainGet
                0x001106cc                OSTmrDel
                0x001107c8                OSTmrSignal
                0x001107f0                OSTmrNameGet
                0x001108dc                OSTmrCreate
 .text          0x00110a78       0x9c ../../../bsp/il2206-pre-built-ucosii//libucosii_bsp.a(alt_sys_init.o)
                0x00110a84                alt_sys_init
                0x00110af4                alt_irq_init
 .text          0x00110b14       0x3c ../../../bsp/il2206-pre-built-ucosii//libucosii_bsp.a(altera_avalon_jtag_uart_fd.o)
                0x00110b14                altera_avalon_jtag_uart_ioctl_fd
                0x00110b20                altera_avalon_jtag_uart_close_fd
                0x00110b30                altera_avalon_jtag_uart_write_fd
                0x00110b40                altera_avalon_jtag_uart_read_fd
 .text          0x00110b50      0x2f4 ../../../bsp/il2206-pre-built-ucosii//libucosii_bsp.a(altera_avalon_jtag_uart_init.o)
                0x00110b50                altera_avalon_jtag_uart_close
                0x00110c10                altera_avalon_jtag_uart_init
 .text          0x00110e44       0x7c ../../../bsp/il2206-pre-built-ucosii//libucosii_bsp.a(altera_avalon_jtag_uart_ioctl.o)
                0x00110e44                altera_avalon_jtag_uart_ioctl
 .text          0x00110ec0      0x1ac ../../../bsp/il2206-pre-built-ucosii//libucosii_bsp.a(altera_avalon_jtag_uart_read.o)
                0x00110ec0                altera_avalon_jtag_uart_read
 .text          0x0011106c      0x1b8 ../../../bsp/il2206-pre-built-ucosii//libucosii_bsp.a(altera_avalon_jtag_uart_write.o)
                0x0011106c                altera_avalon_jtag_uart_write
 .text          0x00111224       0x8c ../../../bsp/il2206-pre-built-ucosii//libucosii_bsp.a(altera_avalon_timer_sc.o)
                0x00111224                alt_avalon_timer_sc_init
 .text          0x001112b0      0x250 ../../../bsp/il2206-pre-built-ucosii//libucosii_bsp.a(altera_up_avalon_character_lcd.o)
                0x001112b0                get_DDRAM_addr
                0x001112c8                alt_up_character_lcd_string
                0x001112e4                alt_up_character_lcd_write
                0x00111308                alt_up_character_lcd_write_fd
                0x00111328                alt_up_character_lcd_init
                0x00111338                alt_up_character_lcd_send_cmd
                0x00111348                alt_up_character_lcd_cursor_blink_on
                0x00111350                alt_up_character_lcd_cursor_off
                0x00111358                alt_up_character_lcd_erase_pos
                0x001113bc                alt_up_character_lcd_shift_display
                0x0011142c                alt_up_character_lcd_shift_cursor
                0x0011149c                alt_up_character_lcd_set_cursor_pos
                0x001114f4                alt_up_character_lcd_open_dev
 .text          0x00111500        0x4 ../../../bsp/il2206-pre-built-ucosii//libucosii_bsp.a(alt_dcache_flush_all.o)
                0x00111500                alt_dcache_flush_all
 .text          0x00111504       0x70 ../../../bsp/il2206-pre-built-ucosii//libucosii_bsp.a(alt_dev_llist_insert.o)
                0x00111504                alt_dev_llist_insert
 .text          0x00111574       0x40 ../../../bsp/il2206-pre-built-ucosii//libucosii_bsp.a(alt_do_ctors.o)
                0x00111574                _do_ctors
 .text          0x001115b4       0x40 ../../../bsp/il2206-pre-built-ucosii//libucosii_bsp.a(alt_do_dtors.o)
                0x001115b4                _do_dtors
 .text          0x001115f4       0x70 ../../../bsp/il2206-pre-built-ucosii//libucosii_bsp.a(alt_find_dev.o)
                0x001115f4                alt_find_dev
 .text          0x00111664        0x4 ../../../bsp/il2206-pre-built-ucosii//libucosii_bsp.a(alt_icache_flush_all.o)
                0x00111664                alt_icache_flush_all
 .text          0x00111668       0x9c ../../../bsp/il2206-pre-built-ucosii//libucosii_bsp.a(alt_iic.o)
                0x00111668                alt_ic_irq_enabled
                0x00111680                alt_ic_irq_enable
                0x001116c0                alt_ic_irq_disable
                0x00111700                alt_ic_isr_register
 .text          0x00111704       0x6c ../../../bsp/il2206-pre-built-ucosii//libucosii_bsp.a(alt_iic_isr_register.o)
                0x00111704                alt_iic_isr_register
 .text          0x00111770      0x114 ../../../bsp/il2206-pre-built-ucosii//libucosii_bsp.a(alt_io_redirect.o)
                0x001117f8                alt_io_redirect
 .text          0x00111884        0x0 ../../../bsp/il2206-pre-built-ucosii//libucosii_bsp.a(alt_irq_entry.o)
 .text          0x00111884        0x0 ../../../bsp/il2206-pre-built-ucosii//libucosii_bsp.a(alt_irq_handler.o)
 .text          0x00111884        0x0 ../../../bsp/il2206-pre-built-ucosii//libucosii_bsp.a(alt_irq_vars.o)
 .text          0x00111884      0x17c ../../../bsp/il2206-pre-built-ucosii//libucosii_bsp.a(alt_open.o)
                0x00111884                open
 .text          0x00111a00        0x8 ../../../bsp/il2206-pre-built-ucosii//libucosii_bsp.a(altera_nios2_qsys_irq.o)
                0x00111a00                altera_nios2_qsys_irq_init
 .text          0x00111a08       0xd0 ../../../bsp/il2206-pre-built-ucosii//libucosii_bsp.a(os_cpu_a.o)
                0x00111a08                OSCtxSw
                0x00111a08                OSIntCtxSw
                0x00111a94                OSStartHighRdy
                0x00111ab4                OSStartTsk
 .text          0x00111ad8      0x228 ../../../bsp/il2206-pre-built-ucosii//libucosii_bsp.a(os_cpu_c.o)
                0x00111ad8                OSTaskCreateHook
                0x00111adc                OSTaskDelHook
                0x00111ae0                OSTaskSwHook
                0x00111ae4                OSTaskStatHook
                0x00111ae8                OSInitHookBegin
                0x00111af0                OSInitHookEnd
                0x00111af4                OSTaskIdleHook
                0x00111af8                OSTCBInitHook
                0x00111afc                OSTimeTickHook
                0x00111b54                OSTaskStkInit
 .text          0x00111d00        0x0 ../../../bsp/il2206-pre-built-ucosii//libucosii_bsp.a(alt_exception_entry.o)
 .text          0x00111d00       0x9c ../../../bsp/il2206-pre-built-ucosii//libucosii_bsp.a(alt_find_file.o)
                0x00111d00                alt_find_file
 .text          0x00111d9c       0xa4 ../../../bsp/il2206-pre-built-ucosii//libucosii_bsp.a(alt_get_fd.o)
                0x00111d9c                alt_get_fd
 .text          0x00111e40       0x14 /opt/altera/13.0sp1/nios2eds/bin/gnu/H-i686-pc-linux-gnu/bin/../lib/gcc/nios2-elf/4.1.2/../../../../nios2-elf/lib/mno-hw-mul/libc.a(lib_a-atexit.o)
                0x00111e40                atexit
 .text          0x00111e54       0x38 /opt/altera/13.0sp1/nios2eds/bin/gnu/H-i686-pc-linux-gnu/bin/../lib/gcc/nios2-elf/4.1.2/../../../../nios2-elf/lib/mno-hw-mul/libc.a(lib_a-exit.o)
                0x00111e54                exit
 .text          0x00111e8c       0x74 /opt/altera/13.0sp1/nios2eds/bin/gnu/H-i686-pc-linux-gnu/bin/../lib/gcc/nios2-elf/4.1.2/../../../../nios2-elf/lib/mno-hw-mul/libc.a(lib_a-memcmp.o)
                0x00111e8c                memcmp
 .text          0x00111f00      0x134 /opt/altera/13.0sp1/nios2eds/bin/gnu/H-i686-pc-linux-gnu/bin/../lib/gcc/nios2-elf/4.1.2/../../../../nios2-elf/lib/mno-hw-mul/libc.a(lib_a-__atexit.o)
                0x00111f00                __register_exitproc
 .text          0x00112034      0x1b4 /opt/altera/13.0sp1/nios2eds/bin/gnu/H-i686-pc-linux-gnu/bin/../lib/gcc/nios2-elf/4.1.2/../../../../nios2-elf/lib/mno-hw-mul/libc.a(lib_a-__call_atexit.o)
                0x00112038                __call_exitprocs
 .text          0x001121e8       0xa4 /opt/altera/13.0sp1/nios2eds/bin/gnu/H-i686-pc-linux-gnu/bin/../lib/gcc/nios2-elf/4.1.2/mno-hw-mul/libgcc.a(_fixunsdfsi.o)
                0x001121e8                __fixunsdfsi
 .text          0x0011228c       0x20 ../../../bsp/il2206-pre-built-ucosii//libucosii_bsp.a(alt_exit.o)
                0x0011228c                _exit
 *(.gnu.warning.*)
 *(.fini)
                0x001122ac                PROVIDE (__etext, ABSOLUTE (.))
                0x001122ac                PROVIDE (_etext, ABSOLUTE (.))
                0x001122ac                PROVIDE (etext, ABSOLUTE (.))
 *(.eh_frame_hdr)
                0x001122ac                . = ALIGN (0x4)
                0x001122ac                PROVIDE (__preinit_array_start, ABSOLUTE (.))
 *(.preinit_array)
                0x001122ac                PROVIDE (__preinit_array_end, ABSOLUTE (.))
                0x001122ac                PROVIDE (__init_array_start, ABSOLUTE (.))
 *(.init_array)
                0x001122ac                PROVIDE (__init_array_end, ABSOLUTE (.))
                0x001122ac                PROVIDE (__fini_array_start, ABSOLUTE (.))
 *(.fini_array)
                0x001122ac                PROVIDE (__fini_array_end, ABSOLUTE (.))
 *(.eh_frame)
 *(.gcc_except_table)
 *(.dynamic)
                0x001122ac                PROVIDE (__CTOR_LIST__, ABSOLUTE (.))
 *(.ctors)
 *(SORT(.ctors.*))
 .ctors.65535   0x001122ac        0x4 /opt/altera/13.0sp1/nios2eds/bin/gnu/H-i686-pc-linux-gnu/bin/../lib/gcc/nios2-elf/4.1.2/../../../../nios2-elf/lib/mno-hw-mul/libc.a(lib_a-__call_atexit.o)
                0x001122b0                PROVIDE (__CTOR_END__, ABSOLUTE (.))
                0x001122b0                PROVIDE (__DTOR_LIST__, ABSOLUTE (.))
 *(.dtors)
 *(SORT(.dtors.*))
                0x001122b0                PROVIDE (__DTOR_END__, ABSOLUTE (.))
 *(.jcr)
                0x001122b0                . = ALIGN (0x4)

.rodata         0x001122b0      0x598
                0x001122b0                PROVIDE (__ram_rodata_start, ABSOLUTE (.))
                0x001122b0                . = ALIGN (0x4)
 *(.rodata .rodata.* .gnu.linkonce.r.*)
 .rodata        0x001122b0      0x100 obj/default/cruise_skeleton.o
 .rodata        0x001123b0       0x14 /opt/altera/13.0sp1/nios2eds/bin/gnu/H-i686-pc-linux-gnu/bin/../lib/gcc/nios2-elf/4.1.2/mno-hw-mul/libgcc.a(_thenan_df.o)
                0x001123b0                __thenan_df
 .rodata        0x001123c4      0x100 /opt/altera/13.0sp1/nios2eds/bin/gnu/H-i686-pc-linux-gnu/bin/../lib/gcc/nios2-elf/4.1.2/mno-hw-mul/libgcc.a(_clz.o)
                0x001123c4                __clz_tab
 .rodata.str1.4
                0x001124c4        0x2 /opt/altera/13.0sp1/nios2eds/bin/gnu/H-i686-pc-linux-gnu/bin/../lib/gcc/nios2-elf/4.1.2/../../../../nios2-elf/lib/mno-hw-mul/libc.a(lib_a-puts.o)
                                  0x4 (size before relaxing)
 *fill*         0x001124c6        0x2 00
 .rodata.str1.4
                0x001124c8       0x5e /opt/altera/13.0sp1/nios2eds/bin/gnu/H-i686-pc-linux-gnu/bin/../lib/gcc/nios2-elf/4.1.2/../../../../nios2-elf/lib/mno-hw-mul/libc.a(lib_a-vfprintf.o)
                                 0x60 (size before relaxing)
 .rodata        0x00112526       0x20 /opt/altera/13.0sp1/nios2eds/bin/gnu/H-i686-pc-linux-gnu/bin/../lib/gcc/nios2-elf/4.1.2/../../../../nios2-elf/lib/mno-hw-mul/libc.a(lib_a-vfprintf.o)
 *fill*         0x00112546        0x2 00
 .rodata.str1.4
                0x00112548       0x10 /opt/altera/13.0sp1/nios2eds/bin/gnu/H-i686-pc-linux-gnu/bin/../lib/gcc/nios2-elf/4.1.2/../../../../nios2-elf/lib/mno-hw-mul/libc.a(lib_a-dtoa.o)
                                 0x14 (size before relaxing)
 .rodata.str1.4
                0x00112558        0x2 /opt/altera/13.0sp1/nios2eds/bin/gnu/H-i686-pc-linux-gnu/bin/../lib/gcc/nios2-elf/4.1.2/../../../../nios2-elf/lib/mno-hw-mul/libc.a(lib_a-impure.o)
                                  0x4 (size before relaxing)
 *fill*         0x0011255a        0x2 00
 .rodata.str1.4
                0x0011255c        0xf /opt/altera/13.0sp1/nios2eds/bin/gnu/H-i686-pc-linux-gnu/bin/../lib/gcc/nios2-elf/4.1.2/../../../../nios2-elf/lib/mno-hw-mul/libc.a(lib_a-locale.o)
                                 0x18 (size before relaxing)
 *fill*         0x0011256b        0x1 00
 .rodata        0x0011256c       0x30 /opt/altera/13.0sp1/nios2eds/bin/gnu/H-i686-pc-linux-gnu/bin/../lib/gcc/nios2-elf/4.1.2/../../../../nios2-elf/lib/mno-hw-mul/libc.a(lib_a-locale.o)
 .rodata        0x0011259c      0x124 /opt/altera/13.0sp1/nios2eds/bin/gnu/H-i686-pc-linux-gnu/bin/../lib/gcc/nios2-elf/4.1.2/../../../../nios2-elf/lib/mno-hw-mul/libc.a(lib_a-mprec.o)
                0x0011259c                __mprec_tens
                0x00112664                __mprec_bigtens
                0x0011268c                __mprec_tinytens
 .rodata.str1.4
                0x001126c0        0xa ../../../bsp/il2206-pre-built-ucosii//libucosii_bsp.a(alt_dev.o)
                                  0xc (size before relaxing)
 *fill*         0x001126ca        0x2 00
 .rodata.str1.4
                0x001126cc       0x11 ../../../bsp/il2206-pre-built-ucosii//libucosii_bsp.a(alt_main.o)
                                 0x14 (size before relaxing)
 *fill*         0x001126dd        0x3 00
 .rodata.str1.4
                0x001126e0       0x1e ../../../bsp/il2206-pre-built-ucosii//libucosii_bsp.a(os_core.o)
                                 0x20 (size before relaxing)
 .rodata        0x001126fe      0x100 ../../../bsp/il2206-pre-built-ucosii//libucosii_bsp.a(os_core.o)
                0x001126fe                OSUnMapTbl
 *fill*         0x001127fe        0x2 00
 .rodata.str1.4
                0x00112800       0x35 ../../../bsp/il2206-pre-built-ucosii//libucosii_bsp.a(os_tmr.o)
                                 0x38 (size before relaxing)
 *fill*         0x00112835        0x3 00
 .rodata.str1.4
                0x00112838       0x10 ../../../bsp/il2206-pre-built-ucosii//libucosii_bsp.a(alt_sys_init.o)
                                 0x24 (size before relaxing)
 .rodata.str1.4
                0x00000000        0x4 ../../../bsp/il2206-pre-built-ucosii//libucosii_bsp.a(os_cpu_c.o)
 *(.rodata1)
                0x00112848                . = ALIGN (0x4)
                0x00112848                PROVIDE (__ram_rodata_end, ABSOLUTE (.))
                0x001122b0                PROVIDE (__flash_rodata_start, LOADADDR (.rodata))

.rwdata         0x00112848     0x1b50 load address 0x00114398
                0x00112848                PROVIDE (__ram_rwdata_start, ABSOLUTE (.))
                0x00112848                . = ALIGN (0x4)
 *(.got.plt)
 *(.got)
 *(.data1)
 *(.data .data.* .gnu.linkonce.d.*)
 .data          0x00112848        0x0 ../../../bsp/il2206-pre-built-ucosii//obj/HAL/src/crt0.o
 .data          0x00112848       0x2c obj/default/cruise_skeleton.o
 .data          0x00112874        0x0 /opt/altera/13.0sp1/nios2eds/bin/gnu/H-i686-pc-linux-gnu/bin/../lib/gcc/nios2-elf/4.1.2/mno-hw-mul/libgcc.a(_si_to_sf.o)
 .data          0x00112874        0x0 /opt/altera/13.0sp1/nios2eds/bin/gnu/H-i686-pc-linux-gnu/bin/../lib/gcc/nios2-elf/4.1.2/mno-hw-mul/libgcc.a(_sf_to_df.o)
 .data          0x00112874        0x0 /opt/altera/13.0sp1/nios2eds/bin/gnu/H-i686-pc-linux-gnu/bin/../lib/gcc/nios2-elf/4.1.2/mno-hw-mul/libgcc.a(_addsub_df.o)
 .data          0x00112874        0x0 /opt/altera/13.0sp1/nios2eds/bin/gnu/H-i686-pc-linux-gnu/bin/../lib/gcc/nios2-elf/4.1.2/mno-hw-mul/libgcc.a(_div_df.o)
 .data          0x00112874        0x0 /opt/altera/13.0sp1/nios2eds/bin/gnu/H-i686-pc-linux-gnu/bin/../lib/gcc/nios2-elf/4.1.2/mno-hw-mul/libgcc.a(_si_to_df.o)
 .data          0x00112874        0x0 /opt/altera/13.0sp1/nios2eds/bin/gnu/H-i686-pc-linux-gnu/bin/../lib/gcc/nios2-elf/4.1.2/mno-hw-mul/libgcc.a(_df_to_si.o)
 .data          0x00112874        0x0 /opt/altera/13.0sp1/nios2eds/bin/gnu/H-i686-pc-linux-gnu/bin/../lib/gcc/nios2-elf/4.1.2/mno-hw-mul/libgcc.a(_make_df.o)
 .data          0x00112874        0x0 /opt/altera/13.0sp1/nios2eds/bin/gnu/H-i686-pc-linux-gnu/bin/../lib/gcc/nios2-elf/4.1.2/mno-hw-mul/libgcc.a(_thenan_df.o)
 .data          0x00112874        0x0 /opt/altera/13.0sp1/nios2eds/bin/gnu/H-i686-pc-linux-gnu/bin/../lib/gcc/nios2-elf/4.1.2/mno-hw-mul/libgcc.a(lib2-divmod.o)
 .data          0x00112874        0x0 /opt/altera/13.0sp1/nios2eds/bin/gnu/H-i686-pc-linux-gnu/bin/../lib/gcc/nios2-elf/4.1.2/mno-hw-mul/libgcc.a(lib2-mul.o)
 .data          0x00112874        0x0 /opt/altera/13.0sp1/nios2eds/bin/gnu/H-i686-pc-linux-gnu/bin/../lib/gcc/nios2-elf/4.1.2/mno-hw-mul/libgcc.a(_clzsi2.o)
 .data          0x00112874        0x0 /opt/altera/13.0sp1/nios2eds/bin/gnu/H-i686-pc-linux-gnu/bin/../lib/gcc/nios2-elf/4.1.2/mno-hw-mul/libgcc.a(_pack_sf.o)
 .data          0x00112874        0x0 /opt/altera/13.0sp1/nios2eds/bin/gnu/H-i686-pc-linux-gnu/bin/../lib/gcc/nios2-elf/4.1.2/mno-hw-mul/libgcc.a(_unpack_sf.o)
 .data          0x00112874        0x0 /opt/altera/13.0sp1/nios2eds/bin/gnu/H-i686-pc-linux-gnu/bin/../lib/gcc/nios2-elf/4.1.2/mno-hw-mul/libgcc.a(_pack_df.o)
 .data          0x00112874        0x0 /opt/altera/13.0sp1/nios2eds/bin/gnu/H-i686-pc-linux-gnu/bin/../lib/gcc/nios2-elf/4.1.2/mno-hw-mul/libgcc.a(_unpack_df.o)
 .data          0x00112874        0x0 /opt/altera/13.0sp1/nios2eds/bin/gnu/H-i686-pc-linux-gnu/bin/../lib/gcc/nios2-elf/4.1.2/mno-hw-mul/libgcc.a(_clz.o)
 .data          0x00112874        0x0 /opt/altera/13.0sp1/nios2eds/bin/gnu/H-i686-pc-linux-gnu/bin/../lib/gcc/nios2-elf/4.1.2/../../../../nios2-elf/lib/mno-hw-mul/libc.a(lib_a-printf.o)
 .data          0x00112874        0x0 /opt/altera/13.0sp1/nios2eds/bin/gnu/H-i686-pc-linux-gnu/bin/../lib/gcc/nios2-elf/4.1.2/../../../../nios2-elf/lib/mno-hw-mul/libc.a(lib_a-puts.o)
 .data          0x00112874        0x0 /opt/altera/13.0sp1/nios2eds/bin/gnu/H-i686-pc-linux-gnu/bin/../lib/gcc/nios2-elf/4.1.2/../../../../nios2-elf/lib/mno-hw-mul/libc.a(lib_a-strlen.o)
 .data          0x00112874        0x0 /opt/altera/13.0sp1/nios2eds/bin/gnu/H-i686-pc-linux-gnu/bin/../lib/gcc/nios2-elf/4.1.2/../../../../nios2-elf/lib/mno-hw-mul/libc.a(lib_a-vfprintf.o)
 .data          0x00112874        0x0 /opt/altera/13.0sp1/nios2eds/bin/gnu/H-i686-pc-linux-gnu/bin/../lib/gcc/nios2-elf/4.1.2/../../../../nios2-elf/lib/mno-hw-mul/libc.a(lib_a-wsetup.o)
 .data          0x00112874        0x0 /opt/altera/13.0sp1/nios2eds/bin/gnu/H-i686-pc-linux-gnu/bin/../lib/gcc/nios2-elf/4.1.2/../../../../nios2-elf/lib/mno-hw-mul/libc.a(lib_a-dtoa.o)
 .data          0x00112874        0x0 /opt/altera/13.0sp1/nios2eds/bin/gnu/H-i686-pc-linux-gnu/bin/../lib/gcc/nios2-elf/4.1.2/../../../../nios2-elf/lib/mno-hw-mul/libc.a(lib_a-fflush.o)
 .data          0x00112874        0x0 /opt/altera/13.0sp1/nios2eds/bin/gnu/H-i686-pc-linux-gnu/bin/../lib/gcc/nios2-elf/4.1.2/../../../../nios2-elf/lib/mno-hw-mul/libc.a(lib_a-findfp.o)
 .data          0x00112874        0x0 /opt/altera/13.0sp1/nios2eds/bin/gnu/H-i686-pc-linux-gnu/bin/../lib/gcc/nios2-elf/4.1.2/../../../../nios2-elf/lib/mno-hw-mul/libc.a(lib_a-freer.o)
 .data          0x00112874        0x0 /opt/altera/13.0sp1/nios2eds/bin/gnu/H-i686-pc-linux-gnu/bin/../lib/gcc/nios2-elf/4.1.2/../../../../nios2-elf/lib/mno-hw-mul/libc.a(lib_a-fvwrite.o)
 .data          0x00112874        0x0 /opt/altera/13.0sp1/nios2eds/bin/gnu/H-i686-pc-linux-gnu/bin/../lib/gcc/nios2-elf/4.1.2/../../../../nios2-elf/lib/mno-hw-mul/libc.a(lib_a-fwalk.o)
 .data          0x00112874      0x400 /opt/altera/13.0sp1/nios2eds/bin/gnu/H-i686-pc-linux-gnu/bin/../lib/gcc/nios2-elf/4.1.2/../../../../nios2-elf/lib/mno-hw-mul/libc.a(lib_a-impure.o)
 .data          0x00112c74        0xc /opt/altera/13.0sp1/nios2eds/bin/gnu/H-i686-pc-linux-gnu/bin/../lib/gcc/nios2-elf/4.1.2/../../../../nios2-elf/lib/mno-hw-mul/libc.a(lib_a-locale.o)
                0x00112c74                __lc_ctype
 .data          0x00112c80        0x0 /opt/altera/13.0sp1/nios2eds/bin/gnu/H-i686-pc-linux-gnu/bin/../lib/gcc/nios2-elf/4.1.2/../../../../nios2-elf/lib/mno-hw-mul/libc.a(lib_a-makebuf.o)
 .data          0x00112c80      0x408 /opt/altera/13.0sp1/nios2eds/bin/gnu/H-i686-pc-linux-gnu/bin/../lib/gcc/nios2-elf/4.1.2/../../../../nios2-elf/lib/mno-hw-mul/libc.a(lib_a-mallocr.o)
                0x00112c80                __malloc_av_
 .data          0x00113088        0x0 /opt/altera/13.0sp1/nios2eds/bin/gnu/H-i686-pc-linux-gnu/bin/../lib/gcc/nios2-elf/4.1.2/../../../../nios2-elf/lib/mno-hw-mul/libc.a(lib_a-memchr.o)
 .data          0x00113088        0x0 /opt/altera/13.0sp1/nios2eds/bin/gnu/H-i686-pc-linux-gnu/bin/../lib/gcc/nios2-elf/4.1.2/../../../../nios2-elf/lib/mno-hw-mul/libc.a(lib_a-memcpy.o)
 .data          0x00113088        0x0 /opt/altera/13.0sp1/nios2eds/bin/gnu/H-i686-pc-linux-gnu/bin/../lib/gcc/nios2-elf/4.1.2/../../../../nios2-elf/lib/mno-hw-mul/libc.a(lib_a-memmove.o)
 .data          0x00113088        0x0 /opt/altera/13.0sp1/nios2eds/bin/gnu/H-i686-pc-linux-gnu/bin/../lib/gcc/nios2-elf/4.1.2/../../../../nios2-elf/lib/mno-hw-mul/libc.a(lib_a-memset.o)
 .data          0x00113088        0x0 /opt/altera/13.0sp1/nios2eds/bin/gnu/H-i686-pc-linux-gnu/bin/../lib/gcc/nios2-elf/4.1.2/../../../../nios2-elf/lib/mno-hw-mul/libc.a(lib_a-mprec.o)
 .data          0x00113088        0x0 /opt/altera/13.0sp1/nios2eds/bin/gnu/H-i686-pc-linux-gnu/bin/../lib/gcc/nios2-elf/4.1.2/../../../../nios2-elf/lib/mno-hw-mul/libc.a(lib_a-reallocr.o)
 .data          0x00113088        0x0 /opt/altera/13.0sp1/nios2eds/bin/gnu/H-i686-pc-linux-gnu/bin/../lib/gcc/nios2-elf/4.1.2/../../../../nios2-elf/lib/mno-hw-mul/libc.a(lib_a-s_isinfd.o)
 .data          0x00113088        0x0 /opt/altera/13.0sp1/nios2eds/bin/gnu/H-i686-pc-linux-gnu/bin/../lib/gcc/nios2-elf/4.1.2/../../../../nios2-elf/lib/mno-hw-mul/libc.a(lib_a-s_isnand.o)
 .data          0x00113088        0x0 /opt/altera/13.0sp1/nios2eds/bin/gnu/H-i686-pc-linux-gnu/bin/../lib/gcc/nios2-elf/4.1.2/../../../../nios2-elf/lib/mno-hw-mul/libc.a(lib_a-sbrkr.o)
 .data          0x00113088        0x0 /opt/altera/13.0sp1/nios2eds/bin/gnu/H-i686-pc-linux-gnu/bin/../lib/gcc/nios2-elf/4.1.2/../../../../nios2-elf/lib/mno-hw-mul/libc.a(lib_a-stdio.o)
 .data          0x00113088        0x0 /opt/altera/13.0sp1/nios2eds/bin/gnu/H-i686-pc-linux-gnu/bin/../lib/gcc/nios2-elf/4.1.2/../../../../nios2-elf/lib/mno-hw-mul/libc.a(lib_a-strcmp.o)
 .data          0x00113088        0x0 /opt/altera/13.0sp1/nios2eds/bin/gnu/H-i686-pc-linux-gnu/bin/../lib/gcc/nios2-elf/4.1.2/../../../../nios2-elf/lib/mno-hw-mul/libc.a(lib_a-writer.o)
 .data          0x00113088        0x0 /opt/altera/13.0sp1/nios2eds/bin/gnu/H-i686-pc-linux-gnu/bin/../lib/gcc/nios2-elf/4.1.2/../../../../nios2-elf/lib/mno-hw-mul/libc.a(lib_a-callocr.o)
 .data          0x00113088        0x0 /opt/altera/13.0sp1/nios2eds/bin/gnu/H-i686-pc-linux-gnu/bin/../lib/gcc/nios2-elf/4.1.2/../../../../nios2-elf/lib/mno-hw-mul/libc.a(lib_a-closer.o)
 .data          0x00113088        0x0 /opt/altera/13.0sp1/nios2eds/bin/gnu/H-i686-pc-linux-gnu/bin/../lib/gcc/nios2-elf/4.1.2/../../../../nios2-elf/lib/mno-hw-mul/libc.a(lib_a-fclose.o)
 .data          0x00113088        0x0 /opt/altera/13.0sp1/nios2eds/bin/gnu/H-i686-pc-linux-gnu/bin/../lib/gcc/nios2-elf/4.1.2/../../../../nios2-elf/lib/mno-hw-mul/libc.a(lib_a-fstatr.o)
 .data          0x00113088        0x0 /opt/altera/13.0sp1/nios2eds/bin/gnu/H-i686-pc-linux-gnu/bin/../lib/gcc/nios2-elf/4.1.2/../../../../nios2-elf/lib/mno-hw-mul/libc.a(lib_a-int_errno.o)
 .data          0x00113088        0x0 /opt/altera/13.0sp1/nios2eds/bin/gnu/H-i686-pc-linux-gnu/bin/../lib/gcc/nios2-elf/4.1.2/../../../../nios2-elf/lib/mno-hw-mul/libc.a(lib_a-isattyr.o)
 .data          0x00113088        0x0 /opt/altera/13.0sp1/nios2eds/bin/gnu/H-i686-pc-linux-gnu/bin/../lib/gcc/nios2-elf/4.1.2/../../../../nios2-elf/lib/mno-hw-mul/libc.a(lib_a-lseekr.o)
 .data          0x00113088        0x0 /opt/altera/13.0sp1/nios2eds/bin/gnu/H-i686-pc-linux-gnu/bin/../lib/gcc/nios2-elf/4.1.2/../../../../nios2-elf/lib/mno-hw-mul/libc.a(lib_a-readr.o)
 .data          0x00113088        0x0 /opt/altera/13.0sp1/nios2eds/bin/gnu/H-i686-pc-linux-gnu/bin/../lib/gcc/nios2-elf/4.1.2/mno-hw-mul/libgcc.a(_udivdi3.o)
 .data          0x00113088        0x0 /opt/altera/13.0sp1/nios2eds/bin/gnu/H-i686-pc-linux-gnu/bin/../lib/gcc/nios2-elf/4.1.2/mno-hw-mul/libgcc.a(_umoddi3.o)
 .data          0x00113088        0x0 /opt/altera/13.0sp1/nios2eds/bin/gnu/H-i686-pc-linux-gnu/bin/../lib/gcc/nios2-elf/4.1.2/mno-hw-mul/libgcc.a(_mul_df.o)
 .data          0x00113088        0x0 /opt/altera/13.0sp1/nios2eds/bin/gnu/H-i686-pc-linux-gnu/bin/../lib/gcc/nios2-elf/4.1.2/mno-hw-mul/libgcc.a(_eq_df.o)
 .data          0x00113088        0x0 /opt/altera/13.0sp1/nios2eds/bin/gnu/H-i686-pc-linux-gnu/bin/../lib/gcc/nios2-elf/4.1.2/mno-hw-mul/libgcc.a(_ne_df.o)
 .data          0x00113088        0x0 /opt/altera/13.0sp1/nios2eds/bin/gnu/H-i686-pc-linux-gnu/bin/../lib/gcc/nios2-elf/4.1.2/mno-hw-mul/libgcc.a(_gt_df.o)
 .data          0x00113088        0x0 /opt/altera/13.0sp1/nios2eds/bin/gnu/H-i686-pc-linux-gnu/bin/../lib/gcc/nios2-elf/4.1.2/mno-hw-mul/libgcc.a(_ge_df.o)
 .data          0x00113088        0x0 /opt/altera/13.0sp1/nios2eds/bin/gnu/H-i686-pc-linux-gnu/bin/../lib/gcc/nios2-elf/4.1.2/mno-hw-mul/libgcc.a(_lt_df.o)
 .data          0x00113088        0x0 /opt/altera/13.0sp1/nios2eds/bin/gnu/H-i686-pc-linux-gnu/bin/../lib/gcc/nios2-elf/4.1.2/mno-hw-mul/libgcc.a(_usi_to_df.o)
 .data          0x00113088        0x0 /opt/altera/13.0sp1/nios2eds/bin/gnu/H-i686-pc-linux-gnu/bin/../lib/gcc/nios2-elf/4.1.2/mno-hw-mul/libgcc.a(_muldi3.o)
 .data          0x00113088        0x0 /opt/altera/13.0sp1/nios2eds/bin/gnu/H-i686-pc-linux-gnu/bin/../lib/gcc/nios2-elf/4.1.2/mno-hw-mul/libgcc.a(_fpcmp_parts_df.o)
 .data          0x00113088        0x0 ../../../bsp/il2206-pre-built-ucosii//libucosii_bsp.a(alt_alarm_start.o)
 .data          0x00113088        0x0 ../../../bsp/il2206-pre-built-ucosii//libucosii_bsp.a(alt_close.o)
 .data          0x00113088      0x1a8 ../../../bsp/il2206-pre-built-ucosii//libucosii_bsp.a(alt_dev.o)
                0x00113088                alt_dev_null
                0x001130b0                alt_fd_list
 .data          0x00113230        0x0 ../../../bsp/il2206-pre-built-ucosii//libucosii_bsp.a(alt_errno.o)
 .data          0x00113230        0x0 ../../../bsp/il2206-pre-built-ucosii//libucosii_bsp.a(alt_fstat.o)
 .data          0x00113230        0x0 ../../../bsp/il2206-pre-built-ucosii//libucosii_bsp.a(alt_isatty.o)
 .data          0x00113230        0x0 ../../../bsp/il2206-pre-built-ucosii//libucosii_bsp.a(alt_load.o)
 .data          0x00113230        0x0 ../../../bsp/il2206-pre-built-ucosii//libucosii_bsp.a(alt_lseek.o)
 .data          0x00113230        0x0 ../../../bsp/il2206-pre-built-ucosii//libucosii_bsp.a(alt_main.o)
 .data          0x00113230        0x0 ../../../bsp/il2206-pre-built-ucosii//libucosii_bsp.a(alt_read.o)
 .data          0x00113230        0x0 ../../../bsp/il2206-pre-built-ucosii//libucosii_bsp.a(alt_release_fd.o)
 .data          0x00113230        0x0 ../../../bsp/il2206-pre-built-ucosii//libucosii_bsp.a(alt_sbrk.o)
 .data          0x00113230        0x0 ../../../bsp/il2206-pre-built-ucosii//libucosii_bsp.a(alt_tick.o)
 .data          0x00113230        0x0 ../../../bsp/il2206-pre-built-ucosii//libucosii_bsp.a(alt_write.o)
 .data          0x00113230        0x0 ../../../bsp/il2206-pre-built-ucosii//libucosii_bsp.a(alt_env_lock.o)
 .data          0x00113230        0x0 ../../../bsp/il2206-pre-built-ucosii//libucosii_bsp.a(alt_malloc_lock.o)
 .data          0x00113230        0x0 ../../../bsp/il2206-pre-built-ucosii//libucosii_bsp.a(os_core.o)
 .data          0x00113230        0x0 ../../../bsp/il2206-pre-built-ucosii//libucosii_bsp.a(os_dbg.o)
 .data          0x00113230        0x0 ../../../bsp/il2206-pre-built-ucosii//libucosii_bsp.a(os_flag.o)
 .data          0x00113230        0x0 ../../../bsp/il2206-pre-built-ucosii//libucosii_bsp.a(os_mbox.o)
 .data          0x00113230        0x0 ../../../bsp/il2206-pre-built-ucosii//libucosii_bsp.a(os_mem.o)
 .data          0x00113230        0x0 ../../../bsp/il2206-pre-built-ucosii//libucosii_bsp.a(os_q.o)
 .data          0x00113230        0x0 ../../../bsp/il2206-pre-built-ucosii//libucosii_bsp.a(os_sem.o)
 .data          0x00113230        0x0 ../../../bsp/il2206-pre-built-ucosii//libucosii_bsp.a(os_task.o)
 .data          0x00113230        0x0 ../../../bsp/il2206-pre-built-ucosii//libucosii_bsp.a(os_time.o)
 .data          0x00113230        0x0 ../../../bsp/il2206-pre-built-ucosii//libucosii_bsp.a(os_tmr.o)
 .data          0x00113230     0x1098 ../../../bsp/il2206-pre-built-ucosii//libucosii_bsp.a(alt_sys_init.o)
 .data          0x001142c8        0x0 ../../../bsp/il2206-pre-built-ucosii//libucosii_bsp.a(altera_avalon_jtag_uart_fd.o)
 .data          0x001142c8        0x0 ../../../bsp/il2206-pre-built-ucosii//libucosii_bsp.a(altera_avalon_jtag_uart_init.o)
 .data          0x001142c8        0x0 ../../../bsp/il2206-pre-built-ucosii//libucosii_bsp.a(altera_avalon_jtag_uart_ioctl.o)
 .data          0x001142c8        0x0 ../../../bsp/il2206-pre-built-ucosii//libucosii_bsp.a(altera_avalon_jtag_uart_read.o)
 .data          0x001142c8        0x0 ../../../bsp/il2206-pre-built-ucosii//libucosii_bsp.a(altera_avalon_jtag_uart_write.o)
 .data          0x001142c8        0x0 ../../../bsp/il2206-pre-built-ucosii//libucosii_bsp.a(altera_avalon_timer_sc.o)
 .data          0x001142c8        0x0 ../../../bsp/il2206-pre-built-ucosii//libucosii_bsp.a(altera_up_avalon_character_lcd.o)
 .data          0x001142c8        0x0 ../../../bsp/il2206-pre-built-ucosii//libucosii_bsp.a(alt_dcache_flush_all.o)
 .data          0x001142c8        0x0 ../../../bsp/il2206-pre-built-ucosii//libucosii_bsp.a(alt_dev_llist_insert.o)
 .data          0x001142c8        0x0 ../../../bsp/il2206-pre-built-ucosii//libucosii_bsp.a(alt_do_ctors.o)
 .data          0x001142c8        0x0 ../../../bsp/il2206-pre-built-ucosii//libucosii_bsp.a(alt_do_dtors.o)
 .data          0x001142c8        0x0 ../../../bsp/il2206-pre-built-ucosii//libucosii_bsp.a(alt_find_dev.o)
 .data          0x001142c8        0x0 ../../../bsp/il2206-pre-built-ucosii//libucosii_bsp.a(alt_icache_flush_all.o)
 .data          0x001142c8        0x0 ../../../bsp/il2206-pre-built-ucosii//libucosii_bsp.a(alt_iic.o)
 .data          0x001142c8        0x0 ../../../bsp/il2206-pre-built-ucosii//libucosii_bsp.a(alt_iic_isr_register.o)
 .data          0x001142c8        0x0 ../../../bsp/il2206-pre-built-ucosii//libucosii_bsp.a(alt_io_redirect.o)
 .data          0x001142c8        0x0 ../../../bsp/il2206-pre-built-ucosii//libucosii_bsp.a(alt_irq_entry.o)
 .data          0x001142c8        0x0 ../../../bsp/il2206-pre-built-ucosii//libucosii_bsp.a(alt_irq_handler.o)
 .data          0x001142c8        0x0 ../../../bsp/il2206-pre-built-ucosii//libucosii_bsp.a(alt_irq_vars.o)
 .data          0x001142c8        0x0 ../../../bsp/il2206-pre-built-ucosii//libucosii_bsp.a(alt_open.o)
 .data          0x001142c8        0x0 ../../../bsp/il2206-pre-built-ucosii//libucosii_bsp.a(altera_nios2_qsys_irq.o)
 .data          0x001142c8        0x0 ../../../bsp/il2206-pre-built-ucosii//libucosii_bsp.a(os_cpu_a.o)
 .data          0x001142c8        0x0 ../../../bsp/il2206-pre-built-ucosii//libucosii_bsp.a(os_cpu_c.o)
 .data          0x001142c8        0x0 ../../../bsp/il2206-pre-built-ucosii//libucosii_bsp.a(alt_exception_entry.o)
 .data          0x001142c8        0x0 ../../../bsp/il2206-pre-built-ucosii//libucosii_bsp.a(alt_find_file.o)
 .data          0x001142c8        0x0 ../../../bsp/il2206-pre-built-ucosii//libucosii_bsp.a(alt_get_fd.o)
 .data          0x001142c8        0x0 /opt/altera/13.0sp1/nios2eds/bin/gnu/H-i686-pc-linux-gnu/bin/../lib/gcc/nios2-elf/4.1.2/../../../../nios2-elf/lib/mno-hw-mul/libc.a(lib_a-atexit.o)
 .data          0x001142c8        0x0 /opt/altera/13.0sp1/nios2eds/bin/gnu/H-i686-pc-linux-gnu/bin/../lib/gcc/nios2-elf/4.1.2/../../../../nios2-elf/lib/mno-hw-mul/libc.a(lib_a-exit.o)
 .data          0x001142c8        0x0 /opt/altera/13.0sp1/nios2eds/bin/gnu/H-i686-pc-linux-gnu/bin/../lib/gcc/nios2-elf/4.1.2/../../../../nios2-elf/lib/mno-hw-mul/libc.a(lib_a-memcmp.o)
 .data          0x001142c8        0x0 /opt/altera/13.0sp1/nios2eds/bin/gnu/H-i686-pc-linux-gnu/bin/../lib/gcc/nios2-elf/4.1.2/../../../../nios2-elf/lib/mno-hw-mul/libc.a(lib_a-__atexit.o)
 .data          0x001142c8        0x0 /opt/altera/13.0sp1/nios2eds/bin/gnu/H-i686-pc-linux-gnu/bin/../lib/gcc/nios2-elf/4.1.2/../../../../nios2-elf/lib/mno-hw-mul/libc.a(lib_a-__call_atexit.o)
 .data          0x001142c8        0x0 /opt/altera/13.0sp1/nios2eds/bin/gnu/H-i686-pc-linux-gnu/bin/../lib/gcc/nios2-elf/4.1.2/mno-hw-mul/libgcc.a(_fixunsdfsi.o)
 .data          0x001142c8        0x0 ../../../bsp/il2206-pre-built-ucosii//libucosii_bsp.a(alt_exit.o)
                0x0011c2c8                _gp = ABSOLUTE ((. + 0x8000))
                0x0011c2c8                PROVIDE (gp, _gp)
 *(.rwdata .rwdata.*)
 *(.sdata .sdata.* .gnu.linkonce.s.*)
 .sdata         0x001142c8       0x14 obj/default/cruise_skeleton.o
                0x001142c8                gas_pedal
                0x001142cc                brake_pedal
                0x001142d0                top_gear
                0x001142d4                engine
                0x001142d8                cruise_control
 .sdata         0x001142dc        0x8 /opt/altera/13.0sp1/nios2eds/bin/gnu/H-i686-pc-linux-gnu/bin/../lib/gcc/nios2-elf/4.1.2/../../../../nios2-elf/lib/mno-hw-mul/libc.a(lib_a-impure.o)
                0x001142dc                _impure_ptr
                0x001142e0                _global_impure_ptr
 .sdata         0x001142e4        0x8 /opt/altera/13.0sp1/nios2eds/bin/gnu/H-i686-pc-linux-gnu/bin/../lib/gcc/nios2-elf/4.1.2/../../../../nios2-elf/lib/mno-hw-mul/libc.a(lib_a-locale.o)
                0x001142e4                __mb_cur_max
 .sdata         0x001142ec        0x8 /opt/altera/13.0sp1/nios2eds/bin/gnu/H-i686-pc-linux-gnu/bin/../lib/gcc/nios2-elf/4.1.2/../../../../nios2-elf/lib/mno-hw-mul/libc.a(lib_a-mallocr.o)
                0x001142ec                __malloc_trim_threshold
                0x001142f0                __malloc_sbrk_base
 .sdata         0x001142f4       0x14 ../../../bsp/il2206-pre-built-ucosii//libucosii_bsp.a(alt_dev.o)
                0x001142f4                alt_fs_list
                0x001142fc                alt_dev_list
                0x00114304                alt_max_fd
 .sdata         0x00114308        0x4 ../../../bsp/il2206-pre-built-ucosii//libucosii_bsp.a(alt_errno.o)
                0x00114308                alt_errno
 .sdata         0x0011430c        0x4 ../../../bsp/il2206-pre-built-ucosii//libucosii_bsp.a(alt_sbrk.o)
 .sdata         0x00114310        0x8 ../../../bsp/il2206-pre-built-ucosii//libucosii_bsp.a(alt_tick.o)
                0x00114310                alt_alarm_list
 .sdata         0x00114318        0x4 ../../../bsp/il2206-pre-built-ucosii//libucosii_bsp.a(alt_env_lock.o)
 .sdata         0x0011431c        0x4 ../../../bsp/il2206-pre-built-ucosii//libucosii_bsp.a(alt_malloc_lock.o)
 .sdata         0x00114320       0x74 ../../../bsp/il2206-pre-built-ucosii//libucosii_bsp.a(os_dbg.o)
                0x00114320                OSDebugEn
                0x00114324                OSEndiannessTest
                0x00114328                OSEventEn
                0x0011432a                OSEventMax
                0x0011432c                OSEventNameSize
                0x0011432e                OSEventSize
                0x00114330                OSEventTblSize
                0x00114332                OSEventMultiEn
                0x00114334                OSFlagEn
                0x00114336                OSFlagGrpSize
                0x00114338                OSFlagNodeSize
                0x0011433a                OSFlagWidth
                0x0011433c                OSFlagMax
                0x0011433e                OSFlagNameSize
                0x00114340                OSLowestPrio
                0x00114342                OSMboxEn
                0x00114344                OSMemEn
                0x00114346                OSMemMax
                0x00114348                OSMemNameSize
                0x0011434a                OSMemSize
                0x0011434c                OSMemTblSize
                0x0011434e                OSMutexEn
                0x00114350                OSPtrSize
                0x00114352                OSQEn
                0x00114354                OSQMax
                0x00114356                OSQSize
                0x00114358                OSRdyTblSize
                0x0011435a                OSSemEn
                0x0011435c                OSStkWidth
                0x0011435e                OSTaskCreateEn
                0x00114360                OSTaskCreateExtEn
                0x00114362                OSTaskDelEn
                0x00114364                OSTaskIdleStkSize
                0x00114366                OSTaskProfileEn
                0x00114368                OSTaskMax
                0x0011436a                OSTaskNameSize
                0x0011436c                OSTaskStatEn
                0x0011436e                OSTaskStatStkSize
                0x00114370                OSTaskStatStkChkEn
                0x00114372                OSTaskSwHookEn
                0x00114374                OSTCBPrioTblMax
                0x00114376                OSTCBSize
                0x00114378                OSTicksPerSec
                0x0011437a                OSTimeTickHookEn
                0x0011437c                OSVersionNbr
                0x0011437e                OSTmrEn
                0x00114380                OSTmrCfgMax
                0x00114382                OSTmrCfgNameSize
                0x00114384                OSTmrCfgWheelSize
                0x00114386                OSTmrCfgTicksPerSec
                0x00114388                OSTmrSize
                0x0011438a                OSTmrTblSize
                0x0011438c                OSTmrWheelSize
                0x0011438e                OSTmrWheelTblSize
                0x00114390                OSDataSize
 .sdata         0x00114394        0x4 ../../../bsp/il2206-pre-built-ucosii//libucosii_bsp.a(alt_irq_vars.o)
                0x00114394                alt_priority_mask
 *(.sdata2 .sdata2.* .gnu.linkonce.s2.*)
                0x00114398                . = ALIGN (0x4)
                0x00114398                _edata = ABSOLUTE (.)
                0x00114398                PROVIDE (edata, ABSOLUTE (.))
                0x00114398                PROVIDE (__ram_rwdata_end, ABSOLUTE (.))
                0x00114398                PROVIDE (__flash_rwdata_start, LOADADDR (.rwdata))

.bss            0x00115ee8     0xe130
                0x00115ee8                __bss_start = ABSOLUTE (.)
                0x00115ee8                PROVIDE (__sbss_start, ABSOLUTE (.))
                0x00115ee8                PROVIDE (___sbss_start, ABSOLUTE (.))
 *(.dynsbss)
 *(.sbss .sbss.* .gnu.linkonce.sb.*)
 .sbss          0x00115ee8        0x8 obj/default/cruise_skeleton.o
                0x00115ee8                led_green
                0x00115eec                led_red
 .sbss          0x00115ef0       0x30 obj/default/cruise_skeleton.o
                0x00115ef0                Mbox_Throttle
                0x00115ef4                vehicle_tmr
                0x00115ef8                button_sem
                0x00115efc                Mbox_Velocity
                0x00115f00                button_tmr
                0x00115f04                switch_sem
                0x00115f08                control_tmr
                0x00115f0c                control_sem
                0x00115f10                delay
                0x00115f14                error
                0x00115f18                vehicle_sem
                0x00115f1c                switch_tmr
 .sbss          0x00115f20        0xc /opt/altera/13.0sp1/nios2eds/bin/gnu/H-i686-pc-linux-gnu/bin/../lib/gcc/nios2-elf/4.1.2/../../../../nios2-elf/lib/mno-hw-mul/libc.a(lib_a-locale.o)
                0x00115f20                __nlocale_changed
                0x00115f24                __mlocale_changed
                0x00115f28                _PathLocale
 .sbss          0x00115f2c        0xc /opt/altera/13.0sp1/nios2eds/bin/gnu/H-i686-pc-linux-gnu/bin/../lib/gcc/nios2-elf/4.1.2/../../../../nios2-elf/lib/mno-hw-mul/libc.a(lib_a-mallocr.o)
                0x00115f2c                __malloc_top_pad
                0x00115f30                __malloc_max_sbrked_mem
                0x00115f34                __malloc_max_total_mem
 .sbss          0x00115f38        0x4 /opt/altera/13.0sp1/nios2eds/bin/gnu/H-i686-pc-linux-gnu/bin/../lib/gcc/nios2-elf/4.1.2/../../../../nios2-elf/lib/mno-hw-mul/libc.a(lib_a-int_errno.o)
                0x00115f38                errno
 .sbss          0x00115f3c        0x4 ../../../bsp/il2206-pre-built-ucosii//libucosii_bsp.a(alt_dev.o)
                0x00115f3c                alt_fd_list_lock
 .sbss          0x00115f40        0xc ../../../bsp/il2206-pre-built-ucosii//libucosii_bsp.a(alt_main.o)
                0x00115f40                alt_argc
                0x00115f44                alt_argv
                0x00115f48                alt_envp
 .sbss          0x00115f4c        0x8 ../../../bsp/il2206-pre-built-ucosii//libucosii_bsp.a(alt_tick.o)
                0x00115f4c                _alt_tick_rate
                0x00115f50                _alt_nticks
 .sbss          0x00115f54        0x8 ../../../bsp/il2206-pre-built-ucosii//libucosii_bsp.a(alt_env_lock.o)
                0x00115f58                alt_envsem
 .sbss          0x00115f5c        0x8 ../../../bsp/il2206-pre-built-ucosii//libucosii_bsp.a(alt_malloc_lock.o)
                0x00115f60                alt_heapsem
 .sbss          0x00115f64       0x68 ../../../bsp/il2206-pre-built-ucosii//libucosii_bsp.a(os_core.o)
                0x00115f64                OSTmrFreeList
                0x00115f68                OSLockNesting
                0x00115f6c                OSTmrSemSignal
                0x00115f70                OSRunning
                0x00115f74                OSIdleCtr
                0x00115f78                OSTmrUsed
                0x00115f7a                OSPrioHighRdy
                0x00115f7b                OSPrioCur
                0x00115f7c                OSTCBList
                0x00115f80                OSTickStepState
                0x00115f84                OSCtxSwCtr
                0x00115f88                OSTmrFree
                0x00115f8c                OSIdleCtrMax
                0x00115f90                OSTCBFreeList
                0x00115f94                OSCPUUsage
                0x00115f95                OSTaskCtr
                0x00115f98                OSMemFreeList
                0x00115f9c                OSTCBHighRdy
                0x00115fa0                OSQFreeList
                0x00115fa4                OSRdyGrp
                0x00115fa5                OSRdyTbl
                0x00115fa8                OSEventFreeList
                0x00115fac                OSIntNesting
                0x00115fb0                OSTCBCur
                0x00115fb4                OSTmrTime
                0x00115fb8                OSTime
                0x00115fbc                OSTmrSem
                0x00115fc0                OSFlagFreeList
                0x00115fc4                OSStatRdy
                0x00115fc8                OSIdleCtrRun
 .sbss          0x00115fcc        0x4 ../../../bsp/il2206-pre-built-ucosii//libucosii_bsp.a(alt_irq_vars.o)
                0x00115fcc                alt_irq_active
 .sbss          0x00115fd0        0x2 ../../../bsp/il2206-pre-built-ucosii//libucosii_bsp.a(os_cpu_c.o)
 *(.sbss2 .sbss2.* .gnu.linkonce.sb2.*)
 *(.scommon)
                0x00115fd2                PROVIDE (__sbss_end, ABSOLUTE (.))
                0x00115fd2                PROVIDE (___sbss_end, ABSOLUTE (.))
 *(.dynbss)
 *(.bss .bss.* .gnu.linkonce.b.*)
 .bss           0x00115fd2        0x0 ../../../bsp/il2206-pre-built-ucosii//obj/HAL/src/crt0.o
 *fill*         0x00115fd2        0x2 00
 .bss           0x00115fd4       0x18 obj/default/cruise_skeleton.o
 .bss           0x00115fec        0x0 /opt/altera/13.0sp1/nios2eds/bin/gnu/H-i686-pc-linux-gnu/bin/../lib/gcc/nios2-elf/4.1.2/mno-hw-mul/libgcc.a(_si_to_sf.o)
 .bss           0x00115fec        0x0 /opt/altera/13.0sp1/nios2eds/bin/gnu/H-i686-pc-linux-gnu/bin/../lib/gcc/nios2-elf/4.1.2/mno-hw-mul/libgcc.a(_sf_to_df.o)
 .bss           0x00115fec        0x0 /opt/altera/13.0sp1/nios2eds/bin/gnu/H-i686-pc-linux-gnu/bin/../lib/gcc/nios2-elf/4.1.2/mno-hw-mul/libgcc.a(_addsub_df.o)
 .bss           0x00115fec        0x0 /opt/altera/13.0sp1/nios2eds/bin/gnu/H-i686-pc-linux-gnu/bin/../lib/gcc/nios2-elf/4.1.2/mno-hw-mul/libgcc.a(_div_df.o)
 .bss           0x00115fec        0x0 /opt/altera/13.0sp1/nios2eds/bin/gnu/H-i686-pc-linux-gnu/bin/../lib/gcc/nios2-elf/4.1.2/mno-hw-mul/libgcc.a(_si_to_df.o)
 .bss           0x00115fec        0x0 /opt/altera/13.0sp1/nios2eds/bin/gnu/H-i686-pc-linux-gnu/bin/../lib/gcc/nios2-elf/4.1.2/mno-hw-mul/libgcc.a(_df_to_si.o)
 .bss           0x00115fec        0x0 /opt/altera/13.0sp1/nios2eds/bin/gnu/H-i686-pc-linux-gnu/bin/../lib/gcc/nios2-elf/4.1.2/mno-hw-mul/libgcc.a(_make_df.o)
 .bss           0x00115fec        0x0 /opt/altera/13.0sp1/nios2eds/bin/gnu/H-i686-pc-linux-gnu/bin/../lib/gcc/nios2-elf/4.1.2/mno-hw-mul/libgcc.a(_thenan_df.o)
 .bss           0x00115fec        0x0 /opt/altera/13.0sp1/nios2eds/bin/gnu/H-i686-pc-linux-gnu/bin/../lib/gcc/nios2-elf/4.1.2/mno-hw-mul/libgcc.a(lib2-divmod.o)
 .bss           0x00115fec        0x0 /opt/altera/13.0sp1/nios2eds/bin/gnu/H-i686-pc-linux-gnu/bin/../lib/gcc/nios2-elf/4.1.2/mno-hw-mul/libgcc.a(lib2-mul.o)
 .bss           0x00115fec        0x0 /opt/altera/13.0sp1/nios2eds/bin/gnu/H-i686-pc-linux-gnu/bin/../lib/gcc/nios2-elf/4.1.2/mno-hw-mul/libgcc.a(_clzsi2.o)
 .bss           0x00115fec        0x0 /opt/altera/13.0sp1/nios2eds/bin/gnu/H-i686-pc-linux-gnu/bin/../lib/gcc/nios2-elf/4.1.2/mno-hw-mul/libgcc.a(_pack_sf.o)
 .bss           0x00115fec        0x0 /opt/altera/13.0sp1/nios2eds/bin/gnu/H-i686-pc-linux-gnu/bin/../lib/gcc/nios2-elf/4.1.2/mno-hw-mul/libgcc.a(_unpack_sf.o)
 .bss           0x00115fec        0x0 /opt/altera/13.0sp1/nios2eds/bin/gnu/H-i686-pc-linux-gnu/bin/../lib/gcc/nios2-elf/4.1.2/mno-hw-mul/libgcc.a(_pack_df.o)
 .bss           0x00115fec        0x0 /opt/altera/13.0sp1/nios2eds/bin/gnu/H-i686-pc-linux-gnu/bin/../lib/gcc/nios2-elf/4.1.2/mno-hw-mul/libgcc.a(_unpack_df.o)
 .bss           0x00115fec        0x0 /opt/altera/13.0sp1/nios2eds/bin/gnu/H-i686-pc-linux-gnu/bin/../lib/gcc/nios2-elf/4.1.2/mno-hw-mul/libgcc.a(_clz.o)
 .bss           0x00115fec        0x0 /opt/altera/13.0sp1/nios2eds/bin/gnu/H-i686-pc-linux-gnu/bin/../lib/gcc/nios2-elf/4.1.2/../../../../nios2-elf/lib/mno-hw-mul/libc.a(lib_a-printf.o)
 .bss           0x00115fec        0x0 /opt/altera/13.0sp1/nios2eds/bin/gnu/H-i686-pc-linux-gnu/bin/../lib/gcc/nios2-elf/4.1.2/../../../../nios2-elf/lib/mno-hw-mul/libc.a(lib_a-puts.o)
 .bss           0x00115fec        0x0 /opt/altera/13.0sp1/nios2eds/bin/gnu/H-i686-pc-linux-gnu/bin/../lib/gcc/nios2-elf/4.1.2/../../../../nios2-elf/lib/mno-hw-mul/libc.a(lib_a-strlen.o)
 .bss           0x00115fec        0x0 /opt/altera/13.0sp1/nios2eds/bin/gnu/H-i686-pc-linux-gnu/bin/../lib/gcc/nios2-elf/4.1.2/../../../../nios2-elf/lib/mno-hw-mul/libc.a(lib_a-vfprintf.o)
 .bss           0x00115fec        0x0 /opt/altera/13.0sp1/nios2eds/bin/gnu/H-i686-pc-linux-gnu/bin/../lib/gcc/nios2-elf/4.1.2/../../../../nios2-elf/lib/mno-hw-mul/libc.a(lib_a-wsetup.o)
 .bss           0x00115fec        0x0 /opt/altera/13.0sp1/nios2eds/bin/gnu/H-i686-pc-linux-gnu/bin/../lib/gcc/nios2-elf/4.1.2/../../../../nios2-elf/lib/mno-hw-mul/libc.a(lib_a-dtoa.o)
 .bss           0x00115fec        0x0 /opt/altera/13.0sp1/nios2eds/bin/gnu/H-i686-pc-linux-gnu/bin/../lib/gcc/nios2-elf/4.1.2/../../../../nios2-elf/lib/mno-hw-mul/libc.a(lib_a-fflush.o)
 .bss           0x00115fec        0x0 /opt/altera/13.0sp1/nios2eds/bin/gnu/H-i686-pc-linux-gnu/bin/../lib/gcc/nios2-elf/4.1.2/../../../../nios2-elf/lib/mno-hw-mul/libc.a(lib_a-findfp.o)
 .bss           0x00115fec        0x0 /opt/altera/13.0sp1/nios2eds/bin/gnu/H-i686-pc-linux-gnu/bin/../lib/gcc/nios2-elf/4.1.2/../../../../nios2-elf/lib/mno-hw-mul/libc.a(lib_a-freer.o)
 .bss           0x00115fec        0x0 /opt/altera/13.0sp1/nios2eds/bin/gnu/H-i686-pc-linux-gnu/bin/../lib/gcc/nios2-elf/4.1.2/../../../../nios2-elf/lib/mno-hw-mul/libc.a(lib_a-fvwrite.o)
 .bss           0x00115fec        0x0 /opt/altera/13.0sp1/nios2eds/bin/gnu/H-i686-pc-linux-gnu/bin/../lib/gcc/nios2-elf/4.1.2/../../../../nios2-elf/lib/mno-hw-mul/libc.a(lib_a-fwalk.o)
 .bss           0x00115fec        0x0 /opt/altera/13.0sp1/nios2eds/bin/gnu/H-i686-pc-linux-gnu/bin/../lib/gcc/nios2-elf/4.1.2/../../../../nios2-elf/lib/mno-hw-mul/libc.a(lib_a-impure.o)
 .bss           0x00115fec        0x0 /opt/altera/13.0sp1/nios2eds/bin/gnu/H-i686-pc-linux-gnu/bin/../lib/gcc/nios2-elf/4.1.2/../../../../nios2-elf/lib/mno-hw-mul/libc.a(lib_a-locale.o)
 .bss           0x00115fec        0x0 /opt/altera/13.0sp1/nios2eds/bin/gnu/H-i686-pc-linux-gnu/bin/../lib/gcc/nios2-elf/4.1.2/../../../../nios2-elf/lib/mno-hw-mul/libc.a(lib_a-makebuf.o)
 .bss           0x00115fec       0x28 /opt/altera/13.0sp1/nios2eds/bin/gnu/H-i686-pc-linux-gnu/bin/../lib/gcc/nios2-elf/4.1.2/../../../../nios2-elf/lib/mno-hw-mul/libc.a(lib_a-mallocr.o)
                0x00115fec                __malloc_current_mallinfo
 .bss           0x00116014        0x0 /opt/altera/13.0sp1/nios2eds/bin/gnu/H-i686-pc-linux-gnu/bin/../lib/gcc/nios2-elf/4.1.2/../../../../nios2-elf/lib/mno-hw-mul/libc.a(lib_a-memchr.o)
 .bss           0x00116014        0x0 /opt/altera/13.0sp1/nios2eds/bin/gnu/H-i686-pc-linux-gnu/bin/../lib/gcc/nios2-elf/4.1.2/../../../../nios2-elf/lib/mno-hw-mul/libc.a(lib_a-memcpy.o)
 .bss           0x00116014        0x0 /opt/altera/13.0sp1/nios2eds/bin/gnu/H-i686-pc-linux-gnu/bin/../lib/gcc/nios2-elf/4.1.2/../../../../nios2-elf/lib/mno-hw-mul/libc.a(lib_a-memmove.o)
 .bss           0x00116014        0x0 /opt/altera/13.0sp1/nios2eds/bin/gnu/H-i686-pc-linux-gnu/bin/../lib/gcc/nios2-elf/4.1.2/../../../../nios2-elf/lib/mno-hw-mul/libc.a(lib_a-memset.o)
 .bss           0x00116014        0x0 /opt/altera/13.0sp1/nios2eds/bin/gnu/H-i686-pc-linux-gnu/bin/../lib/gcc/nios2-elf/4.1.2/../../../../nios2-elf/lib/mno-hw-mul/libc.a(lib_a-mprec.o)
 .bss           0x00116014        0x0 /opt/altera/13.0sp1/nios2eds/bin/gnu/H-i686-pc-linux-gnu/bin/../lib/gcc/nios2-elf/4.1.2/../../../../nios2-elf/lib/mno-hw-mul/libc.a(lib_a-reallocr.o)
 .bss           0x00116014        0x0 /opt/altera/13.0sp1/nios2eds/bin/gnu/H-i686-pc-linux-gnu/bin/../lib/gcc/nios2-elf/4.1.2/../../../../nios2-elf/lib/mno-hw-mul/libc.a(lib_a-s_isinfd.o)
 .bss           0x00116014        0x0 /opt/altera/13.0sp1/nios2eds/bin/gnu/H-i686-pc-linux-gnu/bin/../lib/gcc/nios2-elf/4.1.2/../../../../nios2-elf/lib/mno-hw-mul/libc.a(lib_a-s_isnand.o)
 .bss           0x00116014        0x0 /opt/altera/13.0sp1/nios2eds/bin/gnu/H-i686-pc-linux-gnu/bin/../lib/gcc/nios2-elf/4.1.2/../../../../nios2-elf/lib/mno-hw-mul/libc.a(lib_a-sbrkr.o)
 .bss           0x00116014        0x0 /opt/altera/13.0sp1/nios2eds/bin/gnu/H-i686-pc-linux-gnu/bin/../lib/gcc/nios2-elf/4.1.2/../../../../nios2-elf/lib/mno-hw-mul/libc.a(lib_a-stdio.o)
 .bss           0x00116014        0x0 /opt/altera/13.0sp1/nios2eds/bin/gnu/H-i686-pc-linux-gnu/bin/../lib/gcc/nios2-elf/4.1.2/../../../../nios2-elf/lib/mno-hw-mul/libc.a(lib_a-strcmp.o)
 .bss           0x00116014        0x0 /opt/altera/13.0sp1/nios2eds/bin/gnu/H-i686-pc-linux-gnu/bin/../lib/gcc/nios2-elf/4.1.2/../../../../nios2-elf/lib/mno-hw-mul/libc.a(lib_a-writer.o)
 .bss           0x00116014        0x0 /opt/altera/13.0sp1/nios2eds/bin/gnu/H-i686-pc-linux-gnu/bin/../lib/gcc/nios2-elf/4.1.2/../../../../nios2-elf/lib/mno-hw-mul/libc.a(lib_a-callocr.o)
 .bss           0x00116014        0x0 /opt/altera/13.0sp1/nios2eds/bin/gnu/H-i686-pc-linux-gnu/bin/../lib/gcc/nios2-elf/4.1.2/../../../../nios2-elf/lib/mno-hw-mul/libc.a(lib_a-closer.o)
 .bss           0x00116014        0x0 /opt/altera/13.0sp1/nios2eds/bin/gnu/H-i686-pc-linux-gnu/bin/../lib/gcc/nios2-elf/4.1.2/../../../../nios2-elf/lib/mno-hw-mul/libc.a(lib_a-fclose.o)
 .bss           0x00116014        0x0 /opt/altera/13.0sp1/nios2eds/bin/gnu/H-i686-pc-linux-gnu/bin/../lib/gcc/nios2-elf/4.1.2/../../../../nios2-elf/lib/mno-hw-mul/libc.a(lib_a-fstatr.o)
 .bss           0x00116014        0x0 /opt/altera/13.0sp1/nios2eds/bin/gnu/H-i686-pc-linux-gnu/bin/../lib/gcc/nios2-elf/4.1.2/../../../../nios2-elf/lib/mno-hw-mul/libc.a(lib_a-int_errno.o)
 .bss           0x00116014        0x0 /opt/altera/13.0sp1/nios2eds/bin/gnu/H-i686-pc-linux-gnu/bin/../lib/gcc/nios2-elf/4.1.2/../../../../nios2-elf/lib/mno-hw-mul/libc.a(lib_a-isattyr.o)
 .bss           0x00116014        0x0 /opt/altera/13.0sp1/nios2eds/bin/gnu/H-i686-pc-linux-gnu/bin/../lib/gcc/nios2-elf/4.1.2/../../../../nios2-elf/lib/mno-hw-mul/libc.a(lib_a-lseekr.o)
 .bss           0x00116014        0x0 /opt/altera/13.0sp1/nios2eds/bin/gnu/H-i686-pc-linux-gnu/bin/../lib/gcc/nios2-elf/4.1.2/../../../../nios2-elf/lib/mno-hw-mul/libc.a(lib_a-readr.o)
 .bss           0x00116014        0x0 /opt/altera/13.0sp1/nios2eds/bin/gnu/H-i686-pc-linux-gnu/bin/../lib/gcc/nios2-elf/4.1.2/mno-hw-mul/libgcc.a(_udivdi3.o)
 .bss           0x00116014        0x0 /opt/altera/13.0sp1/nios2eds/bin/gnu/H-i686-pc-linux-gnu/bin/../lib/gcc/nios2-elf/4.1.2/mno-hw-mul/libgcc.a(_umoddi3.o)
 .bss           0x00116014        0x0 /opt/altera/13.0sp1/nios2eds/bin/gnu/H-i686-pc-linux-gnu/bin/../lib/gcc/nios2-elf/4.1.2/mno-hw-mul/libgcc.a(_mul_df.o)
 .bss           0x00116014        0x0 /opt/altera/13.0sp1/nios2eds/bin/gnu/H-i686-pc-linux-gnu/bin/../lib/gcc/nios2-elf/4.1.2/mno-hw-mul/libgcc.a(_eq_df.o)
 .bss           0x00116014        0x0 /opt/altera/13.0sp1/nios2eds/bin/gnu/H-i686-pc-linux-gnu/bin/../lib/gcc/nios2-elf/4.1.2/mno-hw-mul/libgcc.a(_ne_df.o)
 .bss           0x00116014        0x0 /opt/altera/13.0sp1/nios2eds/bin/gnu/H-i686-pc-linux-gnu/bin/../lib/gcc/nios2-elf/4.1.2/mno-hw-mul/libgcc.a(_gt_df.o)
 .bss           0x00116014        0x0 /opt/altera/13.0sp1/nios2eds/bin/gnu/H-i686-pc-linux-gnu/bin/../lib/gcc/nios2-elf/4.1.2/mno-hw-mul/libgcc.a(_ge_df.o)
 .bss           0x00116014        0x0 /opt/altera/13.0sp1/nios2eds/bin/gnu/H-i686-pc-linux-gnu/bin/../lib/gcc/nios2-elf/4.1.2/mno-hw-mul/libgcc.a(_lt_df.o)
 .bss           0x00116014        0x0 /opt/altera/13.0sp1/nios2eds/bin/gnu/H-i686-pc-linux-gnu/bin/../lib/gcc/nios2-elf/4.1.2/mno-hw-mul/libgcc.a(_usi_to_df.o)
 .bss           0x00116014        0x0 /opt/altera/13.0sp1/nios2eds/bin/gnu/H-i686-pc-linux-gnu/bin/../lib/gcc/nios2-elf/4.1.2/mno-hw-mul/libgcc.a(_muldi3.o)
 .bss           0x00116014        0x0 /opt/altera/13.0sp1/nios2eds/bin/gnu/H-i686-pc-linux-gnu/bin/../lib/gcc/nios2-elf/4.1.2/mno-hw-mul/libgcc.a(_fpcmp_parts_df.o)
 .bss           0x00116014        0x0 ../../../bsp/il2206-pre-built-ucosii//libucosii_bsp.a(alt_alarm_start.o)
 .bss           0x00116014        0x0 ../../../bsp/il2206-pre-built-ucosii//libucosii_bsp.a(alt_close.o)
 .bss           0x00116014        0x0 ../../../bsp/il2206-pre-built-ucosii//libucosii_bsp.a(alt_dev.o)
 .bss           0x00116014        0x0 ../../../bsp/il2206-pre-built-ucosii//libucosii_bsp.a(alt_errno.o)
 .bss           0x00116014        0x0 ../../../bsp/il2206-pre-built-ucosii//libucosii_bsp.a(alt_fstat.o)
 .bss           0x00116014        0x0 ../../../bsp/il2206-pre-built-ucosii//libucosii_bsp.a(alt_isatty.o)
 .bss           0x00116014        0x0 ../../../bsp/il2206-pre-built-ucosii//libucosii_bsp.a(alt_load.o)
 .bss           0x00116014        0x0 ../../../bsp/il2206-pre-built-ucosii//libucosii_bsp.a(alt_lseek.o)
 .bss           0x00116014        0x0 ../../../bsp/il2206-pre-built-ucosii//libucosii_bsp.a(alt_main.o)
 .bss           0x00116014        0x0 ../../../bsp/il2206-pre-built-ucosii//libucosii_bsp.a(alt_read.o)
 .bss           0x00116014        0x0 ../../../bsp/il2206-pre-built-ucosii//libucosii_bsp.a(alt_release_fd.o)
 .bss           0x00116014        0x0 ../../../bsp/il2206-pre-built-ucosii//libucosii_bsp.a(alt_sbrk.o)
 .bss           0x00116014        0x0 ../../../bsp/il2206-pre-built-ucosii//libucosii_bsp.a(alt_tick.o)
 .bss           0x00116014        0x0 ../../../bsp/il2206-pre-built-ucosii//libucosii_bsp.a(alt_write.o)
 .bss           0x00116014        0x0 ../../../bsp/il2206-pre-built-ucosii//libucosii_bsp.a(alt_env_lock.o)
 .bss           0x00116014        0x0 ../../../bsp/il2206-pre-built-ucosii//libucosii_bsp.a(alt_malloc_lock.o)
 .bss           0x00116014        0x0 ../../../bsp/il2206-pre-built-ucosii//libucosii_bsp.a(os_core.o)
 .bss           0x00116014        0x0 ../../../bsp/il2206-pre-built-ucosii//libucosii_bsp.a(os_dbg.o)
 .bss           0x00116014        0x0 ../../../bsp/il2206-pre-built-ucosii//libucosii_bsp.a(os_flag.o)
 .bss           0x00116014        0x0 ../../../bsp/il2206-pre-built-ucosii//libucosii_bsp.a(os_mbox.o)
 .bss           0x00116014        0x0 ../../../bsp/il2206-pre-built-ucosii//libucosii_bsp.a(os_mem.o)
 .bss           0x00116014        0x0 ../../../bsp/il2206-pre-built-ucosii//libucosii_bsp.a(os_q.o)
 .bss           0x00116014        0x0 ../../../bsp/il2206-pre-built-ucosii//libucosii_bsp.a(os_sem.o)
 .bss           0x00116014        0x0 ../../../bsp/il2206-pre-built-ucosii//libucosii_bsp.a(os_task.o)
 .bss           0x00116014        0x0 ../../../bsp/il2206-pre-built-ucosii//libucosii_bsp.a(os_time.o)
 .bss           0x00116014        0x0 ../../../bsp/il2206-pre-built-ucosii//libucosii_bsp.a(os_tmr.o)
 .bss           0x00116014        0x0 ../../../bsp/il2206-pre-built-ucosii//libucosii_bsp.a(alt_sys_init.o)
 .bss           0x00116014        0x0 ../../../bsp/il2206-pre-built-ucosii//libucosii_bsp.a(altera_avalon_jtag_uart_fd.o)
 .bss           0x00116014        0x0 ../../../bsp/il2206-pre-built-ucosii//libucosii_bsp.a(altera_avalon_jtag_uart_init.o)
 .bss           0x00116014        0x0 ../../../bsp/il2206-pre-built-ucosii//libucosii_bsp.a(altera_avalon_jtag_uart_ioctl.o)
 .bss           0x00116014        0x0 ../../../bsp/il2206-pre-built-ucosii//libucosii_bsp.a(altera_avalon_jtag_uart_read.o)
 .bss           0x00116014        0x0 ../../../bsp/il2206-pre-built-ucosii//libucosii_bsp.a(altera_avalon_jtag_uart_write.o)
 .bss           0x00116014        0x0 ../../../bsp/il2206-pre-built-ucosii//libucosii_bsp.a(altera_avalon_timer_sc.o)
 .bss           0x00116014        0x0 ../../../bsp/il2206-pre-built-ucosii//libucosii_bsp.a(altera_up_avalon_character_lcd.o)
 .bss           0x00116014        0x0 ../../../bsp/il2206-pre-built-ucosii//libucosii_bsp.a(alt_dcache_flush_all.o)
 .bss           0x00116014        0x0 ../../../bsp/il2206-pre-built-ucosii//libucosii_bsp.a(alt_dev_llist_insert.o)
 .bss           0x00116014        0x0 ../../../bsp/il2206-pre-built-ucosii//libucosii_bsp.a(alt_do_ctors.o)
 .bss           0x00116014        0x0 ../../../bsp/il2206-pre-built-ucosii//libucosii_bsp.a(alt_do_dtors.o)
 .bss           0x00116014        0x0 ../../../bsp/il2206-pre-built-ucosii//libucosii_bsp.a(alt_find_dev.o)
 .bss           0x00116014        0x0 ../../../bsp/il2206-pre-built-ucosii//libucosii_bsp.a(alt_icache_flush_all.o)
 .bss           0x00116014        0x0 ../../../bsp/il2206-pre-built-ucosii//libucosii_bsp.a(alt_iic.o)
 .bss           0x00116014        0x0 ../../../bsp/il2206-pre-built-ucosii//libucosii_bsp.a(alt_iic_isr_register.o)
 .bss           0x00116014        0x0 ../../../bsp/il2206-pre-built-ucosii//libucosii_bsp.a(alt_io_redirect.o)
 .bss           0x00116014        0x0 ../../../bsp/il2206-pre-built-ucosii//libucosii_bsp.a(alt_irq_entry.o)
 .bss           0x00116014        0x0 ../../../bsp/il2206-pre-built-ucosii//libucosii_bsp.a(alt_irq_handler.o)
 .bss           0x00116014        0x0 ../../../bsp/il2206-pre-built-ucosii//libucosii_bsp.a(alt_irq_vars.o)
 .bss           0x00116014        0x0 ../../../bsp/il2206-pre-built-ucosii//libucosii_bsp.a(alt_open.o)
 .bss           0x00116014        0x0 ../../../bsp/il2206-pre-built-ucosii//libucosii_bsp.a(altera_nios2_qsys_irq.o)
 .bss           0x00116014        0x0 ../../../bsp/il2206-pre-built-ucosii//libucosii_bsp.a(os_cpu_a.o)
 .bss           0x00116014        0x0 ../../../bsp/il2206-pre-built-ucosii//libucosii_bsp.a(os_cpu_c.o)
 .bss           0x00116014        0x0 ../../../bsp/il2206-pre-built-ucosii//libucosii_bsp.a(alt_exception_entry.o)
 .bss           0x00116014        0x0 ../../../bsp/il2206-pre-built-ucosii//libucosii_bsp.a(alt_find_file.o)
 .bss           0x00116014        0x0 ../../../bsp/il2206-pre-built-ucosii//libucosii_bsp.a(alt_get_fd.o)
 .bss           0x00116014        0x0 /opt/altera/13.0sp1/nios2eds/bin/gnu/H-i686-pc-linux-gnu/bin/../lib/gcc/nios2-elf/4.1.2/../../../../nios2-elf/lib/mno-hw-mul/libc.a(lib_a-atexit.o)
 .bss           0x00116014        0x0 /opt/altera/13.0sp1/nios2eds/bin/gnu/H-i686-pc-linux-gnu/bin/../lib/gcc/nios2-elf/4.1.2/../../../../nios2-elf/lib/mno-hw-mul/libc.a(lib_a-exit.o)
 .bss           0x00116014        0x0 /opt/altera/13.0sp1/nios2eds/bin/gnu/H-i686-pc-linux-gnu/bin/../lib/gcc/nios2-elf/4.1.2/../../../../nios2-elf/lib/mno-hw-mul/libc.a(lib_a-memcmp.o)
 .bss           0x00116014        0x0 /opt/altera/13.0sp1/nios2eds/bin/gnu/H-i686-pc-linux-gnu/bin/../lib/gcc/nios2-elf/4.1.2/../../../../nios2-elf/lib/mno-hw-mul/libc.a(lib_a-__atexit.o)
 .bss           0x00116014        0x0 /opt/altera/13.0sp1/nios2eds/bin/gnu/H-i686-pc-linux-gnu/bin/../lib/gcc/nios2-elf/4.1.2/../../../../nios2-elf/lib/mno-hw-mul/libc.a(lib_a-__call_atexit.o)
 .bss           0x00116014        0x0 /opt/altera/13.0sp1/nios2eds/bin/gnu/H-i686-pc-linux-gnu/bin/../lib/gcc/nios2-elf/4.1.2/mno-hw-mul/libgcc.a(_fixunsdfsi.o)
 .bss           0x00116014        0x0 ../../../bsp/il2206-pre-built-ucosii//libucosii_bsp.a(alt_exit.o)
 *(COMMON)
 COMMON         0x00116014     0xa000 obj/default/cruise_skeleton.o
                0x00116014                SwitchIO_Stack
                0x00118014                ButtonIO_Stack
                0x0011a014                ControlTask_Stack
                0x0011c014                VehicleTask_Stack
                0x0011e014                StartTask_Stack
 COMMON         0x00120014     0x3d74 ../../../bsp/il2206-pre-built-ucosii//libucosii_bsp.a(os_core.o)
                0x00120014                OSTmrWheelTbl
                0x00120024                OSFlagTbl
                0x00120394                OSTmrTbl