Archive member included because of file (symbol)

/opt/altera/13.0sp1/nios2eds/bin/gnu/H-i686-pc-linux-gnu/bin/../lib/gcc/nios2-elf/4.1.2/mno-hw-mul/libgcc.a(_si_to_sf.o)
                              obj/default/cruise_skeleton.o (__floatsisf)
/opt/altera/13.0sp1/nios2eds/bin/gnu/H-i686-pc-linux-gnu/bin/../lib/gcc/nios2-elf/4.1.2/mno-hw-mul/libgcc.a(_sf_to_df.o)
                              obj/default/cruise_skeleton.o (__extendsfdf2)
/opt/altera/13.0sp1/nios2eds/bin/gnu/H-i686-pc-linux-gnu/bin/../lib/gcc/nios2-elf/4.1.2/mno-hw-mul/libgcc.a(_addsub_df.o)
                              obj/default/cruise_skeleton.o (__adddf3)
/opt/altera/13.0sp1/nios2eds/bin/gnu/H-i686-pc-linux-gnu/bin/../lib/gcc/nios2-elf/4.1.2/mno-hw-mul/libgcc.a(_div_df.o)
                              obj/default/cruise_skeleton.o (__divdf3)
/opt/altera/13.0sp1/nios2eds/bin/gnu/H-i686-pc-linux-gnu/bin/../lib/gcc/nios2-elf/4.1.2/mno-hw-mul/libgcc.a(_si_to_df.o)
                              obj/default/cruise_skeleton.o (__floatsidf)
/opt/altera/13.0sp1/nios2eds/bin/gnu/H-i686-pc-linux-gnu/bin/../lib/gcc/nios2-elf/4.1.2/mno-hw-mul/libgcc.a(_df_to_si.o)
                              obj/default/cruise_skeleton.o (__fixdfsi)
/opt/altera/13.0sp1/nios2eds/bin/gnu/H-i686-pc-linux-gnu/bin/../lib/gcc/nios2-elf/4.1.2/mno-hw-mul/libgcc.a(_make_df.o)
                              /opt/altera/13.0sp1/nios2eds/bin/gnu/H-i686-pc-linux-gnu/bin/../lib/gcc/nios2-elf/4.1.2/mno-hw-mul/libgcc.a(_sf_to_df.o) (__make_dp)
/opt/altera/13.0sp1/nios2eds/bin/gnu/H-i686-pc-linux-gnu/bin/../lib/gcc/nios2-elf/4.1.2/mno-hw-mul/libgcc.a(_thenan_df.o)
                              /opt/altera/13.0sp1/nios2eds/bin/gnu/H-i686-pc-linux-gnu/bin/../lib/gcc/nios2-elf/4.1.2/mno-hw-mul/libgcc.a(_addsub_df.o) (__thenan_df)
/opt/altera/13.0sp1/nios2eds/bin/gnu/H-i686-pc-linux-gnu/bin/../lib/gcc/nios2-elf/4.1.2/mno-hw-mul/libgcc.a(lib2-divmod.o)
                              obj/default/cruise_skeleton.o (__divsi3)
/opt/altera/13.0sp1/nios2eds/bin/gnu/H-i686-pc-linux-gnu/bin/../lib/gcc/nios2-elf/4.1.2/mno-hw-mul/libgcc.a(lib2-mul.o)
                              obj/default/cruise_skeleton.o (__mulsi3)
/opt/altera/13.0sp1/nios2eds/bin/gnu/H-i686-pc-linux-gnu/bin/../lib/gcc/nios2-elf/4.1.2/mno-hw-mul/libgcc.a(_clzsi2.o)
                              /opt/altera/13.0sp1/nios2eds/bin/gnu/H-i686-pc-linux-gnu/bin/../lib/gcc/nios2-elf/4.1.2/mno-hw-mul/libgcc.a(_si_to_sf.o) (__clzsi2)
/opt/altera/13.0sp1/nios2eds/bin/gnu/H-i686-pc-linux-gnu/bin/../lib/gcc/nios2-elf/4.1.2/mno-hw-mul/libgcc.a(_pack_sf.o)
                              /opt/altera/13.0sp1/nios2eds/bin/gnu/H-i686-pc-linux-gnu/bin/../lib/gcc/nios2-elf/4.1.2/mno-hw-mul/libgcc.a(_si_to_sf.o) (__pack_f)
/opt/altera/13.0sp1/nios2eds/bin/gnu/H-i686-pc-linux-gnu/bin/../lib/gcc/nios2-elf/4.1.2/mno-hw-mul/libgcc.a(_unpack_sf.o)
                              /opt/altera/13.0sp1/nios2eds/bin/gnu/H-i686-pc-linux-gnu/bin/../lib/gcc/nios2-elf/4.1.2/mno-hw-mul/libgcc.a(_sf_to_df.o) (__unpack_f)
/opt/altera/13.0sp1/nios2eds/bin/gnu/H-i686-pc-linux-gnu/bin/../lib/gcc/nios2-elf/4.1.2/mno-hw-mul/libgcc.a(_pack_df.o)
                              /opt/altera/13.0sp1/nios2eds/bin/gnu/H-i686-pc-linux-gnu/bin/../lib/gcc/nios2-elf/4.1.2/mno-hw-mul/libgcc.a(_addsub_df.o) (__pack_d)
/opt/altera/13.0sp1/nios2eds/bin/gnu/H-i686-pc-linux-gnu/bin/../lib/gcc/nios2-elf/4.1.2/mno-hw-mul/libgcc.a(_unpack_df.o)
                              /opt/altera/13.0sp1/nios2eds/bin/gnu/H-i686-pc-linux-gnu/bin/../lib/gcc/nios2-elf/4.1.2/mno-hw-mul/libgcc.a(_addsub_df.o) (__unpack_d)
/opt/altera/13.0sp1/nios2eds/bin/gnu/H-i686-pc-linux-gnu/bin/../lib/gcc/nios2-elf/4.1.2/mno-hw-mul/libgcc.a(_clz.o)
                              /opt/altera/13.0sp1/nios2eds/bin/gnu/H-i686-pc-linux-gnu/bin/../lib/gcc/nios2-elf/4.1.2/mno-hw-mul/libgcc.a(_clzsi2.o) (__clz_tab)
/opt/altera/13.0sp1/nios2eds/bin/gnu/H-i686-pc-linux-gnu/bin/../lib/gcc/nios2-elf/4.1.2/../../../../nios2-elf/lib/mno-hw-mul/libc.a(lib_a-printf.o)
                              obj/default/cruise_skeleton.o (printf)
/opt/altera/13.0sp1/nios2eds/bin/gnu/H-i686-pc-linux-gnu/bin/../lib/gcc/nios2-elf/4.1.2/../../../../nios2-elf/lib/mno-hw-mul/libc.a(lib_a-puts.o)
                              obj/default/cruise_skeleton.o (puts)
/opt/altera/13.0sp1/nios2eds/bin/gnu/H-i686-pc-linux-gnu/bin/../lib/gcc/nios2-elf/4.1.2/../../../../nios2-elf/lib/mno-hw-mul/libc.a(lib_a-strlen.o)
                              /opt/altera/13.0sp1/nios2eds/bin/gnu/H-i686-pc-linux-gnu/bin/../lib/gcc/nios2-elf/4.1.2/../../../../nios2-elf/lib/mno-hw-mul/libc.a(lib_a-puts.o) (strlen)
/opt/altera/13.0sp1/nios2eds/bin/gnu/H-i686-pc-linux-gnu/bin/../lib/gcc/nios2-elf/4.1.2/../../../../nios2-elf/lib/mno-hw-mul/libc.a(lib_a-vfprintf.o)
                              /opt/altera/13.0sp1/nios2eds/bin/gnu/H-i686-pc-linux-gnu/bin/../lib/gcc/nios2-elf/4.1.2/../../../../nios2-elf/lib/mno-hw-mul/libc.a(lib_a-printf.o) (___vfprintf_internal_r)
[...]
Memory Configuration

Name             Origin             Length             Attributes
onchip_memory    0x00000000         0x00006400
sram             0x00100000         0x00080000
reset            0x01000000         0x00000020
sdram            0x01000020         0x007fffe0
*default*        0x00000000         0xffffffff

Linker script and memory map

LOAD ../../../bsp/il2206-pre-built-ucosii//obj/HAL/src/crt0.o
LOAD obj/default/cruise_skeleton.o
LOAD /opt/altera/13.0sp1/nios2eds/bin/gnu/H-i686-pc-linux-gnu/bin/../lib/gcc/nios2-elf/4.1.2/../../../../nios2-elf/lib/mno-hw-mul/libstdc++.a
LOAD /opt/altera/13.0sp1/nios2eds/bin/gnu/H-i686-pc-linux-gnu/bin/../lib/gcc/nios2-elf/4.1.2/../../../../nios2-elf/lib/mno-hw-mul/libm.a
LOAD /opt/altera/13.0sp1/nios2eds/bin/gnu/H-i686-pc-linux-gnu/bin/../lib/gcc/nios2-elf/4.1.2/mno-hw-mul/libgcc.a
START GROUP
LOAD /opt/altera/13.0sp1/nios2eds/bin/gnu/H-i686-pc-linux-gnu/bin/../lib/gcc/nios2-elf/4.1.2/../../../../nios2-elf/lib/mno-hw-mul/libc.a
LOAD /opt/altera/13.0sp1/nios2eds/bin/gnu/H-i686-pc-linux-gnu/bin/../lib/gcc/nios2-elf/4.1.2/mno-hw-mul/libgcc.a
LOAD ../../../bsp/il2206-pre-built-ucosii//libucosii_bsp.a
END GROUP
LOAD /opt/altera/13.0sp1/nios2eds/bin/gnu/H-i686-pc-linux-gnu/bin/../lib/gcc/nios2-elf/4.1.2/mno-hw-mul/libgcc.a
                0x00000000                __alt_mem_onchip_memory = 0x0
                0x00100000                __alt_mem_sram = 0x100000
                0x01000000                __alt_mem_sdram = 0x1000000

.entry          0x01000000       0x20
 *(.entry)
 .entry         0x01000000       0x20 ../../../bsp/il2206-pre-built-ucosii//obj/HAL/src/crt0.o
                0x01000000                __reset

.exceptions     0x01000020      0x124 load address 0x00100000
                0x01000020                PROVIDE (__ram_exceptions_start, ABSOLUTE (.))
                0x01000020                . = ALIGN (0x20)
 *(.irq)
 *(.exceptions.entry.label)
 .exceptions.entry.label
                0x01000020        0x0 ../../../bsp/il2206-pre-built-ucosii//libucosii_bsp.a(alt_irq_entry.o)
                0x01000020                alt_irq_entry
 .exceptions.entry.label
                0x01000020        0x0 ../../../bsp/il2206-pre-built-ucosii//libucosii_bsp.a(alt_exception_entry.o)
                0x01000020                alt_exception
 *(.exceptions.entry.user)
 *(.exceptions.entry)
 .exceptions.entry
                0x01000020       0x54 ../../../bsp/il2206-pre-built-ucosii//libucosii_bsp.a(alt_exception_entry.o)
 *(.exceptions.irqtest.user)
 *(.exceptions.irqtest)
 .exceptions.irqtest
                0x01000074       0x10 ../../../bsp/il2206-pre-built-ucosii//libucosii_bsp.a(alt_irq_entry.o)
 *(.exceptions.irqhandler.user)
 *(.exceptions.irqhandler)
 .exceptions.irqhandler
                0x01000084        0x4 ../../../bsp/il2206-pre-built-ucosii//libucosii_bsp.a(alt_irq_entry.o)
 *(.exceptions.irqreturn.user)
 *(.exceptions.irqreturn)
 .exceptions.irqreturn
                0x01000088        0x4 ../../../bsp/il2206-pre-built-ucosii//libucosii_bsp.a(alt_irq_entry.o)
 *(.exceptions.notirq.label)
 .exceptions.notirq.label
                0x0100008c        0x0 ../../../bsp/il2206-pre-built-ucosii//libucosii_bsp.a(alt_irq_entry.o)
 *(.exceptions.notirq.user)
 *(.exceptions.notirq)
 .exceptions.notirq
                0x0100008c        0x8 ../../../bsp/il2206-pre-built-ucosii//libucosii_bsp.a(alt_exception_entry.o)
 *(.exceptions.soft.user)
 *(.exceptions.soft)
 *(.exceptions.unknown.user)
 *(.exceptions.unknown)
 .exceptions.unknown
                0x01000094        0x4 ../../../bsp/il2206-pre-built-ucosii//libucosii_bsp.a(alt_exception_entry.o)
 *(.exceptions.exit.label)
 .exceptions.exit.label
                0x01000098        0x0 ../../../bsp/il2206-pre-built-ucosii//libucosii_bsp.a(alt_irq_entry.o)
 .exceptions.exit.label
                0x01000098        0x0 ../../../bsp/il2206-pre-built-ucosii//libucosii_bsp.a(alt_exception_entry.o)
 *(.exceptions.exit.user)
 *(.exceptions.exit)
 .exceptions.exit
                0x01000098       0x54 ../../../bsp/il2206-pre-built-ucosii//libucosii_bsp.a(alt_exception_entry.o)
 *(.exceptions)
 .exceptions    0x010000ec       0x58 ../../../bsp/il2206-pre-built-ucosii//libucosii_bsp.a(alt_irq_handler.o)
                0x010000ec                alt_irq_handler
                0x01000144                PROVIDE (__ram_exceptions_end, ABSOLUTE (.))
                0x00100000                PROVIDE (__flash_exceptions_start, LOADADDR (.exceptions))

.text           0x00100124    0x12538
                0x00100124                PROVIDE (stext, ABSOLUTE (.))
 *(.interp)
 *(.hash)
 *(.dynsym)
 *(.dynstr)
 *(.gnu.version)
 *(.gnu.version_d)
 *(.gnu.version_r)
 *(.rel.init)
 *(.rela.init)
 *(.rel.text .rel.text.* .rel.gnu.linkonce.t.*)
 *(.rela.text .rela.text.* .rela.gnu.linkonce.t.*)
 *(.rel.fini)
 *(.rela.fini)
 *(.rel.rodata .rel.rodata.* .rel.gnu.linkonce.r.*)
 *(.rela.rodata .rela.rodata.* .rela.gnu.linkonce.r.*)
 *(.rel.data .rel.data.* .rel.gnu.linkonce.d.*)
 *(.rela.data .rela.data.* .rela.gnu.linkonce.d.*)
 *(.rel.tdata .rel.tdata.* .rel.gnu.linkonce.td.*)
 *(.rela.tdata .rela.tdata.* .rela.gnu.linkonce.td.*)
 *(.rel.tbss .rel.tbss.* .rel.gnu.linkonce.tb.*)
 *(.rela.tbss .rela.tbss.* .rela.gnu.linkonce.tb.*)
 *(.rel.ctors)
 *(.rela.ctors)
 *(.rel.dtors)
 *(.rela.dtors)
 *(.rel.got)
 *(.rela.got)
 *(.rel.sdata .rel.sdata.* .rel.gnu.linkonce.s.*)
 *(.rela.sdata .rela.sdata.* .rela.gnu.linkonce.s.*)
 *(.rel.sbss .rel.sbss.* .rel.gnu.linkonce.sb.*)
 *(.rela.sbss .rela.sbss.* .rela.gnu.linkonce.sb.*)
 *(.rel.sdata2 .rel.sdata2.* .rel.gnu.linkonce.s2.*)
 *(.rela.sdata2 .rela.sdata2.* .rela.gnu.linkonce.s2.*)
 *(.rel.sbss2 .rel.sbss2.* .rel.gnu.linkonce.sb2.*)
 *(.rela.sbss2 .rela.sbss2.* .rela.gnu.linkonce.sb2.*)
 *(.rel.bss .rel.bss.* .rel.gnu.linkonce.b.*)
 *(.rela.bss .rela.bss.* .rela.gnu.linkonce.b.*)
 *(.rel.plt)
 *(.rela.plt)
 *(.rel.dyn)
 *(.init)
 *(.plt)
 *(.text .stub .text.* .gnu.linkonce.t.*)
 .text          0x00100124       0x3c ../../../bsp/il2206-pre-built-ucosii//obj/HAL/src/crt0.o
                0x00100124                _start
 .text          0x00100160     0x10dc obj/default/cruise_skeleton.o
                0x00100160                buttons_pressed
                0x00100188                switches_pressed
                0x001001ac                alarm_handler
                0x001001dc                int2seven
                0x00100218                show_velocity_on_sevenseg
                0x00100308                show_target_velocity
                0x001003d0                show_position
                0x001004e8                adjust_position
                0x001005f4                adjust_velocity
                0x00100734                VehicleTask
                0x001009f0                ControlTask
                0x00100c10                ButtonIO
                0x00100d74                SwitchIO
                0x00100e24                StartTask
                0x00101008                TimerCallback
                0x00101084                main
 .text          0x0010123c       0x98 /opt/altera/13.0sp1/nios2eds/bin/gnu/H-i686-pc-linux-gnu/bin/../lib/gcc/nios2-elf/4.1.2/mno-hw-mul/libgcc.a(_si_to_sf.o)
                0x0010123c                __floatsisf
 .text          0x001012d4       0x54 /opt/altera/13.0sp1/nios2eds/bin/gnu/H-i686-pc-linux-gnu/bin/../lib/gcc/nios2-elf/4.1.2/mno-hw-mul/libgcc.a(_sf_to_df.o)
                0x001012d4                __extendsfdf2
 .text          0x00101328      0x504 /opt/altera/13.0sp1/nios2eds/bin/gnu/H-i686-pc-linux-gnu/bin/../lib/gcc/nios2-elf/4.1.2/mno-hw-mul/libgcc.a(_addsub_df.o)
                0x00101738                __subdf3
                0x001017b8                __adddf3
 .text          0x0010182c      0x258 /opt/altera/13.0sp1/nios2eds/bin/gnu/H-i686-pc-linux-gnu/bin/../lib/gcc/nios2-elf/4.1.2/mno-hw-mul/libgcc.a(_div_df.o)
                0x0010182c                __divdf3
 .text          0x00101a84       0xf8 /opt/altera/13.0sp1/nios2eds/bin/gnu/H-i686-pc-linux-gnu/bin/../lib/gcc/nios2-elf/4.1.2/mno-hw-mul/libgcc.a(_si_to_df.o)
                0x00101a84                __floatsidf
 .text          0x00101b7c       0xd8 /opt/altera/13.0sp1/nios2eds/bin/gnu/H-i686-pc-linux-gnu/bin/../lib/gcc/nios2-elf/4.1.2/mno-hw-mul/libgcc.a(_df_to_si.o)
                0x00101b7c                __fixdfsi
 .text          0x00101c54       0x38 /opt/altera/13.0sp1/nios2eds/bin/gnu/H-i686-pc-linux-gnu/bin/../lib/gcc/nios2-elf/4.1.2/mno-hw-mul/libgcc.a(_make_df.o)
                0x00101c54                __make_dp
 .text          0x00101c8c        0x0 /opt/altera/13.0sp1/nios2eds/bin/gnu/H-i686-pc-linux-gnu/bin/../lib/gcc/nios2-elf/4.1.2/mno-hw-mul/libgcc.a(_thenan_df.o)
 .text          0x00101c8c      0x14c /opt/altera/13.0sp1/nios2eds/bin/gnu/H-i686-pc-linux-gnu/bin/../lib/gcc/nios2-elf/4.1.2/mno-hw-mul/libgcc.a(lib2-divmod.o)
                0x00101d08                __divsi3
                0x00101d68                __modsi3
                0x00101dc8                __udivsi3
                0x00101dd0                __umodsi3
 .text          0x00101dd8       0x38 /opt/altera/13.0sp1/nios2eds/bin/gnu/H-i686-pc-linux-gnu/bin/../lib/gcc/nios2-elf/4.1.2/mno-hw-mul/libgcc.a(lib2-mul.o)
                0x00101dd8                __mulsi3
 .text          0x00101e10       0x80 /opt/altera/13.0sp1/nios2eds/bin/gnu/H-i686-pc-linux-gnu/bin/../lib/gcc/nios2-elf/4.1.2/mno-hw-mul/libgcc.a(_clzsi2.o)
                0x00101e10                __clzsi2
 .text          0x00101e90      0x160 /opt/altera/13.0sp1/nios2eds/bin/gnu/H-i686-pc-linux-gnu/bin/../lib/gcc/nios2-elf/4.1.2/mno-hw-mul/libgcc.a(_pack_sf.o)
                0x00101e90                __pack_f
 .text          0x00101ff0       0xc8 /opt/altera/13.0sp1/nios2eds/bin/gnu/H-i686-pc-linux-gnu/bin/../lib/gcc/nios2-elf/4.1.2/mno-hw-mul/libgcc.a(_unpack_sf.o)
                0x00101ff0                __unpack_f
 .text          0x001020b8      0x314 /opt/altera/13.0sp1/nios2eds/bin/gnu/H-i686-pc-linux-gnu/bin/../lib/gcc/nios2-elf/4.1.2/mno-hw-mul/libgcc.a(_pack_df.o)
                0x001020b8                __pack_d
 .text          0x001023cc      0x138 /opt/altera/13.0sp1/nios2eds/bin/gnu/H-i686-pc-linux-gnu/bin/../lib/gcc/nios2-elf/4.1.2/mno-hw-mul/libgcc.a(_unpack_df.o)
                0x001023cc                __unpack_d
 .text          0x00102504        0x0 /opt/altera/13.0sp1/nios2eds/bin/gnu/H-i686-pc-linux-gnu/bin/../lib/gcc/nios2-elf/4.1.2/mno-hw-mul/libgcc.a(_clz.o)
 .text          0x00102504       0x78 /opt/altera/13.0sp1/nios2eds/bin/gnu/H-i686-pc-linux-gnu/bin/../lib/gcc/nios2-elf/4.1.2/../../../../nios2-elf/lib/mno-hw-mul/libc.a(lib_a-printf.o)
                0x00102504                printf
                0x00102548                _printf_r
 .text          0x0010257c       0xb4 /opt/altera/13.0sp1/nios2eds/bin/gnu/H-i686-pc-linux-gnu/bin/../lib/gcc/nios2-elf/4.1.2/../../../../nios2-elf/lib/mno-hw-mul/libc.a(lib_a-puts.o)
                0x0010257c                _puts_r
                0x0010261c                puts
 .text          0x00102630       0x74 /opt/altera/13.0sp1/nios2eds/bin/gnu/H-i686-pc-linux-gnu/bin/../lib/gcc/nios2-elf/4.1.2/../../../../nios2-elf/lib/mno-hw-mul/libc.a(lib_a-strlen.o)
                0x00102630                strlen
 .text          0x001026a4     0x1f40 /opt/altera/13.0sp1/nios2eds/bin/gnu/H-i686-pc-linux-gnu/bin/../lib/gcc/nios2-elf/4.1.2/../../../../nios2-elf/lib/mno-hw-mul/libc.a(lib_a-vfprintf.o)
                0x001026fc                ___vfprintf_internal_r
                0x001045c0                __vfprintf_internal
 .text          0x001045e4      0x13c /opt/altera/13.0sp1/nios2eds/bin/gnu/H-i686-pc-linux-gnu/bin/../lib/gcc/nios2-elf/4.1.2/../../../../nios2-elf/lib/mno-hw-mul/libc.a(lib_a-wsetup.o)
                0x001045e4                __swsetup_r
 .text          0x00104720     0x17f8 /opt/altera/13.0sp1/nios2eds/bin/gnu/H-i686-pc-linux-gnu/bin/../lib/gcc/nios2-elf/4.1.2/../../../../nios2-elf/lib/mno-hw-mul/libc.a(lib_a-dtoa.o)
                0x00104964                _dtoa_r
 .text          0x00105f18      0x230 /opt/altera/13.0sp1/nios2eds/bin/gnu/H-i686-pc-linux-gnu/bin/../lib/gcc/nios2-elf/4.1.2/../../../../nios2-elf/lib/mno-hw-mul/libc.a(lib_a-fflush.o)
                0x00105f18                _fflush_r
                0x00106114                fflush
 .text          0x00106148      0x2f4 /opt/altera/13.0sp1/nios2eds/bin/gnu/H-i686-pc-linux-gnu/bin/../lib/gcc/nios2-elf/4.1.2/../../../../nios2-elf/lib/mno-hw-mul/libc.a(lib_a-findfp.o)
                0x001061a0                __sfp_lock_acquire
                0x001061a4                __sfp_lock_release
                0x001061a8                __sinit_lock_acquire
                0x001061ac                __sinit_lock_release
                0x001061b0                __sinit
                0x00106264                __fp_unlock_all
                0x0010627c                __fp_lock_all
                0x00106294                _cleanup_r
                0x001062a0                _cleanup
                0x001062b0                __sfmoreglue
                0x0010634c                __sfp
 .text          0x0010643c      0x440 /opt/altera/13.0sp1/nios2eds/bin/gnu/H-i686-pc-linux-gnu/bin/../lib/gcc/nios2-elf/4.1.2/../../../../nios2-elf/lib/mno-hw-mul/libc.a(lib_a-freer.o)
                0x0010643c                _malloc_trim_r
                0x00106568                _free_r
 .text          0x0010687c      0x49c /opt/altera/13.0sp1/nios2eds/bin/gnu/H-i686-pc-linux-gnu/bin/../lib/gcc/nios2-elf/4.1.2/../../../../nios2-elf/lib/mno-hw-mul/libc.a(lib_a-fvwrite.o)
                0x0010687c                __sfvwrite_r
 .text          0x00106d18      0x180 /opt/altera/13.0sp1/nios2eds/bin/gnu/H-i686-pc-linux-gnu/bin/../lib/gcc/nios2-elf/4.1.2/../../../../nios2-elf/lib/mno-hw-mul/libc.a(lib_a-fwalk.o)
                0x00106d18                _fwalk_reent
                0x00106de0                _fwalk
 .text          0x00106e98        0x0 /opt/altera/13.0sp1/nios2eds/bin/gnu/H-i686-pc-linux-gnu/bin/../lib/gcc/nios2-elf/4.1.2/../../../../nios2-elf/lib/mno-hw-mul/libc.a(lib_a-impure.o)
 .text          0x00106e98       0xc4 /opt/altera/13.0sp1/nios2eds/bin/gnu/H-i686-pc-linux-gnu/bin/../lib/gcc/nios2-elf/4.1.2/../../../../nios2-elf/lib/mno-hw-mul/libc.a(lib_a-locale.o)
                0x00106e98                __locale_charset
                0x00106ea0                _localeconv_r
                0x00106eac                localeconv
                0x00106ebc                _setlocale_r
                0x00106f40                setlocale
 .text          0x00106f5c      0x194 /opt/altera/13.0sp1/nios2eds/bin/gnu/H-i686-pc-linux-gnu/bin/../lib/gcc/nios2-elf/4.1.2/../../../../nios2-elf/lib/mno-hw-mul/libc.a(lib_a-makebuf.o)
                0x00106f5c                __smakebuf_r
 .text          0x001070f0      0x740 /opt/altera/13.0sp1/nios2eds/bin/gnu/H-i686-pc-linux-gnu/bin/../lib/gcc/nios2-elf/4.1.2/../../../../nios2-elf/lib/mno-hw-mul/libc.a(lib_a-mallocr.o)
                0x001070f0                _malloc_r
 .text          0x00107830       0xe4 /opt/altera/13.0sp1/nios2eds/bin/gnu/H-i686-pc-linux-gnu/bin/../lib/gcc/nios2-elf/4.1.2/../../../../nios2-elf/lib/mno-hw-mul/libc.a(lib_a-memchr.o)
                0x00107830                memchr
 .text          0x00107914       0xa0 /opt/altera/13.0sp1/nios2eds/bin/gnu/H-i686-pc-linux-gnu/bin/../lib/gcc/nios2-elf/4.1.2/../../../../nios2-elf/lib/mno-hw-mul/libc.a(lib_a-memcpy.o)
                0x00107914                memcpy
 .text          0x001079b4       0xe0 /opt/altera/13.0sp1/nios2eds/bin/gnu/H-i686-pc-linux-gnu/bin/../lib/gcc/nios2-elf/4.1.2/../../../../nios2-elf/lib/mno-hw-mul/libc.a(lib_a-memmove.o)
                0x001079b4                memmove
 .text          0x00107a94       0x98 /opt/altera/13.0sp1/nios2eds/bin/gnu/H-i686-pc-linux-gnu/bin/../lib/gcc/nios2-elf/4.1.2/../../../../nios2-elf/lib/mno-hw-mul/libc.a(lib_a-memset.o)
                0x00107a94                memset
 .text          0x00107b2c     0x108c /opt/altera/13.0sp1/nios2eds/bin/gnu/H-i686-pc-linux-gnu/bin/../lib/gcc/nios2-elf/4.1.2/../../../../nios2-elf/lib/mno-hw-mul/libc.a(lib_a-mprec.o)
                0x00107b2c                _Bfree
                0x00107b54                __hi0bits
                0x00107bc4                __lo0bits
                0x00107c88                __mcmp
                0x00107ce8                __ulp
                0x00107d68                __b2d
                0x00107e88                __ratio
                0x00107f38                _mprec_log10
                0x00107fcc                __copybits
                0x00108024                __any_on
                0x001080ac                _Balloc
                0x00108168                __d2b
                0x001082e4                __mdiff
                0x00108470                __lshift
                0x001085bc                __multiply
                0x00108810                __i2b
                0x0010884c                __multadd
                0x00108978                __pow5mult
                0x00108a98                __s2b
 .text          0x00108bb8      0x5f4 /opt/altera/13.0sp1/nios2eds/bin/gnu/H-i686-pc-linux-gnu/bin/../lib/gcc/nios2-elf/4.1.2/../../../../nios2-elf/lib/mno-hw-mul/libc.a(lib_a-reallocr.o)
                0x00108bb8                _realloc_r
 .text          0x001091ac       0x40 /opt/altera/13.0sp1/nios2eds/bin/gnu/H-i686-pc-linux-gnu/bin/../lib/gcc/nios2-elf/4.1.2/../../../../nios2-elf/lib/mno-hw-mul/libc.a(lib_a-s_isinfd.o)
                0x001091ac                __isinfd
 .text          0x001091ec       0x30 /opt/altera/13.0sp1/nios2eds/bin/gnu/H-i686-pc-linux-gnu/bin/../lib/gcc/nios2-elf/4.1.2/../../../../nios2-elf/lib/mno-hw-mul/libc.a(lib_a-s_isnand.o)
                0x001091ec                __isnand
 .text          0x0010921c       0x70 /opt/altera/13.0sp1/nios2eds/bin/gnu/H-i686-pc-linux-gnu/bin/../lib/gcc/nios2-elf/4.1.2/../../../../nios2-elf/lib/mno-hw-mul/libc.a(lib_a-sbrkr.o)
                0x0010921c                _sbrk_r
 .text          0x0010928c      0x14c /opt/altera/13.0sp1/nios2eds/bin/gnu/H-i686-pc-linux-gnu/bin/../lib/gcc/nios2-elf/4.1.2/../../../../nios2-elf/lib/mno-hw-mul/libc.a(lib_a-stdio.o)
                0x0010928c                __sclose
                0x00109294                __sseek
                0x001092fc                __swrite
                0x00109378                __sread
 .text          0x001093d8       0xbc /opt/altera/13.0sp1/nios2eds/bin/gnu/H-i686-pc-linux-gnu/bin/../lib/gcc/nios2-elf/4.1.2/../../../../nios2-elf/lib/mno-hw-mul/libc.a(lib_a-strcmp.o)
                0x001093d8                strcmp
 .text          0x00109494       0x78 /opt/altera/13.0sp1/nios2eds/bin/gnu/H-i686-pc-linux-gnu/bin/../lib/gcc/nios2-elf/4.1.2/../../../../nios2-elf/lib/mno-hw-mul/libc.a(lib_a-writer.o)
                0x00109494                _write_r
 .text          0x0010950c       0xc8 /opt/altera/13.0sp1/nios2eds/bin/gnu/H-i686-pc-linux-gnu/bin/../lib/gcc/nios2-elf/4.1.2/../../../../nios2-elf/lib/mno-hw-mul/libc.a(lib_a-callocr.o)
                0x0010950c                _calloc_r
 .text          0x001095d4       0x70 /opt/altera/13.0sp1/nios2eds/bin/gnu/H-i686-pc-linux-gnu/bin/../lib/gcc/nios2-elf/4.1.2/../../../../nios2-elf/lib/mno-hw-mul/libc.a(lib_a-closer.o)
                0x001095d4                _close_r
 .text          0x00109644      0x124 /opt/altera/13.0sp1/nios2eds/bin/gnu/H-i686-pc-linux-gnu/bin/../lib/gcc/nios2-elf/4.1.2/../../../../nios2-elf/lib/mno-hw-mul/libc.a(lib_a-fclose.o)
                0x00109644                _fclose_r
                0x00109754                fclose
 .text          0x00109768       0x74 /opt/altera/13.0sp1/nios2eds/bin/gnu/H-i686-pc-linux-gnu/bin/../lib/gcc/nios2-elf/4.1.2/../../../../nios2-elf/lib/mno-hw-mul/libc.a(lib_a-fstatr.o)
                0x00109768                _fstat_r
 .text          0x001097dc        0x0 /opt/altera/13.0sp1/nios2eds/bin/gnu/H-i686-pc-linux-gnu/bin/../lib/gcc/nios2-elf/4.1.2/../../../../nios2-elf/lib/mno-hw-mul/libc.a(lib_a-int_errno.o)
 .text          0x001097dc       0x70 /opt/altera/13.0sp1/nios2eds/bin/gnu/H-i686-pc-linux-gnu/bin/../lib/gcc/nios2-elf/4.1.2/../../../../nios2-elf/lib/mno-hw-mul/libc.a(lib_a-isattyr.o)
                0x001097dc                _isatty_r
 .text          0x0010984c       0x78 /opt/altera/13.0sp1/nios2eds/bin/gnu/H-i686-pc-linux-gnu/bin/../lib/gcc/nios2-elf/4.1.2/../../../../nios2-elf/lib/mno-hw-mul/libc.a(lib_a-lseekr.o)
                0x0010984c                _lseek_r
 .text          0x001098c4       0x78 /opt/altera/13.0sp1/nios2eds/bin/gnu/H-i686-pc-linux-gnu/bin/../lib/gcc/nios2-elf/4.1.2/../../../../nios2-elf/lib/mno-hw-mul/libc.a(lib_a-readr.o)
                0x001098c4                _read_r
 .text          0x0010993c      0x66c /opt/altera/13.0sp1/nios2eds/bin/gnu/H-i686-pc-linux-gnu/bin/../lib/gcc/nios2-elf/4.1.2/mno-hw-mul/libgcc.a(_udivdi3.o)
                0x0010993c                __udivdi3
 .text          0x00109fa8      0x660 /opt/altera/13.0sp1/nios2eds/bin/gnu/H-i686-pc-linux-gnu/bin/../lib/gcc/nios2-elf/4.1.2/mno-hw-mul/libgcc.a(_umoddi3.o)
                0x00109fa8                __umoddi3
 .text          0x0010a608      0x3c4 /opt/altera/13.0sp1/nios2eds/bin/gnu/H-i686-pc-linux-gnu/bin/../lib/gcc/nios2-elf/4.1.2/mno-hw-mul/libgcc.a(_mul_df.o)
                0x0010a608                __muldf3
 .text          0x0010a9cc       0x88 /opt/altera/13.0sp1/nios2eds/bin/gnu/H-i686-pc-linux-gnu/bin/../lib/gcc/nios2-elf/4.1.2/mno-hw-mul/libgcc.a(_eq_df.o)
                0x0010a9cc                __eqdf2
 .text          0x0010aa54       0x88 /opt/altera/13.0sp1/nios2eds/bin/gnu/H-i686-pc-linux-gnu/bin/../lib/gcc/nios2-elf/4.1.2/mno-hw-mul/libgcc.a(_ne_df.o)
                0x0010aa54                __nedf2
 .text          0x0010aadc       0x88 /opt/altera/13.0sp1/nios2eds/bin/gnu/H-i686-pc-linux-gnu/bin/../lib/gcc/nios2-elf/4.1.2/mno-hw-mul/libgcc.a(_gt_df.o)
                0x0010aadc                __gtdf2
 .text          0x0010ab64       0x88 /opt/altera/13.0sp1/nios2eds/bin/gnu/H-i686-pc-linux-gnu/bin/../lib/gcc/nios2-elf/4.1.2/mno-hw-mul/libgcc.a(_ge_df.o)
                0x0010ab64                __gedf2
 .text          0x0010abec       0x88 /opt/altera/13.0sp1/nios2eds/bin/gnu/H-i686-pc-linux-gnu/bin/../lib/gcc/nios2-elf/4.1.2/mno-hw-mul/libgcc.a(_lt_df.o)
                0x0010abec                __ltdf2
 .text          0x0010ac74      0x194 /opt/altera/13.0sp1/nios2eds/bin/gnu/H-i686-pc-linux-gnu/bin/../lib/gcc/nios2-elf/4.1.2/mno-hw-mul/libgcc.a(_usi_to_df.o)
                0x0010ac74                __floatunsidf
 .text          0x0010ae08      0x124 /opt/altera/13.0sp1/nios2eds/bin/gnu/H-i686-pc-linux-gnu/bin/../lib/gcc/nios2-elf/4.1.2/mno-hw-mul/libgcc.a(_muldi3.o)
                0x0010ae08                __muldi3
 .text          0x0010af2c       0xc8 /opt/altera/13.0sp1/nios2eds/bin/gnu/H-i686-pc-linux-gnu/bin/../lib/gcc/nios2-elf/4.1.2/mno-hw-mul/libgcc.a(_fpcmp_parts_df.o)
                0x0010af2c                __fpcmp_parts_d
 .text          0x0010aff4       0x90 ../../../bsp/il2206-pre-built-ucosii//libucosii_bsp.a(alt_alarm_start.o)
                0x0010aff4                alt_alarm_start
 .text          0x0010b084       0xbc ../../../bsp/il2206-pre-built-ucosii//libucosii_bsp.a(alt_close.o)
                0x0010b0a4                close
 .text          0x0010b140        0x8 ../../../bsp/il2206-pre-built-ucosii//libucosii_bsp.a(alt_dev.o)
 .text          0x0010b148        0x0 ../../../bsp/il2206-pre-built-ucosii//libucosii_bsp.a(alt_errno.o)
 .text          0x0010b148       0x9c ../../../bsp/il2206-pre-built-ucosii//libucosii_bsp.a(alt_fstat.o)
                0x0010b148                fstat
 .text          0x0010b1e4       0x94 ../../../bsp/il2206-pre-built-ucosii//libucosii_bsp.a(alt_isatty.o)
                0x0010b1e4                isatty
 .text          0x0010b278       0x8c ../../../bsp/il2206-pre-built-ucosii//libucosii_bsp.a(alt_load.o)
                0x0010b298                alt_load
 .text          0x0010b304       0xb8 ../../../bsp/il2206-pre-built-ucosii//libucosii_bsp.a(alt_lseek.o)
                0x0010b304                lseek
 .text          0x0010b3bc       0xa8 ../../../bsp/il2206-pre-built-ucosii//libucosii_bsp.a(alt_main.o)
                0x0010b3bc                alt_main
 .text          0x0010b464       0xd8 ../../../bsp/il2206-pre-built-ucosii//libucosii_bsp.a(alt_read.o)
                0x0010b484                read
 .text          0x0010b53c       0x5c ../../../bsp/il2206-pre-built-ucosii//libucosii_bsp.a(alt_release_fd.o)
                0x0010b53c                alt_release_fd
 .text          0x0010b598       0x50 ../../../bsp/il2206-pre-built-ucosii//libucosii_bsp.a(alt_sbrk.o)
                0x0010b598                sbrk
 .text          0x0010b5e8       0xe0 ../../../bsp/il2206-pre-built-ucosii//libucosii_bsp.a(alt_tick.o)
                0x0010b5e8                alt_alarm_stop
                0x0010b61c                alt_tick
 .text          0x0010b6c8       0xd4 ../../../bsp/il2206-pre-built-ucosii//libucosii_bsp.a(alt_write.o)
                0x0010b6e8                write
 .text          0x0010b79c       0xa8 ../../../bsp/il2206-pre-built-ucosii//libucosii_bsp.a(alt_env_lock.o)
                0x0010b79c                __env_unlock
                0x0010b7c4                __env_lock
 .text          0x0010b844      0x110 ../../../bsp/il2206-pre-built-ucosii//libucosii_bsp.a(alt_malloc_lock.o)
                0x0010b844                __malloc_unlock
                0x0010b8a0                __malloc_lock
 .text          0x0010b954     0x1118 ../../../bsp/il2206-pre-built-ucosii//libucosii_bsp.a(os_core.o)
                0x0010b954                OSVersion
                0x0010b95c                OS_Dummy
                0x0010b960                OS_EventTaskWait
                0x0010b9e4                OS_EventTaskWaitMulti
                0x0010ba84                OS_EventTaskRemove
                0x0010bad0                OS_EventTaskRemoveMulti
                0x0010bb2c                OS_EventTaskRdy
                0x0010bc20                OS_EventWaitListInit
                0x0010bc3c                OS_MemClr
                0x0010bc58                OS_MemCopy
                0x0010bc7c                OS_StrCopy
                0x0010bca8                OS_StrLen
                0x0010bcc8                OS_TaskStatStkChk
                0x0010bd4c                OS_Sched
                0x0010be04                OSStart
                0x0010be70                OSInit
                0x0010c050                OSEventNameGet
                0x0010c108                OSEventPendMulti
                0x0010c460                OSIntEnter
                0x0010c49c                OSSchedLock
                0x0010c4e0                OSSchedUnlock
                0x0010c534                OSStatInit
                0x0010c598                OSTimeTick
                0x0010c6a4                OS_TaskIdle
                0x0010c6d4                OS_TaskStat
                0x0010c758                OS_TCBInit
                0x0010c8dc                OSIntExit
                0x0010c9b0                OSEventNameSet
 .text          0x0010ca6c        0x4 ../../../bsp/il2206-pre-built-ucosii//libucosii_bsp.a(os_dbg.o)
                0x0010ca6c                OSDebugInit
 .text          0x0010ca70      0xc5c ../../../bsp/il2206-pre-built-ucosii//libucosii_bsp.a(os_flag.o)
                0x0010cb28                OS_FlagUnlink
                0x0010cbf4                OS_FlagInit
                0x0010cc64                OSFlagQuery
                0x0010ccc0                OSFlagAccept
                0x0010ce30                OSFlagCreate
                0x0010ceb8                OSFlagDel
                0x0010d018                OSFlagNameGet
                0x0010d0d8                OSFlagNameSet
                0x0010d1ac                OSFlagPend
                0x0010d4ac                OSFlagPendGetFlagsRdy
                0x0010d4d8                OSFlagPost
 .text          0x0010d6cc      0x67c ../../../bsp/il2206-pre-built-ucosii//libucosii_bsp.a(os_mbox.o)
                0x0010d6cc                OSMboxQuery
                0x0010d748                OSMboxAccept
                0x0010d780                OSMboxCreate
                0x0010d80c                OSMboxDel
                0x0010d954                OSMboxPend
                0x0010dae4                OSMboxPendAbort
                0x0010dbc8                OSMboxPost
                0x0010dc64                OSMboxPostOpt
 .text          0x0010dd48      0x3b8 ../../../bsp/il2206-pre-built-ucosii//libucosii_bsp.a(os_mem.o)
                0x0010dd48                OS_MemInit
                0x0010ddb0                OSMemQuery
                0x0010de14                OSMemCreate
                0x0010dee4                OSMemGet
                0x0010df50                OSMemNameGet
                0x0010dfec                OSMemNameSet
                0x0010e0a8                OSMemPut
 .text          0x0010e100      0x9c4 ../../../bsp/il2206-pre-built-ucosii//libucosii_bsp.a(os_q.o)
                0x0010e100                OS_QInit
                0x0010e150                OSQQuery
                0x0010e1e8                OSQAccept
                0x0010e284                OSQCreate
                0x0010e384                OSQDel
                0x0010e508                OSQFlush
                0x0010e558                OSQPend
                0x0010e718                OSQPendAbort
                0x0010e800                OSQPost
                0x0010e8bc                OSQPostFront
                0x0010e980                OSQPostOpt
 .text          0x0010eac4      0x5e0 ../../../bsp/il2206-pre-built-ucosii//libucosii_bsp.a(os_sem.o)
                0x0010eac4                OSSemSet
                0x0010eb28                OSSemAccept
                0x0010eb6c                OSSemCreate
                0x0010ebf8                OSSemDel
                0x0010ed4c                OSSemPend
                0x0010eeb4                OSSemPendAbort
                0x0010efa0                OSSemPost
                0x0010f03c                OSSemQuery
 .text          0x0010f0a4      0xe74 ../../../bsp/il2206-pre-built-ucosii//libucosii_bsp.a(os_task.o)
                0x0010f0a4                OS_TaskStkClr
                0x0010f0d4                OSTaskQuery
                0x0010f19c                OSTaskChangePrio
                0x0010f438                OSTaskCreate
                0x0010f544                OSTaskCreateExt
                0x0010f6bc                OSTaskDel
                0x0010f908                OSTaskDelReq
                0x0010f9bc                OSTaskNameGet
                0x0010fac4                OSTaskNameSet
                0x0010fbe0                OSTaskResume
                0x0010fce4                OSTaskStkChk
                0x0010fdd4                OSTaskSuspend
 .text          0x0010ff18      0x378 ../../../bsp/il2206-pre-built-ucosii//libucosii_bsp.a(os_time.o)
                0x0010ff18                OSTimeSet
                0x0010ff3c                OSTimeDly
                0x0010ffd4                OSTimeDlyHMSM
                0x00110174                OSTimeDlyResume
                0x0011026c                OSTimeGet
 .text          0x00110290      0xb94 ../../../bsp/il2206-pre-built-ucosii//libucosii_bsp.a(os_tmr.o)
                0x001103fc                OSTmr_Init
                0x00110658                OSTmrStop
                0x001107b4                OSTmrStart
                0x001108b8                OSTmrStateGet
                0x00110960                OSTmrRemainGet
                0x00110a78                OSTmrDel
                0x00110b74                OSTmrSignal
                0x00110b9c                OSTmrNameGet
                0x00110c88                OSTmrCreate
 .text          0x00110e24       0x9c ../../../bsp/il2206-pre-built-ucosii//libucosii_bsp.a(alt_sys_init.o)
                0x00110e30                alt_sys_init
                0x00110ea0                alt_irq_init
 .text          0x00110ec0       0x3c ../../../bsp/il2206-pre-built-ucosii//libucosii_bsp.a(altera_avalon_jtag_uart_fd.o)
                0x00110ec0                altera_avalon_jtag_uart_ioctl_fd
                0x00110ecc                altera_avalon_jtag_uart_close_fd
                0x00110edc                altera_avalon_jtag_uart_write_fd
                0x00110eec                altera_avalon_jtag_uart_read_fd
 .text          0x00110efc      0x2f4 ../../../bsp/il2206-pre-built-ucosii//libucosii_bsp.a(altera_avalon_jtag_uart_init.o)
                0x00110efc                altera_avalon_jtag_uart_close
                0x00110fbc                altera_avalon_jtag_uart_init
 .text          0x001111f0       0x7c ../../../bsp/il2206-pre-built-ucosii//libucosii_bsp.a(altera_avalon_jtag_uart_ioctl.o)
                0x001111f0                altera_avalon_jtag_uart_ioctl
 .text          0x0011126c      0x1ac ../../../bsp/il2206-pre-built-ucosii//libucosii_bsp.a(altera_avalon_jtag_uart_read.o)
                0x0011126c                altera_avalon_jtag_uart_read
 .text          0x00111418      0x1b8 ../../../bsp/il2206-pre-built-ucosii//libucosii_bsp.a(altera_avalon_jtag_uart_write.o)
                0x00111418                altera_avalon_jtag_uart_write
 .text          0x001115d0       0x8c ../../../bsp/il2206-pre-built-ucosii//libucosii_bsp.a(altera_avalon_timer_sc.o)
                0x001115d0                alt_avalon_timer_sc_init
 .text          0x0011165c      0x250 ../../../bsp/il2206-pre-built-ucosii//libucosii_bsp.a(altera_up_avalon_character_lcd.o)
                0x0011165c                get_DDRAM_addr
                0x00111674                alt_up_character_lcd_string
                0x00111690                alt_up_character_lcd_write
                0x001116b4                alt_up_character_lcd_write_fd
                0x001116d4                alt_up_character_lcd_init
                0x001116e4                alt_up_character_lcd_send_cmd
                0x001116f4                alt_up_character_lcd_cursor_blink_on
                0x001116fc                alt_up_character_lcd_cursor_off
                0x00111704                alt_up_character_lcd_erase_pos
                0x00111768                alt_up_character_lcd_shift_display
                0x001117d8                alt_up_character_lcd_shift_cursor
                0x00111848                alt_up_character_lcd_set_cursor_pos
                0x001118a0                alt_up_character_lcd_open_dev
 .text          0x001118ac        0x4 ../../../bsp/il2206-pre-built-ucosii//libucosii_bsp.a(alt_dcache_flush_all.o)
                0x001118ac                alt_dcache_flush_all
 .text          0x001118b0       0x70 ../../../bsp/il2206-pre-built-ucosii//libucosii_bsp.a(alt_dev_llist_insert.o)
                0x001118b0                alt_dev_llist_insert
 .text          0x00111920       0x40 ../../../bsp/il2206-pre-built-ucosii//libucosii_bsp.a(alt_do_ctors.o)
                0x00111920                _do_ctors
 .text          0x00111960       0x40 ../../../bsp/il2206-pre-built-ucosii//libucosii_bsp.a(alt_do_dtors.o)
                0x00111960                _do_dtors
 .text          0x001119a0       0x70 ../../../bsp/il2206-pre-built-ucosii//libucosii_bsp.a(alt_find_dev.o)
                0x001119a0                alt_find_dev
 .text          0x00111a10        0x4 ../../../bsp/il2206-pre-built-ucosii//libucosii_bsp.a(alt_icache_flush_all.o)
                0x00111a10                alt_icache_flush_all
 .text          0x00111a14       0x9c ../../../bsp/il2206-pre-built-ucosii//libucosii_bsp.a(alt_iic.o)
                0x00111a14                alt_ic_irq_enabled
                0x00111a2c                alt_ic_irq_enable
                0x00111a6c                alt_ic_irq_disable
                0x00111aac                alt_ic_isr_register
 .text          0x00111ab0       0x6c ../../../bsp/il2206-pre-built-ucosii//libucosii_bsp.a(alt_iic_isr_register.o)
                0x00111ab0                alt_iic_isr_register
 .text          0x00111b1c      0x114 ../../../bsp/il2206-pre-built-ucosii//libucosii_bsp.a(alt_io_redirect.o)
                0x00111ba4                alt_io_redirect
 .text          0x00111c30        0x0 ../../../bsp/il2206-pre-built-ucosii//libucosii_bsp.a(alt_irq_entry.o)
 .text          0x00111c30        0x0 ../../../bsp/il2206-pre-built-ucosii//libucosii_bsp.a(alt_irq_handler.o)
 .text          0x00111c30        0x0 ../../../bsp/il2206-pre-built-ucosii//libucosii_bsp.a(alt_irq_vars.o)
 .text          0x00111c30      0x17c ../../../bsp/il2206-pre-built-ucosii//libucosii_bsp.a(alt_open.o)
                0x00111c30                open
 .text          0x00111dac        0x8 ../../../bsp/il2206-pre-built-ucosii//libucosii_bsp.a(altera_nios2_qsys_irq.o)
                0x00111dac                altera_nios2_qsys_irq_init
 .text          0x00111db4       0xd0 ../../../bsp/il2206-pre-built-ucosii//libucosii_bsp.a(os_cpu_a.o)
                0x00111db4                OSCtxSw
                0x00111db4                OSIntCtxSw
                0x00111e40                OSStartHighRdy
                0x00111e60                OSStartTsk
 .text          0x00111e84      0x228 ../../../bsp/il2206-pre-built-ucosii//libucosii_bsp.a(os_cpu_c.o)
                0x00111e84                OSTaskCreateHook
                0x00111e88                OSTaskDelHook
                0x00111e8c                OSTaskSwHook
                0x00111e90                OSTaskStatHook
                0x00111e94                OSInitHookBegin
                0x00111e9c                OSInitHookEnd
                0x00111ea0                OSTaskIdleHook
                0x00111ea4                OSTCBInitHook
                0x00111ea8                OSTimeTickHook
                0x00111f00                OSTaskStkInit
 .text          0x001120ac        0x0 ../../../bsp/il2206-pre-built-ucosii//libucosii_bsp.a(alt_exception_entry.o)
 .text          0x001120ac       0x9c ../../../bsp/il2206-pre-built-ucosii//libucosii_bsp.a(alt_find_file.o)
                0x001120ac                alt_find_file
 .text          0x00112148       0xa4 ../../../bsp/il2206-pre-built-ucosii//libucosii_bsp.a(alt_get_fd.o)
                0x00112148                alt_get_fd
 .text          0x001121ec       0x14 /opt/altera/13.0sp1/nios2eds/bin/gnu/H-i686-pc-linux-gnu/bin/../lib/gcc/nios2-elf/4.1.2/../../../../nios2-elf/lib/mno-hw-mul/libc.a(lib_a-atexit.o)
                0x001121ec                atexit
 .text          0x00112200       0x38 /opt/altera/13.0sp1/nios2eds/bin/gnu/H-i686-pc-linux-gnu/bin/../lib/gcc/nios2-elf/4.1.2/../../../../nios2-elf/lib/mno-hw-mul/libc.a(lib_a-exit.o)
                0x00112200                exit
 .text          0x00112238       0x74 /opt/altera/13.0sp1/nios2eds/bin/gnu/H-i686-pc-linux-gnu/bin/../lib/gcc/nios2-elf/4.1.2/../../../../nios2-elf/lib/mno-hw-mul/libc.a(lib_a-memcmp.o)
                0x00112238                memcmp
 .text          0x001122ac      0x134 /opt/altera/13.0sp1/nios2eds/bin/gnu/H-i686-pc-linux-gnu/bin/../lib/gcc/nios2-elf/4.1.2/../../../../nios2-elf/lib/mno-hw-mul/libc.a(lib_a-__atexit.o)
                0x001122ac                __register_exitproc
 .text          0x001123e0      0x1b4 /opt/altera/13.0sp1/nios2eds/bin/gnu/H-i686-pc-linux-gnu/bin/../lib/gcc/nios2-elf/4.1.2/../../../../nios2-elf/lib/mno-hw-mul/libc.a(lib_a-__call_atexit.o)
                0x001123e4                __call_exitprocs
 .text          0x00112594       0xa4 /opt/altera/13.0sp1/nios2eds/bin/gnu/H-i686-pc-linux-gnu/bin/../lib/gcc/nios2-elf/4.1.2/mno-hw-mul/libgcc.a(_fixunsdfsi.o)
                0x00112594                __fixunsdfsi
 .text          0x00112638       0x20 ../../../bsp/il2206-pre-built-ucosii//libucosii_bsp.a(alt_exit.o)
                0x00112638                _exit
 *(.gnu.warning.*)
 *(.fini)
                0x00112658                PROVIDE (__etext, ABSOLUTE (.))
                0x00112658                PROVIDE (_etext, ABSOLUTE (.))
                0x00112658                PROVIDE (etext, ABSOLUTE (.))
 *(.eh_frame_hdr)
                0x00112658                . = ALIGN (0x4)
                0x00112658                PROVIDE (__preinit_array_start, ABSOLUTE (.))
 *(.preinit_array)
                0x00112658                PROVIDE (__preinit_array_end, ABSOLUTE (.))
                0x00112658                PROVIDE (__init_array_start, ABSOLUTE (.))
 *(.init_array)
                0x00112658                PROVIDE (__init_array_end, ABSOLUTE (.))
                0x00112658                PROVIDE (__fini_array_start, ABSOLUTE (.))
 *(.fini_array)
                0x00112658                PROVIDE (__fini_array_end, ABSOLUTE (.))
 *(.eh_frame)
 *(.gcc_except_table)
 *(.dynamic)
                0x00112658                PROVIDE (__CTOR_LIST__, ABSOLUTE (.))
 *(.ctors)
 *(SORT(.ctors.*))
 .ctors.65535   0x00112658        0x4 /opt/altera/13.0sp1/nios2eds/bin/gnu/H-i686-pc-linux-gnu/bin/../lib/gcc/nios2-elf/4.1.2/../../../../nios2-elf/lib/mno-hw-mul/libc.a(lib_a-__call_atexit.o)
                0x0011265c                PROVIDE (__CTOR_END__, ABSOLUTE (.))
                0x0011265c                PROVIDE (__DTOR_LIST__, ABSOLUTE (.))
 *(.dtors)
 *(SORT(.dtors.*))
                0x0011265c                PROVIDE (__DTOR_END__, ABSOLUTE (.))
 *(.jcr)
                0x0011265c                . = ALIGN (0x4)

.rodata         0x0011265c      0x598
                0x0011265c                PROVIDE (__ram_rodata_start, ABSOLUTE (.))
                0x0011265c                . = ALIGN (0x4)
 *(.rodata .rodata.* .gnu.linkonce.r.*)
 .rodata        0x0011265c      0x100 obj/default/cruise_skeleton.o
 .rodata        0x0011275c       0x14 /opt/altera/13.0sp1/nios2eds/bin/gnu/H-i686-pc-linux-gnu/bin/../lib/gcc/nios2-elf/4.1.2/mno-hw-mul/libgcc.a(_thenan_df.o)
                0x0011275c                __thenan_df
 .rodata        0x00112770      0x100 /opt/altera/13.0sp1/nios2eds/bin/gnu/H-i686-pc-linux-gnu/bin/../lib/gcc/nios2-elf/4.1.2/mno-hw-mul/libgcc.a(_clz.o)
                0x00112770                __clz_tab
 .rodata.str1.4
                0x00112870        0x2 /opt/altera/13.0sp1/nios2eds/bin/gnu/H-i686-pc-linux-gnu/bin/../lib/gcc/nios2-elf/4.1.2/../../../../nios2-elf/lib/mno-hw-mul/libc.a(lib_a-puts.o)
                                  0x4 (size before relaxing)
 *fill*         0x00112872        0x2 00
 .rodata.str1.4
                0x00112874       0x5e /opt/altera/13.0sp1/nios2eds/bin/gnu/H-i686-pc-linux-gnu/bin/../lib/gcc/nios2-elf/4.1.2/../../../../nios2-elf/lib/mno-hw-mul/libc.a(lib_a-vfprintf.o)
                                 0x60 (size before relaxing)
 .rodata        0x001128d2       0x20 /opt/altera/13.0sp1/nios2eds/bin/gnu/H-i686-pc-linux-gnu/bin/../lib/gcc/nios2-elf/4.1.2/../../../../nios2-elf/lib/mno-hw-mul/libc.a(lib_a-vfprintf.o)
 *fill*         0x001128f2        0x2 00
 .rodata.str1.4
                0x001128f4       0x10 /opt/altera/13.0sp1/nios2eds/bin/gnu/H-i686-pc-linux-gnu/bin/../lib/gcc/nios2-elf/4.1.2/../../../../nios2-elf/lib/mno-hw-mul/libc.a(lib_a-dtoa.o)
                                 0x14 (size before relaxing)
 .rodata.str1.4
                0x00112904        0x2 /opt/altera/13.0sp1/nios2eds/bin/gnu/H-i686-pc-linux-gnu/bin/../lib/gcc/nios2-elf/4.1.2/../../../../nios2-elf/lib/mno-hw-mul/libc.a(lib_a-impure.o)
                                  0x4 (size before relaxing)
 *fill*         0x00112906        0x2 00
 .rodata.str1.4
                0x00112908        0xf /opt/altera/13.0sp1/nios2eds/bin/gnu/H-i686-pc-linux-gnu/bin/../lib/gcc/nios2-elf/4.1.2/../../../../nios2-elf/lib/mno-hw-mul/libc.a(lib_a-locale.o)
                                 0x18 (size before relaxing)
 *fill*         0x00112917        0x1 00
 .rodata        0x00112918       0x30 /opt/altera/13.0sp1/nios2eds/bin/gnu/H-i686-pc-linux-gnu/bin/../lib/gcc/nios2-elf/4.1.2/../../../../nios2-elf/lib/mno-hw-mul/libc.a(lib_a-locale.o)
 .rodata        0x00112948      0x124 /opt/altera/13.0sp1/nios2eds/bin/gnu/H-i686-pc-linux-gnu/bin/../lib/gcc/nios2-elf/4.1.2/../../../../nios2-elf/lib/mno-hw-mul/libc.a(lib_a-mprec.o)
                0x00112948                __mprec_tens
                0x00112a10                __mprec_bigtens
                0x00112a38                __mprec_tinytens
 .rodata.str1.4
                0x00112a6c        0xa ../../../bsp/il2206-pre-built-ucosii//libucosii_bsp.a(alt_dev.o)
                                  0xc (size before relaxing)
 *fill*         0x00112a76        0x2 00
 .rodata.str1.4
                0x00112a78       0x11 ../../../bsp/il2206-pre-built-ucosii//libucosii_bsp.a(alt_main.o)
                                 0x14 (size before relaxing)
 *fill*         0x00112a89        0x3 00
 .rodata.str1.4
                0x00112a8c       0x1e ../../../bsp/il2206-pre-built-ucosii//libucosii_bsp.a(os_core.o)
                                 0x20 (size before relaxing)
 .rodata        0x00112aaa      0x100 ../../../bsp/il2206-pre-built-ucosii//libucosii_bsp.a(os_core.o)
                0x00112aaa                OSUnMapTbl
 *fill*         0x00112baa        0x2 00
 .rodata.str1.4
                0x00112bac       0x35 ../../../bsp/il2206-pre-built-ucosii//libucosii_bsp.a(os_tmr.o)
                                 0x38 (size before relaxing)
 *fill*         0x00112be1        0x3 00
 .rodata.str1.4
                0x00112be4       0x10 ../../../bsp/il2206-pre-built-ucosii//libucosii_bsp.a(alt_sys_init.o)
                                 0x24 (size before relaxing)
 .rodata.str1.4
                0x00000000        0x4 ../../../bsp/il2206-pre-built-ucosii//libucosii_bsp.a(os_cpu_c.o)
 *(.rodata1)
                0x00112bf4                . = ALIGN (0x4)
                0x00112bf4                PROVIDE (__ram_rodata_end, ABSOLUTE (.))
                0x0011265c                PROVIDE (__flash_rodata_start, LOADADDR (.rodata))

.rwdata         0x00112bf4     0x1b50 load address 0x00114744
                0x00112bf4                PROVIDE (__ram_rwdata_start, ABSOLUTE (.))
                0x00112bf4                . = ALIGN (0x4)
 *(.got.plt)
 *(.got)
 *(.data1)
 *(.data .data.* .gnu.linkonce.d.*)
 .data          0x00112bf4        0x0 ../../../bsp/il2206-pre-built-ucosii//obj/HAL/src/crt0.o
 .data          0x00112bf4       0x2c obj/default/cruise_skeleton.o
 .data          0x00112c20        0x0 /opt/altera/13.0sp1/nios2eds/bin/gnu/H-i686-pc-linux-gnu/bin/../lib/gcc/nios2-elf/4.1.2/mno-hw-mul/libgcc.a(_si_to_sf.o)
 .data          0x00112c20        0x0 /opt/altera/13.0sp1/nios2eds/bin/gnu/H-i686-pc-linux-gnu/bin/../lib/gcc/nios2-elf/4.1.2/mno-hw-mul/libgcc.a(_sf_to_df.o)
 .data          0x00112c20        0x0 /opt/altera/13.0sp1/nios2eds/bin/gnu/H-i686-pc-linux-gnu/bin/../lib/gcc/nios2-elf/4.1.2/mno-hw-mul/libgcc.a(_addsub_df.o)
 .data          0x00112c20        0x0 /opt/altera/13.0sp1/nios2eds/bin/gnu/H-i686-pc-linux-gnu/bin/../lib/gcc/nios2-elf/4.1.2/mno-hw-mul/libgcc.a(_div_df.o)
 .data          0x00112c20        0x0 /opt/altera/13.0sp1/nios2eds/bin/gnu/H-i686-pc-linux-gnu/bin/../lib/gcc/nios2-elf/4.1.2/mno-hw-mul/libgcc.a(_si_to_df.o)
 .data          0x00112c20        0x0 /opt/altera/13.0sp1/nios2eds/bin/gnu/H-i686-pc-linux-gnu/bin/../lib/gcc/nios2-elf/4.1.2/mno-hw-mul/libgcc.a(_df_to_si.o)
 .data          0x00112c20        0x0 /opt/altera/13.0sp1/nios2eds/bin/gnu/H-i686-pc-linux-gnu/bin/../lib/gcc/nios2-elf/4.1.2/mno-hw-mul/libgcc.a(_make_df.o)
 .data          0x00112c20        0x0 /opt/altera/13.0sp1/nios2eds/bin/gnu/H-i686-pc-linux-gnu/bin/../lib/gcc/nios2-elf/4.1.2/mno-hw-mul/libgcc.a(_thenan_df.o)
 .data          0x00112c20        0x0 /opt/altera/13.0sp1/nios2eds/bin/gnu/H-i686-pc-linux-gnu/bin/../lib/gcc/nios2-elf/4.1.2/mno-hw-mul/libgcc.a(lib2-divmod.o)
 .data          0x00112c20        0x0 /opt/altera/13.0sp1/nios2eds/bin/gnu/H-i686-pc-linux-gnu/bin/../lib/gcc/nios2-elf/4.1.2/mno-hw-mul/libgcc.a(lib2-mul.o)
 .data          0x00112c20        0x0 /opt/altera/13.0sp1/nios2eds/bin/gnu/H-i686-pc-linux-gnu/bin/../lib/gcc/nios2-elf/4.1.2/mno-hw-mul/libgcc.a(_clzsi2.o)
 .data          0x00112c20        0x0 /opt/altera/13.0sp1/nios2eds/bin/gnu/H-i686-pc-linux-gnu/bin/../lib/gcc/nios2-elf/4.1.2/mno-hw-mul/libgcc.a(_pack_sf.o)
 .data          0x00112c20        0x0 /opt/altera/13.0sp1/nios2eds/bin/gnu/H-i686-pc-linux-gnu/bin/../lib/gcc/nios2-elf/4.1.2/mno-hw-mul/libgcc.a(_unpack_sf.o)
 .data          0x00112c20        0x0 /opt/altera/13.0sp1/nios2eds/bin/gnu/H-i686-pc-linux-gnu/bin/../lib/gcc/nios2-elf/4.1.2/mno-hw-mul/libgcc.a(_pack_df.o)
 .data          0x00112c20        0x0 /opt/altera/13.0sp1/nios2eds/bin/gnu/H-i686-pc-linux-gnu/bin/../lib/gcc/nios2-elf/4.1.2/mno-hw-mul/libgcc.a(_unpack_df.o)
 .data          0x00112c20        0x0 /opt/altera/13.0sp1/nios2eds/bin/gnu/H-i686-pc-linux-gnu/bin/../lib/gcc/nios2-elf/4.1.2/mno-hw-mul/libgcc.a(_clz.o)
 .data          0x00112c20        0x0 /opt/altera/13.0sp1/nios2eds/bin/gnu/H-i686-pc-linux-gnu/bin/../lib/gcc/nios2-elf/4.1.2/../../../../nios2-elf/lib/mno-hw-mul/libc.a(lib_a-printf.o)
 .data          0x00112c20        0x0 /opt/altera/13.0sp1/nios2eds/bin/gnu/H-i686-pc-linux-gnu/bin/../lib/gcc/nios2-elf/4.1.2/../../../../nios2-elf/lib/mno-hw-mul/libc.a(lib_a-puts.o)
 .data          0x00112c20        0x0 /opt/altera/13.0sp1/nios2eds/bin/gnu/H-i686-pc-linux-gnu/bin/../lib/gcc/nios2-elf/4.1.2/../../../../nios2-elf/lib/mno-hw-mul/libc.a(lib_a-strlen.o)
 .data          0x00112c20        0x0 /opt/altera/13.0sp1/nios2eds/bin/gnu/H-i686-pc-linux-gnu/bin/../lib/gcc/nios2-elf/4.1.2/../../../../nios2-elf/lib/mno-hw-mul/libc.a(lib_a-vfprintf.o)
 .data          0x00112c20        0x0 /opt/altera/13.0sp1/nios2eds/bin/gnu/H-i686-pc-linux-gnu/bin/../lib/gcc/nios2-elf/4.1.2/../../../../nios2-elf/lib/mno-hw-mul/libc.a(lib_a-wsetup.o)
 .data          0x00112c20        0x0 /opt/altera/13.0sp1/nios2eds/bin/gnu/H-i686-pc-linux-gnu/bin/../lib/gcc/nios2-elf/4.1.2/../../../../nios2-elf/lib/mno-hw-mul/libc.a(lib_a-dtoa.o)
 .data          0x00112c20        0x0 /opt/altera/13.0sp1/nios2eds/bin/gnu/H-i686-pc-linux-gnu/bin/../lib/gcc/nios2-elf/4.1.2/../../../../nios2-elf/lib/mno-hw-mul/libc.a(lib_a-fflush.o)
 .data          0x00112c20        0x0 /opt/altera/13.0sp1/nios2eds/bin/gnu/H-i686-pc-linux-gnu/bin/../lib/gcc/nios2-elf/4.1.2/../../../../nios2-elf/lib/mno-hw-mul/libc.a(lib_a-findfp.o)
 .data          0x00112c20        0x0 /opt/altera/13.0sp1/nios2eds/bin/gnu/H-i686-pc-linux-gnu/bin/../lib/gcc/nios2-elf/4.1.2/../../../../nios2-elf/lib/mno-hw-mul/libc.a(lib_a-freer.o)
 .data          0x00112c20        0x0 /opt/altera/13.0sp1/nios2eds/bin/gnu/H-i686-pc-linux-gnu/bin/../lib/gcc/nios2-elf/4.1.2/../../../../nios2-elf/lib/mno-hw-mul/libc.a(lib_a-fvwrite.o)
 .data          0x00112c20        0x0 /opt/altera/13.0sp1/nios2eds/bin/gnu/H-i686-pc-linux-gnu/bin/../lib/gcc/nios2-elf/4.1.2/../../../../nios2-elf/lib/mno-hw-mul/libc.a(lib_a-fwalk.o)
 .data          0x00112c20      0x400 /opt/altera/13.0sp1/nios2eds/bin/gnu/H-i686-pc-linux-gnu/bin/../lib/gcc/nios2-elf/4.1.2/../../../../nios2-elf/lib/mno-hw-mul/libc.a(lib_a-impure.o)
 .data          0x00113020        0xc /opt/altera/13.0sp1/nios2eds/bin/gnu/H-i686-pc-linux-gnu/bin/../lib/gcc/nios2-elf/4.1.2/../../../../nios2-elf/lib/mno-hw-mul/libc.a(lib_a-locale.o)
                0x00113020                __lc_ctype
 .data          0x0011302c        0x0 /opt/altera/13.0sp1/nios2eds/bin/gnu/H-i686-pc-linux-gnu/bin/../lib/gcc/nios2-elf/4.1.2/../../../../nios2-elf/lib/mno-hw-mul/libc.a(lib_a-makebuf.o)
 .data          0x0011302c      0x408 /opt/altera/13.0sp1/nios2eds/bin/gnu/H-i686-pc-linux-gnu/bin/../lib/gcc/nios2-elf/4.1.2/../../../../nios2-elf/lib/mno-hw-mul/libc.a(lib_a-mallocr.o)
                0x0011302c                __malloc_av_
 .data          0x00113434        0x0 /opt/altera/13.0sp1/nios2eds/bin/gnu/H-i686-pc-linux-gnu/bin/../lib/gcc/nios2-elf/4.1.2/../../../../nios2-elf/lib/mno-hw-mul/libc.a(lib_a-memchr.o)
 .data          0x00113434        0x0 /opt/altera/13.0sp1/nios2eds/bin/gnu/H-i686-pc-linux-gnu/bin/../lib/gcc/nios2-elf/4.1.2/../../../../nios2-elf/lib/mno-hw-mul/libc.a(lib_a-memcpy.o)
 .data          0x00113434        0x0 /opt/altera/13.0sp1/nios2eds/bin/gnu/H-i686-pc-linux-gnu/bin/../lib/gcc/nios2-elf/4.1.2/../../../../nios2-elf/lib/mno-hw-mul/libc.a(lib_a-memmove.o)
 .data          0x00113434        0x0 /opt/altera/13.0sp1/nios2eds/bin/gnu/H-i686-pc-linux-gnu/bin/../lib/gcc/nios2-elf/4.1.2/../../../../nios2-elf/lib/mno-hw-mul/libc.a(lib_a-memset.o)
 .data          0x00113434        0x0 /opt/altera/13.0sp1/nios2eds/bin/gnu/H-i686-pc-linux-gnu/bin/../lib/gcc/nios2-elf/4.1.2/../../../../nios2-elf/lib/mno-hw-mul/libc.a(lib_a-mprec.o)
 .data          0x00113434        0x0 /opt/altera/13.0sp1/nios2eds/bin/gnu/H-i686-pc-linux-gnu/bin/../lib/gcc/nios2-elf/4.1.2/../../../../nios2-elf/lib/mno-hw-mul/libc.a(lib_a-reallocr.o)
 .data          0x00113434        0x0 /opt/altera/13.0sp1/nios2eds/bin/gnu/H-i686-pc-linux-gnu/bin/../lib/gcc/nios2-elf/4.1.2/../../../../nios2-elf/lib/mno-hw-mul/libc.a(lib_a-s_isinfd.o)
 .data          0x00113434        0x0 /opt/altera/13.0sp1/nios2eds/bin/gnu/H-i686-pc-linux-gnu/bin/../lib/gcc/nios2-elf/4.1.2/../../../../nios2-elf/lib/mno-hw-mul/libc.a(lib_a-s_isnand.o)
 .data          0x00113434        0x0 /opt/altera/13.0sp1/nios2eds/bin/gnu/H-i686-pc-linux-gnu/bin/../lib/gcc/nios2-elf/4.1.2/../../../../nios2-elf/lib/mno-hw-mul/libc.a(lib_a-sbrkr.o)
 .data          0x00113434        0x0 /opt/altera/13.0sp1/nios2eds/bin/gnu/H-i686-pc-linux-gnu/bin/../lib/gcc/nios2-elf/4.1.2/../../../../nios2-elf/lib/mno-hw-mul/libc.a(lib_a-stdio.o)
 .data          0x00113434        0x0 /opt/altera/13.0sp1/nios2eds/bin/gnu/H-i686-pc-linux-gnu/bin/../lib/gcc/nios2-elf/4.1.2/../../../../nios2-elf/lib/mno-hw-mul/libc.a(lib_a-strcmp.o)
 .data          0x00113434        0x0 /opt/altera/13.0sp1/nios2eds/bin/gnu/H-i686-pc-linux-gnu/bin/../lib/gcc/nios2-elf/4.1.2/../../../../nios2-elf/lib/mno-hw-mul/libc.a(lib_a-writer.o)
 .data          0x00113434        0x0 /opt/altera/13.0sp1/nios2eds/bin/gnu/H-i686-pc-linux-gnu/bin/../lib/gcc/nios2-elf/4.1.2/../../../../nios2-elf/lib/mno-hw-mul/libc.a(lib_a-callocr.o)
 .data          0x00113434        0x0 /opt/altera/13.0sp1/nios2eds/bin/gnu/H-i686-pc-linux-gnu/bin/../lib/gcc/nios2-elf/4.1.2/../../../../nios2-elf/lib/mno-hw-mul/libc.a(lib_a-closer.o)
 .data          0x00113434        0x0 /opt/altera/13.0sp1/nios2eds/bin/gnu/H-i686-pc-linux-gnu/bin/../lib/gcc/nios2-elf/4.1.2/../../../../nios2-elf/lib/mno-hw-mul/libc.a(lib_a-fclose.o)
 .data          0x00113434        0x0 /opt/altera/13.0sp1/nios2eds/bin/gnu/H-i686-pc-linux-gnu/bin/../lib/gcc/nios2-elf/4.1.2/../../../../nios2-elf/lib/mno-hw-mul/libc.a(lib_a-fstatr.o)
 .data          0x00113434        0x0 /opt/altera/13.0sp1/nios2eds/bin/gnu/H-i686-pc-linux-gnu/bin/../lib/gcc/nios2-elf/4.1.2/../../../../nios2-elf/lib/mno-hw-mul/libc.a(lib_a-int_errno.o)
 .data          0x00113434        0x0 /opt/altera/13.0sp1/nios2eds/bin/gnu/H-i686-pc-linux-gnu/bin/../lib/gcc/nios2-elf/4.1.2/../../../../nios2-elf/lib/mno-hw-mul/libc.a(lib_a-isattyr.o)
 .data          0x00113434        0x0 /opt/altera/13.0sp1/nios2eds/bin/gnu/H-i686-pc-linux-gnu/bin/../lib/gcc/nios2-elf/4.1.2/../../../../nios2-elf/lib/mno-hw-mul/libc.a(lib_a-lseekr.o)
 .data          0x00113434        0x0 /opt/altera/13.0sp1/nios2eds/bin/gnu/H-i686-pc-linux-gnu/bin/../lib/gcc/nios2-elf/4.1.2/../../../../nios2-elf/lib/mno-hw-mul/libc.a(lib_a-readr.o)
 .data          0x00113434        0x0 /opt/altera/13.0sp1/nios2eds/bin/gnu/H-i686-pc-linux-gnu/bin/../lib/gcc/nios2-elf/4.1.2/mno-hw-mul/libgcc.a(_udivdi3.o)
 .data          0x00113434        0x0 /opt/altera/13.0sp1/nios2eds/bin/gnu/H-i686-pc-linux-gnu/bin/../lib/gcc/nios2-elf/4.1.2/mno-hw-mul/libgcc.a(_umoddi3.o)
 .data          0x00113434        0x0 /opt/altera/13.0sp1/nios2eds/bin/gnu/H-i686-pc-linux-gnu/bin/../lib/gcc/nios2-elf/4.1.2/mno-hw-mul/libgcc.a(_mul_df.o)
 .data          0x00113434        0x0 /opt/altera/13.0sp1/nios2eds/bin/gnu/H-i686-pc-linux-gnu/bin/../lib/gcc/nios2-elf/4.1.2/mno-hw-mul/libgcc.a(_eq_df.o)
 .data          0x00113434        0x0 /opt/altera/13.0sp1/nios2eds/bin/gnu/H-i686-pc-linux-gnu/bin/../lib/gcc/nios2-elf/4.1.2/mno-hw-mul/libgcc.a(_ne_df.o)
 .data          0x00113434        0x0 /opt/altera/13.0sp1/nios2eds/bin/gnu/H-i686-pc-linux-gnu/bin/../lib/gcc/nios2-elf/4.1.2/mno-hw-mul/libgcc.a(_gt_df.o)
 .data          0x00113434        0x0 /opt/altera/13.0sp1/nios2eds/bin/gnu/H-i686-pc-linux-gnu/bin/../lib/gcc/nios2-elf/4.1.2/mno-hw-mul/libgcc.a(_ge_df.o)
 .data          0x00113434        0x0 /opt/altera/13.0sp1/nios2eds/bin/gnu/H-i686-pc-linux-gnu/bin/../lib/gcc/nios2-elf/4.1.2/mno-hw-mul/libgcc.a(_lt_df.o)
 .data          0x00113434        0x0 /opt/altera/13.0sp1/nios2eds/bin/gnu/H-i686-pc-linux-gnu/bin/../lib/gcc/nios2-elf/4.1.2/mno-hw-mul/libgcc.a(_usi_to_df.o)
 .data          0x00113434        0x0 /opt/altera/13.0sp1/nios2eds/bin/gnu/H-i686-pc-linux-gnu/bin/../lib/gcc/nios2-elf/4.1.2/mno-hw-mul/libgcc.a(_muldi3.o)
 .data          0x00113434        0x0 /opt/altera/13.0sp1/nios2eds/bin/gnu/H-i686-pc-linux-gnu/bin/../lib/gcc/nios2-elf/4.1.2/mno-hw-mul/libgcc.a(_fpcmp_parts_df.o)
 .data          0x00113434        0x0 ../../../bsp/il2206-pre-built-ucosii//libucosii_bsp.a(alt_alarm_start.o)
 .data          0x00113434        0x0 ../../../bsp/il2206-pre-built-ucosii//libucosii_bsp.a(alt_close.o)
 .data          0x00113434      0x1a8 ../../../bsp/il2206-pre-built-ucosii//libucosii_bsp.a(alt_dev.o)
                0x00113434                alt_dev_null
                0x0011345c                alt_fd_list
 .data          0x001135dc        0x0 ../../../bsp/il2206-pre-built-ucosii//libucosii_bsp.a(alt_errno.o)
 .data          0x001135dc        0x0 ../../../bsp/il2206-pre-built-ucosii//libucosii_bsp.a(alt_fstat.o)
 .data          0x001135dc        0x0 ../../../bsp/il2206-pre-built-ucosii//libucosii_bsp.a(alt_isatty.o)
 .data          0x001135dc        0x0 ../../../bsp/il2206-pre-built-ucosii//libucosii_bsp.a(alt_load.o)
 .data          0x001135dc        0x0 ../../../bsp/il2206-pre-built-ucosii//libucosii_bsp.a(alt_lseek.o)
 .data          0x001135dc        0x0 ../../../bsp/il2206-pre-built-ucosii//libucosii_bsp.a(alt_main.o)
 .data          0x001135dc        0x0 ../../../bsp/il2206-pre-built-ucosii//libucosii_bsp.a(alt_read.o)
 .data          0x001135dc        0x0 ../../../bsp/il2206-pre-built-ucosii//libucosii_bsp.a(alt_release_fd.o)
 .data          0x001135dc        0x0 ../../../bsp/il2206-pre-built-ucosii//libucosii_bsp.a(alt_sbrk.o)
 .data          0x001135dc        0x0 ../../../bsp/il2206-pre-built-ucosii//libucosii_bsp.a(alt_tick.o)
 .data          0x001135dc        0x0 ../../../bsp/il2206-pre-built-ucosii//libucosii_bsp.a(alt_write.o)
 .data          0x001135dc        0x0 ../../../bsp/il2206-pre-built-ucosii//libucosii_bsp.a(alt_env_lock.o)
 .data          0x001135dc        0x0 ../../../bsp/il2206-pre-built-ucosii//libucosii_bsp.a(alt_malloc_lock.o)
 .data          0x001135dc        0x0 ../../../bsp/il2206-pre-built-ucosii//libucosii_bsp.a(os_core.o)
 .data          0x001135dc        0x0 ../../../bsp/il2206-pre-built-ucosii//libucosii_bsp.a(os_dbg.o)
 .data          0x001135dc        0x0 ../../../bsp/il2206-pre-built-ucosii//libucosii_bsp.a(os_flag.o)
 .data          0x001135dc        0x0 ../../../bsp/il2206-pre-built-ucosii//libucosii_bsp.a(os_mbox.o)
 .data          0x001135dc        0x0 ../../../bsp/il2206-pre-built-ucosii//libucosii_bsp.a(os_mem.o)
 .data          0x001135dc        0x0 ../../../bsp/il2206-pre-built-ucosii//libucosii_bsp.a(os_q.o)
 .data          0x001135dc        0x0 ../../../bsp/il2206-pre-built-ucosii//libucosii_bsp.a(os_sem.o)
 .data          0x001135dc        0x0 ../../../bsp/il2206-pre-built-ucosii//libucosii_bsp.a(os_task.o)
 .data          0x001135dc        0x0 ../../../bsp/il2206-pre-built-ucosii//libucosii_bsp.a(os_time.o)
 .data          0x001135dc        0x0 ../../../bsp/il2206-pre-built-ucosii//libucosii_bsp.a(os_tmr.o)
 .data          0x001135dc     0x1098 ../../../bsp/il2206-pre-built-ucosii//libucosii_bsp.a(alt_sys_init.o)
 .data          0x00114674        0x0 ../../../bsp/il2206-pre-built-ucosii//libucosii_bsp.a(altera_avalon_jtag_uart_fd.o)
 .data          0x00114674        0x0 ../../../bsp/il2206-pre-built-ucosii//libucosii_bsp.a(altera_avalon_jtag_uart_init.o)
 .data          0x00114674        0x0 ../../../bsp/il2206-pre-built-ucosii//libucosii_bsp.a(altera_avalon_jtag_uart_ioctl.o)
 .data          0x00114674        0x0 ../../../bsp/il2206-pre-built-ucosii//libucosii_bsp.a(altera_avalon_jtag_uart_read.o)
 .data          0x00114674        0x0 ../../../bsp/il2206-pre-built-ucosii//libucosii_bsp.a(altera_avalon_jtag_uart_write.o)
 .data          0x00114674        0x0 ../../../bsp/il2206-pre-built-ucosii//libucosii_bsp.a(altera_avalon_timer_sc.o)
 .data          0x00114674        0x0 ../../../bsp/il2206-pre-built-ucosii//libucosii_bsp.a(altera_up_avalon_character_lcd.o)
 .data          0x00114674        0x0 ../../../bsp/il2206-pre-built-ucosii//libucosii_bsp.a(alt_dcache_flush_all.o)
 .data          0x00114674        0x0 ../../../bsp/il2206-pre-built-ucosii//libucosii_bsp.a(alt_dev_llist_insert.o)
 .data          0x00114674        0x0 ../../../bsp/il2206-pre-built-ucosii//libucosii_bsp.a(alt_do_ctors.o)
 .data          0x00114674        0x0 ../../../bsp/il2206-pre-built-ucosii//libucosii_bsp.a(alt_do_dtors.o)
 .data          0x00114674        0x0 ../../../bsp/il2206-pre-built-ucosii//libucosii_bsp.a(alt_find_dev.o)
 .data          0x00114674        0x0 ../../../bsp/il2206-pre-built-ucosii//libucosii_bsp.a(alt_icache_flush_all.o)
 .data          0x00114674        0x0 ../../../bsp/il2206-pre-built-ucosii//libucosii_bsp.a(alt_iic.o)
 .data          0x00114674        0x0 ../../../bsp/il2206-pre-built-ucosii//libucosii_bsp.a(alt_iic_isr_register.o)
 .data          0x00114674        0x0 ../../../bsp/il2206-pre-built-ucosii//libucosii_bsp.a(alt_io_redirect.o)
 .data          0x00114674        0x0 ../../../bsp/il2206-pre-built-ucosii//libucosii_bsp.a(alt_irq_entry.o)
 .data          0x00114674        0x0 ../../../bsp/il2206-pre-built-ucosii//libucosii_bsp.a(alt_irq_handler.o)
 .data          0x00114674        0x0 ../../../bsp/il2206-pre-built-ucosii//libucosii_bsp.a(alt_irq_vars.o)
 .data          0x00114674        0x0 ../../../bsp/il2206-pre-built-ucosii//libucosii_bsp.a(alt_open.o)
 .data          0x00114674        0x0 ../../../bsp/il2206-pre-built-ucosii//libucosii_bsp.a(altera_nios2_qsys_irq.o)
 .data          0x00114674        0x0 ../../../bsp/il2206-pre-built-ucosii//libucosii_bsp.a(os_cpu_a.o)
 .data          0x00114674        0x0 ../../../bsp/il2206-pre-built-ucosii//libucosii_bsp.a(os_cpu_c.o)
 .data          0x00114674        0x0 ../../../bsp/il2206-pre-built-ucosii//libucosii_bsp.a(alt_exception_entry.o)
 .data          0x00114674        0x0 ../../../bsp/il2206-pre-built-ucosii//libucosii_bsp.a(alt_find_file.o)
 .data          0x00114674        0x0 ../../../bsp/il2206-pre-built-ucosii//libucosii_bsp.a(alt_get_fd.o)
 .data          0x00114674        0x0 /opt/altera/13.0sp1/nios2eds/bin/gnu/H-i686-pc-linux-gnu/bin/../lib/gcc/nios2-elf/4.1.2/../../../../nios2-elf/lib/mno-hw-mul/libc.a(lib_a-atexit.o)
 .data          0x00114674        0x0 /opt/altera/13.0sp1/nios2eds/bin/gnu/H-i686-pc-linux-gnu/bin/../lib/gcc/nios2-elf/4.1.2/../../../../nios2-elf/lib/mno-hw-mul/libc.a(lib_a-exit.o)
 .data          0x00114674        0x0 /opt/altera/13.0sp1/nios2eds/bin/gnu/H-i686-pc-linux-gnu/bin/../lib/gcc/nios2-elf/4.1.2/../../../../nios2-elf/lib/mno-hw-mul/libc.a(lib_a-memcmp.o)
 .data          0x00114674        0x0 /opt/altera/13.0sp1/nios2eds/bin/gnu/H-i686-pc-linux-gnu/bin/../lib/gcc/nios2-elf/4.1.2/../../../../nios2-elf/lib/mno-hw-mul/libc.a(lib_a-__atexit.o)
 .data          0x00114674        0x0 /opt/altera/13.0sp1/nios2eds/bin/gnu/H-i686-pc-linux-gnu/bin/../lib/gcc/nios2-elf/4.1.2/../../../../nios2-elf/lib/mno-hw-mul/libc.a(lib_a-__call_atexit.o)
 .data          0x00114674        0x0 /opt/altera/13.0sp1/nios2eds/bin/gnu/H-i686-pc-linux-gnu/bin/../lib/gcc/nios2-elf/4.1.2/mno-hw-mul/libgcc.a(_fixunsdfsi.o)
 .data          0x00114674        0x0 ../../../bsp/il2206-pre-built-ucosii//libucosii_bsp.a(alt_exit.o)
                0x0011c674                _gp = ABSOLUTE ((. + 0x8000))
                0x0011c674                PROVIDE (gp, _gp)
 *(.rwdata .rwdata.*)
 *(.sdata .sdata.* .gnu.linkonce.s.*)
 .sdata         0x00114674       0x14 obj/default/cruise_skeleton.o
                0x00114674                gas_pedal
                0x00114678                brake_pedal
                0x0011467c                top_gear
                0x00114680                engine
                0x00114684                cruise_control
 .sdata         0x00114688        0x8 /opt/altera/13.0sp1/nios2eds/bin/gnu/H-i686-pc-linux-gnu/bin/../lib/gcc/nios2-elf/4.1.2/../../../../nios2-elf/lib/mno-hw-mul/libc.a(lib_a-impure.o)
                0x00114688                _impure_ptr
                0x0011468c                _global_impure_ptr
 .sdata         0x00114690        0x8 /opt/altera/13.0sp1/nios2eds/bin/gnu/H-i686-pc-linux-gnu/bin/../lib/gcc/nios2-elf/4.1.2/../../../../nios2-elf/lib/mno-hw-mul/libc.a(lib_a-locale.o)
                0x00114690                __mb_cur_max
 .sdata         0x00114698        0x8 /opt/altera/13.0sp1/nios2eds/bin/gnu/H-i686-pc-linux-gnu/bin/../lib/gcc/nios2-elf/4.1.2/../../../../nios2-elf/lib/mno-hw-mul/libc.a(lib_a-mallocr.o)
                0x00114698                __malloc_trim_threshold
                0x0011469c                __malloc_sbrk_base
 .sdata         0x001146a0       0x14 ../../../bsp/il2206-pre-built-ucosii//libucosii_bsp.a(alt_dev.o)
                0x001146a0                alt_fs_list
                0x001146a8                alt_dev_list
                0x001146b0                alt_max_fd
 .sdata         0x001146b4        0x4 ../../../bsp/il2206-pre-built-ucosii//libucosii_bsp.a(alt_errno.o)
                0x001146b4                alt_errno
 .sdata         0x001146b8        0x4 ../../../bsp/il2206-pre-built-ucosii//libucosii_bsp.a(alt_sbrk.o)
 .sdata         0x001146bc        0x8 ../../../bsp/il2206-pre-built-ucosii//libucosii_bsp.a(alt_tick.o)
                0x001146bc                alt_alarm_list
 .sdata         0x001146c4        0x4 ../../../bsp/il2206-pre-built-ucosii//libucosii_bsp.a(alt_env_lock.o)
 .sdata         0x001146c8        0x4 ../../../bsp/il2206-pre-built-ucosii//libucosii_bsp.a(alt_malloc_lock.o)
 .sdata         0x001146cc       0x74 ../../../bsp/il2206-pre-built-ucosii//libucosii_bsp.a(os_dbg.o)
                0x001146cc                OSDebugEn
                0x001146d0                OSEndiannessTest
                0x001146d4                OSEventEn
                0x001146d6                OSEventMax
                0x001146d8                OSEventNameSize
                0x001146da                OSEventSize
                0x001146dc                OSEventTblSize
                0x001146de                OSEventMultiEn
                0x001146e0                OSFlagEn
                0x001146e2                OSFlagGrpSize
                0x001146e4                OSFlagNodeSize
                0x001146e6                OSFlagWidth
                0x001146e8                OSFlagMax
                0x001146ea                OSFlagNameSize
                0x001146ec                OSLowestPrio
                0x001146ee                OSMboxEn
                0x001146f0                OSMemEn
                0x001146f2                OSMemMax
                0x001146f4                OSMemNameSize
                0x001146f6                OSMemSize
                0x001146f8                OSMemTblSize
                0x001146fa                OSMutexEn
                0x001146fc                OSPtrSize
                0x001146fe                OSQEn
                0x00114700                OSQMax
                0x00114702                OSQSize
                0x00114704                OSRdyTblSize
                0x00114706                OSSemEn
                0x00114708                OSStkWidth
                0x0011470a                OSTaskCreateEn
                0x0011470c                OSTaskCreateExtEn
                0x0011470e                OSTaskDelEn
                0x00114710                OSTaskIdleStkSize
                0x00114712                OSTaskProfileEn
                0x00114714                OSTaskMax
                0x00114716                OSTaskNameSize
                0x00114718                OSTaskStatEn
                0x0011471a                OSTaskStatStkSize
                0x0011471c                OSTaskStatStkChkEn
                0x0011471e                OSTaskSwHookEn
                0x00114720                OSTCBPrioTblMax
                0x00114722                OSTCBSize
                0x00114724                OSTicksPerSec
                0x00114726                OSTimeTickHookEn
                0x00114728                OSVersionNbr
                0x0011472a                OSTmrEn
                0x0011472c                OSTmrCfgMax
                0x0011472e                OSTmrCfgNameSize
                0x00114730                OSTmrCfgWheelSize
                0x00114732                OSTmrCfgTicksPerSec
                0x00114734                OSTmrSize
                0x00114736                OSTmrTblSize
                0x00114738                OSTmrWheelSize
                0x0011473a                OSTmrWheelTblSize
                0x0011473c                OSDataSize
 .sdata         0x00114740        0x4 ../../../bsp/il2206-pre-built-ucosii//libucosii_bsp.a(alt_irq_vars.o)
                0x00114740                alt_priority_mask
 *(.sdata2 .sdata2.* .gnu.linkonce.s2.*)
                0x00114744                . = ALIGN (0x4)
                0x00114744                _edata = ABSOLUTE (.)
                0x00114744                PROVIDE (edata, ABSOLUTE (.))
                0x00114744                PROVIDE (__ram_rwdata_end, ABSOLUTE (.))
                0x00114744                PROVIDE (__flash_rwdata_start, LOADADDR (.rwdata))

.bss            0x00116294     0xe130
                0x00116294                __bss_start = ABSOLUTE (.)
                0x00116294                PROVIDE (__sbss_start, ABSOLUTE (.))
                0x00116294                PROVIDE (___sbss_start, ABSOLUTE (.))
 *(.dynsbss)
 *(.sbss .sbss.* .gnu.linkonce.sb.*)
 .sbss          0x00116294        0x8 obj/default/cruise_skeleton.o
                0x00116294                led_green
                0x00116298                led_red
 .sbss          0x0011629c       0x30 obj/default/cruise_skeleton.o
                0x0011629c                Mbox_Throttle
                0x001162a0                vehicle_tmr
                0x001162a4                button_sem
                0x001162a8                Mbox_Velocity
                0x001162ac                button_tmr
                0x001162b0                switch_sem
                0x001162b4                control_tmr
                0x001162b8                control_sem
                0x001162bc                delay
                0x001162c0                error
                0x001162c4                vehicle_sem
                0x001162c8                switch_tmr
 .sbss          0x001162cc        0xc /opt/altera/13.0sp1/nios2eds/bin/gnu/H-i686-pc-linux-gnu/bin/../lib/gcc/nios2-elf/4.1.2/../../../../nios2-elf/lib/mno-hw-mul/libc.a(lib_a-locale.o)
                0x001162cc                __nlocale_changed
                0x001162d0                __mlocale_changed
                0x001162d4                _PathLocale
 .sbss          0x001162d8        0xc /opt/altera/13.0sp1/nios2eds/bin/gnu/H-i686-pc-linux-gnu/bin/../lib/gcc/nios2-elf/4.1.2/../../../../nios2-elf/lib/mno-hw-mul/libc.a(lib_a-mallocr.o)
                0x001162d8                __malloc_top_pad
                0x001162dc                __malloc_max_sbrked_mem
                0x001162e0                __malloc_max_total_mem
 .sbss          0x001162e4        0x4 /opt/altera/13.0sp1/nios2eds/bin/gnu/H-i686-pc-linux-gnu/bin/../lib/gcc/nios2-elf/4.1.2/../../../../nios2-elf/lib/mno-hw-mul/libc.a(lib_a-int_errno.o)
                0x001162e4                errno
 .sbss          0x001162e8        0x4 ../../../bsp/il2206-pre-built-ucosii//libucosii_bsp.a(alt_dev.o)
                0x001162e8                alt_fd_list_lock
 .sbss          0x001162ec        0xc ../../../bsp/il2206-pre-built-ucosii//libucosii_bsp.a(alt_main.o)
                0x001162ec                alt_argc
                0x001162f0                alt_argv
                0x001162f4                alt_envp
 .sbss          0x001162f8        0x8 ../../../bsp/il2206-pre-built-ucosii//libucosii_bsp.a(alt_tick.o)
                0x001162f8                _alt_tick_rate
                0x001162fc                _alt_nticks
 .sbss          0x00116300        0x8 ../../../bsp/il2206-pre-built-ucosii//libucosii_bsp.a(alt_env_lock.o)
                0x00116304                alt_envsem
 .sbss          0x00116308        0x8 ../../../bsp/il2206-pre-built-ucosii//libucosii_bsp.a(alt_malloc_lock.o)
                0x0011630c                alt_heapsem
 .sbss          0x00116310       0x68 ../../../bsp/il2206-pre-built-ucosii//libucosii_bsp.a(os_core.o)
                0x00116310                OSTmrFreeList
                0x00116314                OSLockNesting
                0x00116318                OSTmrSemSignal
                0x0011631c                OSRunning
                0x00116320                OSIdleCtr
                0x00116324                OSTmrUsed
                0x00116326                OSPrioHighRdy
                0x00116327                OSPrioCur
                0x00116328                OSTCBList
                0x0011632c                OSTickStepState
                0x00116330                OSCtxSwCtr
                0x00116334                OSTmrFree
                0x00116338                OSIdleCtrMax
                0x0011633c                OSTCBFreeList
                0x00116340                OSCPUUsage
                0x00116341                OSTaskCtr
                0x00116344                OSMemFreeList
                0x00116348                OSTCBHighRdy
                0x0011634c                OSQFreeList
                0x00116350                OSRdyGrp
                0x00116351                OSRdyTbl
                0x00116354                OSEventFreeList
                0x00116358                OSIntNesting
                0x0011635c                OSTCBCur
                0x00116360                OSTmrTime
                0x00116364                OSTime
                0x00116368                OSTmrSem
                0x0011636c                OSFlagFreeList
                0x00116370                OSStatRdy
                0x00116374                OSIdleCtrRun
 .sbss          0x00116378        0x4 ../../../bsp/il2206-pre-built-ucosii//libucosii_bsp.a(alt_irq_vars.o)
                0x00116378                alt_irq_active
 .sbss          0x0011637c        0x2 ../../../bsp/il2206-pre-built-ucosii//libucosii_bsp.a(os_cpu_c.o)
 *(.sbss2 .sbss2.* .gnu.linkonce.sb2.*)
 *(.scommon)
                0x0011637e                PROVIDE (__sbss_end, ABSOLUTE (.))
                0x0011637e                PROVIDE (___sbss_end, ABSOLUTE (.))
 *(.dynbss)
 *(.bss .bss.* .gnu.linkonce.b.*)
 .bss           0x0011637e        0x0 ../../../bsp/il2206-pre-built-ucosii//obj/HAL/src/crt0.o
 *fill*         0x0011637e        0x2 00
 .bss           0x00116380       0x18 obj/default/cruise_skeleton.o
 .bss           0x00116398        0x0 /opt/altera/13.0sp1/nios2eds/bin/gnu/H-i686-pc-linux-gnu/bin/../lib/gcc/nios2-elf/4.1.2/mno-hw-mul/libgcc.a(_si_to_sf.o)
 .bss           0x00116398        0x0 /opt/altera/13.0sp1/nios2eds/bin/gnu/H-i686-pc-linux-gnu/bin/../lib/gcc/nios2-elf/4.1.2/mno-hw-mul/libgcc.a(_sf_to_df.o)
 .bss           0x00116398        0x0 /opt/altera/13.0sp1/nios2eds/bin/gnu/H-i686-pc-linux-gnu/bin/../lib/gcc/nios2-elf/4.1.2/mno-hw-mul/libgcc.a(_addsub_df.o)
 .bss           0x00116398        0x0 /opt/altera/13.0sp1/nios2eds/bin/gnu/H-i686-pc-linux-gnu/bin/../lib/gcc/nios2-elf/4.1.2/mno-hw-mul/libgcc.a(_div_df.o)
 .bss           0x00116398        0x0 /opt/altera/13.0sp1/nios2eds/bin/gnu/H-i686-pc-linux-gnu/bin/../lib/gcc/nios2-elf/4.1.2/mno-hw-mul/libgcc.a(_si_to_df.o)
 .bss           0x00116398        0x0 /opt/altera/13.0sp1/nios2eds/bin/gnu/H-i686-pc-linux-gnu/bin/../lib/gcc/nios2-elf/4.1.2/mno-hw-mul/libgcc.a(_df_to_si.o)
 .bss           0x00116398        0x0 /opt/altera/13.0sp1/nios2eds/bin/gnu/H-i686-pc-linux-gnu/bin/../lib/gcc/nios2-elf/4.1.2/mno-hw-mul/libgcc.a(_make_df.o)
 .bss           0x00116398        0x0 /opt/altera/13.0sp1/nios2eds/bin/gnu/H-i686-pc-linux-gnu/bin/../lib/gcc/nios2-elf/4.1.2/mno-hw-mul/libgcc.a(_thenan_df.o)
 .bss           0x00116398        0x0 /opt/altera/13.0sp1/nios2eds/bin/gnu/H-i686-pc-linux-gnu/bin/../lib/gcc/nios2-elf/4.1.2/mno-hw-mul/libgcc.a(lib2-divmod.o)
 .bss           0x00116398        0x0 /opt/altera/13.0sp1/nios2eds/bin/gnu/H-i686-pc-linux-gnu/bin/../lib/gcc/nios2-elf/4.1.2/mno-hw-mul/libgcc.a(lib2-mul.o)
 .bss           0x00116398        0x0 /opt/altera/13.0sp1/nios2eds/bin/gnu/H-i686-pc-linux-gnu/bin/../lib/gcc/nios2-elf/4.1.2/mno-hw-mul/libgcc.a(_clzsi2.o)
 .bss           0x00116398        0x0 /opt/altera/13.0sp1/nios2eds/bin/gnu/H-i686-pc-linux-gnu/bin/../lib/gcc/nios2-elf/4.1.2/mno-hw-mul/libgcc.a(_pack_sf.o)
 .bss           0x00116398        0x0 /opt/altera/13.0sp1/nios2eds/bin/gnu/H-i686-pc-linux-gnu/bin/../lib/gcc/nios2-elf/4.1.2/mno-hw-mul/libgcc.a(_unpack_sf.o)
 .bss           0x00116398        0x0 /opt/altera/13.0sp1/nios2eds/bin/gnu/H-i686-pc-linux-gnu/bin/../lib/gcc/nios2-elf/4.1.2/mno-hw-mul/libgcc.a(_pack_df.o)
 .bss           0x00116398        0x0 /opt/altera/13.0sp1/nios2eds/bin/gnu/H-i686-pc-linux-gnu/bin/../lib/gcc/nios2-elf/4.1.2/mno-hw-mul/libgcc.a(_unpack_df.o)
 .bss           0x00116398        0x0 /opt/altera/13.0sp1/nios2eds/bin/gnu/H-i686-pc-linux-gnu/bin/../lib/gcc/nios2-elf/4.1.2/mno-hw-mul/libgcc.a(_clz.o)
 .bss           0x00116398        0x0 /opt/altera/13.0sp1/nios2eds/bin/gnu/H-i686-pc-linux-gnu/bin/../lib/gcc/nios2-elf/4.1.2/../../../../nios2-elf/lib/mno-hw-mul/libc.a(lib_a-printf.o)
 .bss           0x00116398        0x0 /opt/altera/13.0sp1/nios2eds/bin/gnu/H-i686-pc-linux-gnu/bin/../lib/gcc/nios2-elf/4.1.2/../../../../nios2-elf/lib/mno-hw-mul/libc.a(lib_a-puts.o)
 .bss           0x00116398        0x0 /opt/altera/13.0sp1/nios2eds/bin/gnu/H-i686-pc-linux-gnu/bin/../lib/gcc/nios2-elf/4.1.2/../../../../nios2-elf/lib/mno-hw-mul/libc.a(lib_a-strlen.o)
 .bss           0x00116398        0x0 /opt/altera/13.0sp1/nios2eds/bin/gnu/H-i686-pc-linux-gnu/bin/../lib/gcc/nios2-elf/4.1.2/../../../../nios2-elf/lib/mno-hw-mul/libc.a(lib_a-vfprintf.o)
 .bss           0x00116398        0x0 /opt/altera/13.0sp1/nios2eds/bin/gnu/H-i686-pc-linux-gnu/bin/../lib/gcc/nios2-elf/4.1.2/../../../../nios2-elf/lib/mno-hw-mul/libc.a(lib_a-wsetup.o)
 .bss           0x00116398        0x0 /opt/altera/13.0sp1/nios2eds/bin/gnu/H-i686-pc-linux-gnu/bin/../lib/gcc/nios2-elf/4.1.2/../../../../nios2-elf/lib/mno-hw-mul/libc.a(lib_a-dtoa.o)
 .bss           0x00116398        0x0 /opt/altera/13.0sp1/nios2eds/bin/gnu/H-i686-pc-linux-gnu/bin/../lib/gcc/nios2-elf/4.1.2/../../../../nios2-elf/lib/mno-hw-mul/libc.a(lib_a-fflush.o)
 .bss           0x00116398        0x0 /opt/altera/13.0sp1/nios2eds/bin/gnu/H-i686-pc-linux-gnu/bin/../lib/gcc/nios2-elf/4.1.2/../../../../nios2-elf/lib/mno-hw-mul/libc.a(lib_a-findfp.o)
 .bss           0x00116398        0x0 /opt/altera/13.0sp1/nios2eds/bin/gnu/H-i686-pc-linux-gnu/bin/../lib/gcc/nios2-elf/4.1.2/../../../../nios2-elf/lib/mno-hw-mul/libc.a(lib_a-freer.o)
 .bss           0x00116398        0x0 /opt/altera/13.0sp1/nios2eds/bin/gnu/H-i686-pc-linux-gnu/bin/../lib/gcc/nios2-elf/4.1.2/../../../../nios2-elf/lib/mno-hw-mul/libc.a(lib_a-fvwrite.o)
 .bss           0x00116398        0x0 /opt/altera/13.0sp1/nios2eds/bin/gnu/H-i686-pc-linux-gnu/bin/../lib/gcc/nios2-elf/4.1.2/../../../../nios2-elf/lib/mno-hw-mul/libc.a(lib_a-fwalk.o)
 .bss           0x00116398        0x0 /opt/altera/13.0sp1/nios2eds/bin/gnu/H-i686-pc-linux-gnu/bin/../lib/gcc/nios2-elf/4.1.2/../../../../nios2-elf/lib/mno-hw-mul/libc.a(lib_a-impure.o)
 .bss           0x00116398        0x0 /opt/altera/13.0sp1/nios2eds/bin/gnu/H-i686-pc-linux-gnu/bin/../lib/gcc/nios2-elf/4.1.2/../../../../nios2-elf/lib/mno-hw-mul/libc.a(lib_a-locale.o)
 .bss           0x00116398        0x0 /opt/altera/13.0sp1/nios2eds/bin/gnu/H-i686-pc-linux-gnu/bin/../lib/gcc/nios2-elf/4.1.2/../../../../nios2-elf/lib/mno-hw-mul/libc.a(lib_a-makebuf.o)
 .bss           0x00116398       0x28 /opt/altera/13.0sp1/nios2eds/bin/gnu/H-i686-pc-linux-gnu/bin/../lib/gcc/nios2-elf/4.1.2/../../../../nios2-elf/lib/mno-hw-mul/libc.a(lib_a-mallocr.o)
                0x00116398                __malloc_current_mallinfo
 .bss           0x001163c0        0x0 /opt/altera/13.0sp1/nios2eds/bin/gnu/H-i686-pc-linux-gnu/bin/../lib/gcc/nios2-elf/4.1.2/../../../../nios2-elf/lib/mno-hw-mul/libc.a(lib_a-memchr.o)
 .bss           0x001163c0        0x0 /opt/altera/13.0sp1/nios2eds/bin/gnu/H-i686-pc-linux-gnu/bin/../lib/gcc/nios2-elf/4.1.2/../../../../nios2-elf/lib/mno-hw-mul/libc.a(lib_a-memcpy.o)
 .bss           0x001163c0        0x0 /opt/altera/13.0sp1/nios2eds/bin/gnu/H-i686-pc-linux-gnu/bin/../lib/gcc/nios2-elf/4.1.2/../../../../nios2-elf/lib/mno-hw-mul/libc.a(lib_a-memmove.o)
 .bss           0x001163c0        0x0 /opt/altera/13.0sp1/nios2eds/bin/gnu/H-i686-pc-linux-gnu/bin/../lib/gcc/nios2-elf/4.1.2/../../../../nios2-elf/lib/mno-hw-mul/libc.a(lib_a-memset.o)
 .bss           0x001163c0        0x0 /opt/altera/13.0sp1/nios2eds/bin/gnu/H-i686-pc-linux-gnu/bin/../lib/gcc/nios2-elf/4.1.2/../../../../nios2-elf/lib/mno-hw-mul/libc.a(lib_a-mprec.o)
 .bss           0x001163c0        0x0 /opt/altera/13.0sp1/nios2eds/bin/gnu/H-i686-pc-linux-gnu/bin/../lib/gcc/nios2-elf/4.1.2/../../../../nios2-elf/lib/mno-hw-mul/libc.a(lib_a-reallocr.o)
 .bss           0x001163c0        0x0 /opt/altera/13.0sp1/nios2eds/bin/gnu/H-i686-pc-linux-gnu/bin/../lib/gcc/nios2-elf/4.1.2/../../../../nios2-elf/lib/mno-hw-mul/libc.a(lib_a-s_isinfd.o)
 .bss           0x001163c0        0x0 /opt/altera/13.0sp1/nios2eds/bin/gnu/H-i686-pc-linux-gnu/bin/../lib/gcc/nios2-elf/4.1.2/../../../../nios2-elf/lib/mno-hw-mul/libc.a(lib_a-s_isnand.o)
 .bss           0x001163c0        0x0 /opt/altera/13.0sp1/nios2eds/bin/gnu/H-i686-pc-linux-gnu/bin/../lib/gcc/nios2-elf/4.1.2/../../../../nios2-elf/lib/mno-hw-mul/libc.a(lib_a-sbrkr.o)
 .bss           0x001163c0        0x0 /opt/altera/13.0sp1/nios2eds/bin/gnu/H-i686-pc-linux-gnu/bin/../lib/gcc/nios2-elf/4.1.2/../../../../nios2-elf/lib/mno-hw-mul/libc.a(lib_a-stdio.o)
 .bss           0x001163c0        0x0 /opt/altera/13.0sp1/nios2eds/bin/gnu/H-i686-pc-linux-gnu/bin/../lib/gcc/nios2-elf/4.1.2/../../../../nios2-elf/lib/mno-hw-mul/libc.a(lib_a-strcmp.o)
 .bss           0x001163c0        0x0 /opt/altera/13.0sp1/nios2eds/bin/gnu/H-i686-pc-linux-gnu/bin/../lib/gcc/nios2-elf/4.1.2/../../../../nios2-elf/lib/mno-hw-mul/libc.a(lib_a-writer.o)
 .bss           0x001163c0        0x0 /opt/altera/13.0sp1/nios2eds/bin/gnu/H-i686-pc-linux-gnu/bin/../lib/gcc/nios2-elf/4.1.2/../../../../nios2-elf/lib/mno-hw-mul/libc.a(lib_a-callocr.o)
 .bss           0x001163c0        0x0 /opt/altera/13.0sp1/nios2eds/bin/gnu/H-i686-pc-linux-gnu/bin/../lib/gcc/nios2-elf/4.1.2/../../../../nios2-elf/lib/mno-hw-mul/libc.a(lib_a-closer.o)
 .bss           0x001163c0        0x0 /opt/altera/13.0sp1/nios2eds/bin/gnu/H-i686-pc-linux-gnu/bin/../lib/gcc/nios2-elf/4.1.2/../../../../nios2-elf/lib/mno-hw-mul/libc.a(lib_a-fclose.o)
 .bss           0x001163c0        0x0 /opt/altera/13.0sp1/nios2eds/bin/gnu/H-i686-pc-linux-gnu/bin/../lib/gcc/nios2-elf/4.1.2/../../../../nios2-elf/lib/mno-hw-mul/libc.a(lib_a-fstatr.o)
 .bss           0x001163c0        0x0 /opt/altera/13.0sp1/nios2eds/bin/gnu/H-i686-pc-linux-gnu/bin/../lib/gcc/nios2-elf/4.1.2/../../../../nios2-elf/lib/mno-hw-mul/libc.a(lib_a-int_errno.o)
 .bss           0x001163c0        0x0 /opt/altera/13.0sp1/nios2eds/bin/gnu/H-i686-pc-linux-gnu/bin/../lib/gcc/nios2-elf/4.1.2/../../../../nios2-elf/lib/mno-hw-mul/libc.a(lib_a-isattyr.o)
 .bss           0x001163c0        0x0 /opt/altera/13.0sp1/nios2eds/bin/gnu/H-i686-pc-linux-gnu/bin/../lib/gcc/nios2-elf/4.1.2/../../../../nios2-elf/lib/mno-hw-mul/libc.a(lib_a-lseekr.o)
 .bss           0x001163c0        0x0 /opt/altera/13.0sp1/nios2eds/bin/gnu/H-i686-pc-linux-gnu/bin/../lib/gcc/nios2-elf/4.1.2/../../../../nios2-elf/lib/mno-hw-mul/libc.a(lib_a-readr.o)
 .bss           0x001163c0        0x0 /opt/altera/13.0sp1/nios2eds/bin/gnu/H-i686-pc-linux-gnu/bin/../lib/gcc/nios2-elf/4.1.2/mno-hw-mul/libgcc.a(_udivdi3.o)
 .bss           0x001163c0        0x0 /opt/altera/13.0sp1/nios2eds/bin/gnu/H-i686-pc-linux-gnu/bin/../lib/gcc/nios2-elf/4.1.2/mno-hw-mul/libgcc.a(_umoddi3.o)
 .bss           0x001163c0        0x0 /opt/altera/13.0sp1/nios2eds/bin/gnu/H-i686-pc-linux-gnu/bin/../lib/gcc/nios2-elf/4.1.2/mno-hw-mul/libgcc.a(_mul_df.o)
 .bss           0x001163c0        0x0 /opt/altera/13.0sp1/nios2eds/bin/gnu/H-i686-pc-linux-gnu/bin/../lib/gcc/nios2-elf/4.1.2/mno-hw-mul/libgcc.a(_eq_df.o)
 .bss           0x001163c0        0x0 /opt/altera/13.0sp1/nios2eds/bin/gnu/H-i686-pc-linux-gnu/bin/../lib/gcc/nios2-elf/4.1.2/mno-hw-mul/libgcc.a(_ne_df.o)
 .bss           0x001163c0        0x0 /opt/altera/13.0sp1/nios2eds/bin/gnu/H-i686-pc-linux-gnu/bin/../lib/gcc/nios2-elf/4.1.2/mno-hw-mul/libgcc.a(_gt_df.o)
 .bss           0x001163c0        0x0 /opt/altera/13.0sp1/nios2eds/bin/gnu/H-i686-pc-linux-gnu/bin/../lib/gcc/nios2-elf/4.1.2/mno-hw-mul/libgcc.a(_ge_df.o)
 .bss           0x001163c0        0x0 /opt/altera/13.0sp1/nios2eds/bin/gnu/H-i686-pc-linux-gnu/bin/../lib/gcc/nios2-elf/4.1.2/mno-hw-mul/libgcc.a(_lt_df.o)
 .bss           0x001163c0        0x0 /opt/altera/13.0sp1/nios2eds/bin/gnu/H-i686-pc-linux-gnu/bin/../lib/gcc/nios2-elf/4.1.2/mno-hw-mul/libgcc.a(_usi_to_df.o)
 .bss           0x001163c0        0x0 /opt/altera/13.0sp1/nios2eds/bin/gnu/H-i686-pc-linux-gnu/bin/../lib/gcc/nios2-elf/4.1.2/mno-hw-mul/libgcc.a(_muldi3.o)
 .bss           0x001163c0        0x0 /opt/altera/13.0sp1/nios2eds/bin/gnu/H-i686-pc-linux-gnu/bin/../lib/gcc/nios2-elf/4.1.2/mno-hw-mul/libgcc.a(_fpcmp_parts_df.o)
 .bss           0x001163c0        0x0 ../../../bsp/il2206-pre-built-ucosii//libucosii_bsp.a(alt_alarm_start.o)
 .bss           0x001163c0        0x0 ../../../bsp/il2206-pre-built-ucosii//libucosii_bsp.a(alt_close.o)
 .bss           0x001163c0        0x0 ../../../bsp/il2206-pre-built-ucosii//libucosii_bsp.a(alt_dev.o)
 .bss           0x001163c0        0x0 ../../../bsp/il2206-pre-built-ucosii//libucosii_bsp.a(alt_errno.o)
 .bss           0x001163c0        0x0 ../../../bsp/il2206-pre-built-ucosii//libucosii_bsp.a(alt_fstat.o)
 .bss           0x001163c0        0x0 ../../../bsp/il2206-pre-built-ucosii//libucosii_bsp.a(alt_isatty.o)
 .bss           0x001163c0        0x0 ../../../bsp/il2206-pre-built-ucosii//libucosii_bsp.a(alt_load.o)
 .bss           0x001163c0        0x0 ../../../bsp/il2206-pre-built-ucosii//libucosii_bsp.a(alt_lseek.o)
 .bss           0x001163c0        0x0 ../../../bsp/il2206-pre-built-ucosii//libucosii_bsp.a(alt_main.o)
 .bss           0x001163c0        0x0 ../../../bsp/il2206-pre-built-ucosii//libucosii_bsp.a(alt_read.o)
 .bss           0x001163c0        0x0 ../../../bsp/il2206-pre-built-ucosii//libucosii_bsp.a(alt_release_fd.o)
 .bss           0x001163c0        0x0 ../../../bsp/il2206-pre-built-ucosii//libucosii_bsp.a(alt_sbrk.o)
 .bss           0x001163c0        0x0 ../../../bsp/il2206-pre-built-ucosii//libucosii_bsp.a(alt_tick.o)
 .bss           0x001163c0        0x0 ../../../bsp/il2206-pre-built-ucosii//libucosii_bsp.a(alt_write.o)
 .bss           0x001163c0        0x0 ../../../bsp/il2206-pre-built-ucosii//libucosii_bsp.a(alt_env_lock.o)
 .bss           0x001163c0        0x0 ../../../bsp/il2206-pre-built-ucosii//libucosii_bsp.a(alt_malloc_lock.o)
 .bss           0x001163c0        0x0 ../../../bsp/il2206-pre-built-ucosii//libucosii_bsp.a(os_core.o)
 .bss           0x001163c0        0x0 ../../../bsp/il2206-pre-built-ucosii//libucosii_bsp.a(os_dbg.o)
 .bss           0x001163c0        0x0 ../../../bsp/il2206-pre-built-ucosii//libucosii_bsp.a(os_flag.o)
 .bss           0x001163c0        0x0 ../../../bsp/il2206-pre-built-ucosii//libucosii_bsp.a(os_mbox.o)
 .bss           0x001163c0        0x0 ../../../bsp/il2206-pre-built-ucosii//libucosii_bsp.a(os_mem.o)
 .bss           0x001163c0        0x0 ../../../bsp/il2206-pre-built-ucosii//libucosii_bsp.a(os_q.o)
 .bss           0x001163c0        0x0 ../../../bsp/il2206-pre-built-ucosii//libucosii_bsp.a(os_sem.o)
 .bss           0x001163c0        0x0 ../../../bsp/il2206-pre-built-ucosii//libucosii_bsp.a(os_task.o)
 .bss           0x001163c0        0x0 ../../../bsp/il2206-pre-built-ucosii//libucosii_bsp.a(os_time.o)
 .bss           0x001163c0        0x0 ../../../bsp/il2206-pre-built-ucosii//libucosii_bsp.a(os_tmr.o)
 .bss           0x001163c0        0x0 ../../../bsp/il2206-pre-built-ucosii//libucosii_bsp.a(alt_sys_init.o)
 .bss           0x001163c0        0x0 ../../../bsp/il2206-pre-built-ucosii//libucosii_bsp.a(altera_avalon_jtag_uart_fd.o)
 .bss           0x001163c0        0x0 ../../../bsp/il2206-pre-built-ucosii//libucosii_bsp.a(altera_avalon_jtag_uart_init.o)
 .bss           0x001163c0        0x0 ../../../bsp/il2206-pre-built-ucosii//libucosii_bsp.a(altera_avalon_jtag_uart_ioctl.o)
 .bss           0x001163c0        0x0 ../../../bsp/il2206-pre-built-ucosii//libucosii_bsp.a(altera_avalon_jtag_uart_read.o)
 .bss           0x001163c0        0x0 ../../../bsp/il2206-pre-built-ucosii//libucosii_bsp.a(altera_avalon_jtag_uart_write.o)
 .bss           0x001163c0        0x0 ../../../bsp/il2206-pre-built-ucosii//libucosii_bsp.a(altera_avalon_timer_sc.o)
 .bss           0x001163c0        0x0 ../../../bsp/il2206-pre-built-ucosii//libucosii_bsp.a(altera_up_avalon_character_lcd.o)
 .bss           0x001163c0        0x0 ../../../bsp/il2206-pre-built-ucosii//libucosii_bsp.a(alt_dcache_flush_all.o)
 .bss           0x001163c0        0x0 ../../../bsp/il2206-pre-built-ucosii//libucosii_bsp.a(alt_dev_llist_insert.o)
 .bss           0x001163c0        0x0 ../../../bsp/il2206-pre-built-ucosii//libucosii_bsp.a(alt_do_ctors.o)
 .bss           0x001163c0        0x0 ../../../bsp/il2206-pre-built-ucosii//libucosii_bsp.a(alt_do_dtors.o)
 .bss           0x001163c0        0x0 ../../../bsp/il2206-pre-built-ucosii//libucosii_bsp.a(alt_find_dev.o)
 .bss           0x001163c0        0x0 ../../../bsp/il2206-pre-built-ucosii//libucosii_bsp.a(alt_icache_flush_all.o)
 .bss           0x001163c0        0x0 ../../../bsp/il2206-pre-built-ucosii//libucosii_bsp.a(alt_iic.o)
 .bss           0x001163c0        0x0 ../../../bsp/il2206-pre-built-ucosii//libucosii_bsp.a(alt_iic_isr_register.o)
 .bss           0x001163c0        0x0 ../../../bsp/il2206-pre-built-ucosii//libucosii_bsp.a(alt_io_redirect.o)
 .bss           0x001163c0        0x0 ../../../bsp/il2206-pre-built-ucosii//libucosii_bsp.a(alt_irq_entry.o)
 .bss           0x001163c0        0x0 ../../../bsp/il2206-pre-built-ucosii//libucosii_bsp.a(alt_irq_handler.o)
 .bss           0x001163c0        0x0 ../../../bsp/il2206-pre-built-ucosii//libucosii_bsp.a(alt_irq_vars.o)
 .bss           0x001163c0        0x0 ../../../bsp/il2206-pre-built-ucosii//libucosii_bsp.a(alt_open.o)
 .bss           0x001163c0        0x0 ../../../bsp/il2206-pre-built-ucosii//libucosii_bsp.a(altera_nios2_qsys_irq.o)
 .bss           0x001163c0        0x0 ../../../bsp/il2206-pre-built-ucosii//libucosii_bsp.a(os_cpu_a.o)
 .bss           0x001163c0        0x0 ../../../bsp/il2206-pre-built-ucosii//libucosii_bsp.a(os_cpu_c.o)
 .bss           0x001163c0        0x0 ../../../bsp/il2206-pre-built-ucosii//libucosii_bsp.a(alt_exception_entry.o)
 .bss           0x001163c0        0x0 ../../../bsp/il2206-pre-built-ucosii//libucosii_bsp.a(alt_find_file.o)
 .bss           0x001163c0        0x0 ../../../bsp/il2206-pre-built-ucosii//libucosii_bsp.a(alt_get_fd.o)
 .bss           0x001163c0        0x0 /opt/altera/13.0sp1/nios2eds/bin/gnu/H-i686-pc-linux-gnu/bin/../lib/gcc/nios2-elf/4.1.2/../../../../nios2-elf/lib/mno-hw-mul/libc.a(lib_a-atexit.o)
 .bss           0x001163c0        0x0 /opt/altera/13.0sp1/nios2eds/bin/gnu/H-i686-pc-linux-gnu/bin/../lib/gcc/nios2-elf/4.1.2/../../../../nios2-elf/lib/mno-hw-mul/libc.a(lib_a-exit.o)
 .bss           0x001163c0        0x0 /opt/altera/13.0sp1/nios2eds/bin/gnu/H-i686-pc-linux-gnu/bin/../lib/gcc/nios2-elf/4.1.2/../../../../nios2-elf/lib/mno-hw-mul/libc.a(lib_a-memcmp.o)
 .bss           0x001163c0        0x0 /opt/altera/13.0sp1/nios2eds/bin/gnu/H-i686-pc-linux-gnu/bin/../lib/gcc/nios2-elf/4.1.2/../../../../nios2-elf/lib/mno-hw-mul/libc.a(lib_a-__atexit.o)
 .bss           0x001163c0        0x0 /opt/altera/13.0sp1/nios2eds/bin/gnu/H-i686-pc-linux-gnu/bin/../lib/gcc/nios2-elf/4.1.2/../../../../nios2-elf/lib/mno-hw-mul/libc.a(lib_a-__call_atexit.o)
 .bss           0x001163c0        0x0 /opt/altera/13.0sp1/nios2eds/bin/gnu/H-i686-pc-linux-gnu/bin/../lib/gcc/nios2-elf/4.1.2/mno-hw-mul/libgcc.a(_fixunsdfsi.o)
 .bss           0x001163c0        0x0 ../../../bsp/il2206-pre-built-ucosii//libucosii_bsp.a(alt_exit.o)
 *(COMMON)
 COMMON         0x001163c0     0xa000 obj/default/cruise_skeleton.o
                0x001163c0                SwitchIO_Stack
                0x001183c0                ButtonIO_Stack
                0x0011a3c0                ControlTask_Stack
                0x0011c3c0                VehicleTask_Stack
                0x0011e3c0                StartTask_Stack
 COMMON         0x001203c0     0x3d74 ../../../bsp/il2206-pre-built-ucosii//libucosii_bsp.a(os_core.o)
                0x001203c0                OSTmrWheelTbl
                0x001203d0                OSFlagTbl
                0x00120740                OSTmrTbl